2020-03-03 12:25:53,892 p=11808 u=mark n=ansible |  11808 1583234753.89163: starting run
2020-03-03 12:25:54,073 p=11808 u=mark n=ansible | ansible-playbook 2.9.3
  config file = /home/mark/git/ansible-sudo-bug/ansible.cfg
  configured module search path = ['/home/mark/.ansible/plugins/modules', '/usr/share/ansible/plugins/modules']
  ansible python module location = /usr/lib/python3.6/site-packages/ansible
  executable location = /usr/bin/ansible-playbook
  python version = 3.6.8 (default, Nov 21 2019, 19:31:34) [GCC 8.3.1 20190507 (Red Hat 8.3.1-4)]
2020-03-03 12:25:54,073 p=11808 u=mark n=ansible | Using /home/mark/git/ansible-sudo-bug/ansible.cfg as config file
2020-03-03 12:25:57,788 p=11808 u=mark n=ansible |  11808 1583234757.78845: Added group all to inventory
2020-03-03 12:25:57,789 p=11808 u=mark n=ansible |  11808 1583234757.78889: Added group ungrouped to inventory
2020-03-03 12:25:57,789 p=11808 u=mark n=ansible |  11808 1583234757.78919: Group all now contains ungrouped
2020-03-03 12:25:57,789 p=11808 u=mark n=ansible |  11808 1583234757.78955: Examining possible inventory source: /home/mark/git/ansible-sudo-bug/inventory
2020-03-03 12:25:57,790 p=11808 u=mark n=ansible | setting up inventory plugins
2020-03-03 12:25:57,794 p=11808 u=mark n=ansible |  11808 1583234757.79419: trying /usr/share/ansible/plugins/cache
2020-03-03 12:25:57,794 p=11808 u=mark n=ansible |  11808 1583234757.79474: trying /usr/lib/python3.6/site-packages/ansible/plugins/cache
2020-03-03 12:25:57,796 p=11808 u=mark n=ansible |  11808 1583234757.79626: Loading CacheModule 'memory' from /usr/lib/python3.6/site-packages/ansible/plugins/cache/memory.py (searched paths: /usr/share/ansible/plugins/cache:/usr/lib/python3.6/site-packages/ansible/plugins/cache)
2020-03-03 12:25:57,797 p=11808 u=mark n=ansible |  11808 1583234757.79723: trying /usr/share/ansible/plugins/inventory
2020-03-03 12:25:57,797 p=11808 u=mark n=ansible |  11808 1583234757.79762: trying /usr/lib/python3.6/site-packages/ansible/plugins/inventory
2020-03-03 12:25:57,799 p=11808 u=mark n=ansible |  11808 1583234757.79962: Loading InventoryModule 'host_list' from /usr/lib/python3.6/site-packages/ansible/plugins/inventory/host_list.py (searched paths: /usr/share/ansible/plugins/inventory:/usr/lib/python3.6/site-packages/ansible/plugins/inventory)
2020-03-03 12:25:57,801 p=11808 u=mark n=ansible |  11808 1583234757.80181: Loaded config def from plugin (inventory/script)
2020-03-03 12:25:57,802 p=11808 u=mark n=ansible |  11808 1583234757.80214: Loading InventoryModule 'script' from /usr/lib/python3.6/site-packages/ansible/plugins/inventory/script.py (searched paths: /usr/share/ansible/plugins/inventory:/usr/lib/python3.6/site-packages/ansible/plugins/inventory)
2020-03-03 12:25:57,803 p=11808 u=mark n=ansible |  11808 1583234757.80319: Loading InventoryModule 'auto' from /usr/lib/python3.6/site-packages/ansible/plugins/inventory/auto.py (searched paths: /usr/share/ansible/plugins/inventory:/usr/lib/python3.6/site-packages/ansible/plugins/inventory)
2020-03-03 12:25:57,805 p=11808 u=mark n=ansible |  11808 1583234757.80507: Loaded config def from plugin (inventory/yaml)
2020-03-03 12:25:57,805 p=11808 u=mark n=ansible |  11808 1583234757.80547: Loading InventoryModule 'yaml' from /usr/lib/python3.6/site-packages/ansible/plugins/inventory/yaml.py (searched paths: /usr/share/ansible/plugins/inventory:/usr/lib/python3.6/site-packages/ansible/plugins/inventory)
2020-03-03 12:25:57,807 p=11808 u=mark n=ansible |  11808 1583234757.80723: Loading InventoryModule 'ini' from /usr/lib/python3.6/site-packages/ansible/plugins/inventory/ini.py (searched paths: /usr/share/ansible/plugins/inventory:/usr/lib/python3.6/site-packages/ansible/plugins/inventory)
2020-03-03 12:25:57,809 p=11808 u=mark n=ansible |  11808 1583234757.80885: Loading InventoryModule 'toml' from /usr/lib/python3.6/site-packages/ansible/plugins/inventory/toml.py (searched paths: /usr/share/ansible/plugins/inventory:/usr/lib/python3.6/site-packages/ansible/plugins/inventory)
2020-03-03 12:25:57,809 p=11808 u=mark n=ansible |  11808 1583234757.80917: Attempting to use plugin host_list (/usr/lib/python3.6/site-packages/ansible/plugins/inventory/host_list.py)
2020-03-03 12:25:57,809 p=11808 u=mark n=ansible | host_list declined parsing /home/mark/git/ansible-sudo-bug/inventory as it did not pass its verify_file() method
2020-03-03 12:25:57,809 p=11808 u=mark n=ansible |  11808 1583234757.80980: Attempting to use plugin script (/usr/lib/python3.6/site-packages/ansible/plugins/inventory/script.py)
2020-03-03 12:25:57,810 p=11808 u=mark n=ansible | script declined parsing /home/mark/git/ansible-sudo-bug/inventory as it did not pass its verify_file() method
2020-03-03 12:25:57,810 p=11808 u=mark n=ansible |  11808 1583234757.81033: Attempting to use plugin auto (/usr/lib/python3.6/site-packages/ansible/plugins/inventory/auto.py)
2020-03-03 12:25:57,810 p=11808 u=mark n=ansible | auto declined parsing /home/mark/git/ansible-sudo-bug/inventory as it did not pass its verify_file() method
2020-03-03 12:25:57,810 p=11808 u=mark n=ansible |  11808 1583234757.81079: Attempting to use plugin yaml (/usr/lib/python3.6/site-packages/ansible/plugins/inventory/yaml.py)
2020-03-03 12:25:57,813 p=11808 u=mark n=ansible |  11808 1583234757.81299: Loading data from /home/mark/git/ansible-sudo-bug/inventory
2020-03-03 12:25:57,814 p=11808 u=mark n=ansible |  11808 1583234757.81439: /home/mark/git/ansible-sudo-bug/inventory was not parsable by yaml
2020-03-03 12:25:57,815 p=11808 u=mark n=ansible |  11808 1583234757.81532: Attempting to use plugin ini (/usr/lib/python3.6/site-packages/ansible/plugins/inventory/ini.py)
2020-03-03 12:25:57,818 p=11808 u=mark n=ansible |  11808 1583234757.81832: Added group testservers to inventory
2020-03-03 12:25:57,819 p=11808 u=mark n=ansible |  11808 1583234757.81907: set inventory_file for centos8
2020-03-03 12:25:57,819 p=11808 u=mark n=ansible |  11808 1583234757.81955: set inventory_dir for centos8
2020-03-03 12:25:57,819 p=11808 u=mark n=ansible |  11808 1583234757.81985: Added host centos8 to inventory
2020-03-03 12:25:57,820 p=11808 u=mark n=ansible |  11808 1583234757.82015: Added host centos8 to group testservers
2020-03-03 12:25:57,820 p=11808 u=mark n=ansible |  11808 1583234757.82075: set inventory_file for centos7
2020-03-03 12:25:57,821 p=11808 u=mark n=ansible |  11808 1583234757.82111: set inventory_dir for centos7
2020-03-03 12:25:57,821 p=11808 u=mark n=ansible |  11808 1583234757.82144: Added host centos7 to inventory
2020-03-03 12:25:57,821 p=11808 u=mark n=ansible |  11808 1583234757.82171: Added host centos7 to group testservers
2020-03-03 12:25:57,822 p=11808 u=mark n=ansible |  11808 1583234757.82207: set inventory_file for rhel8
2020-03-03 12:25:57,822 p=11808 u=mark n=ansible |  11808 1583234757.82245: set inventory_dir for rhel8
2020-03-03 12:25:57,822 p=11808 u=mark n=ansible |  11808 1583234757.82271: Added host rhel8 to inventory
2020-03-03 12:25:57,823 p=11808 u=mark n=ansible |  11808 1583234757.82296: Added host rhel8 to group testservers
2020-03-03 12:25:57,823 p=11808 u=mark n=ansible |  11808 1583234757.82335: set inventory_file for fedora31
2020-03-03 12:25:57,823 p=11808 u=mark n=ansible |  11808 1583234757.82371: set inventory_dir for fedora31
2020-03-03 12:25:57,824 p=11808 u=mark n=ansible |  11808 1583234757.82395: Added host fedora31 to inventory
2020-03-03 12:25:57,824 p=11808 u=mark n=ansible |  11808 1583234757.82415: Added host fedora31 to group testservers
2020-03-03 12:25:57,824 p=11808 u=mark n=ansible |  11808 1583234757.82457: set inventory_file for debian
2020-03-03 12:25:57,824 p=11808 u=mark n=ansible |  11808 1583234757.82488: set inventory_dir for debian
2020-03-03 12:25:57,825 p=11808 u=mark n=ansible |  11808 1583234757.82510: Added host debian to inventory
2020-03-03 12:25:57,825 p=11808 u=mark n=ansible |  11808 1583234757.82532: Added host debian to group testservers
2020-03-03 12:25:57,825 p=11808 u=mark n=ansible |  11808 1583234757.82579: set inventory_file for ubuntu16-04
2020-03-03 12:25:57,826 p=11808 u=mark n=ansible |  11808 1583234757.82606: set inventory_dir for ubuntu16-04
2020-03-03 12:25:57,826 p=11808 u=mark n=ansible |  11808 1583234757.82633: Added host ubuntu16-04 to inventory
2020-03-03 12:25:57,826 p=11808 u=mark n=ansible |  11808 1583234757.82662: Added host ubuntu16-04 to group testservers
2020-03-03 12:25:57,827 p=11808 u=mark n=ansible |  11808 1583234757.82701: set inventory_file for ubuntu18-04
2020-03-03 12:25:57,827 p=11808 u=mark n=ansible |  11808 1583234757.82728: set inventory_dir for ubuntu18-04
2020-03-03 12:25:57,827 p=11808 u=mark n=ansible |  11808 1583234757.82757: Added host ubuntu18-04 to inventory
2020-03-03 12:25:57,827 p=11808 u=mark n=ansible |  11808 1583234757.82775: Added host ubuntu18-04 to group testservers
2020-03-03 12:25:57,828 p=11808 u=mark n=ansible | Parsed /home/mark/git/ansible-sudo-bug/inventory inventory source with ini plugin
2020-03-03 12:25:57,828 p=11808 u=mark n=ansible |  11808 1583234757.82818: Reconcile groups and hosts in inventory.
2020-03-03 12:25:57,828 p=11808 u=mark n=ansible |  11808 1583234757.82859: Group all now contains testservers
2020-03-03 12:25:57,829 p=11808 u=mark n=ansible |  11808 1583234757.82921: Loading CacheModule 'memory' from /usr/lib/python3.6/site-packages/ansible/plugins/cache/memory.py (searched paths: /usr/share/ansible/plugins/cache:/usr/lib/python3.6/site-packages/ansible/plugins/cache) (found_in_cache=True, class_only=False)
2020-03-03 12:25:57,852 p=11808 u=mark n=ansible |  11808 1583234757.85171: Loaded config def from plugin (connection/buildah)
2020-03-03 12:25:57,852 p=11808 u=mark n=ansible |  11808 1583234757.85243: Loading Connection 'buildah' from /usr/lib/python3.6/site-packages/ansible/plugins/connection/buildah.py (found_in_cache=False, class_only=True)
2020-03-03 12:25:57,855 p=11808 u=mark n=ansible |  11808 1583234757.85558: Loaded config def from plugin (connection/chroot)
2020-03-03 12:25:57,856 p=11808 u=mark n=ansible |  11808 1583234757.85594: Loading Connection 'chroot' from /usr/lib/python3.6/site-packages/ansible/plugins/connection/chroot.py (found_in_cache=False, class_only=True)
2020-03-03 12:25:57,865 p=11808 u=mark n=ansible |  11808 1583234757.86527: Loaded config def from plugin (connection/docker)
2020-03-03 12:25:57,865 p=11808 u=mark n=ansible |  11808 1583234757.86576: Loading Connection 'docker' from /usr/lib/python3.6/site-packages/ansible/plugins/connection/docker.py (found_in_cache=False, class_only=True)
2020-03-03 12:25:57,867 p=11808 u=mark n=ansible |  11808 1583234757.86761: Loaded config def from plugin (connection/funcd)
2020-03-03 12:25:57,900 p=11808 u=mark n=ansible |  11808 1583234757.90021: Loaded config def from plugin (connection/httpapi)
2020-03-03 12:25:57,900 p=11808 u=mark n=ansible |  11808 1583234757.90054: Loading Connection 'httpapi' from /usr/lib/python3.6/site-packages/ansible/plugins/connection/httpapi.py (found_in_cache=False, class_only=True)
2020-03-03 12:25:57,902 p=11808 u=mark n=ansible |  11808 1583234757.90193: Loaded config def from plugin (connection/iocage)
2020-03-03 12:25:57,902 p=11808 u=mark n=ansible |  11808 1583234757.90214: Loading Connection 'iocage' from /usr/lib/python3.6/site-packages/ansible/plugins/connection/iocage.py (found_in_cache=False, class_only=True)
2020-03-03 12:25:57,902 p=11808 u=mark n=ansible |  11808 1583234757.90284: Loaded config def from plugin (connection/jail)
2020-03-03 12:25:57,903 p=11808 u=mark n=ansible |  11808 1583234757.90301: Loading Connection 'jail' from /usr/lib/python3.6/site-packages/ansible/plugins/connection/jail.py (found_in_cache=False, class_only=True)
2020-03-03 12:25:57,906 p=11808 u=mark n=ansible |  11808 1583234757.90643: Loaded config def from plugin (connection/kubectl)
2020-03-03 12:25:57,906 p=11808 u=mark n=ansible |  11808 1583234757.90669: Loading Connection 'kubectl' from /usr/lib/python3.6/site-packages/ansible/plugins/connection/kubectl.py (found_in_cache=False, class_only=True)
2020-03-03 12:25:57,907 p=11808 u=mark n=ansible |  11808 1583234757.90765: Loaded config def from plugin (connection/libvirt_lxc)
2020-03-03 12:25:57,907 p=11808 u=mark n=ansible |  11808 1583234757.90786: Loading Connection 'libvirt_lxc' from /usr/lib/python3.6/site-packages/ansible/plugins/connection/libvirt_lxc.py (found_in_cache=False, class_only=True)
2020-03-03 12:25:57,908 p=11808 u=mark n=ansible |  11808 1583234757.90874: Loading Connection 'local' from /usr/lib/python3.6/site-packages/ansible/plugins/connection/local.py (found_in_cache=False, class_only=True)
2020-03-03 12:25:57,910 p=11808 u=mark n=ansible |  11808 1583234757.90992: Loaded config def from plugin (connection/lxc)
2020-03-03 12:25:57,910 p=11808 u=mark n=ansible |  11808 1583234757.91011: Loading Connection 'lxc' from /usr/lib/python3.6/site-packages/ansible/plugins/connection/lxc.py (found_in_cache=False, class_only=True)
2020-03-03 12:25:57,911 p=11808 u=mark n=ansible |  11808 1583234757.91114: Loaded config def from plugin (connection/lxd)
2020-03-03 12:25:57,911 p=11808 u=mark n=ansible |  11808 1583234757.91138: Loading Connection 'lxd' from /usr/lib/python3.6/site-packages/ansible/plugins/connection/lxd.py (found_in_cache=False, class_only=True)
2020-03-03 12:25:57,914 p=11808 u=mark n=ansible |  11808 1583234757.91453: Loaded config def from plugin (connection/napalm)
2020-03-03 12:25:57,914 p=11808 u=mark n=ansible |  11808 1583234757.91482: Loading Connection 'napalm' from /usr/lib/python3.6/site-packages/ansible/plugins/connection/napalm.py (found_in_cache=False, class_only=True)
2020-03-03 12:25:57,918 p=11808 u=mark n=ansible |  11808 1583234757.91878: Loaded config def from plugin (connection/netconf)
2020-03-03 12:25:57,919 p=11808 u=mark n=ansible |  11808 1583234757.91906: Loading Connection 'netconf' from /usr/lib/python3.6/site-packages/ansible/plugins/connection/netconf.py (found_in_cache=False, class_only=True)
2020-03-03 12:25:57,926 p=11808 u=mark n=ansible |  11808 1583234757.92586: Loaded config def from plugin (connection/network_cli)
2020-03-03 12:25:57,926 p=11808 u=mark n=ansible |  11808 1583234757.92619: Loading Connection 'network_cli' from /usr/lib/python3.6/site-packages/ansible/plugins/connection/network_cli.py (found_in_cache=False, class_only=True)
2020-03-03 12:25:57,929 p=11808 u=mark n=ansible |  11808 1583234757.92976: Loaded config def from plugin (connection/oc)
2020-03-03 12:25:57,930 p=11808 u=mark n=ansible |  11808 1583234757.93004: Loading Connection 'oc' from /usr/lib/python3.6/site-packages/ansible/plugins/connection/oc.py (found_in_cache=False, class_only=True)
2020-03-03 12:25:57,933 p=11808 u=mark n=ansible |  11808 1583234757.93388: Loaded config def from plugin (connection/paramiko_ssh)
2020-03-03 12:25:57,934 p=11808 u=mark n=ansible |  11808 1583234757.93414: Loading Connection 'paramiko_ssh' from /usr/lib/python3.6/site-packages/ansible/plugins/connection/paramiko_ssh.py (found_in_cache=False, class_only=True)
2020-03-03 12:25:57,970 p=11808 u=mark n=ansible |  11808 1583234757.97063: Loaded config def from plugin (connection/persistent)
2020-03-03 12:25:57,971 p=11808 u=mark n=ansible |  11808 1583234757.97103: Loading Connection 'persistent' from /usr/lib/python3.6/site-packages/ansible/plugins/connection/persistent.py (found_in_cache=False, class_only=True)
2020-03-03 12:25:57,972 p=11808 u=mark n=ansible |  11808 1583234757.97240: Loaded config def from plugin (connection/podman)
2020-03-03 12:25:57,972 p=11808 u=mark n=ansible |  11808 1583234757.97263: Loading Connection 'podman' from /usr/lib/python3.6/site-packages/ansible/plugins/connection/podman.py (found_in_cache=False, class_only=True)
2020-03-03 12:25:57,983 p=11808 u=mark n=ansible |  11808 1583234757.98343: Loaded config def from plugin (connection/psrp)
2020-03-03 12:25:57,983 p=11808 u=mark n=ansible |  11808 1583234757.98377: Loading Connection 'psrp' from /usr/lib/python3.6/site-packages/ansible/plugins/connection/psrp.py (found_in_cache=False, class_only=True)
2020-03-03 12:25:57,985 p=11808 u=mark n=ansible |  11808 1583234757.98495: Loaded config def from plugin (connection/qubes)
2020-03-03 12:25:57,985 p=11808 u=mark n=ansible |  11808 1583234757.98517: Loading Connection 'qubes' from /usr/lib/python3.6/site-packages/ansible/plugins/connection/qubes.py (found_in_cache=False, class_only=True)
2020-03-03 12:25:57,986 p=11808 u=mark n=ansible |  11808 1583234757.98621: Loading Connection 'saltstack' from /usr/lib/python3.6/site-packages/ansible/plugins/connection/saltstack.py (found_in_cache=False, class_only=True)
2020-03-03 12:25:57,994 p=11808 u=mark n=ansible |  11808 1583234757.99392: Loaded config def from plugin (connection/ssh)
2020-03-03 12:25:57,994 p=11808 u=mark n=ansible |  11808 1583234757.99426: Loading Connection 'ssh' from /usr/lib/python3.6/site-packages/ansible/plugins/connection/ssh.py (found_in_cache=False, class_only=True)
2020-03-03 12:25:57,998 p=11808 u=mark n=ansible |  11808 1583234757.99862: Loaded config def from plugin (connection/vmware_tools)
2020-03-03 12:25:57,999 p=11808 u=mark n=ansible |  11808 1583234757.99892: Loading Connection 'vmware_tools' from /usr/lib/python3.6/site-packages/ansible/plugins/connection/vmware_tools.py (found_in_cache=False, class_only=True)
2020-03-03 12:25:58,002 p=11808 u=mark n=ansible |  11808 1583234758.00276: Loaded config def from plugin (connection/winrm)
2020-03-03 12:25:58,003 p=11808 u=mark n=ansible |  11808 1583234758.00308: Loading Connection 'winrm' from /usr/lib/python3.6/site-packages/ansible/plugins/connection/winrm.py (found_in_cache=False, class_only=True)
2020-03-03 12:25:58,004 p=11808 u=mark n=ansible |  11808 1583234758.00425: Loaded config def from plugin (connection/zone)
2020-03-03 12:25:58,004 p=11808 u=mark n=ansible |  11808 1583234758.00459: Loading Connection 'zone' from /usr/lib/python3.6/site-packages/ansible/plugins/connection/zone.py (found_in_cache=False, class_only=True)
2020-03-03 12:25:58,007 p=11808 u=mark n=ansible |  11808 1583234758.00704: trying /usr/share/ansible/plugins/doc_fragments
2020-03-03 12:25:58,007 p=11808 u=mark n=ansible |  11808 1583234758.00733: trying /usr/lib/python3.6/site-packages/ansible/plugins/doc_fragments
2020-03-03 12:25:58,009 p=11808 u=mark n=ansible |  11808 1583234758.00967: Loading ModuleDocFragment 'shell_windows' from /usr/lib/python3.6/site-packages/ansible/plugins/doc_fragments/shell_windows.py (searched paths: /usr/share/ansible/plugins/doc_fragments:/usr/lib/python3.6/site-packages/ansible/plugins/doc_fragments)
2020-03-03 12:25:58,010 p=11808 u=mark n=ansible |  11808 1583234758.01075: Loaded config def from plugin (shell/cmd)
2020-03-03 12:25:58,011 p=11808 u=mark n=ansible |  11808 1583234758.01102: Loading ShellModule 'cmd' from /usr/lib/python3.6/site-packages/ansible/plugins/shell/cmd.py (found_in_cache=False, class_only=True)
2020-03-03 12:25:58,012 p=11808 u=mark n=ansible |  11808 1583234758.01234: Loading ModuleDocFragment 'shell_common' from /usr/lib/python3.6/site-packages/ansible/plugins/doc_fragments/shell_common.py (searched paths: /usr/share/ansible/plugins/doc_fragments:/usr/lib/python3.6/site-packages/ansible/plugins/doc_fragments)
2020-03-03 12:25:58,014 p=11808 u=mark n=ansible |  11808 1583234758.01414: Loaded config def from plugin (shell/csh)
2020-03-03 12:25:58,014 p=11808 u=mark n=ansible |  11808 1583234758.01451: Loading ShellModule 'csh' from /usr/lib/python3.6/site-packages/ansible/plugins/shell/csh.py (found_in_cache=False, class_only=True)
2020-03-03 12:25:58,015 p=11808 u=mark n=ansible |  11808 1583234758.01569: Loading ModuleDocFragment 'shell_common' from /usr/lib/python3.6/site-packages/ansible/plugins/doc_fragments/shell_common.py (searched paths: /usr/share/ansible/plugins/doc_fragments:/usr/lib/python3.6/site-packages/ansible/plugins/doc_fragments) (found_in_cache=True, class_only=False)
2020-03-03 12:25:58,017 p=11808 u=mark n=ansible |  11808 1583234758.01723: Loaded config def from plugin (shell/fish)
2020-03-03 12:25:58,017 p=11808 u=mark n=ansible |  11808 1583234758.01748: Loading ShellModule 'fish' from /usr/lib/python3.6/site-packages/ansible/plugins/shell/fish.py (found_in_cache=False, class_only=True)
2020-03-03 12:25:58,018 p=11808 u=mark n=ansible |  11808 1583234758.01792: Loading ModuleDocFragment 'shell_windows' from /usr/lib/python3.6/site-packages/ansible/plugins/doc_fragments/shell_windows.py (searched paths: /usr/share/ansible/plugins/doc_fragments:/usr/lib/python3.6/site-packages/ansible/plugins/doc_fragments) (found_in_cache=True, class_only=False)
2020-03-03 12:25:58,018 p=11808 u=mark n=ansible |  11808 1583234758.01878: Loaded config def from plugin (shell/powershell)
2020-03-03 12:25:58,019 p=11808 u=mark n=ansible |  11808 1583234758.01895: Loading ShellModule 'powershell' from /usr/lib/python3.6/site-packages/ansible/plugins/shell/powershell.py (found_in_cache=False, class_only=True)
2020-03-03 12:25:58,019 p=11808 u=mark n=ansible |  11808 1583234758.01934: Loading ModuleDocFragment 'shell_common' from /usr/lib/python3.6/site-packages/ansible/plugins/doc_fragments/shell_common.py (searched paths: /usr/share/ansible/plugins/doc_fragments:/usr/lib/python3.6/site-packages/ansible/plugins/doc_fragments) (found_in_cache=True, class_only=False)
2020-03-03 12:25:58,020 p=11808 u=mark n=ansible |  11808 1583234758.02083: Loaded config def from plugin (shell/sh)
2020-03-03 12:25:58,021 p=11808 u=mark n=ansible |  11808 1583234758.02100: Loading ShellModule 'sh' from /usr/lib/python3.6/site-packages/ansible/plugins/shell/sh.py (found_in_cache=False, class_only=True)
2020-03-03 12:25:58,024 p=11808 u=mark n=ansible |  11808 1583234758.02447: Loaded config def from plugin (become/doas)
2020-03-03 12:25:58,024 p=11808 u=mark n=ansible |  11808 1583234758.02469: Loading BecomeModule 'doas' from /usr/lib/python3.6/site-packages/ansible/plugins/become/doas.py (found_in_cache=False, class_only=True)
2020-03-03 12:25:58,026 p=11808 u=mark n=ansible |  11808 1583234758.02670: Loaded config def from plugin (become/dzdo)
2020-03-03 12:25:58,026 p=11808 u=mark n=ansible |  11808 1583234758.02693: Loading BecomeModule 'dzdo' from /usr/lib/python3.6/site-packages/ansible/plugins/become/dzdo.py (found_in_cache=False, class_only=True)
2020-03-03 12:25:58,027 p=11808 u=mark n=ansible |  11808 1583234758.02786: Loaded config def from plugin (become/enable)
2020-03-03 12:25:58,028 p=11808 u=mark n=ansible |  11808 1583234758.02807: Loading BecomeModule 'enable' from /usr/lib/python3.6/site-packages/ansible/plugins/become/enable.py (found_in_cache=False, class_only=True)
2020-03-03 12:25:58,030 p=11808 u=mark n=ansible |  11808 1583234758.03014: Loaded config def from plugin (become/ksu)
2020-03-03 12:25:58,030 p=11808 u=mark n=ansible |  11808 1583234758.03034: Loading BecomeModule 'ksu' from /usr/lib/python3.6/site-packages/ansible/plugins/become/ksu.py (found_in_cache=False, class_only=True)
2020-03-03 12:25:58,032 p=11808 u=mark n=ansible |  11808 1583234758.03210: Loaded config def from plugin (become/machinectl)
2020-03-03 12:25:58,032 p=11808 u=mark n=ansible |  11808 1583234758.03231: Loading BecomeModule 'machinectl' from /usr/lib/python3.6/site-packages/ansible/plugins/become/machinectl.py (found_in_cache=False, class_only=True)
2020-03-03 12:25:58,034 p=11808 u=mark n=ansible |  11808 1583234758.03431: Loaded config def from plugin (become/pbrun)
2020-03-03 12:25:58,034 p=11808 u=mark n=ansible |  11808 1583234758.03454: Loading BecomeModule 'pbrun' from /usr/lib/python3.6/site-packages/ansible/plugins/become/pbrun.py (found_in_cache=False, class_only=True)
2020-03-03 12:25:58,036 p=11808 u=mark n=ansible |  11808 1583234758.03659: Loaded config def from plugin (become/pfexec)
2020-03-03 12:25:58,036 p=11808 u=mark n=ansible |  11808 1583234758.03679: Loading BecomeModule 'pfexec' from /usr/lib/python3.6/site-packages/ansible/plugins/become/pfexec.py (found_in_cache=False, class_only=True)
2020-03-03 12:25:58,038 p=11808 u=mark n=ansible |  11808 1583234758.03823: Loaded config def from plugin (become/pmrun)
2020-03-03 12:25:58,038 p=11808 u=mark n=ansible |  11808 1583234758.03845: Loading BecomeModule 'pmrun' from /usr/lib/python3.6/site-packages/ansible/plugins/become/pmrun.py (found_in_cache=False, class_only=True)
2020-03-03 12:25:58,040 p=11808 u=mark n=ansible |  11808 1583234758.03994: Loaded config def from plugin (become/runas)
2020-03-03 12:25:58,040 p=11808 u=mark n=ansible |  11808 1583234758.04013: Loading BecomeModule 'runas' from /usr/lib/python3.6/site-packages/ansible/plugins/become/runas.py (found_in_cache=False, class_only=True)
2020-03-03 12:25:58,042 p=11808 u=mark n=ansible |  11808 1583234758.04198: Loaded config def from plugin (become/sesu)
2020-03-03 12:25:58,042 p=11808 u=mark n=ansible |  11808 1583234758.04223: Loading BecomeModule 'sesu' from /usr/lib/python3.6/site-packages/ansible/plugins/become/sesu.py (found_in_cache=False, class_only=True)
2020-03-03 12:25:58,044 p=11808 u=mark n=ansible |  11808 1583234758.04446: Loaded config def from plugin (become/su)
2020-03-03 12:25:58,044 p=11808 u=mark n=ansible |  11808 1583234758.04484: Loading BecomeModule 'su' from /usr/lib/python3.6/site-packages/ansible/plugins/become/su.py (found_in_cache=False, class_only=True)
2020-03-03 12:25:58,046 p=11808 u=mark n=ansible |  11808 1583234758.04673: Loaded config def from plugin (become/sudo)
2020-03-03 12:25:58,046 p=11808 u=mark n=ansible |  11808 1583234758.04691: Loading BecomeModule 'sudo' from /usr/lib/python3.6/site-packages/ansible/plugins/become/sudo.py (found_in_cache=False, class_only=True)
2020-03-03 12:25:58,047 p=11808 u=mark n=ansible |  11808 1583234758.04737: Loading data from /home/mark/git/ansible-sudo-bug/test.yml
2020-03-03 12:25:58,053 p=11808 u=mark n=ansible |  11808 1583234758.05330: trying /usr/share/ansible/plugins/action
2020-03-03 12:25:58,053 p=11808 u=mark n=ansible |  11808 1583234758.05356: trying /usr/lib/python3.6/site-packages/ansible/plugins/action
2020-03-03 12:25:58,056 p=11808 u=mark n=ansible |  11808 1583234758.05612: trying /usr/share/ansible/plugins/callback
2020-03-03 12:25:58,056 p=11808 u=mark n=ansible |  11808 1583234758.05639: trying /usr/lib/python3.6/site-packages/ansible/plugins/callback
2020-03-03 12:25:58,058 p=11808 u=mark n=ansible |  11808 1583234758.05852: Loading ModuleDocFragment 'default_callback' from /usr/lib/python3.6/site-packages/ansible/plugins/doc_fragments/default_callback.py (searched paths: /usr/share/ansible/plugins/doc_fragments:/usr/lib/python3.6/site-packages/ansible/plugins/doc_fragments)
2020-03-03 12:25:58,060 p=11808 u=mark n=ansible |  11808 1583234758.06002: Loaded config def from plugin (callback/default)
2020-03-03 12:25:58,060 p=11808 u=mark n=ansible |  11808 1583234758.06026: Loading CallbackModule 'default' from /usr/lib/python3.6/site-packages/ansible/plugins/callback/default.py (searched paths: /usr/share/ansible/plugins/callback:/usr/lib/python3.6/site-packages/ansible/plugins/callback)
2020-03-03 12:25:58,060 p=11808 u=mark n=ansible | Loading callback plugin default of type stdout, v2.0 from /usr/lib/python3.6/site-packages/ansible/plugins/callback/default.py
2020-03-03 12:25:58,062 p=11808 u=mark n=ansible |  11808 1583234758.06283: Loading ModuleDocFragment 'default_callback' from /usr/lib/python3.6/site-packages/ansible/plugins/doc_fragments/default_callback.py (searched paths: /usr/share/ansible/plugins/doc_fragments:/usr/lib/python3.6/site-packages/ansible/plugins/doc_fragments) (found_in_cache=True, class_only=False)
2020-03-03 12:25:58,064 p=11808 u=mark n=ansible |  11808 1583234758.06486: Loaded config def from plugin (callback/actionable)
2020-03-03 12:25:58,065 p=11808 u=mark n=ansible |  11808 1583234758.06511: Loading CallbackModule 'actionable' from /usr/lib/python3.6/site-packages/ansible/plugins/callback/actionable.py (searched paths: /usr/share/ansible/plugins/callback:/usr/lib/python3.6/site-packages/ansible/plugins/callback) (found_in_cache=False, class_only=True)
2020-03-03 12:25:58,065 p=11808 u=mark n=ansible |  11808 1583234758.06579: Loading CallbackModule 'aws_resource_actions' from /usr/lib/python3.6/site-packages/ansible/plugins/callback/aws_resource_actions.py (searched paths: /usr/share/ansible/plugins/callback:/usr/lib/python3.6/site-packages/ansible/plugins/callback) (found_in_cache=False, class_only=True)
2020-03-03 12:25:58,066 p=11808 u=mark n=ansible |  11808 1583234758.06683: Loaded config def from plugin (callback/cgroup_memory_recap)
2020-03-03 12:25:58,067 p=11808 u=mark n=ansible |  11808 1583234758.06702: Loading CallbackModule 'cgroup_memory_recap' from /usr/lib/python3.6/site-packages/ansible/plugins/callback/cgroup_memory_recap.py (searched paths: /usr/share/ansible/plugins/callback:/usr/lib/python3.6/site-packages/ansible/plugins/callback) (found_in_cache=False, class_only=True)
2020-03-03 12:25:58,070 p=11808 u=mark n=ansible |  11808 1583234758.07072: Loaded config def from plugin (callback/cgroup_perf_recap)
2020-03-03 12:25:58,071 p=11808 u=mark n=ansible |  11808 1583234758.07096: Loading CallbackModule 'cgroup_perf_recap' from /usr/lib/python3.6/site-packages/ansible/plugins/callback/cgroup_perf_recap.py (searched paths: /usr/share/ansible/plugins/callback:/usr/lib/python3.6/site-packages/ansible/plugins/callback) (found_in_cache=False, class_only=True)
2020-03-03 12:25:58,071 p=11808 u=mark n=ansible |  11808 1583234758.07163: Loading CallbackModule 'context_demo' from /usr/lib/python3.6/site-packages/ansible/plugins/callback/context_demo.py (searched paths: /usr/share/ansible/plugins/callback:/usr/lib/python3.6/site-packages/ansible/plugins/callback) (found_in_cache=False, class_only=True)
2020-03-03 12:25:58,072 p=11808 u=mark n=ansible |  11808 1583234758.07244: Loading ModuleDocFragment 'default_callback' from /usr/lib/python3.6/site-packages/ansible/plugins/doc_fragments/default_callback.py (searched paths: /usr/share/ansible/plugins/doc_fragments:/usr/lib/python3.6/site-packages/ansible/plugins/doc_fragments) (found_in_cache=True, class_only=False)
2020-03-03 12:25:58,073 p=11808 u=mark n=ansible |  11808 1583234758.07386: Loaded config def from plugin (callback/counter_enabled)
2020-03-03 12:25:58,074 p=11808 u=mark n=ansible |  11808 1583234758.07407: Loading CallbackModule 'counter_enabled' from /usr/lib/python3.6/site-packages/ansible/plugins/callback/counter_enabled.py (searched paths: /usr/share/ansible/plugins/callback:/usr/lib/python3.6/site-packages/ansible/plugins/callback) (found_in_cache=False, class_only=True)
2020-03-03 12:25:58,074 p=11808 u=mark n=ansible |  11808 1583234758.07479: Loading ModuleDocFragment 'default_callback' from /usr/lib/python3.6/site-packages/ansible/plugins/doc_fragments/default_callback.py (searched paths: /usr/share/ansible/plugins/doc_fragments:/usr/lib/python3.6/site-packages/ansible/plugins/doc_fragments) (found_in_cache=True, class_only=False)
2020-03-03 12:25:58,076 p=11808 u=mark n=ansible |  11808 1583234758.07624: Loaded config def from plugin (callback/debug)
2020-03-03 12:25:58,076 p=11808 u=mark n=ansible |  11808 1583234758.07654: Loading CallbackModule 'debug' from /usr/lib/python3.6/site-packages/ansible/plugins/callback/debug.py (searched paths: /usr/share/ansible/plugins/callback:/usr/lib/python3.6/site-packages/ansible/plugins/callback) (found_in_cache=False, class_only=True)
2020-03-03 12:25:58,076 p=11808 u=mark n=ansible |  11808 1583234758.07668: Loading CallbackModule 'default' from /usr/lib/python3.6/site-packages/ansible/plugins/callback/default.py (searched paths: /usr/share/ansible/plugins/callback:/usr/lib/python3.6/site-packages/ansible/plugins/callback) (found_in_cache=False, class_only=True)
2020-03-03 12:25:58,077 p=11808 u=mark n=ansible |  11808 1583234758.07770: Loading ModuleDocFragment 'default_callback' from /usr/lib/python3.6/site-packages/ansible/plugins/doc_fragments/default_callback.py (searched paths: /usr/share/ansible/plugins/doc_fragments:/usr/lib/python3.6/site-packages/ansible/plugins/doc_fragments) (found_in_cache=True, class_only=False)
2020-03-03 12:25:58,079 p=11808 u=mark n=ansible |  11808 1583234758.07943: Loaded config def from plugin (callback/dense)
2020-03-03 12:25:58,079 p=11808 u=mark n=ansible |  11808 1583234758.07971: Loading CallbackModule 'dense' from /usr/lib/python3.6/site-packages/ansible/plugins/callback/dense.py (searched paths: /usr/share/ansible/plugins/callback:/usr/lib/python3.6/site-packages/ansible/plugins/callback) (found_in_cache=False, class_only=True)
2020-03-03 12:25:58,082 p=11808 u=mark n=ansible |  11808 1583234758.08190: Loaded config def from plugin (callback/foreman)
2020-03-03 12:25:58,082 p=11808 u=mark n=ansible |  11808 1583234758.08222: Loading CallbackModule 'foreman' from /usr/lib/python3.6/site-packages/ansible/plugins/callback/foreman.py (searched paths: /usr/share/ansible/plugins/callback:/usr/lib/python3.6/site-packages/ansible/plugins/callback) (found_in_cache=False, class_only=True)
2020-03-03 12:25:58,083 p=11808 u=mark n=ansible |  11808 1583234758.08312: Loading ModuleDocFragment 'default_callback' from /usr/lib/python3.6/site-packages/ansible/plugins/doc_fragments/default_callback.py (searched paths: /usr/share/ansible/plugins/doc_fragments:/usr/lib/python3.6/site-packages/ansible/plugins/doc_fragments) (found_in_cache=True, class_only=False)
2020-03-03 12:25:58,084 p=11808 u=mark n=ansible |  11808 1583234758.08480: Loaded config def from plugin (callback/full_skip)
2020-03-03 12:25:58,085 p=11808 u=mark n=ansible |  11808 1583234758.08499: Loading CallbackModule 'full_skip' from /usr/lib/python3.6/site-packages/ansible/plugins/callback/full_skip.py (searched paths: /usr/share/ansible/plugins/callback:/usr/lib/python3.6/site-packages/ansible/plugins/callback) (found_in_cache=False, class_only=True)
2020-03-03 12:25:58,087 p=11808 u=mark n=ansible |  11808 1583234758.08743: Loaded config def from plugin (callback/grafana_annotations)
2020-03-03 12:25:58,087 p=11808 u=mark n=ansible |  11808 1583234758.08768: Loading CallbackModule 'grafana_annotations' from /usr/lib/python3.6/site-packages/ansible/plugins/callback/grafana_annotations.py (searched paths: /usr/share/ansible/plugins/callback:/usr/lib/python3.6/site-packages/ansible/plugins/callback) (found_in_cache=False, class_only=True)
2020-03-03 12:25:58,089 p=11808 u=mark n=ansible |  11808 1583234758.08971: Loaded config def from plugin (callback/hipchat)
2020-03-03 12:25:58,090 p=11808 u=mark n=ansible |  11808 1583234758.08994: Loading CallbackModule 'hipchat' from /usr/lib/python3.6/site-packages/ansible/plugins/callback/hipchat.py (searched paths: /usr/share/ansible/plugins/callback:/usr/lib/python3.6/site-packages/ansible/plugins/callback) (found_in_cache=False, class_only=True)
2020-03-03 12:25:58,091 p=11808 u=mark n=ansible |  11808 1583234758.09120: Loaded config def from plugin (callback/jabber)
2020-03-03 12:25:58,091 p=11808 u=mark n=ansible |  11808 1583234758.09148: Loading CallbackModule 'jabber' from /usr/lib/python3.6/site-packages/ansible/plugins/callback/jabber.py (searched paths: /usr/share/ansible/plugins/callback:/usr/lib/python3.6/site-packages/ansible/plugins/callback) (found_in_cache=False, class_only=True)
2020-03-03 12:25:58,092 p=11808 u=mark n=ansible |  11808 1583234758.09249: Loaded config def from plugin (callback/json)
2020-03-03 12:25:58,092 p=11808 u=mark n=ansible |  11808 1583234758.09271: Loading CallbackModule 'json' from /usr/lib/python3.6/site-packages/ansible/plugins/callback/json.py (searched paths: /usr/share/ansible/plugins/callback:/usr/lib/python3.6/site-packages/ansible/plugins/callback) (found_in_cache=False, class_only=True)
2020-03-03 12:25:58,095 p=11808 u=mark n=ansible |  11808 1583234758.09485: Loaded config def from plugin (callback/junit)
2020-03-03 12:25:58,095 p=11808 u=mark n=ansible |  11808 1583234758.09518: Loading CallbackModule 'junit' from /usr/lib/python3.6/site-packages/ansible/plugins/callback/junit.py (searched paths: /usr/share/ansible/plugins/callback:/usr/lib/python3.6/site-packages/ansible/plugins/callback) (found_in_cache=False, class_only=True)
2020-03-03 12:25:58,096 p=11808 u=mark n=ansible |  11808 1583234758.09614: Loaded config def from plugin (callback/log_plays)
2020-03-03 12:25:58,096 p=11808 u=mark n=ansible |  11808 1583234758.09638: Loading CallbackModule 'log_plays' from /usr/lib/python3.6/site-packages/ansible/plugins/callback/log_plays.py (searched paths: /usr/share/ansible/plugins/callback:/usr/lib/python3.6/site-packages/ansible/plugins/callback) (found_in_cache=False, class_only=True)
2020-03-03 12:25:58,098 p=11808 u=mark n=ansible |  11808 1583234758.09803: Loaded config def from plugin (callback/logdna)
2020-03-03 12:25:58,098 p=11808 u=mark n=ansible |  11808 1583234758.09822: Loading CallbackModule 'logdna' from /usr/lib/python3.6/site-packages/ansible/plugins/callback/logdna.py (searched paths: /usr/share/ansible/plugins/callback:/usr/lib/python3.6/site-packages/ansible/plugins/callback) (found_in_cache=False, class_only=True)
2020-03-03 12:25:58,100 p=11808 u=mark n=ansible |  11808 1583234758.10041: Loaded config def from plugin (callback/logentries)
2020-03-03 12:25:58,100 p=11808 u=mark n=ansible |  11808 1583234758.10060: Loading CallbackModule 'logentries' from /usr/lib/python3.6/site-packages/ansible/plugins/callback/logentries.py (searched paths: /usr/share/ansible/plugins/callback:/usr/lib/python3.6/site-packages/ansible/plugins/callback) (found_in_cache=False, class_only=True)
2020-03-03 12:25:58,101 p=11808 u=mark n=ansible |  11808 1583234758.10173: Loaded config def from plugin (callback/logstash)
2020-03-03 12:25:58,101 p=11808 u=mark n=ansible |  11808 1583234758.10189: Loading CallbackModule 'logstash' from /usr/lib/python3.6/site-packages/ansible/plugins/callback/logstash.py (searched paths: /usr/share/ansible/plugins/callback:/usr/lib/python3.6/site-packages/ansible/plugins/callback) (found_in_cache=False, class_only=True)
2020-03-03 12:25:58,105 p=11808 u=mark n=ansible |  11808 1583234758.10557: Loaded config def from plugin (callback/mail)
2020-03-03 12:25:58,105 p=11808 u=mark n=ansible |  11808 1583234758.10587: Loading CallbackModule 'mail' from /usr/lib/python3.6/site-packages/ansible/plugins/callback/mail.py (searched paths: /usr/share/ansible/plugins/callback:/usr/lib/python3.6/site-packages/ansible/plugins/callback) (found_in_cache=False, class_only=True)
2020-03-03 12:25:58,106 p=11808 u=mark n=ansible |  11808 1583234758.10664: Loading CallbackModule 'minimal' from /usr/lib/python3.6/site-packages/ansible/plugins/callback/minimal.py (searched paths: /usr/share/ansible/plugins/callback:/usr/lib/python3.6/site-packages/ansible/plugins/callback) (found_in_cache=False, class_only=True)
2020-03-03 12:25:58,108 p=11808 u=mark n=ansible |  11808 1583234758.10846: Loaded config def from plugin (callback/nrdp)
2020-03-03 12:25:58,108 p=11808 u=mark n=ansible |  11808 1583234758.10867: Loading CallbackModule 'nrdp' from /usr/lib/python3.6/site-packages/ansible/plugins/callback/nrdp.py (searched paths: /usr/share/ansible/plugins/callback:/usr/lib/python3.6/site-packages/ansible/plugins/callback) (found_in_cache=False, class_only=True)
2020-03-03 12:25:58,109 p=11808 u=mark n=ansible |  11808 1583234758.10933: Loading CallbackModule 'null' from /usr/lib/python3.6/site-packages/ansible/plugins/callback/null.py (searched paths: /usr/share/ansible/plugins/callback:/usr/lib/python3.6/site-packages/ansible/plugins/callback) (found_in_cache=False, class_only=True)
2020-03-03 12:25:58,110 p=11808 u=mark n=ansible |  11808 1583234758.10995: Loading CallbackModule 'oneline' from /usr/lib/python3.6/site-packages/ansible/plugins/callback/oneline.py (searched paths: /usr/share/ansible/plugins/callback:/usr/lib/python3.6/site-packages/ansible/plugins/callback) (found_in_cache=False, class_only=True)
2020-03-03 12:25:58,110 p=11808 u=mark n=ansible |  11808 1583234758.11077: Loading CallbackModule 'osx_say' from /usr/lib/python3.6/site-packages/ansible/plugins/callback/osx_say.py (searched paths: /usr/share/ansible/plugins/callback:/usr/lib/python3.6/site-packages/ansible/plugins/callback) (found_in_cache=False, class_only=True)
2020-03-03 12:25:58,111 p=11808 u=mark n=ansible |  11808 1583234758.11153: Loading CallbackModule 'profile_roles' from /usr/lib/python3.6/site-packages/ansible/plugins/callback/profile_roles.py (searched paths: /usr/share/ansible/plugins/callback:/usr/lib/python3.6/site-packages/ansible/plugins/callback) (found_in_cache=False, class_only=True)
2020-03-03 12:25:58,112 p=11808 u=mark n=ansible |  11808 1583234758.11287: Loaded config def from plugin (callback/profile_tasks)
2020-03-03 12:25:58,113 p=11808 u=mark n=ansible |  11808 1583234758.11311: Loading CallbackModule 'profile_tasks' from /usr/lib/python3.6/site-packages/ansible/plugins/callback/profile_tasks.py (searched paths: /usr/share/ansible/plugins/callback:/usr/lib/python3.6/site-packages/ansible/plugins/callback) (found_in_cache=False, class_only=True)
2020-03-03 12:25:58,114 p=11808 u=mark n=ansible |  11808 1583234758.11400: Loading CallbackModule 'say' from /usr/lib/python3.6/site-packages/ansible/plugins/callback/say.py (searched paths: /usr/share/ansible/plugins/callback:/usr/lib/python3.6/site-packages/ansible/plugins/callback) (found_in_cache=False, class_only=True)
2020-03-03 12:25:58,115 p=11808 u=mark n=ansible |  11808 1583234758.11531: Loaded config def from plugin (callback/selective)
2020-03-03 12:25:58,115 p=11808 u=mark n=ansible |  11808 1583234758.11563: Loading CallbackModule 'selective' from /usr/lib/python3.6/site-packages/ansible/plugins/callback/selective.py (searched paths: /usr/share/ansible/plugins/callback:/usr/lib/python3.6/site-packages/ansible/plugins/callback) (found_in_cache=False, class_only=True)
2020-03-03 12:25:58,116 p=11808 u=mark n=ansible |  11808 1583234758.11665: Loading ModuleDocFragment 'default_callback' from /usr/lib/python3.6/site-packages/ansible/plugins/doc_fragments/default_callback.py (searched paths: /usr/share/ansible/plugins/doc_fragments:/usr/lib/python3.6/site-packages/ansible/plugins/doc_fragments) (found_in_cache=True, class_only=False)
2020-03-03 12:25:58,118 p=11808 u=mark n=ansible |  11808 1583234758.11828: Loaded config def from plugin (callback/skippy)
2020-03-03 12:25:58,118 p=11808 u=mark n=ansible |  11808 1583234758.11849: Loading CallbackModule 'skippy' from /usr/lib/python3.6/site-packages/ansible/plugins/callback/skippy.py (searched paths: /usr/share/ansible/plugins/callback:/usr/lib/python3.6/site-packages/ansible/plugins/callback) (found_in_cache=False, class_only=True)
2020-03-03 12:25:58,120 p=11808 u=mark n=ansible |  11808 1583234758.12031: Loaded config def from plugin (callback/slack)
2020-03-03 12:25:58,120 p=11808 u=mark n=ansible |  11808 1583234758.12055: Loading CallbackModule 'slack' from /usr/lib/python3.6/site-packages/ansible/plugins/callback/slack.py (searched paths: /usr/share/ansible/plugins/callback:/usr/lib/python3.6/site-packages/ansible/plugins/callback) (found_in_cache=False, class_only=True)
2020-03-03 12:25:58,121 p=11808 u=mark n=ansible |  11808 1583234758.12176: Loaded config def from plugin (callback/splunk)
2020-03-03 12:25:58,122 p=11808 u=mark n=ansible |  11808 1583234758.12194: Loading CallbackModule 'splunk' from /usr/lib/python3.6/site-packages/ansible/plugins/callback/splunk.py (searched paths: /usr/share/ansible/plugins/callback:/usr/lib/python3.6/site-packages/ansible/plugins/callback) (found_in_cache=False, class_only=True)
2020-03-03 12:25:58,122 p=11808 u=mark n=ansible |  11808 1583234758.12275: Loading ModuleDocFragment 'default_callback' from /usr/lib/python3.6/site-packages/ansible/plugins/doc_fragments/default_callback.py (searched paths: /usr/share/ansible/plugins/doc_fragments:/usr/lib/python3.6/site-packages/ansible/plugins/doc_fragments) (found_in_cache=True, class_only=False)
2020-03-03 12:25:58,124 p=11808 u=mark n=ansible |  11808 1583234758.12439: Loaded config def from plugin (callback/stderr)
2020-03-03 12:25:58,124 p=11808 u=mark n=ansible |  11808 1583234758.12463: Loading CallbackModule 'stderr' from /usr/lib/python3.6/site-packages/ansible/plugins/callback/stderr.py (searched paths: /usr/share/ansible/plugins/callback:/usr/lib/python3.6/site-packages/ansible/plugins/callback) (found_in_cache=False, class_only=True)
2020-03-03 12:25:58,125 p=11808 u=mark n=ansible |  11808 1583234758.12570: Loaded config def from plugin (callback/sumologic)
2020-03-03 12:25:58,126 p=11808 u=mark n=ansible |  11808 1583234758.12594: Loading CallbackModule 'sumologic' from /usr/lib/python3.6/site-packages/ansible/plugins/callback/sumologic.py (searched paths: /usr/share/ansible/plugins/callback:/usr/lib/python3.6/site-packages/ansible/plugins/callback) (found_in_cache=False, class_only=True)
2020-03-03 12:25:58,128 p=11808 u=mark n=ansible |  11808 1583234758.12863: Loaded config def from plugin (callback/syslog_json)
2020-03-03 12:25:58,128 p=11808 u=mark n=ansible |  11808 1583234758.12890: Loading CallbackModule 'syslog_json' from /usr/lib/python3.6/site-packages/ansible/plugins/callback/syslog_json.py (searched paths: /usr/share/ansible/plugins/callback:/usr/lib/python3.6/site-packages/ansible/plugins/callback) (found_in_cache=False, class_only=True)
2020-03-03 12:25:58,129 p=11808 u=mark n=ansible |  11808 1583234758.12965: Loading CallbackModule 'timer' from /usr/lib/python3.6/site-packages/ansible/plugins/callback/timer.py (searched paths: /usr/share/ansible/plugins/callback:/usr/lib/python3.6/site-packages/ansible/plugins/callback) (found_in_cache=False, class_only=True)
2020-03-03 12:25:58,130 p=11808 u=mark n=ansible |  11808 1583234758.13031: Loading CallbackModule 'tree' from /usr/lib/python3.6/site-packages/ansible/plugins/callback/tree.py (searched paths: /usr/share/ansible/plugins/callback:/usr/lib/python3.6/site-packages/ansible/plugins/callback) (found_in_cache=False, class_only=True)
2020-03-03 12:25:58,131 p=11808 u=mark n=ansible |  11808 1583234758.13112: Loading ModuleDocFragment 'default_callback' from /usr/lib/python3.6/site-packages/ansible/plugins/doc_fragments/default_callback.py (searched paths: /usr/share/ansible/plugins/doc_fragments:/usr/lib/python3.6/site-packages/ansible/plugins/doc_fragments) (found_in_cache=True, class_only=False)
2020-03-03 12:25:58,132 p=11808 u=mark n=ansible |  11808 1583234758.13278: Loaded config def from plugin (callback/unixy)
2020-03-03 12:25:58,133 p=11808 u=mark n=ansible |  11808 1583234758.13305: Loading CallbackModule 'unixy' from /usr/lib/python3.6/site-packages/ansible/plugins/callback/unixy.py (searched paths: /usr/share/ansible/plugins/callback:/usr/lib/python3.6/site-packages/ansible/plugins/callback) (found_in_cache=False, class_only=True)
2020-03-03 12:25:58,134 p=11808 u=mark n=ansible |  11808 1583234758.13442: Loading ModuleDocFragment 'default_callback' from /usr/lib/python3.6/site-packages/ansible/plugins/doc_fragments/default_callback.py (searched paths: /usr/share/ansible/plugins/doc_fragments:/usr/lib/python3.6/site-packages/ansible/plugins/doc_fragments) (found_in_cache=True, class_only=False)
2020-03-03 12:25:58,136 p=11808 u=mark n=ansible |  11808 1583234758.13643: Loaded config def from plugin (callback/yaml)
2020-03-03 12:25:58,136 p=11808 u=mark n=ansible |  11808 1583234758.13674: Loading CallbackModule 'yaml' from /usr/lib/python3.6/site-packages/ansible/plugins/callback/yaml.py (searched paths: /usr/share/ansible/plugins/callback:/usr/lib/python3.6/site-packages/ansible/plugins/callback) (found_in_cache=False, class_only=True)
2020-03-03 12:25:58,137 p=11808 u=mark n=ansible | PLAYBOOK: test.yml **********************************************************************************
2020-03-03 12:25:58,137 p=11808 u=mark n=ansible | 1 plays in test.yml
2020-03-03 12:25:58,137 p=11808 u=mark n=ansible |  11808 1583234758.13771: in VariableManager get_vars()
2020-03-03 12:25:58,140 p=11808 u=mark n=ansible |  11808 1583234758.14025: done with get_vars()
2020-03-03 12:25:58,140 p=11808 u=mark n=ansible |  11808 1583234758.14074: in VariableManager get_vars()
2020-03-03 12:25:58,141 p=11808 u=mark n=ansible |  11808 1583234758.14113: done with get_vars()
2020-03-03 12:25:58,141 p=11808 u=mark n=ansible |  11808 1583234758.14165: in VariableManager get_vars()
2020-03-03 12:25:58,142 p=11808 u=mark n=ansible |  11808 1583234758.14202: done with get_vars()
2020-03-03 12:25:58,142 p=11808 u=mark n=ansible | PLAY [Test sudo bug] ********************************************************************************
2020-03-03 12:25:58,147 p=11808 u=mark n=ansible |  11808 1583234758.14779: trying /usr/share/ansible/plugins/strategy
2020-03-03 12:25:58,148 p=11808 u=mark n=ansible |  11808 1583234758.14809: trying /usr/lib/python3.6/site-packages/ansible/plugins/strategy
2020-03-03 12:25:58,148 p=11808 u=mark n=ansible |  11808 1583234758.14888: Loading StrategyModule 'linear' from /usr/lib/python3.6/site-packages/ansible/plugins/strategy/linear.py (searched paths: /usr/share/ansible/plugins/strategy:/usr/lib/python3.6/site-packages/ansible/plugins/strategy)
2020-03-03 12:25:58,149 p=11808 u=mark n=ansible |  11808 1583234758.14988: getting the remaining hosts for this loop
2020-03-03 12:25:58,150 p=11808 u=mark n=ansible |  11808 1583234758.15007: done getting the remaining hosts for this loop
2020-03-03 12:25:58,150 p=11808 u=mark n=ansible |  11808 1583234758.15026: building list of next tasks for hosts
2020-03-03 12:25:58,150 p=11808 u=mark n=ansible |  11808 1583234758.15046: getting the next task for host centos8
2020-03-03 12:25:58,150 p=11808 u=mark n=ansible |  11808 1583234758.15061: done getting next task for host centos8
2020-03-03 12:25:58,150 p=11808 u=mark n=ansible |  11808 1583234758.15076:  ^ task is: TASK: meta (flush_handlers)
2020-03-03 12:25:58,150 p=11808 u=mark n=ansible |  11808 1583234758.15088:  ^ state is: HOST STATE: block=1, task=1, rescue=0, always=0, run_state=ITERATING_TASKS, fail_state=FAILED_NONE, pending_setup=False, tasks child state? (None), rescue child state? (None), always child state? (None), did rescue? False, did start at task? False
2020-03-03 12:25:58,151 p=11808 u=mark n=ansible |  11808 1583234758.15101: getting the next task for host centos7
2020-03-03 12:25:58,151 p=11808 u=mark n=ansible |  11808 1583234758.15114: done getting next task for host centos7
2020-03-03 12:25:58,151 p=11808 u=mark n=ansible |  11808 1583234758.15125:  ^ task is: TASK: meta (flush_handlers)
2020-03-03 12:25:58,151 p=11808 u=mark n=ansible |  11808 1583234758.15144:  ^ state is: HOST STATE: block=1, task=1, rescue=0, always=0, run_state=ITERATING_TASKS, fail_state=FAILED_NONE, pending_setup=False, tasks child state? (None), rescue child state? (None), always child state? (None), did rescue? False, did start at task? False
2020-03-03 12:25:58,151 p=11808 u=mark n=ansible |  11808 1583234758.15158: getting the next task for host rhel8
2020-03-03 12:25:58,151 p=11808 u=mark n=ansible |  11808 1583234758.15171: done getting next task for host rhel8
2020-03-03 12:25:58,152 p=11808 u=mark n=ansible |  11808 1583234758.15184:  ^ task is: TASK: meta (flush_handlers)
2020-03-03 12:25:58,152 p=11808 u=mark n=ansible |  11808 1583234758.15206:  ^ state is: HOST STATE: block=1, task=1, rescue=0, always=0, run_state=ITERATING_TASKS, fail_state=FAILED_NONE, pending_setup=False, tasks child state? (None), rescue child state? (None), always child state? (None), did rescue? False, did start at task? False
2020-03-03 12:25:58,152 p=11808 u=mark n=ansible |  11808 1583234758.15217: getting the next task for host fedora31
2020-03-03 12:25:58,152 p=11808 u=mark n=ansible |  11808 1583234758.15234: done getting next task for host fedora31
2020-03-03 12:25:58,152 p=11808 u=mark n=ansible |  11808 1583234758.15250:  ^ task is: TASK: meta (flush_handlers)
2020-03-03 12:25:58,152 p=11808 u=mark n=ansible |  11808 1583234758.15261:  ^ state is: HOST STATE: block=1, task=1, rescue=0, always=0, run_state=ITERATING_TASKS, fail_state=FAILED_NONE, pending_setup=False, tasks child state? (None), rescue child state? (None), always child state? (None), did rescue? False, did start at task? False
2020-03-03 12:25:58,152 p=11808 u=mark n=ansible |  11808 1583234758.15271: getting the next task for host debian
2020-03-03 12:25:58,152 p=11808 u=mark n=ansible |  11808 1583234758.15286: done getting next task for host debian
2020-03-03 12:25:58,153 p=11808 u=mark n=ansible |  11808 1583234758.15299:  ^ task is: TASK: meta (flush_handlers)
2020-03-03 12:25:58,153 p=11808 u=mark n=ansible |  11808 1583234758.15310:  ^ state is: HOST STATE: block=1, task=1, rescue=0, always=0, run_state=ITERATING_TASKS, fail_state=FAILED_NONE, pending_setup=False, tasks child state? (None), rescue child state? (None), always child state? (None), did rescue? False, did start at task? False
2020-03-03 12:25:58,153 p=11808 u=mark n=ansible |  11808 1583234758.15323: getting the next task for host ubuntu16-04
2020-03-03 12:25:58,153 p=11808 u=mark n=ansible |  11808 1583234758.15340: done getting next task for host ubuntu16-04
2020-03-03 12:25:58,153 p=11808 u=mark n=ansible |  11808 1583234758.15354:  ^ task is: TASK: meta (flush_handlers)
2020-03-03 12:25:58,153 p=11808 u=mark n=ansible |  11808 1583234758.15364:  ^ state is: HOST STATE: block=1, task=1, rescue=0, always=0, run_state=ITERATING_TASKS, fail_state=FAILED_NONE, pending_setup=False, tasks child state? (None), rescue child state? (None), always child state? (None), did rescue? False, did start at task? False
2020-03-03 12:25:58,153 p=11808 u=mark n=ansible |  11808 1583234758.15375: getting the next task for host ubuntu18-04
2020-03-03 12:25:58,153 p=11808 u=mark n=ansible |  11808 1583234758.15388: done getting next task for host ubuntu18-04
2020-03-03 12:25:58,154 p=11808 u=mark n=ansible |  11808 1583234758.15399:  ^ task is: TASK: meta (flush_handlers)
2020-03-03 12:25:58,154 p=11808 u=mark n=ansible |  11808 1583234758.15411:  ^ state is: HOST STATE: block=1, task=1, rescue=0, always=0, run_state=ITERATING_TASKS, fail_state=FAILED_NONE, pending_setup=False, tasks child state? (None), rescue child state? (None), always child state? (None), did rescue? False, did start at task? False
2020-03-03 12:25:58,154 p=11808 u=mark n=ansible |  11808 1583234758.15422: done building task lists
2020-03-03 12:25:58,154 p=11808 u=mark n=ansible |  11808 1583234758.15438: counting tasks in each state of execution
2020-03-03 12:25:58,154 p=11808 u=mark n=ansible |  11808 1583234758.15453: done counting tasks in each state of execution:
	num_setups: 0
	num_tasks: 7
	num_rescue: 0
	num_always: 0
2020-03-03 12:25:58,154 p=11808 u=mark n=ansible |  11808 1583234758.15466: advancing hosts in ITERATING_TASKS
2020-03-03 12:25:58,154 p=11808 u=mark n=ansible |  11808 1583234758.15478: starting to advance hosts
2020-03-03 12:25:58,154 p=11808 u=mark n=ansible |  11808 1583234758.15488: getting the next task for host centos8
2020-03-03 12:25:58,155 p=11808 u=mark n=ansible |  11808 1583234758.15501: done getting next task for host centos8
2020-03-03 12:25:58,155 p=11808 u=mark n=ansible |  11808 1583234758.15526:  ^ task is: TASK: meta (flush_handlers)
2020-03-03 12:25:58,155 p=11808 u=mark n=ansible |  11808 1583234758.15545:  ^ state is: HOST STATE: block=1, task=1, rescue=0, always=0, run_state=ITERATING_TASKS, fail_state=FAILED_NONE, pending_setup=False, tasks child state? (None), rescue child state? (None), always child state? (None), did rescue? False, did start at task? False
2020-03-03 12:25:58,155 p=11808 u=mark n=ansible |  11808 1583234758.15556: getting the next task for host centos7
2020-03-03 12:25:58,155 p=11808 u=mark n=ansible |  11808 1583234758.15568: done getting next task for host centos7
2020-03-03 12:25:58,155 p=11808 u=mark n=ansible |  11808 1583234758.15582:  ^ task is: TASK: meta (flush_handlers)
2020-03-03 12:25:58,155 p=11808 u=mark n=ansible |  11808 1583234758.15594:  ^ state is: HOST STATE: block=1, task=1, rescue=0, always=0, run_state=ITERATING_TASKS, fail_state=FAILED_NONE, pending_setup=False, tasks child state? (None), rescue child state? (None), always child state? (None), did rescue? False, did start at task? False
2020-03-03 12:25:58,156 p=11808 u=mark n=ansible |  11808 1583234758.15605: getting the next task for host rhel8
2020-03-03 12:25:58,156 p=11808 u=mark n=ansible |  11808 1583234758.15617: done getting next task for host rhel8
2020-03-03 12:25:58,156 p=11808 u=mark n=ansible |  11808 1583234758.15632:  ^ task is: TASK: meta (flush_handlers)
2020-03-03 12:25:58,156 p=11808 u=mark n=ansible |  11808 1583234758.15646:  ^ state is: HOST STATE: block=1, task=1, rescue=0, always=0, run_state=ITERATING_TASKS, fail_state=FAILED_NONE, pending_setup=False, tasks child state? (None), rescue child state? (None), always child state? (None), did rescue? False, did start at task? False
2020-03-03 12:25:58,156 p=11808 u=mark n=ansible |  11808 1583234758.15656: getting the next task for host fedora31
2020-03-03 12:25:58,156 p=11808 u=mark n=ansible |  11808 1583234758.15667: done getting next task for host fedora31
2020-03-03 12:25:58,156 p=11808 u=mark n=ansible |  11808 1583234758.15680:  ^ task is: TASK: meta (flush_handlers)
2020-03-03 12:25:58,156 p=11808 u=mark n=ansible |  11808 1583234758.15693:  ^ state is: HOST STATE: block=1, task=1, rescue=0, always=0, run_state=ITERATING_TASKS, fail_state=FAILED_NONE, pending_setup=False, tasks child state? (None), rescue child state? (None), always child state? (None), did rescue? False, did start at task? False
2020-03-03 12:25:58,157 p=11808 u=mark n=ansible |  11808 1583234758.15704: getting the next task for host debian
2020-03-03 12:25:58,157 p=11808 u=mark n=ansible |  11808 1583234758.15718: done getting next task for host debian
2020-03-03 12:25:58,157 p=11808 u=mark n=ansible |  11808 1583234758.15732:  ^ task is: TASK: meta (flush_handlers)
2020-03-03 12:25:58,157 p=11808 u=mark n=ansible |  11808 1583234758.15747:  ^ state is: HOST STATE: block=1, task=1, rescue=0, always=0, run_state=ITERATING_TASKS, fail_state=FAILED_NONE, pending_setup=False, tasks child state? (None), rescue child state? (None), always child state? (None), did rescue? False, did start at task? False
2020-03-03 12:25:58,157 p=11808 u=mark n=ansible |  11808 1583234758.15758: getting the next task for host ubuntu16-04
2020-03-03 12:25:58,157 p=11808 u=mark n=ansible |  11808 1583234758.15770: done getting next task for host ubuntu16-04
2020-03-03 12:25:58,157 p=11808 u=mark n=ansible |  11808 1583234758.15783:  ^ task is: TASK: meta (flush_handlers)
2020-03-03 12:25:58,157 p=11808 u=mark n=ansible |  11808 1583234758.15795:  ^ state is: HOST STATE: block=1, task=1, rescue=0, always=0, run_state=ITERATING_TASKS, fail_state=FAILED_NONE, pending_setup=False, tasks child state? (None), rescue child state? (None), always child state? (None), did rescue? False, did start at task? False
2020-03-03 12:25:58,158 p=11808 u=mark n=ansible |  11808 1583234758.15804: getting the next task for host ubuntu18-04
2020-03-03 12:25:58,158 p=11808 u=mark n=ansible |  11808 1583234758.15816: done getting next task for host ubuntu18-04
2020-03-03 12:25:58,158 p=11808 u=mark n=ansible |  11808 1583234758.15831:  ^ task is: TASK: meta (flush_handlers)
2020-03-03 12:25:58,158 p=11808 u=mark n=ansible |  11808 1583234758.15846:  ^ state is: HOST STATE: block=1, task=1, rescue=0, always=0, run_state=ITERATING_TASKS, fail_state=FAILED_NONE, pending_setup=False, tasks child state? (None), rescue child state? (None), always child state? (None), did rescue? False, did start at task? False
2020-03-03 12:25:58,158 p=11808 u=mark n=ansible |  11808 1583234758.15857: done advancing hosts to next task
2020-03-03 12:25:58,158 p=11808 u=mark n=ansible |  11808 1583234758.15879: trying /usr/lib/python3.6/site-packages/ansible/plugins/action/__pycache__
2020-03-03 12:25:58,160 p=11808 u=mark n=ansible | META: ran handlers
2020-03-03 12:25:58,161 p=11808 u=mark n=ansible |  11808 1583234758.16112: done queuing things up, now waiting for results queue to drain
2020-03-03 12:25:58,161 p=11808 u=mark n=ansible |  11808 1583234758.16124: results queue empty
2020-03-03 12:25:58,161 p=11808 u=mark n=ansible |  11808 1583234758.16141: checking for any_errors_fatal
2020-03-03 12:25:58,161 p=11808 u=mark n=ansible |  11808 1583234758.16155: done checking for any_errors_fatal
2020-03-03 12:25:58,161 p=11808 u=mark n=ansible |  11808 1583234758.16170: checking for max_fail_percentage
2020-03-03 12:25:58,161 p=11808 u=mark n=ansible |  11808 1583234758.16181: done checking for max_fail_percentage
2020-03-03 12:25:58,161 p=11808 u=mark n=ansible |  11808 1583234758.16193: checking to see if all hosts have failed and the running result is not ok
2020-03-03 12:25:58,162 p=11808 u=mark n=ansible |  11808 1583234758.16203: done checking to see if all hosts have failed
2020-03-03 12:25:58,162 p=11808 u=mark n=ansible |  11808 1583234758.16214: getting the remaining hosts for this loop
2020-03-03 12:25:58,162 p=11808 u=mark n=ansible |  11808 1583234758.16225: done getting the remaining hosts for this loop
2020-03-03 12:25:58,162 p=11808 u=mark n=ansible |  11808 1583234758.16251: building list of next tasks for hosts
2020-03-03 12:25:58,162 p=11808 u=mark n=ansible |  11808 1583234758.16263: getting the next task for host centos8
2020-03-03 12:25:58,162 p=11808 u=mark n=ansible |  11808 1583234758.16275: done getting next task for host centos8
2020-03-03 12:25:58,162 p=11808 u=mark n=ansible |  11808 1583234758.16285:  ^ task is: TASK: Run id
2020-03-03 12:25:58,163 p=11808 u=mark n=ansible |  11808 1583234758.16298:  ^ state is: HOST STATE: block=2, task=1, rescue=0, always=0, run_state=ITERATING_TASKS, fail_state=FAILED_NONE, pending_setup=False, tasks child state? (None), rescue child state? (None), always child state? (None), did rescue? False, did start at task? False
2020-03-03 12:25:58,163 p=11808 u=mark n=ansible |  11808 1583234758.16310: getting the next task for host centos7
2020-03-03 12:25:58,163 p=11808 u=mark n=ansible |  11808 1583234758.16322: done getting next task for host centos7
2020-03-03 12:25:58,163 p=11808 u=mark n=ansible |  11808 1583234758.16340:  ^ task is: TASK: Run id
2020-03-03 12:25:58,163 p=11808 u=mark n=ansible |  11808 1583234758.16351:  ^ state is: HOST STATE: block=2, task=1, rescue=0, always=0, run_state=ITERATING_TASKS, fail_state=FAILED_NONE, pending_setup=False, tasks child state? (None), rescue child state? (None), always child state? (None), did rescue? False, did start at task? False
2020-03-03 12:25:58,163 p=11808 u=mark n=ansible |  11808 1583234758.16364: getting the next task for host rhel8
2020-03-03 12:25:58,163 p=11808 u=mark n=ansible |  11808 1583234758.16376: done getting next task for host rhel8
2020-03-03 12:25:58,163 p=11808 u=mark n=ansible |  11808 1583234758.16386:  ^ task is: TASK: Run id
2020-03-03 12:25:58,164 p=11808 u=mark n=ansible |  11808 1583234758.16398:  ^ state is: HOST STATE: block=2, task=1, rescue=0, always=0, run_state=ITERATING_TASKS, fail_state=FAILED_NONE, pending_setup=False, tasks child state? (None), rescue child state? (None), always child state? (None), did rescue? False, did start at task? False
2020-03-03 12:25:58,164 p=11808 u=mark n=ansible |  11808 1583234758.16408: getting the next task for host fedora31
2020-03-03 12:25:58,164 p=11808 u=mark n=ansible |  11808 1583234758.16419: done getting next task for host fedora31
2020-03-03 12:25:58,164 p=11808 u=mark n=ansible |  11808 1583234758.16432:  ^ task is: TASK: Run id
2020-03-03 12:25:58,164 p=11808 u=mark n=ansible |  11808 1583234758.16447:  ^ state is: HOST STATE: block=2, task=1, rescue=0, always=0, run_state=ITERATING_TASKS, fail_state=FAILED_NONE, pending_setup=False, tasks child state? (None), rescue child state? (None), always child state? (None), did rescue? False, did start at task? False
2020-03-03 12:25:58,164 p=11808 u=mark n=ansible |  11808 1583234758.16457: getting the next task for host debian
2020-03-03 12:25:58,164 p=11808 u=mark n=ansible |  11808 1583234758.16472: done getting next task for host debian
2020-03-03 12:25:58,164 p=11808 u=mark n=ansible |  11808 1583234758.16483:  ^ task is: TASK: Run id
2020-03-03 12:25:58,165 p=11808 u=mark n=ansible |  11808 1583234758.16494:  ^ state is: HOST STATE: block=2, task=1, rescue=0, always=0, run_state=ITERATING_TASKS, fail_state=FAILED_NONE, pending_setup=False, tasks child state? (None), rescue child state? (None), always child state? (None), did rescue? False, did start at task? False
2020-03-03 12:25:58,165 p=11808 u=mark n=ansible |  11808 1583234758.16506: getting the next task for host ubuntu16-04
2020-03-03 12:25:58,165 p=11808 u=mark n=ansible |  11808 1583234758.16518: done getting next task for host ubuntu16-04
2020-03-03 12:25:58,165 p=11808 u=mark n=ansible |  11808 1583234758.16533:  ^ task is: TASK: Run id
2020-03-03 12:25:58,165 p=11808 u=mark n=ansible |  11808 1583234758.16546:  ^ state is: HOST STATE: block=2, task=1, rescue=0, always=0, run_state=ITERATING_TASKS, fail_state=FAILED_NONE, pending_setup=False, tasks child state? (None), rescue child state? (None), always child state? (None), did rescue? False, did start at task? False
2020-03-03 12:25:58,165 p=11808 u=mark n=ansible |  11808 1583234758.16557: getting the next task for host ubuntu18-04
2020-03-03 12:25:58,165 p=11808 u=mark n=ansible |  11808 1583234758.16568: done getting next task for host ubuntu18-04
2020-03-03 12:25:58,165 p=11808 u=mark n=ansible |  11808 1583234758.16579:  ^ task is: TASK: Run id
2020-03-03 12:25:58,165 p=11808 u=mark n=ansible |  11808 1583234758.16589:  ^ state is: HOST STATE: block=2, task=1, rescue=0, always=0, run_state=ITERATING_TASKS, fail_state=FAILED_NONE, pending_setup=False, tasks child state? (None), rescue child state? (None), always child state? (None), did rescue? False, did start at task? False
2020-03-03 12:25:58,166 p=11808 u=mark n=ansible |  11808 1583234758.16600: done building task lists
2020-03-03 12:25:58,166 p=11808 u=mark n=ansible |  11808 1583234758.16610: counting tasks in each state of execution
2020-03-03 12:25:58,166 p=11808 u=mark n=ansible |  11808 1583234758.16624: done counting tasks in each state of execution:
	num_setups: 0
	num_tasks: 7
	num_rescue: 0
	num_always: 0
2020-03-03 12:25:58,166 p=11808 u=mark n=ansible |  11808 1583234758.16640: advancing hosts in ITERATING_TASKS
2020-03-03 12:25:58,166 p=11808 u=mark n=ansible |  11808 1583234758.16650: starting to advance hosts
2020-03-03 12:25:58,166 p=11808 u=mark n=ansible |  11808 1583234758.16661: getting the next task for host centos8
2020-03-03 12:25:58,166 p=11808 u=mark n=ansible |  11808 1583234758.16672: done getting next task for host centos8
2020-03-03 12:25:58,166 p=11808 u=mark n=ansible |  11808 1583234758.16681:  ^ task is: TASK: Run id
2020-03-03 12:25:58,166 p=11808 u=mark n=ansible |  11808 1583234758.16691:  ^ state is: HOST STATE: block=2, task=1, rescue=0, always=0, run_state=ITERATING_TASKS, fail_state=FAILED_NONE, pending_setup=False, tasks child state? (None), rescue child state? (None), always child state? (None), did rescue? False, did start at task? False
2020-03-03 12:25:58,167 p=11808 u=mark n=ansible |  11808 1583234758.16702: getting the next task for host centos7
2020-03-03 12:25:58,167 p=11808 u=mark n=ansible |  11808 1583234758.16714: done getting next task for host centos7
2020-03-03 12:25:58,167 p=11808 u=mark n=ansible |  11808 1583234758.16727:  ^ task is: TASK: Run id
2020-03-03 12:25:58,167 p=11808 u=mark n=ansible |  11808 1583234758.16743:  ^ state is: HOST STATE: block=2, task=1, rescue=0, always=0, run_state=ITERATING_TASKS, fail_state=FAILED_NONE, pending_setup=False, tasks child state? (None), rescue child state? (None), always child state? (None), did rescue? False, did start at task? False
2020-03-03 12:25:58,167 p=11808 u=mark n=ansible |  11808 1583234758.16753: getting the next task for host rhel8
2020-03-03 12:25:58,167 p=11808 u=mark n=ansible |  11808 1583234758.16765: done getting next task for host rhel8
2020-03-03 12:25:58,167 p=11808 u=mark n=ansible |  11808 1583234758.16776:  ^ task is: TASK: Run id
2020-03-03 12:25:58,167 p=11808 u=mark n=ansible |  11808 1583234758.16788:  ^ state is: HOST STATE: block=2, task=1, rescue=0, always=0, run_state=ITERATING_TASKS, fail_state=FAILED_NONE, pending_setup=False, tasks child state? (None), rescue child state? (None), always child state? (None), did rescue? False, did start at task? False
2020-03-03 12:25:58,168 p=11808 u=mark n=ansible |  11808 1583234758.16797: getting the next task for host fedora31
2020-03-03 12:25:58,168 p=11808 u=mark n=ansible |  11808 1583234758.16809: done getting next task for host fedora31
2020-03-03 12:25:58,168 p=11808 u=mark n=ansible |  11808 1583234758.16821:  ^ task is: TASK: Run id
2020-03-03 12:25:58,168 p=11808 u=mark n=ansible |  11808 1583234758.16837:  ^ state is: HOST STATE: block=2, task=1, rescue=0, always=0, run_state=ITERATING_TASKS, fail_state=FAILED_NONE, pending_setup=False, tasks child state? (None), rescue child state? (None), always child state? (None), did rescue? False, did start at task? False
2020-03-03 12:25:58,168 p=11808 u=mark n=ansible |  11808 1583234758.16848: getting the next task for host debian
2020-03-03 12:25:58,168 p=11808 u=mark n=ansible |  11808 1583234758.16861: done getting next task for host debian
2020-03-03 12:25:58,168 p=11808 u=mark n=ansible |  11808 1583234758.16874:  ^ task is: TASK: Run id
2020-03-03 12:25:58,168 p=11808 u=mark n=ansible |  11808 1583234758.16884:  ^ state is: HOST STATE: block=2, task=1, rescue=0, always=0, run_state=ITERATING_TASKS, fail_state=FAILED_NONE, pending_setup=False, tasks child state? (None), rescue child state? (None), always child state? (None), did rescue? False, did start at task? False
2020-03-03 12:25:58,168 p=11808 u=mark n=ansible |  11808 1583234758.16894: getting the next task for host ubuntu16-04
2020-03-03 12:25:58,169 p=11808 u=mark n=ansible |  11808 1583234758.16906: done getting next task for host ubuntu16-04
2020-03-03 12:25:58,169 p=11808 u=mark n=ansible |  11808 1583234758.16918:  ^ task is: TASK: Run id
2020-03-03 12:25:58,169 p=11808 u=mark n=ansible |  11808 1583234758.16932:  ^ state is: HOST STATE: block=2, task=1, rescue=0, always=0, run_state=ITERATING_TASKS, fail_state=FAILED_NONE, pending_setup=False, tasks child state? (None), rescue child state? (None), always child state? (None), did rescue? False, did start at task? False
2020-03-03 12:25:58,169 p=11808 u=mark n=ansible |  11808 1583234758.16948: getting the next task for host ubuntu18-04
2020-03-03 12:25:58,169 p=11808 u=mark n=ansible |  11808 1583234758.16958: done getting next task for host ubuntu18-04
2020-03-03 12:25:58,169 p=11808 u=mark n=ansible |  11808 1583234758.16969:  ^ task is: TASK: Run id
2020-03-03 12:25:58,169 p=11808 u=mark n=ansible |  11808 1583234758.16982:  ^ state is: HOST STATE: block=2, task=1, rescue=0, always=0, run_state=ITERATING_TASKS, fail_state=FAILED_NONE, pending_setup=False, tasks child state? (None), rescue child state? (None), always child state? (None), did rescue? False, did start at task? False
2020-03-03 12:25:58,169 p=11808 u=mark n=ansible |  11808 1583234758.16994: done advancing hosts to next task
2020-03-03 12:25:58,170 p=11808 u=mark n=ansible |  11808 1583234758.17051: Loading ActionModule 'command' from /usr/lib/python3.6/site-packages/ansible/plugins/action/command.py (searched paths: /usr/share/ansible/plugins/action:/usr/lib/python3.6/site-packages/ansible/plugins/action:/usr/lib/python3.6/site-packages/ansible/plugins/action/__pycache__) (found_in_cache=False, class_only=True)
2020-03-03 12:25:58,170 p=11808 u=mark n=ansible |  11808 1583234758.17070: getting variables
2020-03-03 12:25:58,170 p=11808 u=mark n=ansible |  11808 1583234758.17081: in VariableManager get_vars()
2020-03-03 12:25:58,171 p=11808 u=mark n=ansible |  11808 1583234758.17116: Calling all_inventory to load vars for centos8
2020-03-03 12:25:58,171 p=11808 u=mark n=ansible |  11808 1583234758.17137: Calling groups_inventory to load vars for centos8
2020-03-03 12:25:58,171 p=11808 u=mark n=ansible |  11808 1583234758.17151: Calling all_plugins_inventory to load vars for centos8
2020-03-03 12:25:58,172 p=11808 u=mark n=ansible |  11808 1583234758.17274: Loading VarsModule 'host_group_vars' from /usr/lib/python3.6/site-packages/ansible/plugins/vars/host_group_vars.py
2020-03-03 12:25:58,173 p=11808 u=mark n=ansible |  11808 1583234758.17302: Calling all_plugins_play to load vars for centos8
2020-03-03 12:25:58,173 p=11808 u=mark n=ansible |  11808 1583234758.17359: Loading VarsModule 'host_group_vars' from /usr/lib/python3.6/site-packages/ansible/plugins/vars/host_group_vars.py (found_in_cache=True, class_only=False)
2020-03-03 12:25:58,173 p=11808 u=mark n=ansible |  11808 1583234758.17387: Calling groups_plugins_inventory to load vars for centos8
2020-03-03 12:25:58,174 p=11808 u=mark n=ansible |  11808 1583234758.17416: Loading VarsModule 'host_group_vars' from /usr/lib/python3.6/site-packages/ansible/plugins/vars/host_group_vars.py (found_in_cache=True, class_only=False)
2020-03-03 12:25:58,174 p=11808 u=mark n=ansible |  11808 1583234758.17445: Calling groups_plugins_play to load vars for centos8
2020-03-03 12:25:58,174 p=11808 u=mark n=ansible |  11808 1583234758.17474: Loading VarsModule 'host_group_vars' from /usr/lib/python3.6/site-packages/ansible/plugins/vars/host_group_vars.py (found_in_cache=True, class_only=False)
2020-03-03 12:25:58,175 p=11808 u=mark n=ansible |  11808 1583234758.17516: Loading VarsModule 'host_group_vars' from /usr/lib/python3.6/site-packages/ansible/plugins/vars/host_group_vars.py (found_in_cache=True, class_only=False)
2020-03-03 12:25:58,175 p=11808 u=mark n=ansible |  11808 1583234758.17559: Loading VarsModule 'host_group_vars' from /usr/lib/python3.6/site-packages/ansible/plugins/vars/host_group_vars.py (found_in_cache=True, class_only=False)
2020-03-03 12:25:58,178 p=11808 u=mark n=ansible |  11808 1583234758.17877: done with get_vars()
2020-03-03 12:25:58,179 p=11808 u=mark n=ansible |  11808 1583234758.17908: done getting variables
2020-03-03 12:25:58,179 p=11808 u=mark n=ansible |  11808 1583234758.17924: sending task start callback, copying the task so we can template it temporarily
2020-03-03 12:25:58,179 p=11808 u=mark n=ansible |  11808 1583234758.17944: done copying, going to template now
2020-03-03 12:25:58,179 p=11808 u=mark n=ansible |  11808 1583234758.17958: done templating
2020-03-03 12:25:58,179 p=11808 u=mark n=ansible |  11808 1583234758.17968: here goes the callback...
2020-03-03 12:25:58,179 p=11808 u=mark n=ansible | TASK [Run id] ***************************************************************************************
2020-03-03 12:25:58,179 p=11808 u=mark n=ansible | task path: /home/mark/git/ansible-sudo-bug/test.yml:12
2020-03-03 12:25:58,180 p=11808 u=mark n=ansible |  11808 1583234758.18003: sending task start callback
2020-03-03 12:25:58,180 p=11808 u=mark n=ansible |  11808 1583234758.18015: entering _queue_task() for centos8/command
2020-03-03 12:25:58,180 p=11808 u=mark n=ansible |  11808 1583234758.18027: Creating lock for command
2020-03-03 12:25:58,183 p=11808 u=mark n=ansible |  11808 1583234758.18271: worker is 1 (out of 5 available)
2020-03-03 12:25:58,183 p=11808 u=mark n=ansible |  11808 1583234758.18350: exiting _queue_task() for centos8/command
2020-03-03 12:25:58,184 p=11808 u=mark n=ansible |  11808 1583234758.18420: Loading ActionModule 'command' from /usr/lib/python3.6/site-packages/ansible/plugins/action/command.py (searched paths: /usr/share/ansible/plugins/action:/usr/lib/python3.6/site-packages/ansible/plugins/action:/usr/lib/python3.6/site-packages/ansible/plugins/action/__pycache__) (found_in_cache=True, class_only=True)
2020-03-03 12:25:58,184 p=11808 u=mark n=ansible |  11808 1583234758.18448: getting variables
2020-03-03 12:25:58,184 p=11808 u=mark n=ansible |  11808 1583234758.18462: in VariableManager get_vars()
2020-03-03 12:25:58,185 p=11808 u=mark n=ansible |  11808 1583234758.18515: Calling all_inventory to load vars for centos7
2020-03-03 12:25:58,185 p=11808 u=mark n=ansible |  11808 1583234758.18543: Calling groups_inventory to load vars for centos7
2020-03-03 12:25:58,185 p=11808 u=mark n=ansible |  11808 1583234758.18557: Calling all_plugins_inventory to load vars for centos7
2020-03-03 12:25:58,185 p=11815 u=mark n=ansible |  11815 1583234758.18508: running TaskExecutor() for centos8/TASK: Run id
2020-03-03 12:25:58,186 p=11808 u=mark n=ansible |  11808 1583234758.18599: Loading VarsModule 'host_group_vars' from /usr/lib/python3.6/site-packages/ansible/plugins/vars/host_group_vars.py (found_in_cache=True, class_only=False)
2020-03-03 12:25:58,186 p=11808 u=mark n=ansible |  11808 1583234758.18626: Calling all_plugins_play to load vars for centos7
2020-03-03 12:25:58,186 p=11808 u=mark n=ansible |  11808 1583234758.18658: Loading VarsModule 'host_group_vars' from /usr/lib/python3.6/site-packages/ansible/plugins/vars/host_group_vars.py (found_in_cache=True, class_only=False)
2020-03-03 12:25:58,186 p=11808 u=mark n=ansible |  11808 1583234758.18682: Calling groups_plugins_inventory to load vars for centos7
2020-03-03 12:25:58,187 p=11815 u=mark n=ansible |  11815 1583234758.18679: in run() - task 525400b2-cc5b-c90d-fc3f-00000000000e
2020-03-03 12:25:58,187 p=11808 u=mark n=ansible |  11808 1583234758.18715: Loading VarsModule 'host_group_vars' from /usr/lib/python3.6/site-packages/ansible/plugins/vars/host_group_vars.py (found_in_cache=True, class_only=False)
2020-03-03 12:25:58,187 p=11808 u=mark n=ansible |  11808 1583234758.18738: Calling groups_plugins_play to load vars for centos7
2020-03-03 12:25:58,187 p=11808 u=mark n=ansible |  11808 1583234758.18761: Loading VarsModule 'host_group_vars' from /usr/lib/python3.6/site-packages/ansible/plugins/vars/host_group_vars.py (found_in_cache=True, class_only=False)
2020-03-03 12:25:58,187 p=11808 u=mark n=ansible |  11808 1583234758.18792: Loading VarsModule 'host_group_vars' from /usr/lib/python3.6/site-packages/ansible/plugins/vars/host_group_vars.py (found_in_cache=True, class_only=False)
2020-03-03 12:25:58,187 p=11815 u=mark n=ansible |  11815 1583234758.18776: calling self._execute()
2020-03-03 12:25:58,188 p=11808 u=mark n=ansible |  11808 1583234758.18821: Loading VarsModule 'host_group_vars' from /usr/lib/python3.6/site-packages/ansible/plugins/vars/host_group_vars.py (found_in_cache=True, class_only=False)
2020-03-03 12:25:58,189 p=11808 u=mark n=ansible |  11808 1583234758.18926: done with get_vars()
2020-03-03 12:25:58,189 p=11808 u=mark n=ansible |  11808 1583234758.18958: done getting variables
2020-03-03 12:25:58,189 p=11808 u=mark n=ansible |  11808 1583234758.18976: entering _queue_task() for centos7/command
2020-03-03 12:25:58,191 p=11808 u=mark n=ansible |  11808 1583234758.19143: worker is 2 (out of 5 available)
2020-03-03 12:25:58,192 p=11808 u=mark n=ansible |  11808 1583234758.19203: exiting _queue_task() for centos7/command
2020-03-03 12:25:58,192 p=11815 u=mark n=ansible |  11815 1583234758.19228: trying /usr/share/ansible/plugins/connection
2020-03-03 12:25:58,192 p=11808 u=mark n=ansible |  11808 1583234758.19272: Loading ActionModule 'command' from /usr/lib/python3.6/site-packages/ansible/plugins/action/command.py (searched paths: /usr/share/ansible/plugins/action:/usr/lib/python3.6/site-packages/ansible/plugins/action:/usr/lib/python3.6/site-packages/ansible/plugins/action/__pycache__) (found_in_cache=True, class_only=True)
2020-03-03 12:25:58,192 p=11808 u=mark n=ansible |  11808 1583234758.19291: getting variables
2020-03-03 12:25:58,192 p=11815 u=mark n=ansible |  11815 1583234758.19277: trying /usr/lib/python3.6/site-packages/ansible/plugins/connection
2020-03-03 12:25:58,193 p=11808 u=mark n=ansible |  11808 1583234758.19302: in VariableManager get_vars()
2020-03-03 12:25:58,193 p=11808 u=mark n=ansible |  11808 1583234758.19370: Calling all_inventory to load vars for rhel8
2020-03-03 12:25:58,193 p=11808 u=mark n=ansible |  11808 1583234758.19392: Calling groups_inventory to load vars for rhel8
2020-03-03 12:25:58,194 p=11808 u=mark n=ansible |  11808 1583234758.19406: Calling all_plugins_inventory to load vars for rhel8
2020-03-03 12:25:58,194 p=11808 u=mark n=ansible |  11808 1583234758.19451: Loading VarsModule 'host_group_vars' from /usr/lib/python3.6/site-packages/ansible/plugins/vars/host_group_vars.py (found_in_cache=True, class_only=False)
2020-03-03 12:25:58,194 p=11808 u=mark n=ansible |  11808 1583234758.19477: Calling all_plugins_play to load vars for rhel8
2020-03-03 12:25:58,194 p=11815 u=mark n=ansible |  11815 1583234758.19463: Loading Connection 'ssh' from /usr/lib/python3.6/site-packages/ansible/plugins/connection/ssh.py (searched paths: /usr/share/ansible/plugins/connection:/usr/lib/python3.6/site-packages/ansible/plugins/connection) (found_in_cache=True, class_only=False)
2020-03-03 12:25:58,195 p=11808 u=mark n=ansible |  11808 1583234758.19501: Loading VarsModule 'host_group_vars' from /usr/lib/python3.6/site-packages/ansible/plugins/vars/host_group_vars.py (found_in_cache=True, class_only=False)
2020-03-03 12:25:58,195 p=11808 u=mark n=ansible |  11808 1583234758.19518: Calling groups_plugins_inventory to load vars for rhel8
2020-03-03 12:25:58,195 p=11815 u=mark n=ansible |  11815 1583234758.19515: trying /usr/lib/python3.6/site-packages/ansible/plugins/shell
2020-03-03 12:25:58,195 p=11808 u=mark n=ansible |  11808 1583234758.19549: Loading VarsModule 'host_group_vars' from /usr/lib/python3.6/site-packages/ansible/plugins/vars/host_group_vars.py (found_in_cache=True, class_only=False)
2020-03-03 12:25:58,195 p=11808 u=mark n=ansible |  11808 1583234758.19566: Calling groups_plugins_play to load vars for rhel8
2020-03-03 12:25:58,195 p=11808 u=mark n=ansible |  11808 1583234758.19587: Loading VarsModule 'host_group_vars' from /usr/lib/python3.6/site-packages/ansible/plugins/vars/host_group_vars.py (found_in_cache=True, class_only=False)
2020-03-03 12:25:58,195 p=11815 u=mark n=ansible |  11815 1583234758.19575: Loading ShellModule 'sh' from /usr/lib/python3.6/site-packages/ansible/plugins/shell/sh.py (found_in_cache=True, class_only=False)
2020-03-03 12:25:58,196 p=11808 u=mark n=ansible |  11808 1583234758.19618: Loading VarsModule 'host_group_vars' from /usr/lib/python3.6/site-packages/ansible/plugins/vars/host_group_vars.py (found_in_cache=True, class_only=False)
2020-03-03 12:25:58,196 p=11815 u=mark n=ansible |  11815 1583234758.19607: Loading ShellModule 'sh' from /usr/lib/python3.6/site-packages/ansible/plugins/shell/sh.py (found_in_cache=True, class_only=False)
2020-03-03 12:25:58,196 p=11808 u=mark n=ansible |  11808 1583234758.19653: Loading VarsModule 'host_group_vars' from /usr/lib/python3.6/site-packages/ansible/plugins/vars/host_group_vars.py (found_in_cache=True, class_only=False)
2020-03-03 12:25:58,196 p=11815 u=mark n=ansible |  11815 1583234758.19649: trying /usr/share/ansible/plugins/become
2020-03-03 12:25:58,196 p=11815 u=mark n=ansible |  11815 1583234758.19675: trying /usr/lib/python3.6/site-packages/ansible/plugins/become
2020-03-03 12:25:58,197 p=11815 u=mark n=ansible |  11815 1583234758.19750: Loading BecomeModule 'sudo' from /usr/lib/python3.6/site-packages/ansible/plugins/become/sudo.py (searched paths: /usr/share/ansible/plugins/become:/usr/lib/python3.6/site-packages/ansible/plugins/become) (found_in_cache=True, class_only=False)
2020-03-03 12:25:58,198 p=11816 u=mark n=ansible |  11816 1583234758.19881: running TaskExecutor() for centos7/TASK: Run id
2020-03-03 12:25:58,199 p=11816 u=mark n=ansible |  11816 1583234758.19950: in run() - task 525400b2-cc5b-c90d-fc3f-00000000000e
2020-03-03 12:25:58,199 p=11816 u=mark n=ansible |  11816 1583234758.19987: calling self._execute()
2020-03-03 12:25:58,200 p=11815 u=mark n=ansible |  11815 1583234758.20077: Loading ActionModule 'command' from /usr/lib/python3.6/site-packages/ansible/plugins/action/command.py (searched paths: /usr/share/ansible/plugins/action:/usr/lib/python3.6/site-packages/ansible/plugins/action:/usr/lib/python3.6/site-packages/ansible/plugins/action/__pycache__) (found_in_cache=True, class_only=False)
2020-03-03 12:25:58,201 p=11815 u=mark n=ansible |  11815 1583234758.20119: starting attempt loop
2020-03-03 12:25:58,201 p=11815 u=mark n=ansible |  11815 1583234758.20149: running the handler
2020-03-03 12:25:58,201 p=11816 u=mark n=ansible |  11816 1583234758.20186: trying /usr/share/ansible/plugins/connection
2020-03-03 12:25:58,202 p=11815 u=mark n=ansible |  11815 1583234758.20189: _low_level_execute_command(): starting
2020-03-03 12:25:58,202 p=11816 u=mark n=ansible |  11816 1583234758.20206: trying /usr/lib/python3.6/site-packages/ansible/plugins/connection
2020-03-03 12:25:58,202 p=11815 u=mark n=ansible |  11815 1583234758.20216: _low_level_execute_command(): executing: /bin/sh -c 'echo ~sudoall && sleep 0'
2020-03-03 12:25:58,202 p=11815 u=mark n=ansible | <centos8> ESTABLISH SSH CONNECTION FOR USER: sudoall
2020-03-03 12:25:58,202 p=11816 u=mark n=ansible |  11816 1583234758.20263: Loading Connection 'ssh' from /usr/lib/python3.6/site-packages/ansible/plugins/connection/ssh.py (searched paths: /usr/share/ansible/plugins/connection:/usr/lib/python3.6/site-packages/ansible/plugins/connection) (found_in_cache=True, class_only=False)
2020-03-03 12:25:58,202 p=11816 u=mark n=ansible |  11816 1583234758.20284: trying /usr/lib/python3.6/site-packages/ansible/plugins/shell
2020-03-03 12:25:58,203 p=11816 u=mark n=ansible |  11816 1583234758.20305: Loading ShellModule 'sh' from /usr/lib/python3.6/site-packages/ansible/plugins/shell/sh.py (found_in_cache=True, class_only=False)
2020-03-03 12:25:58,203 p=11816 u=mark n=ansible |  11816 1583234758.20319: Loading ShellModule 'sh' from /usr/lib/python3.6/site-packages/ansible/plugins/shell/sh.py (found_in_cache=True, class_only=False)
2020-03-03 12:25:58,203 p=11816 u=mark n=ansible |  11816 1583234758.20339: trying /usr/share/ansible/plugins/become
2020-03-03 12:25:58,203 p=11816 u=mark n=ansible |  11816 1583234758.20351: trying /usr/lib/python3.6/site-packages/ansible/plugins/become
2020-03-03 12:25:58,203 p=11816 u=mark n=ansible |  11816 1583234758.20380: Loading BecomeModule 'sudo' from /usr/lib/python3.6/site-packages/ansible/plugins/become/sudo.py (searched paths: /usr/share/ansible/plugins/become:/usr/lib/python3.6/site-packages/ansible/plugins/become) (found_in_cache=True, class_only=False)
2020-03-03 12:25:58,204 p=11808 u=mark n=ansible |  11808 1583234758.20458: done with get_vars()
2020-03-03 12:25:58,204 p=11815 u=mark n=ansible | <centos8> SSH: EXEC ssh -vvv -C -o ControlMaster=auto -o ControlPersist=60s -o StrictHostKeyChecking=no -o KbdInteractiveAuthentication=no -o PreferredAuthentications=gssapi-with-mic,gssapi-keyex,hostbased,publickey -o PasswordAuthentication=no -o 'User="sudoall"' -o ConnectTimeout=10 -o ControlPath=/home/mark/.ansible/cp/63fb7345ee centos8 '/bin/sh -c '"'"'echo ~sudoall && sleep 0'"'"''
2020-03-03 12:25:58,204 p=11808 u=mark n=ansible |  11808 1583234758.20487: done getting variables
2020-03-03 12:25:58,205 p=11808 u=mark n=ansible |  11808 1583234758.20506: entering _queue_task() for rhel8/command
2020-03-03 12:25:58,207 p=11808 u=mark n=ansible |  11808 1583234758.20681: worker is 3 (out of 5 available)
2020-03-03 12:25:58,207 p=11808 u=mark n=ansible |  11808 1583234758.20747: exiting _queue_task() for rhel8/command
2020-03-03 12:25:58,208 p=11808 u=mark n=ansible |  11808 1583234758.20806: Loading ActionModule 'command' from /usr/lib/python3.6/site-packages/ansible/plugins/action/command.py (searched paths: /usr/share/ansible/plugins/action:/usr/lib/python3.6/site-packages/ansible/plugins/action:/usr/lib/python3.6/site-packages/ansible/plugins/action/__pycache__) (found_in_cache=True, class_only=True)
2020-03-03 12:25:58,208 p=11808 u=mark n=ansible |  11808 1583234758.20820: getting variables
2020-03-03 12:25:58,208 p=11808 u=mark n=ansible |  11808 1583234758.20833: in VariableManager get_vars()
2020-03-03 12:25:58,208 p=11816 u=mark n=ansible |  11816 1583234758.20841: Loading ActionModule 'command' from /usr/lib/python3.6/site-packages/ansible/plugins/action/command.py (searched paths: /usr/share/ansible/plugins/action:/usr/lib/python3.6/site-packages/ansible/plugins/action:/usr/lib/python3.6/site-packages/ansible/plugins/action/__pycache__) (found_in_cache=True, class_only=False)
2020-03-03 12:25:58,208 p=11808 u=mark n=ansible |  11808 1583234758.20880: Calling all_inventory to load vars for fedora31
2020-03-03 12:25:58,208 p=11816 u=mark n=ansible |  11816 1583234758.20882: starting attempt loop
2020-03-03 12:25:58,208 p=11808 u=mark n=ansible |  11808 1583234758.20894: Calling groups_inventory to load vars for fedora31
2020-03-03 12:25:58,209 p=11808 u=mark n=ansible |  11808 1583234758.20905: Calling all_plugins_inventory to load vars for fedora31
2020-03-03 12:25:58,209 p=11816 u=mark n=ansible |  11816 1583234758.20904: running the handler
2020-03-03 12:25:58,209 p=11808 u=mark n=ansible |  11808 1583234758.20949: Loading VarsModule 'host_group_vars' from /usr/lib/python3.6/site-packages/ansible/plugins/vars/host_group_vars.py (found_in_cache=True, class_only=False)
2020-03-03 12:25:58,209 p=11816 u=mark n=ansible |  11816 1583234758.20953: _low_level_execute_command(): starting
2020-03-03 12:25:58,209 p=11808 u=mark n=ansible |  11808 1583234758.20972: Calling all_plugins_play to load vars for fedora31
2020-03-03 12:25:58,209 p=11816 u=mark n=ansible |  11816 1583234758.20981: _low_level_execute_command(): executing: /bin/sh -c 'echo ~sudoall && sleep 0'
2020-03-03 12:25:58,209 p=11808 u=mark n=ansible |  11808 1583234758.20994: Loading VarsModule 'host_group_vars' from /usr/lib/python3.6/site-packages/ansible/plugins/vars/host_group_vars.py (found_in_cache=True, class_only=False)
2020-03-03 12:25:58,210 p=11808 u=mark n=ansible |  11808 1583234758.21011: Calling groups_plugins_inventory to load vars for fedora31
2020-03-03 12:25:58,210 p=11816 u=mark n=ansible | <centos7> ESTABLISH SSH CONNECTION FOR USER: sudoall
2020-03-03 12:25:58,210 p=11808 u=mark n=ansible |  11808 1583234758.21038: Loading VarsModule 'host_group_vars' from /usr/lib/python3.6/site-packages/ansible/plugins/vars/host_group_vars.py (found_in_cache=True, class_only=False)
2020-03-03 12:25:58,210 p=11808 u=mark n=ansible |  11808 1583234758.21055: Calling groups_plugins_play to load vars for fedora31
2020-03-03 12:25:58,210 p=11808 u=mark n=ansible |  11808 1583234758.21076: Loading VarsModule 'host_group_vars' from /usr/lib/python3.6/site-packages/ansible/plugins/vars/host_group_vars.py (found_in_cache=True, class_only=False)
2020-03-03 12:25:58,211 p=11808 u=mark n=ansible |  11808 1583234758.21107: Loading VarsModule 'host_group_vars' from /usr/lib/python3.6/site-packages/ansible/plugins/vars/host_group_vars.py (found_in_cache=True, class_only=False)
2020-03-03 12:25:58,211 p=11808 u=mark n=ansible |  11808 1583234758.21142: Loading VarsModule 'host_group_vars' from /usr/lib/python3.6/site-packages/ansible/plugins/vars/host_group_vars.py (found_in_cache=True, class_only=False)
2020-03-03 12:25:58,211 p=11816 u=mark n=ansible | <centos7> SSH: EXEC ssh -vvv -C -o ControlMaster=auto -o ControlPersist=60s -o StrictHostKeyChecking=no -o KbdInteractiveAuthentication=no -o PreferredAuthentications=gssapi-with-mic,gssapi-keyex,hostbased,publickey -o PasswordAuthentication=no -o 'User="sudoall"' -o ConnectTimeout=10 -o ControlPath=/home/mark/.ansible/cp/25a6c0e9bc centos7 '/bin/sh -c '"'"'echo ~sudoall && sleep 0'"'"''
2020-03-03 12:25:58,212 p=11808 u=mark n=ansible |  11808 1583234758.21244: done with get_vars()
2020-03-03 12:25:58,212 p=11808 u=mark n=ansible |  11808 1583234758.21267: done getting variables
2020-03-03 12:25:58,212 p=11808 u=mark n=ansible |  11808 1583234758.21281: entering _queue_task() for fedora31/command
2020-03-03 12:25:58,214 p=11808 u=mark n=ansible |  11808 1583234758.21463: worker is 4 (out of 5 available)
2020-03-03 12:25:58,215 p=11808 u=mark n=ansible |  11808 1583234758.21523: exiting _queue_task() for fedora31/command
2020-03-03 12:25:58,216 p=11808 u=mark n=ansible |  11808 1583234758.21615: Loading ActionModule 'command' from /usr/lib/python3.6/site-packages/ansible/plugins/action/command.py (searched paths: /usr/share/ansible/plugins/action:/usr/lib/python3.6/site-packages/ansible/plugins/action:/usr/lib/python3.6/site-packages/ansible/plugins/action/__pycache__) (found_in_cache=True, class_only=True)
2020-03-03 12:25:58,216 p=11808 u=mark n=ansible |  11808 1583234758.21649: getting variables
2020-03-03 12:25:58,216 p=11808 u=mark n=ansible |  11808 1583234758.21668: in VariableManager get_vars()
2020-03-03 12:25:58,217 p=11808 u=mark n=ansible |  11808 1583234758.21713: Calling all_inventory to load vars for debian
2020-03-03 12:25:58,217 p=11808 u=mark n=ansible |  11808 1583234758.21731: Calling groups_inventory to load vars for debian
2020-03-03 12:25:58,217 p=11808 u=mark n=ansible |  11808 1583234758.21746: Calling all_plugins_inventory to load vars for debian
2020-03-03 12:25:58,217 p=11808 u=mark n=ansible |  11808 1583234758.21781: Loading VarsModule 'host_group_vars' from /usr/lib/python3.6/site-packages/ansible/plugins/vars/host_group_vars.py (found_in_cache=True, class_only=False)
2020-03-03 12:25:58,218 p=11808 u=mark n=ansible |  11808 1583234758.21802: Calling all_plugins_play to load vars for debian
2020-03-03 12:25:58,218 p=11808 u=mark n=ansible |  11808 1583234758.21824: Loading VarsModule 'host_group_vars' from /usr/lib/python3.6/site-packages/ansible/plugins/vars/host_group_vars.py (found_in_cache=True, class_only=False)
2020-03-03 12:25:58,218 p=11808 u=mark n=ansible |  11808 1583234758.21847: Calling groups_plugins_inventory to load vars for debian
2020-03-03 12:25:58,218 p=11808 u=mark n=ansible |  11808 1583234758.21878: Loading VarsModule 'host_group_vars' from /usr/lib/python3.6/site-packages/ansible/plugins/vars/host_group_vars.py (found_in_cache=True, class_only=False)
2020-03-03 12:25:58,218 p=11808 u=mark n=ansible |  11808 1583234758.21895: Calling groups_plugins_play to load vars for debian
2020-03-03 12:25:58,218 p=11817 u=mark n=ansible |  11817 1583234758.21864: running TaskExecutor() for rhel8/TASK: Run id
2020-03-03 12:25:58,219 p=11808 u=mark n=ansible |  11808 1583234758.21917: Loading VarsModule 'host_group_vars' from /usr/lib/python3.6/site-packages/ansible/plugins/vars/host_group_vars.py (found_in_cache=True, class_only=False)
2020-03-03 12:25:58,219 p=11808 u=mark n=ansible |  11808 1583234758.21954: Loading VarsModule 'host_group_vars' from /usr/lib/python3.6/site-packages/ansible/plugins/vars/host_group_vars.py (found_in_cache=True, class_only=False)
2020-03-03 12:25:58,219 p=11808 u=mark n=ansible |  11808 1583234758.21991: Loading VarsModule 'host_group_vars' from /usr/lib/python3.6/site-packages/ansible/plugins/vars/host_group_vars.py (found_in_cache=True, class_only=False)
2020-03-03 12:25:58,220 p=11817 u=mark n=ansible |  11817 1583234758.21993: in run() - task 525400b2-cc5b-c90d-fc3f-00000000000e
2020-03-03 12:25:58,221 p=11817 u=mark n=ansible |  11817 1583234758.22088: calling self._execute()
2020-03-03 12:25:58,221 p=11808 u=mark n=ansible |  11808 1583234758.22101: done with get_vars()
2020-03-03 12:25:58,221 p=11808 u=mark n=ansible |  11808 1583234758.22134: done getting variables
2020-03-03 12:25:58,221 p=11808 u=mark n=ansible |  11808 1583234758.22151: entering _queue_task() for debian/command
2020-03-03 12:25:58,223 p=11808 u=mark n=ansible |  11808 1583234758.22325: worker is 5 (out of 5 available)
2020-03-03 12:25:58,224 p=11808 u=mark n=ansible |  11808 1583234758.22394: exiting _queue_task() for debian/command
2020-03-03 12:25:58,224 p=11808 u=mark n=ansible |  11808 1583234758.22459: Loading ActionModule 'command' from /usr/lib/python3.6/site-packages/ansible/plugins/action/command.py (searched paths: /usr/share/ansible/plugins/action:/usr/lib/python3.6/site-packages/ansible/plugins/action:/usr/lib/python3.6/site-packages/ansible/plugins/action/__pycache__) (found_in_cache=True, class_only=True)
2020-03-03 12:25:58,224 p=11808 u=mark n=ansible |  11808 1583234758.22476: getting variables
2020-03-03 12:25:58,224 p=11808 u=mark n=ansible |  11808 1583234758.22487: in VariableManager get_vars()
2020-03-03 12:25:58,225 p=11808 u=mark n=ansible |  11808 1583234758.22532: Calling all_inventory to load vars for ubuntu16-04
2020-03-03 12:25:58,225 p=11808 u=mark n=ansible |  11808 1583234758.22552: Calling groups_inventory to load vars for ubuntu16-04
2020-03-03 12:25:58,225 p=11808 u=mark n=ansible |  11808 1583234758.22563: Calling all_plugins_inventory to load vars for ubuntu16-04
2020-03-03 12:25:58,225 p=11817 u=mark n=ansible |  11817 1583234758.22533: trying /usr/share/ansible/plugins/connection
2020-03-03 12:25:58,226 p=11808 u=mark n=ansible |  11808 1583234758.22598: Loading VarsModule 'host_group_vars' from /usr/lib/python3.6/site-packages/ansible/plugins/vars/host_group_vars.py (found_in_cache=True, class_only=False)
2020-03-03 12:25:58,226 p=11808 u=mark n=ansible |  11808 1583234758.22623: Calling all_plugins_play to load vars for ubuntu16-04
2020-03-03 12:25:58,226 p=11808 u=mark n=ansible |  11808 1583234758.22658: Loading VarsModule 'host_group_vars' from /usr/lib/python3.6/site-packages/ansible/plugins/vars/host_group_vars.py (found_in_cache=True, class_only=False)
2020-03-03 12:25:58,226 p=11808 u=mark n=ansible |  11808 1583234758.22684: Calling groups_plugins_inventory to load vars for ubuntu16-04
2020-03-03 12:25:58,227 p=11808 u=mark n=ansible |  11808 1583234758.22715: Loading VarsModule 'host_group_vars' from /usr/lib/python3.6/site-packages/ansible/plugins/vars/host_group_vars.py (found_in_cache=True, class_only=False)
2020-03-03 12:25:58,229 p=11818 u=mark n=ansible |  11818 1583234758.22909: running TaskExecutor() for fedora31/TASK: Run id
2020-03-03 12:25:58,229 p=11818 u=mark n=ansible |  11818 1583234758.22984: in run() - task 525400b2-cc5b-c90d-fc3f-00000000000e
2020-03-03 12:25:58,226 p=11817 u=mark n=ansible |  11817 1583234758.22613: trying /usr/lib/python3.6/site-packages/ansible/plugins/connection
2020-03-03 12:25:58,230 p=11818 u=mark n=ansible |  11818 1583234758.23019: calling self._execute()
2020-03-03 12:25:58,231 p=11817 u=mark n=ansible |  11817 1583234758.23145: Loading Connection 'ssh' from /usr/lib/python3.6/site-packages/ansible/plugins/connection/ssh.py (searched paths: /usr/share/ansible/plugins/connection:/usr/lib/python3.6/site-packages/ansible/plugins/connection) (found_in_cache=True, class_only=False)
2020-03-03 12:25:58,232 p=11817 u=mark n=ansible |  11817 1583234758.23199: trying /usr/lib/python3.6/site-packages/ansible/plugins/shell
2020-03-03 12:25:58,232 p=11818 u=mark n=ansible |  11818 1583234758.23221: trying /usr/share/ansible/plugins/connection
2020-03-03 12:25:58,232 p=11818 u=mark n=ansible |  11818 1583234758.23244: trying /usr/lib/python3.6/site-packages/ansible/plugins/connection
2020-03-03 12:25:58,232 p=11817 u=mark n=ansible |  11817 1583234758.23254: Loading ShellModule 'sh' from /usr/lib/python3.6/site-packages/ansible/plugins/shell/sh.py (found_in_cache=True, class_only=False)
2020-03-03 12:25:58,232 p=11817 u=mark n=ansible |  11817 1583234758.23287: Loading ShellModule 'sh' from /usr/lib/python3.6/site-packages/ansible/plugins/shell/sh.py (found_in_cache=True, class_only=False)
2020-03-03 12:25:58,233 p=11818 u=mark n=ansible |  11818 1583234758.23296: Loading Connection 'ssh' from /usr/lib/python3.6/site-packages/ansible/plugins/connection/ssh.py (searched paths: /usr/share/ansible/plugins/connection:/usr/lib/python3.6/site-packages/ansible/plugins/connection) (found_in_cache=True, class_only=False)
2020-03-03 12:25:58,233 p=11818 u=mark n=ansible |  11818 1583234758.23316: trying /usr/lib/python3.6/site-packages/ansible/plugins/shell
2020-03-03 12:25:58,233 p=11817 u=mark n=ansible |  11817 1583234758.23322: trying /usr/share/ansible/plugins/become
2020-03-03 12:25:58,233 p=11818 u=mark n=ansible |  11818 1583234758.23342: Loading ShellModule 'sh' from /usr/lib/python3.6/site-packages/ansible/plugins/shell/sh.py (found_in_cache=True, class_only=False)
2020-03-03 12:25:58,233 p=11818 u=mark n=ansible |  11818 1583234758.23355: Loading ShellModule 'sh' from /usr/lib/python3.6/site-packages/ansible/plugins/shell/sh.py (found_in_cache=True, class_only=False)
2020-03-03 12:25:58,233 p=11817 u=mark n=ansible |  11817 1583234758.23356: trying /usr/lib/python3.6/site-packages/ansible/plugins/become
2020-03-03 12:25:58,233 p=11818 u=mark n=ansible |  11818 1583234758.23370: trying /usr/share/ansible/plugins/become
2020-03-03 12:25:58,233 p=11818 u=mark n=ansible |  11818 1583234758.23380: trying /usr/lib/python3.6/site-packages/ansible/plugins/become
2020-03-03 12:25:58,234 p=11818 u=mark n=ansible |  11818 1583234758.23409: Loading BecomeModule 'sudo' from /usr/lib/python3.6/site-packages/ansible/plugins/become/sudo.py (searched paths: /usr/share/ansible/plugins/become:/usr/lib/python3.6/site-packages/ansible/plugins/become) (found_in_cache=True, class_only=False)
2020-03-03 12:25:58,234 p=11817 u=mark n=ansible |  11817 1583234758.23425: Loading BecomeModule 'sudo' from /usr/lib/python3.6/site-packages/ansible/plugins/become/sudo.py (searched paths: /usr/share/ansible/plugins/become:/usr/lib/python3.6/site-packages/ansible/plugins/become) (found_in_cache=True, class_only=False)
2020-03-03 12:25:58,235 p=11818 u=mark n=ansible |  11818 1583234758.23561: Loading ActionModule 'command' from /usr/lib/python3.6/site-packages/ansible/plugins/action/command.py (searched paths: /usr/share/ansible/plugins/action:/usr/lib/python3.6/site-packages/ansible/plugins/action:/usr/lib/python3.6/site-packages/ansible/plugins/action/__pycache__) (found_in_cache=True, class_only=False)
2020-03-03 12:25:58,235 p=11818 u=mark n=ansible |  11818 1583234758.23586: starting attempt loop
2020-03-03 12:25:58,235 p=11818 u=mark n=ansible |  11818 1583234758.23595: running the handler
2020-03-03 12:25:58,236 p=11818 u=mark n=ansible |  11818 1583234758.23614: _low_level_execute_command(): starting
2020-03-03 12:25:58,236 p=11818 u=mark n=ansible |  11818 1583234758.23625: _low_level_execute_command(): executing: /bin/sh -c 'echo ~sudoall && sleep 0'
2020-03-03 12:25:58,236 p=11818 u=mark n=ansible | <fedora31> ESTABLISH SSH CONNECTION FOR USER: sudoall
2020-03-03 12:25:58,237 p=11818 u=mark n=ansible | <fedora31> SSH: EXEC ssh -vvv -C -o ControlMaster=auto -o ControlPersist=60s -o StrictHostKeyChecking=no -o KbdInteractiveAuthentication=no -o PreferredAuthentications=gssapi-with-mic,gssapi-keyex,hostbased,publickey -o PasswordAuthentication=no -o 'User="sudoall"' -o ConnectTimeout=10 -o ControlPath=/home/mark/.ansible/cp/8ab42c853a fedora31 '/bin/sh -c '"'"'echo ~sudoall && sleep 0'"'"''
2020-03-03 12:25:58,237 p=11817 u=mark n=ansible |  11817 1583234758.23758: Loading ActionModule 'command' from /usr/lib/python3.6/site-packages/ansible/plugins/action/command.py (searched paths: /usr/share/ansible/plugins/action:/usr/lib/python3.6/site-packages/ansible/plugins/action:/usr/lib/python3.6/site-packages/ansible/plugins/action/__pycache__) (found_in_cache=True, class_only=False)
2020-03-03 12:25:58,238 p=11817 u=mark n=ansible |  11817 1583234758.23799: starting attempt loop
2020-03-03 12:25:58,238 p=11817 u=mark n=ansible |  11817 1583234758.23821: running the handler
2020-03-03 12:25:58,238 p=11808 u=mark n=ansible |  11808 1583234758.23861: Calling groups_plugins_play to load vars for ubuntu16-04
2020-03-03 12:25:58,238 p=11817 u=mark n=ansible |  11817 1583234758.23869: _low_level_execute_command(): starting
2020-03-03 12:25:58,238 p=11808 u=mark n=ansible |  11808 1583234758.23895: Loading VarsModule 'host_group_vars' from /usr/lib/python3.6/site-packages/ansible/plugins/vars/host_group_vars.py (found_in_cache=True, class_only=False)
2020-03-03 12:25:58,239 p=11817 u=mark n=ansible |  11817 1583234758.23896: _low_level_execute_command(): executing: /bin/sh -c 'echo ~sudoall && sleep 0'
2020-03-03 12:25:58,239 p=11808 u=mark n=ansible |  11808 1583234758.23932: Loading VarsModule 'host_group_vars' from /usr/lib/python3.6/site-packages/ansible/plugins/vars/host_group_vars.py (found_in_cache=True, class_only=False)
2020-03-03 12:25:58,239 p=11817 u=mark n=ansible | <rhel8> ESTABLISH SSH CONNECTION FOR USER: sudoall
2020-03-03 12:25:58,239 p=11808 u=mark n=ansible |  11808 1583234758.23965: Loading VarsModule 'host_group_vars' from /usr/lib/python3.6/site-packages/ansible/plugins/vars/host_group_vars.py (found_in_cache=True, class_only=False)
2020-03-03 12:25:58,240 p=11808 u=mark n=ansible |  11808 1583234758.24067: done with get_vars()
2020-03-03 12:25:58,241 p=11808 u=mark n=ansible |  11808 1583234758.24099: done getting variables
2020-03-03 12:25:58,241 p=11808 u=mark n=ansible |  11808 1583234758.24118: entering _queue_task() for ubuntu16-04/command
2020-03-03 12:25:58,243 p=11820 u=mark n=ansible |  11820 1583234758.24303: running TaskExecutor() for debian/TASK: Run id
2020-03-03 12:25:58,243 p=11820 u=mark n=ansible |  11820 1583234758.24371: in run() - task 525400b2-cc5b-c90d-fc3f-00000000000e
2020-03-03 12:25:58,244 p=11820 u=mark n=ansible |  11820 1583234758.24409: calling self._execute()
2020-03-03 12:25:58,246 p=11820 u=mark n=ansible |  11820 1583234758.24606: trying /usr/share/ansible/plugins/connection
2020-03-03 12:25:58,246 p=11820 u=mark n=ansible |  11820 1583234758.24626: trying /usr/lib/python3.6/site-packages/ansible/plugins/connection
2020-03-03 12:25:58,246 p=11820 u=mark n=ansible |  11820 1583234758.24684: Loading Connection 'ssh' from /usr/lib/python3.6/site-packages/ansible/plugins/connection/ssh.py (searched paths: /usr/share/ansible/plugins/connection:/usr/lib/python3.6/site-packages/ansible/plugins/connection) (found_in_cache=True, class_only=False)
2020-03-03 12:25:58,247 p=11820 u=mark n=ansible |  11820 1583234758.24704: trying /usr/lib/python3.6/site-packages/ansible/plugins/shell
2020-03-03 12:25:58,247 p=11820 u=mark n=ansible |  11820 1583234758.24724: Loading ShellModule 'sh' from /usr/lib/python3.6/site-packages/ansible/plugins/shell/sh.py (found_in_cache=True, class_only=False)
2020-03-03 12:25:58,247 p=11820 u=mark n=ansible |  11820 1583234758.24743: Loading ShellModule 'sh' from /usr/lib/python3.6/site-packages/ansible/plugins/shell/sh.py (found_in_cache=True, class_only=False)
2020-03-03 12:25:58,247 p=11820 u=mark n=ansible |  11820 1583234758.24758: trying /usr/share/ansible/plugins/become
2020-03-03 12:25:58,247 p=11820 u=mark n=ansible |  11820 1583234758.24769: trying /usr/lib/python3.6/site-packages/ansible/plugins/become
2020-03-03 12:25:58,248 p=11820 u=mark n=ansible |  11820 1583234758.24798: Loading BecomeModule 'sudo' from /usr/lib/python3.6/site-packages/ansible/plugins/become/sudo.py (searched paths: /usr/share/ansible/plugins/become:/usr/lib/python3.6/site-packages/ansible/plugins/become) (found_in_cache=True, class_only=False)
2020-03-03 12:25:58,249 p=11820 u=mark n=ansible |  11820 1583234758.24949: Loading ActionModule 'command' from /usr/lib/python3.6/site-packages/ansible/plugins/action/command.py (searched paths: /usr/share/ansible/plugins/action:/usr/lib/python3.6/site-packages/ansible/plugins/action:/usr/lib/python3.6/site-packages/ansible/plugins/action/__pycache__) (found_in_cache=True, class_only=False)
2020-03-03 12:25:58,249 p=11820 u=mark n=ansible |  11820 1583234758.24972: starting attempt loop
2020-03-03 12:25:58,249 p=11820 u=mark n=ansible |  11820 1583234758.24982: running the handler
2020-03-03 12:25:58,250 p=11820 u=mark n=ansible |  11820 1583234758.25000: _low_level_execute_command(): starting
2020-03-03 12:25:58,250 p=11820 u=mark n=ansible |  11820 1583234758.25011: _low_level_execute_command(): executing: /bin/sh -c 'echo ~sudoall && sleep 0'
2020-03-03 12:25:58,250 p=11820 u=mark n=ansible | <debian> ESTABLISH SSH CONNECTION FOR USER: sudoall
2020-03-03 12:25:58,251 p=11820 u=mark n=ansible | <debian> SSH: EXEC ssh -vvv -C -o ControlMaster=auto -o ControlPersist=60s -o StrictHostKeyChecking=no -o KbdInteractiveAuthentication=no -o PreferredAuthentications=gssapi-with-mic,gssapi-keyex,hostbased,publickey -o PasswordAuthentication=no -o 'User="sudoall"' -o ConnectTimeout=10 -o ControlPath=/home/mark/.ansible/cp/64fc45c5ab debian '/bin/sh -c '"'"'echo ~sudoall && sleep 0'"'"''
2020-03-03 12:25:58,251 p=11815 u=mark n=ansible |  11815 1583234758.25120: stderr chunk (state=2):
>>>OpenSSH_8.0p1, OpenSSL 1.1.1c FIPS  28 May 2019
debug1: Reading configuration data /etc/ssh/ssh_config
debug3: /etc/ssh/ssh_config line 51: Including file /etc/ssh/ssh_config.d/05-redhat.conf depth 0
debug1: Reading configuration data /etc/ssh/ssh_config.d/05-redhat.conf
debug2: checking match for 'final all' host centos8 originally centos8
debug3: /etc/ssh/ssh_config.d/05-redhat.conf line 3: not matched 'final'
debug2: match not found
debug3: /etc/ssh/ssh_config.d/05-redhat.conf line 5: Including file /etc/crypto-policies/back-ends/openssh.config depth 1 (parse only)
debug1: Reading configuration data /etc/crypto-policies/back-ends/openssh.config
debug3: gss kex names ok: [gss-gex-sha1-,gss-group14-sha1-]
debug3: kex names ok: [curve25519-sha256,curve25519-sha256@libssh.org,ecdh-sha2-nistp256,ecdh-sha2-nistp384,ecdh-sha2-nistp521,diffie-hellman-group-exchange-sha256,diffie-hellman-group14-sha256,diffie-hellman-group16-sha512,diffie-hellman-group18-sha512,diffie-hellman-group-exchange-sha1,diffie-hellman-group14-sha1]
debug1: configuration requests final Match pass
debug1: re-parsing configuration
debug1: Reading configuration data /etc/ssh/ssh_config
debug3: /etc/ssh/ssh_config line 51: Including file /etc/ssh/ssh_config.d/05-redhat.conf depth 0
debug1: Reading configuration data /etc/ssh/ssh_config.d/05-redhat.conf
debug2: checking match for 'final all' host centos8 originally centos8
debug3: /etc/ssh/ssh_config.d/05-redhat.conf line 3: matched 'final'
debug2: match found
debug3: /etc/ssh/ssh_config.d/05-redhat.conf line 5: Including file /etc/crypto-policies/back-ends/openssh.config depth 1
debug1: Reading configuration data /etc/crypto-policies/back-ends/openssh.config
debug3: gss kex names ok: [gss-gex-sha1-,gss-group14-sha1-]
debug3: kex names ok: [curve25519-sha256,curve25519-sha256@libssh.org,ecdh-sha2-nistp256,ecdh-sha2-nistp384,ecdh-sha2-nistp521,diffie-hellman-group-exchange-sha256,diffie-hellman-group14-sha256,diffie-hellman-group16-sha512,diffie-hellman-group18-sha512,diffie-hellman-group-exchange-sha1,diffie-hellman-group14-sha1]
debug1: auto-mux: Trying existing master
debug1: Control socket "/home/mark/.ansible/cp/63fb7345ee" does not exist
debug2: resolving "centos8" port 22
<<<

2020-03-03 12:25:58,252 p=11815 u=mark n=ansible |  11815 1583234758.25228: stderr chunk (state=3):
>>>debug2: ssh_connect_direct
debug1: Connecting to centos8 [10.80.80.135] port 22.
debug2: fd 4 setting O_NONBLOCK
<<<

2020-03-03 12:25:58,253 p=11817 u=mark n=ansible | <rhel8> SSH: EXEC ssh -vvv -C -o ControlMaster=auto -o ControlPersist=60s -o StrictHostKeyChecking=no -o KbdInteractiveAuthentication=no -o PreferredAuthentications=gssapi-with-mic,gssapi-keyex,hostbased,publickey -o PasswordAuthentication=no -o 'User="sudoall"' -o ConnectTimeout=10 -o ControlPath=/home/mark/.ansible/cp/c773ad9e8a rhel8 '/bin/sh -c '"'"'echo ~sudoall && sleep 0'"'"''
2020-03-03 12:25:58,258 p=11816 u=mark n=ansible |  11816 1583234758.25848: stderr chunk (state=2):
>>>OpenSSH_8.0p1, OpenSSL 1.1.1c FIPS  28 May 2019
debug1: Reading configuration data /etc/ssh/ssh_config
debug3: /etc/ssh/ssh_config line 51: Including file /etc/ssh/ssh_config.d/05-redhat.conf depth 0
debug1: Reading configuration data /etc/ssh/ssh_config.d/05-redhat.conf
debug2: checking match for 'final all' host centos7 originally centos7
debug3: /etc/ssh/ssh_config.d/05-redhat.conf line 3: not matched 'final'
debug2: match not found
debug3: /etc/ssh/ssh_config.d/05-redhat.conf line 5: Including file /etc/crypto-policies/back-ends/openssh.config depth 1 (parse only)
debug1: Reading configuration data /etc/crypto-policies/back-ends/openssh.config
debug3: gss kex names ok: [gss-gex-sha1-,gss-group14-sha1-]
debug3: kex names ok: [curve25519-sha256,curve25519-sha256@libssh.org,ecdh-sha2-nistp256,ecdh-sha2-nistp384,ecdh-sha2-nistp521,diffie-hellman-group-exchange-sha256,diffie-hellman-group14-sha256,diffie-hellman-group16-sha512,diffie-hellman-group18-sha512,diffie-hellman-group-exchange-sha1,diffie-hellman-group14-sha1]
debug1: configuration requests final Match pass
debug1: re-parsing configuration
debug1: Reading configuration data /etc/ssh/ssh_config
debug3: /etc/ssh/ssh_config line 51: Including file /etc/ssh/ssh_config.d/05-redhat.conf depth 0
debug1: Reading configuration data /etc/ssh/ssh_config.d/05-redhat.conf
debug2: checking match for 'final all' host centos7 originally centos7
debug3: /etc/ssh/ssh_config.d/05-redhat.conf line 3: matched 'final'
debug2: match found
debug3: /etc/ssh/ssh_config.d/05-redhat.conf line 5: Including file /etc/crypto-policies/back-ends/openssh.config depth 1
debug1: Reading configuration data /etc/crypto-policies/back-ends/openssh.config
debug3: gss kex names ok: [gss-gex-sha1-,gss-group14-sha1-]
debug3: kex names ok: [curve25519-sha256,curve25519-sha256@libssh.org,ecdh-sha2-nistp256,ecdh-sha2-nistp384,ecdh-sha2-nistp521,diffie-hellman-group-exchange-sha256,diffie-hellman-group14-sha256,diffie-hellman-group16-sha512,diffie-hellman-group18-sha512,diffie-hellman-group-exchange-sha1,diffie-hellman-group14-sha1]
<<<

2020-03-03 12:25:58,259 p=11816 u=mark n=ansible |  11816 1583234758.25896: stderr chunk (state=3):
>>>debug1: auto-mux: Trying existing master
debug1: Control socket "/home/mark/.ansible/cp/25a6c0e9bc" does not exist
debug2: resolving "centos7" port 22
<<<

2020-03-03 12:25:58,260 p=11816 u=mark n=ansible |  11816 1583234758.25997: stderr chunk (state=3):
>>>debug2: ssh_connect_direct
debug1: Connecting to centos7 [10.80.80.122] port 22.
debug2: fd 4 setting O_NONBLOCK
<<<

2020-03-03 12:25:58,266 p=11818 u=mark n=ansible |  11818 1583234758.26648: stderr chunk (state=2):
>>>OpenSSH_8.0p1, OpenSSL 1.1.1c FIPS  28 May 2019
debug1: Reading configuration data /etc/ssh/ssh_config
debug3: /etc/ssh/ssh_config line 51: Including file /etc/ssh/ssh_config.d/05-redhat.conf depth 0
debug1: Reading configuration data /etc/ssh/ssh_config.d/05-redhat.conf
debug2: checking match for 'final all' host fedora31 originally fedora31
debug3: /etc/ssh/ssh_config.d/05-redhat.conf line 3: not matched 'final'
debug2: match not found
debug3: /etc/ssh/ssh_config.d/05-redhat.conf line 5: Including file /etc/crypto-policies/back-ends/openssh.config depth 1 (parse only)
debug1: Reading configuration data /etc/crypto-policies/back-ends/openssh.config
debug3: gss kex names ok: [gss-gex-sha1-,gss-group14-sha1-]
debug3: kex names ok: [curve25519-sha256,curve25519-sha256@libssh.org,ecdh-sha2-nistp256,ecdh-sha2-nistp384,ecdh-sha2-nistp521,diffie-hellman-group-exchange-sha256,diffie-hellman-group14-sha256,diffie-hellman-group16-sha512,diffie-hellman-group18-sha512,diffie-hellman-group-exchange-sha1,diffie-hellman-group14-sha1]
debug1: configuration requests final Match pass
debug1: re-parsing configuration
debug1: Reading configuration data /etc/ssh/ssh_config
debug3: /etc/ssh/ssh_config line 51: Including file /etc/ssh/ssh_config.d/05-redhat.conf depth 0
debug1: Reading configuration data /etc/ssh/ssh_config.d/05-redhat.conf
debug2: checking match for 'final all' host fedora31 originally fedora31
debug3: /etc/ssh/ssh_config.d/05-redhat.conf line 3: matched 'final'
debug2: match found
debug3: /etc/ssh/ssh_config.d/05-redhat.conf line 5: Including file /etc/crypto-policies/back-ends/openssh.config depth 1
debug1: Reading configuration data /etc/crypto-policies/back-ends/openssh.config
debug3: gss kex names ok: [gss-gex-sha1-,gss-group14-sha1-]
debug3: kex names ok: [curve25519-sha256,curve25519-sha256@libssh.org,ecdh-sha2-nistp256,ecdh-sha2-nistp384,ecdh-sha2-nistp521,diffie-hellman-group-exchange-sha256,diffie-hellman-group14-sha256,diffie-hellman-group16-sha512,diffie-hellman-group18-sha512,diffie-hellman-group-exchange-sha1,diffie-hellman-group14-sha1]
debug1: auto-mux: Trying existing master
debug1: Control socket "/home/mark/.ansible/cp/8ab42c853a" does not exist
debug2: resolving "fedora31" port 22
<<<

2020-03-03 12:25:58,267 p=11818 u=mark n=ansible |  11818 1583234758.26742: stderr chunk (state=3):
>>>debug2: ssh_connect_direct
debug1: Connecting to fedora31 [10.80.80.115] port 22.
debug2: fd 4 setting O_NONBLOCK
<<<

2020-03-03 12:25:58,271 p=11817 u=mark n=ansible |  11817 1583234758.27121: stderr chunk (state=2):
>>>OpenSSH_8.0p1, OpenSSL 1.1.1c FIPS  28 May 2019
debug1: Reading configuration data /etc/ssh/ssh_config
debug3: /etc/ssh/ssh_config line 51: Including file /etc/ssh/ssh_config.d/05-redhat.conf depth 0
debug1: Reading configuration data /etc/ssh/ssh_config.d/05-redhat.conf
debug2: checking match for 'final all' host rhel8 originally rhel8
debug3: /etc/ssh/ssh_config.d/05-redhat.conf line 3: not matched 'final'
debug2: match not found
debug3: /etc/ssh/ssh_config.d/05-redhat.conf line 5: Including file /etc/crypto-policies/back-ends/openssh.config depth 1 (parse only)
debug1: Reading configuration data /etc/crypto-policies/back-ends/openssh.config
debug3: gss kex names ok: [gss-gex-sha1-,gss-group14-sha1-]
debug3: kex names ok: [curve25519-sha256,curve25519-sha256@libssh.org,ecdh-sha2-nistp256,ecdh-sha2-nistp384,ecdh-sha2-nistp521,diffie-hellman-group-exchange-sha256,diffie-hellman-group14-sha256,diffie-hellman-group16-sha512,diffie-hellman-group18-sha512,diffie-hellman-group-exchange-sha1,diffie-hellman-group14-sha1]
debug1: configuration requests final Match pass
debug1: re-parsing configuration
debug1: Reading configuration data /etc/ssh/ssh_config
debug3: /etc/ssh/ssh_config line 51: Including file /etc/ssh/ssh_config.d/05-redhat.conf depth 0
debug1: Reading configuration data /etc/ssh/ssh_config.d/05-redhat.conf
debug2: checking match for 'final all' host rhel8 originally rhel8
debug3: /etc/ssh/ssh_config.d/05-redhat.conf line 3: matched 'final'
debug2: match found
debug3: /etc/ssh/ssh_config.d/05-redhat.conf line 5: Including file /etc/crypto-policies/back-ends/openssh.config depth 1
debug1: Reading configuration data /etc/crypto-policies/back-ends/openssh.config
debug3: gss kex names ok: [gss-gex-sha1-,gss-group14-sha1-]
debug3: kex names ok: [curve25519-sha256,curve25519-sha256@libssh.org,ecdh-sha2-nistp256,ecdh-sha2-nistp384,ecdh-sha2-nistp521,diffie-hellman-group-exchange-sha256,diffie-hellman-group14-sha256,diffie-hellman-group16-sha512,diffie-hellman-group18-sha512,diffie-hellman-group-exchange-sha1,diffie-hellman-group14-sha1]
debug1: auto-mux: Trying existing master
debug1: Control socket "/home/mark/.ansible/cp/c773ad9e8a" does not exist
debug2: resolving "rhel8" port 22
<<<

2020-03-03 12:25:58,272 p=11817 u=mark n=ansible |  11817 1583234758.27257: stderr chunk (state=3):
>>>debug2: ssh_connect_direct
debug1: Connecting to rhel8 [10.80.80.108] port 22.
debug2: fd 4 setting O_NONBLOCK
<<<

2020-03-03 12:25:58,273 p=11820 u=mark n=ansible |  11820 1583234758.27332: stderr chunk (state=2):
>>>OpenSSH_8.0p1, OpenSSL 1.1.1c FIPS  28 May 2019
debug1: Reading configuration data /etc/ssh/ssh_config
debug3: /etc/ssh/ssh_config line 51: Including file /etc/ssh/ssh_config.d/05-redhat.conf depth 0
debug1: Reading configuration data /etc/ssh/ssh_config.d/05-redhat.conf
<<<

2020-03-03 12:25:58,274 p=11820 u=mark n=ansible |  11820 1583234758.27401: stderr chunk (state=3):
>>>debug2: checking match for 'final all' host debian originally debian
debug3: /etc/ssh/ssh_config.d/05-redhat.conf line 3: not matched 'final'
debug2: match not found
debug3: /etc/ssh/ssh_config.d/05-redhat.conf line 5: Including file /etc/crypto-policies/back-ends/openssh.config depth 1 (parse only)
debug1: Reading configuration data /etc/crypto-policies/back-ends/openssh.config
debug3: gss kex names ok: [gss-gex-sha1-,gss-group14-sha1-]
debug3: kex names ok: [curve25519-sha256,curve25519-sha256@libssh.org,ecdh-sha2-nistp256,ecdh-sha2-nistp384,ecdh-sha2-nistp521,diffie-hellman-group-exchange-sha256,diffie-hellman-group14-sha256,diffie-hellman-group16-sha512,diffie-hellman-group18-sha512,diffie-hellman-group-exchange-sha1,diffie-hellman-group14-sha1]
debug1: configuration requests final Match pass
debug1: re-parsing configuration
debug1: Reading configuration data /etc/ssh/ssh_config
debug3: /etc/ssh/ssh_config line 51: Including file /etc/ssh/ssh_config.d/05-redhat.conf depth 0
debug1: Reading configuration data /etc/ssh/ssh_config.d/05-redhat.conf
debug2: checking match for 'final all' host debian originally debian
debug3: /etc/ssh/ssh_config.d/05-redhat.conf line 3: matched 'final'
debug2: match found
debug3: /etc/ssh/ssh_config.d/05-redhat.conf line 5: Including file /etc/crypto-policies/back-ends/openssh.config depth 1
debug1: Reading configuration data /etc/crypto-policies/back-ends/openssh.config
debug3: gss kex names ok: [gss-gex-sha1-,gss-group14-sha1-]
debug3: kex names ok: [curve25519-sha256,curve25519-sha256@libssh.org,ecdh-sha2-nistp256,ecdh-sha2-nistp384,ecdh-sha2-nistp521,diffie-hellman-group-exchange-sha256,diffie-hellman-group14-sha256,diffie-hellman-group16-sha512,diffie-hellman-group18-sha512,diffie-hellman-group-exchange-sha1,diffie-hellman-group14-sha1]
debug1: auto-mux: Trying existing master
debug1: Control socket "/home/mark/.ansible/cp/64fc45c5ab" does not exist
debug2: resolving "debian" port 22
<<<

2020-03-03 12:25:58,274 p=11816 u=mark n=ansible |  11816 1583234758.27457: stderr chunk (state=3):
>>>debug1: fd 4 clearing O_NONBLOCK
debug1: Connection established.
debug3: timeout: 9986 ms remain after connect
debug1: identity file /home/mark/.ssh/id_rsa type 0
debug1: identity file /home/mark/.ssh/id_rsa-cert type -1
debug1: identity file /home/mark/.ssh/id_dsa type -1
debug1: identity file /home/mark/.ssh/id_dsa-cert type -1
debug1: identity file /home/mark/.ssh/id_ecdsa type -1
debug1: identity file /home/mark/.ssh/id_ecdsa-cert type -1
debug1: identity file /home/mark/.ssh/id_ed25519 type -1
debug1: identity file /home/mark/.ssh/id_ed25519-cert type -1
<<<

2020-03-03 12:25:58,275 p=11816 u=mark n=ansible |  11816 1583234758.27496: stderr chunk (state=3):
>>>debug1: identity file /home/mark/.ssh/id_xmss type -1
debug1: identity file /home/mark/.ssh/id_xmss-cert type -1
debug1: Local version string SSH-2.0-OpenSSH_8.0
debug1: Remote protocol version 2.0, remote software version OpenSSH_7.4
debug1: match: OpenSSH_7.4 pat OpenSSH_7.0*,OpenSSH_7.1*,OpenSSH_7.2*,OpenSSH_7.3*,OpenSSH_7.4*,OpenSSH_7.5*,OpenSSH_7.6*,OpenSSH_7.7* compat 0x04000002
debug2: fd 4 setting O_NONBLOCK
debug1: Authenticating to centos7:22 as 'sudoall'
debug3: hostkeys_foreach: reading file "/home/mark/.ssh/known_hosts"
<<<

2020-03-03 12:25:58,275 p=11816 u=mark n=ansible |  11816 1583234758.27527: stderr chunk (state=3):
>>>debug3: record_hostkey: found key type ECDSA in file /home/mark/.ssh/known_hosts:14
debug3: load_hostkeys: loaded 1 keys from centos7
debug3: order_hostkeyalgs: prefer hostkeyalgs: ecdsa-sha2-nistp256-cert-v01@openssh.com,ecdsa-sha2-nistp384-cert-v01@openssh.com,ecdsa-sha2-nistp521-cert-v01@openssh.com,ecdsa-sha2-nistp256,ecdsa-sha2-nistp384,ecdsa-sha2-nistp521
debug3: send packet: type 20
debug1: SSH2_MSG_KEXINIT sent
<<<

2020-03-03 12:25:58,275 p=11820 u=mark n=ansible |  11820 1583234758.27570: stderr chunk (state=3):
>>>debug2: ssh_connect_direct
debug1: Connecting to debian [10.80.80.121] port 22.
debug2: fd 4 setting O_NONBLOCK
<<<

2020-03-03 12:25:58,281 p=11815 u=mark n=ansible |  11815 1583234758.28164: stderr chunk (state=3):
>>>debug1: fd 4 clearing O_NONBLOCK
debug1: Connection established.
debug3: timeout: 9972 ms remain after connect
debug1: identity file /home/mark/.ssh/id_rsa type 0
debug1: identity file /home/mark/.ssh/id_rsa-cert type -1
debug1: identity file /home/mark/.ssh/id_dsa type -1
debug1: identity file /home/mark/.ssh/id_dsa-cert type -1
debug1: identity file /home/mark/.ssh/id_ecdsa type -1
debug1: identity file /home/mark/.ssh/id_ecdsa-cert type -1
debug1: identity file /home/mark/.ssh/id_ed25519 type -1
debug1: identity file /home/mark/.ssh/id_ed25519-cert type -1
debug1: identity file /home/mark/.ssh/id_xmss type -1
debug1: identity file /home/mark/.ssh/id_xmss-cert type -1
debug1: Local version string SSH-2.0-OpenSSH_8.0
debug1: Remote protocol version 2.0, remote software version OpenSSH_8.0
debug1: match: OpenSSH_8.0 pat OpenSSH* compat 0x04000000
debug2: fd 4 setting O_NONBLOCK
debug1: Authenticating to centos8:22 as 'sudoall'
debug3: hostkeys_foreach: reading file "/home/mark/.ssh/known_hosts"
debug3: record_hostkey: found key type ECDSA in file /home/mark/.ssh/known_hosts:13
debug3: load_hostkeys: loaded 1 keys from centos8
debug3: order_hostkeyalgs: prefer hostkeyalgs: ecdsa-sha2-nistp256-cert-v01@openssh.com,ecdsa-sha2-nistp384-cert-v01@openssh.com,ecdsa-sha2-nistp521-cert-v01@openssh.com,ecdsa-sha2-nistp256,ecdsa-sha2-nistp384,ecdsa-sha2-nistp521
debug3: send packet: type 20
debug1: SSH2_MSG_KEXINIT sent
<<<

2020-03-03 12:25:58,282 p=11818 u=mark n=ansible |  11818 1583234758.28267: stderr chunk (state=3):
>>>debug1: fd 4 clearing O_NONBLOCK
debug1: Connection established.
debug3: timeout: 9986 ms remain after connect
debug1: identity file /home/mark/.ssh/id_rsa type 0
debug1: identity file /home/mark/.ssh/id_rsa-cert type -1
debug1: identity file /home/mark/.ssh/id_dsa type -1
debug1: identity file /home/mark/.ssh/id_dsa-cert type -1
debug1: identity file /home/mark/.ssh/id_ecdsa type -1
debug1: identity file /home/mark/.ssh/id_ecdsa-cert type -1
debug1: identity file /home/mark/.ssh/id_ed25519 type -1
debug1: identity file /home/mark/.ssh/id_ed25519-cert type -1
debug1: identity file /home/mark/.ssh/id_xmss type -1
debug1: identity file /home/mark/.ssh/id_xmss-cert type -1
debug1: Local version string SSH-2.0-OpenSSH_8.0
debug1: Remote protocol version 2.0, remote software version OpenSSH_8.0
debug1: match: OpenSSH_8.0 pat OpenSSH* compat 0x04000000
debug2: fd 4 setting O_NONBLOCK
debug1: Authenticating to fedora31:22 as 'sudoall'
debug3: hostkeys_foreach: reading file "/home/mark/.ssh/known_hosts"
debug3: record_hostkey: found key type ECDSA in file /home/mark/.ssh/known_hosts:11
debug3: load_hostkeys: loaded 1 keys from fedora31
debug3: order_hostkeyalgs: prefer hostkeyalgs: ecdsa-sha2-nistp256-cert-v01@openssh.com,ecdsa-sha2-nistp384-cert-v01@openssh.com,ecdsa-sha2-nistp521-cert-v01@openssh.com,ecdsa-sha2-nistp256,ecdsa-sha2-nistp384,ecdsa-sha2-nistp521
debug3: send packet: type 20
debug1: SSH2_MSG_KEXINIT sent
<<<

2020-03-03 12:25:58,283 p=11816 u=mark n=ansible |  11816 1583234758.28314: stderr chunk (state=3):
>>>debug3: receive packet: type 20
debug1: SSH2_MSG_KEXINIT received
debug2: local client KEXINIT proposal
debug2: KEX algorithms: curve25519-sha256,curve25519-sha256@libssh.org,ecdh-sha2-nistp256,ecdh-sha2-nistp384,ecdh-sha2-nistp521,diffie-hellman-group-exchange-sha256,diffie-hellman-group14-sha256,diffie-hellman-group16-sha512,diffie-hellman-group18-sha512,diffie-hellman-group-exchange-sha1,diffie-hellman-group14-sha1,ext-info-c
debug2: host key algorithms: ecdsa-sha2-nistp256-cert-v01@openssh.com,ecdsa-sha2-nistp384-cert-v01@openssh.com,ecdsa-sha2-nistp521-cert-v01@openssh.com,ecdsa-sha2-nistp256,ecdsa-sha2-nistp384,ecdsa-sha2-nistp521,ssh-ed25519-cert-v01@openssh.com,rsa-sha2-512-cert-v01@openssh.com,rsa-sha2-256-cert-v01@openssh.com,ssh-rsa-cert-v01@openssh.com,ssh-ed25519,rsa-sha2-512,rsa-sha2-256,ssh-rsa
debug2: ciphers ctos: aes256-gcm@openssh.com,chacha20-poly1305@openssh.com,aes256-ctr,aes256-cbc,aes128-gcm@openssh.com,aes128-ctr,aes128-cbc
debug2: ciphers stoc: aes256-gcm@openssh.com,chacha20-poly1305@openssh.com,aes256-ctr,aes256-cbc,aes128-gcm@openssh.com,aes128-ctr,aes128-cbc
debug2: MACs ctos: hmac-sha2-256-etm@openssh.com,hmac-sha1-etm@openssh.com,umac-128-etm@openssh.com,hmac-sha2-512-etm@openssh.com,hmac-sha2-256,hmac-sha1,umac-128@openssh.com,hmac-sha2-512
debug2: MACs stoc: hmac-sha2-256-etm@openssh.com,hmac-sha1-etm@openssh.com,umac-128-etm@openssh.com,hmac-sha2-512-etm@openssh.com,hmac-sha2-256,hmac-sha1,umac-128@openssh.com,hmac-sha2-512
debug2: compression ctos: zlib@openssh.com,zlib,none
debug2: compression stoc: zlib@openssh.com,zlib,none
debug2: languages ctos: 
debug2: languages stoc: 
debug2: first_kex_follows 0 
debug2: reserved 0 
debug2: peer server KEXINIT proposal
debug2: KEX algorithms: curve25519-sha256,curve25519-sha256@libssh.org,ecdh-sha2-nistp256,ecdh-sha2-nistp384,ecdh-sha2-nistp521,diffie-hellman-group-exchange-sha256,diffie-hellman-group16-sha512,diffie-hellman-group18-sha512,diffie-hellman-group-exchange-sha1,diffie-hellman-group14-sha256,diffie-hellman-group14-sha1,diffie-hellman-group1-sha1
debug2: host key algorithms: ssh-rsa,rsa-sha2-512,rsa-sha2-256,ecdsa-sha2-nistp256,ssh-ed25519
debug2: ciphers ctos: chacha20-poly1305@openssh.com,aes128-ctr,aes192-ctr,aes256-ctr,aes128-gcm@openssh.com,aes256-gcm@openssh.com,aes128-cbc,aes192-cbc,aes256-cbc,blowfish-cbc,cast128-cbc,3des-cbc
debug2: ciphers stoc: chacha20-poly1305@openssh.com,aes128-ctr,aes192-ctr,aes256-ctr,aes128-gcm@openssh.com,aes256-gcm@openssh.com,aes128-cbc,aes192-cbc,aes256-cbc,blowfish-cbc,cast128-cbc,3des-cbc
debug2: MACs ctos: umac-64-etm@openssh.com,umac-128-etm@openssh.com,hmac-sha2-256-etm@openssh.com,hmac-sha2-512-etm@openssh.com,hmac-sha1-etm@openssh.com,umac-64@openssh.com,umac-128@openssh.com,hmac-sha2-256,hmac-sha2-512,hmac-sha1
debug2: MACs stoc: umac-64-etm@openssh.com,umac-128-etm@openssh.com,hmac-sha2-256-etm@openssh.com,hmac-sha2-512-etm@openssh.com,hmac-sha1-etm@openssh.com,umac-64@openssh.com,umac-128@openssh.com,hmac-sha2-256,hmac-sha2-512,hmac-sha1
debug2: compression ctos: none,zlib@openssh.com
debug2: compression stoc: none,zlib@openssh.com
debug2: languages ctos: 
debug2: languages stoc: 
debug2: first_kex_follows 0 
debug2: reserved 0 
debug1: kex: algorithm: curve25519-sha256
debug1: kex: host key algorithm: ecdsa-sha2-nistp256
debug1: kex: server->client cipher: aes256-gcm@openssh.com MAC: <implicit> compression: zlib@openssh.com
debug1: kex: client->server cipher: aes256-gcm@openssh.com MAC: <implicit> compression: zlib@openssh.com
debug1: kex: curve25519-sha256 need=32 dh_need=32
debug1: kex: curve25519-sha256 need=32 dh_need=32
<<<

2020-03-03 12:25:58,286 p=11816 u=mark n=ansible |  11816 1583234758.28576: stderr chunk (state=3):
>>>debug3: send packet: type 30
debug1: expecting SSH2_MSG_KEX_ECDH_REPLY
<<<

2020-03-03 12:25:58,289 p=11818 u=mark n=ansible |  11818 1583234758.28862: stderr chunk (state=3):
>>>debug3: receive packet: type 20
debug1: SSH2_MSG_KEXINIT received
debug2: local client KEXINIT proposal
debug2: KEX algorithms: curve25519-sha256,curve25519-sha256@libssh.org,ecdh-sha2-nistp256,ecdh-sha2-nistp384,ecdh-sha2-nistp521,diffie-hellman-group-exchange-sha256,diffie-hellman-group14-sha256,diffie-hellman-group16-sha512,diffie-hellman-group18-sha512,diffie-hellman-group-exchange-sha1,diffie-hellman-group14-sha1,ext-info-c
debug2: host key algorithms: ecdsa-sha2-nistp256-cert-v01@openssh.com,ecdsa-sha2-nistp384-cert-v01@openssh.com,ecdsa-sha2-nistp521-cert-v01@openssh.com,ecdsa-sha2-nistp256,ecdsa-sha2-nistp384,ecdsa-sha2-nistp521,ssh-ed25519-cert-v01@openssh.com,rsa-sha2-512-cert-v01@openssh.com,rsa-sha2-256-cert-v01@openssh.com,ssh-rsa-cert-v01@openssh.com,ssh-ed25519,rsa-sha2-512,rsa-sha2-256,ssh-rsa
debug2: ciphers ctos: aes256-gcm@openssh.com,chacha20-poly1305@openssh.com,aes256-ctr,aes256-cbc,aes128-gcm@openssh.com,aes128-ctr,aes128-cbc
debug2: ciphers stoc: aes256-gcm@openssh.com,chacha20-poly1305@openssh.com,aes256-ctr,aes256-cbc,aes128-gcm@openssh.com,aes128-ctr,aes128-cbc
debug2: MACs ctos: hmac-sha2-256-etm@openssh.com,hmac-sha1-etm@openssh.com,umac-128-etm@openssh.com,hmac-sha2-512-etm@openssh.com,hmac-sha2-256,hmac-sha1,umac-128@openssh.com,hmac-sha2-512
debug2: MACs stoc: hmac-sha2-256-etm@openssh.com,hmac-sha1-etm@openssh.com,umac-128-etm@openssh.com,hmac-sha2-512-etm@openssh.com,hmac-sha2-256,hmac-sha1,umac-128@openssh.com,hmac-sha2-512
debug2: compression ctos: zlib@openssh.com,zlib,none
debug2: compression stoc: zlib@openssh.com,zlib,none
debug2: languages ctos: 
debug2: languages stoc: 
debug2: first_kex_follows 0 
debug2: reserved 0 
debug2: peer server KEXINIT proposal
debug2: KEX algorithms: curve25519-sha256,curve25519-sha256@libssh.org,ecdh-sha2-nistp256,ecdh-sha2-nistp384,ecdh-sha2-nistp521,diffie-hellman-group-exchange-sha256,diffie-hellman-group14-sha256,diffie-hellman-group16-sha512,diffie-hellman-group18-sha512,diffie-hellman-group-exchange-sha1,diffie-hellman-group14-sha1
debug2: host key algorithms: rsa-sha2-512,rsa-sha2-256,ssh-rsa,ecdsa-sha2-nistp256,ssh-ed25519
debug2: ciphers ctos: aes256-gcm@openssh.com,chacha20-poly1305@openssh.com,aes256-ctr,aes256-cbc,aes128-gcm@openssh.com,aes128-ctr,aes128-cbc
debug2: ciphers stoc: aes256-gcm@openssh.com,chacha20-poly1305@openssh.com,aes256-ctr,aes256-cbc,aes128-gcm@openssh.com,aes128-ctr,aes128-cbc
debug2: MACs ctos: hmac-sha2-256-etm@openssh.com,hmac-sha1-etm@openssh.com,umac-128-etm@openssh.com,hmac-sha2-512-etm@openssh.com,hmac-sha2-256,hmac-sha1,umac-128@openssh.com,hmac-sha2-512
debug2: MACs stoc: hmac-sha2-256-etm@openssh.com,hmac-sha1-etm@openssh.com,umac-128-etm@openssh.com,hmac-sha2-512-etm@openssh.com,hmac-sha2-256,hmac-sha1,umac-128@openssh.com,hmac-sha2-512
debug2: compression ctos: none,zlib@openssh.com
debug2: compression stoc: none,zlib@openssh.com
debug2: languages ctos: 
debug2: languages stoc: 
debug2: first_kex_follows 0 
debug2: reserved 0 
debug1: kex: algorithm: curve25519-sha256
debug1: kex: host key algorithm: ecdsa-sha2-nistp256
debug1: kex: server->client cipher: aes256-gcm@openssh.com MAC: <implicit> compression: zlib@openssh.com
debug1: kex: client->server cipher: aes256-gcm@openssh.com MAC: <implicit> compression: zlib@openssh.com
debug1: kex: curve25519-sha256 need=32 dh_need=32
debug1: kex: curve25519-sha256 need=32 dh_need=32
<<<

2020-03-03 12:25:58,291 p=11815 u=mark n=ansible |  11815 1583234758.29156: stderr chunk (state=3):
>>>debug3: receive packet: type 20
debug1: SSH2_MSG_KEXINIT received
debug2: local client KEXINIT proposal
debug2: KEX algorithms: curve25519-sha256,curve25519-sha256@libssh.org,ecdh-sha2-nistp256,ecdh-sha2-nistp384,ecdh-sha2-nistp521,diffie-hellman-group-exchange-sha256,diffie-hellman-group14-sha256,diffie-hellman-group16-sha512,diffie-hellman-group18-sha512,diffie-hellman-group-exchange-sha1,diffie-hellman-group14-sha1,ext-info-c
debug2: host key algorithms: ecdsa-sha2-nistp256-cert-v01@openssh.com,ecdsa-sha2-nistp384-cert-v01@openssh.com,ecdsa-sha2-nistp521-cert-v01@openssh.com,ecdsa-sha2-nistp256,ecdsa-sha2-nistp384,ecdsa-sha2-nistp521,ssh-ed25519-cert-v01@openssh.com,rsa-sha2-512-cert-v01@openssh.com,rsa-sha2-256-cert-v01@openssh.com,ssh-rsa-cert-v01@openssh.com,ssh-ed25519,rsa-sha2-512,rsa-sha2-256,ssh-rsa
debug2: ciphers ctos: aes256-gcm@openssh.com,chacha20-poly1305@openssh.com,aes256-ctr,aes256-cbc,aes128-gcm@openssh.com,aes128-ctr,aes128-cbc
debug2: ciphers stoc: aes256-gcm@openssh.com,chacha20-poly1305@openssh.com,aes256-ctr,aes256-cbc,aes128-gcm@openssh.com,aes128-ctr,aes128-cbc
debug2: MACs ctos: hmac-sha2-256-etm@openssh.com,hmac-sha1-etm@openssh.com,umac-128-etm@openssh.com,hmac-sha2-512-etm@openssh.com,hmac-sha2-256,hmac-sha1,umac-128@openssh.com,hmac-sha2-512
debug2: MACs stoc: hmac-sha2-256-etm@openssh.com,hmac-sha1-etm@openssh.com,umac-128-etm@openssh.com,hmac-sha2-512-etm@openssh.com,hmac-sha2-256,hmac-sha1,umac-128@openssh.com,hmac-sha2-512
debug2: compression ctos: zlib@openssh.com,zlib,none
debug2: compression stoc: zlib@openssh.com,zlib,none
debug2: languages ctos: 
debug2: languages stoc: 
debug2: first_kex_follows 0 
debug2: reserved 0 
debug2: peer server KEXINIT proposal
debug2: KEX algorithms: curve25519-sha256,curve25519-sha256@libssh.org,ecdh-sha2-nistp256,ecdh-sha2-nistp384,ecdh-sha2-nistp521,diffie-hellman-group-exchange-sha256,diffie-hellman-group14-sha256,diffie-hellman-group16-sha512,diffie-hellman-group18-sha512,diffie-hellman-group-exchange-sha1,diffie-hellman-group14-sha1
debug2: host key algorithms: rsa-sha2-512,rsa-sha2-256,ssh-rsa,ecdsa-sha2-nistp256,ssh-ed25519
debug2: ciphers ctos: aes256-gcm@openssh.com,chacha20-poly1305@openssh.com,aes256-ctr,aes256-cbc,aes128-gcm@openssh.com,aes128-ctr,aes128-cbc
debug2: ciphers stoc: aes256-gcm@openssh.com,chacha20-poly1305@openssh.com,aes256-ctr,aes256-cbc,aes128-gcm@openssh.com,aes128-ctr,aes128-cbc
debug2: MACs ctos: hmac-sha2-256-etm@openssh.com,hmac-sha1-etm@openssh.com,umac-128-etm@openssh.com,hmac-sha2-512-etm@openssh.com,hmac-sha2-256,hmac-sha1,umac-128@openssh.com,hmac-sha2-512
debug2: MACs stoc: hmac-sha2-256-etm@openssh.com,hmac-sha1-etm@openssh.com,umac-128-etm@openssh.com,hmac-sha2-512-etm@openssh.com,hmac-sha2-256,hmac-sha1,umac-128@openssh.com,hmac-sha2-512
debug2: compression ctos: none,zlib@openssh.com
debug2: compression stoc: none,zlib@openssh.com
debug2: languages ctos: 
debug2: languages stoc: 
debug2: first_kex_follows 0 
debug2: reserved 0 
debug1: kex: algorithm: curve25519-sha256
debug1: kex: host key algorithm: ecdsa-sha2-nistp256
debug1: kex: server->client cipher: aes256-gcm@openssh.com MAC: <implicit> compression: zlib@openssh.com
debug1: kex: client->server cipher: aes256-gcm@openssh.com MAC: <implicit> compression: zlib@openssh.com
debug1: kex: curve25519-sha256 need=32 dh_need=32
debug1: kex: curve25519-sha256 need=32 dh_need=32
<<<

2020-03-03 12:25:58,293 p=11815 u=mark n=ansible |  11815 1583234758.29313: stderr chunk (state=3):
>>>debug3: send packet: type 30
debug1: expecting SSH2_MSG_KEX_ECDH_REPLY
<<<

2020-03-03 12:25:58,293 p=11818 u=mark n=ansible |  11818 1583234758.29341: stderr chunk (state=3):
>>>debug3: send packet: type 30
debug1: expecting SSH2_MSG_KEX_ECDH_REPLY
<<<

2020-03-03 12:25:58,293 p=11816 u=mark n=ansible |  11816 1583234758.29379: stderr chunk (state=3):
>>>debug3: receive packet: type 31
<<<

2020-03-03 12:25:58,294 p=11816 u=mark n=ansible |  11816 1583234758.29406: stderr chunk (state=3):
>>>debug1: Server host key: ecdsa-sha2-nistp256 SHA256:7U6saXjH7/HFgknHrenMTzw/MCWMgaghuH/KGJSKY0A
debug3: hostkeys_foreach: reading file "/home/mark/.ssh/known_hosts"
debug3: record_hostkey: found key type ECDSA in file /home/mark/.ssh/known_hosts:14
debug3: load_hostkeys: loaded 1 keys from centos7
debug3: hostkeys_foreach: reading file "/home/mark/.ssh/known_hosts"
<<<

2020-03-03 12:25:58,294 p=11816 u=mark n=ansible |  11816 1583234758.29426: stderr chunk (state=3):
>>>debug3: record_hostkey: found key type ECDSA in file /home/mark/.ssh/known_hosts:2
debug3: load_hostkeys: loaded 1 keys from 10.80.80.122
debug1: Host 'centos7' is known and matches the ECDSA host key.
debug1: Found key in /home/mark/.ssh/known_hosts:14
<<<

2020-03-03 12:25:58,297 p=11816 u=mark n=ansible |  11816 1583234758.29716: stderr chunk (state=3):
>>>debug3: send packet: type 21
debug2: set_newkeys: mode 1
debug1: rekey out after 4294967296 blocks
debug1: SSH2_MSG_NEWKEYS sent
debug1: expecting SSH2_MSG_NEWKEYS
debug3: receive packet: type 21
debug1: SSH2_MSG_NEWKEYS received
debug2: set_newkeys: mode 0
debug1: rekey in after 4294967296 blocks
<<<

2020-03-03 12:25:58,297 p=11816 u=mark n=ansible |  11816 1583234758.29764: stderr chunk (state=3):
>>>debug1: Will attempt key: /home/mark/.ssh/id_rsa RSA SHA256:aUPgboo2qcZ7/3oRAQls/UxXvd8kP+xi/72G/L4HSlQ
debug1: Will attempt key: /home/mark/.ssh/id_dsa 
debug1: Will attempt key: /home/mark/.ssh/id_ecdsa 
debug1: Will attempt key: /home/mark/.ssh/id_ed25519 
debug1: Will attempt key: /home/mark/.ssh/id_xmss 
debug2: pubkey_prepare: done
debug3: send packet: type 5
debug3: receive packet: type 7
debug1: SSH2_MSG_EXT_INFO received
debug1: kex_input_ext_info: server-sig-algs=<rsa-sha2-256,rsa-sha2-512>
<<<

2020-03-03 12:25:58,298 p=11820 u=mark n=ansible |  11820 1583234758.29800: stderr chunk (state=3):
>>>debug1: fd 4 clearing O_NONBLOCK
debug1: Connection established.
debug3: timeout: 9979 ms remain after connect
debug1: identity file /home/mark/.ssh/id_rsa type 0
debug1: identity file /home/mark/.ssh/id_rsa-cert type -1
debug1: identity file /home/mark/.ssh/id_dsa type -1
debug1: identity file /home/mark/.ssh/id_dsa-cert type -1
debug1: identity file /home/mark/.ssh/id_ecdsa type -1
debug1: identity file /home/mark/.ssh/id_ecdsa-cert type -1
debug1: identity file /home/mark/.ssh/id_ed25519 type -1
debug1: identity file /home/mark/.ssh/id_ed25519-cert type -1
debug1: identity file /home/mark/.ssh/id_xmss type -1
debug1: identity file /home/mark/.ssh/id_xmss-cert type -1
debug1: Local version string SSH-2.0-OpenSSH_8.0
debug1: Remote protocol version 2.0, remote software version OpenSSH_7.9p1 Debian-10+deb10u2
debug1: match: OpenSSH_7.9p1 Debian-10+deb10u2 pat OpenSSH* compat 0x04000000
debug2: fd 4 setting O_NONBLOCK
debug1: Authenticating to debian:22 as 'sudoall'
debug3: hostkeys_foreach: reading file "/home/mark/.ssh/known_hosts"
<<<

2020-03-03 12:25:58,298 p=11820 u=mark n=ansible |  11820 1583234758.29860: stderr chunk (state=3):
>>>debug3: record_hostkey: found key type ECDSA in file /home/mark/.ssh/known_hosts:10
debug3: load_hostkeys: loaded 1 keys from debian
debug3: order_hostkeyalgs: prefer hostkeyalgs: ecdsa-sha2-nistp256-cert-v01@openssh.com,ecdsa-sha2-nistp384-cert-v01@openssh.com,ecdsa-sha2-nistp521-cert-v01@openssh.com,ecdsa-sha2-nistp256,ecdsa-sha2-nistp384,ecdsa-sha2-nistp521
debug3: send packet: type 20
debug1: SSH2_MSG_KEXINIT sent
<<<

2020-03-03 12:25:58,300 p=11820 u=mark n=ansible |  11820 1583234758.30069: stderr chunk (state=3):
>>>debug3: receive packet: type 20
debug1: SSH2_MSG_KEXINIT received
debug2: local client KEXINIT proposal
debug2: KEX algorithms: curve25519-sha256,curve25519-sha256@libssh.org,ecdh-sha2-nistp256,ecdh-sha2-nistp384,ecdh-sha2-nistp521,diffie-hellman-group-exchange-sha256,diffie-hellman-group14-sha256,diffie-hellman-group16-sha512,diffie-hellman-group18-sha512,diffie-hellman-group-exchange-sha1,diffie-hellman-group14-sha1,ext-info-c
debug2: host key algorithms: ecdsa-sha2-nistp256-cert-v01@openssh.com,ecdsa-sha2-nistp384-cert-v01@openssh.com,ecdsa-sha2-nistp521-cert-v01@openssh.com,ecdsa-sha2-nistp256,ecdsa-sha2-nistp384,ecdsa-sha2-nistp521,ssh-ed25519-cert-v01@openssh.com,rsa-sha2-512-cert-v01@openssh.com,rsa-sha2-256-cert-v01@openssh.com,ssh-rsa-cert-v01@openssh.com,ssh-ed25519,rsa-sha2-512,rsa-sha2-256,ssh-rsa
debug2: ciphers ctos: aes256-gcm@openssh.com,chacha20-poly1305@openssh.com,aes256-ctr,aes256-cbc,aes128-gcm@openssh.com,aes128-ctr,aes128-cbc
debug2: ciphers stoc: aes256-gcm@openssh.com,chacha20-poly1305@openssh.com,aes256-ctr,aes256-cbc,aes128-gcm@openssh.com,aes128-ctr,aes128-cbc
debug2: MACs ctos: hmac-sha2-256-etm@openssh.com,hmac-sha1-etm@openssh.com,umac-128-etm@openssh.com,hmac-sha2-512-etm@openssh.com,hmac-sha2-256,hmac-sha1,umac-128@openssh.com,hmac-sha2-512
debug2: MACs stoc: hmac-sha2-256-etm@openssh.com,hmac-sha1-etm@openssh.com,umac-128-etm@openssh.com,hmac-sha2-512-etm@openssh.com,hmac-sha2-256,hmac-sha1,umac-128@openssh.com,hmac-sha2-512
debug2: compression ctos: zlib@openssh.com,zlib,none
debug2: compression stoc: zlib@openssh.com,zlib,none
debug2: languages ctos: 
debug2: languages stoc: 
debug2: first_kex_follows 0 
debug2: reserved 0 
debug2: peer server KEXINIT proposal
debug2: KEX algorithms: curve25519-sha256,curve25519-sha256@libssh.org,ecdh-sha2-nistp256,ecdh-sha2-nistp384,ecdh-sha2-nistp521,diffie-hellman-group-exchange-sha256,diffie-hellman-group16-sha512,diffie-hellman-group18-sha512,diffie-hellman-group14-sha256,diffie-hellman-group14-sha1
debug2: host key algorithms: rsa-sha2-512,rsa-sha2-256,ssh-rsa,ecdsa-sha2-nistp256,ssh-ed25519
debug2: ciphers ctos: chacha20-poly1305@openssh.com,aes128-ctr,aes192-ctr,aes256-ctr,aes128-gcm@openssh.com,aes256-gcm@openssh.com
debug2: ciphers stoc: chacha20-poly1305@openssh.com,aes128-ctr,aes192-ctr,aes256-ctr,aes128-gcm@openssh.com,aes256-gcm@openssh.com
debug2: MACs ctos: umac-64-etm@openssh.com,umac-128-etm@openssh.com,hmac-sha2-256-etm@openssh.com,hmac-sha2-512-etm@openssh.com,hmac-sha1-etm@openssh.com,umac-64@openssh.com,umac-128@openssh.com,hmac-sha2-256,hmac-sha2-512,hmac-sha1
debug2: MACs stoc: umac-64-etm@openssh.com,umac-128-etm@openssh.com,hmac-sha2-256-etm@openssh.com,hmac-sha2-512-etm@openssh.com,hmac-sha1-etm@openssh.com,umac-64@openssh.com,umac-128@openssh.com,hmac-sha2-256,hmac-sha2-512,hmac-sha1
debug2: compression ctos: none,zlib@openssh.com
<<<

2020-03-03 12:25:58,301 p=11820 u=mark n=ansible |  11820 1583234758.30118: stderr chunk (state=3):
>>>debug2: compression stoc: none,zlib@openssh.com
debug2: languages ctos: 
debug2: languages stoc: 
debug2: first_kex_follows 0 
debug2: reserved 0 
debug1: kex: algorithm: curve25519-sha256
debug1: kex: host key algorithm: ecdsa-sha2-nistp256
debug1: kex: server->client cipher: aes256-gcm@openssh.com MAC: <implicit> compression: zlib@openssh.com
debug1: kex: client->server cipher: aes256-gcm@openssh.com MAC: <implicit> compression: zlib@openssh.com
debug1: kex: curve25519-sha256 need=32 dh_need=32
debug1: kex: curve25519-sha256 need=32 dh_need=32
<<<

2020-03-03 12:25:58,304 p=11818 u=mark n=ansible |  11818 1583234758.30469: stderr chunk (state=3):
>>>debug3: receive packet: type 31
debug1: Server host key: ecdsa-sha2-nistp256 SHA256:A51FagLA5LIGN8Fs3IylCTC8WggFUSt7OifoI4xnRS8
debug3: hostkeys_foreach: reading file "/home/mark/.ssh/known_hosts"
debug3: record_hostkey: found key type ECDSA in file /home/mark/.ssh/known_hosts:11
debug3: load_hostkeys: loaded 1 keys from fedora31
debug3: hostkeys_foreach: reading file "/home/mark/.ssh/known_hosts"
debug3: record_hostkey: found key type ECDSA in file /home/mark/.ssh/known_hosts:6
debug3: load_hostkeys: loaded 1 keys from 10.80.80.115
debug1: Host 'fedora31' is known and matches the ECDSA host key.
debug1: Found key in /home/mark/.ssh/known_hosts:11
<<<

2020-03-03 12:25:58,306 p=11815 u=mark n=ansible |  11815 1583234758.30616: stderr chunk (state=3):
>>>debug3: receive packet: type 31
debug1: Server host key: ecdsa-sha2-nistp256 SHA256:izjL5DHkyIS+J6M7UxHHI+9i/F4vTaQkrHvRXGUfjsk
debug3: hostkeys_foreach: reading file "/home/mark/.ssh/known_hosts"
debug3: record_hostkey: found key type ECDSA in file /home/mark/.ssh/known_hosts:13
debug3: load_hostkeys: loaded 1 keys from centos8
debug3: hostkeys_foreach: reading file "/home/mark/.ssh/known_hosts"
debug3: record_hostkey: found key type ECDSA in file /home/mark/.ssh/known_hosts:5
debug3: load_hostkeys: loaded 1 keys from 10.80.80.135
debug1: Host 'centos8' is known and matches the ECDSA host key.
debug1: Found key in /home/mark/.ssh/known_hosts:13
<<<

2020-03-03 12:25:58,306 p=11820 u=mark n=ansible |  11820 1583234758.30674: stderr chunk (state=3):
>>>debug3: send packet: type 30
debug1: expecting SSH2_MSG_KEX_ECDH_REPLY
<<<

2020-03-03 12:25:58,309 p=11817 u=mark n=ansible |  11817 1583234758.30912: stderr chunk (state=3):
>>>debug1: fd 4 clearing O_NONBLOCK
debug1: Connection established.
debug3: timeout: 9965 ms remain after connect
debug1: identity file /home/mark/.ssh/id_rsa type 0
debug1: identity file /home/mark/.ssh/id_rsa-cert type -1
debug1: identity file /home/mark/.ssh/id_dsa type -1
debug1: identity file /home/mark/.ssh/id_dsa-cert type -1
debug1: identity file /home/mark/.ssh/id_ecdsa type -1
debug1: identity file /home/mark/.ssh/id_ecdsa-cert type -1
debug1: identity file /home/mark/.ssh/id_ed25519 type -1
debug1: identity file /home/mark/.ssh/id_ed25519-cert type -1
debug1: identity file /home/mark/.ssh/id_xmss type -1
debug1: identity file /home/mark/.ssh/id_xmss-cert type -1
debug1: Local version string SSH-2.0-OpenSSH_8.0
debug1: Remote protocol version 2.0, remote software version OpenSSH_7.8
debug1: match: OpenSSH_7.8 pat OpenSSH* compat 0x04000000
debug2: fd 4 setting O_NONBLOCK
debug1: Authenticating to rhel8:22 as 'sudoall'
debug3: hostkeys_foreach: reading file "/home/mark/.ssh/known_hosts"
debug3: record_hostkey: found key type ECDSA in file /home/mark/.ssh/known_hosts:12
debug3: load_hostkeys: loaded 1 keys from rhel8
debug3: order_hostkeyalgs: prefer hostkeyalgs: ecdsa-sha2-nistp256-cert-v01@openssh.com,ecdsa-sha2-nistp384-cert-v01@openssh.com,ecdsa-sha2-nistp521-cert-v01@openssh.com,ecdsa-sha2-nistp256,ecdsa-sha2-nistp384,ecdsa-sha2-nistp521
debug3: send packet: type 20
debug1: SSH2_MSG_KEXINIT sent
<<<

2020-03-03 12:25:58,309 p=11818 u=mark n=ansible |  11818 1583234758.30912: stderr chunk (state=3):
>>>debug3: send packet: type 21
debug2: set_newkeys: mode 1
debug1: rekey out after 4294967296 blocks
debug1: SSH2_MSG_NEWKEYS sent
debug1: expecting SSH2_MSG_NEWKEYS
debug3: receive packet: type 21
debug1: SSH2_MSG_NEWKEYS received
debug2: set_newkeys: mode 0
debug1: rekey in after 4294967296 blocks
debug1: Will attempt key: /home/mark/.ssh/id_rsa RSA SHA256:aUPgboo2qcZ7/3oRAQls/UxXvd8kP+xi/72G/L4HSlQ
debug1: Will attempt key: /home/mark/.ssh/id_dsa 
debug1: Will attempt key: /home/mark/.ssh/id_ecdsa 
debug1: Will attempt key: /home/mark/.ssh/id_ed25519 
debug1: Will attempt key: /home/mark/.ssh/id_xmss 
debug2: pubkey_prepare: done
debug3: send packet: type 5
debug3: receive packet: type 7
debug1: SSH2_MSG_EXT_INFO received
debug1: kex_input_ext_info: server-sig-algs=<ssh-ed25519,ssh-rsa,rsa-sha2-256,rsa-sha2-512,ssh-dss,ecdsa-sha2-nistp256,ecdsa-sha2-nistp384,ecdsa-sha2-nistp521>
debug3: receive packet: type 6
debug2: service_accept: ssh-userauth
debug1: SSH2_MSG_SERVICE_ACCEPT received
debug3: send packet: type 50
<<<

2020-03-03 12:25:58,310 p=11815 u=mark n=ansible |  11815 1583234758.30988: stderr chunk (state=3):
>>>debug3: send packet: type 21
debug2: set_newkeys: mode 1
debug1: rekey out after 4294967296 blocks
debug1: SSH2_MSG_NEWKEYS sent
debug1: expecting SSH2_MSG_NEWKEYS
debug3: receive packet: type 21
debug1: SSH2_MSG_NEWKEYS received
debug2: set_newkeys: mode 0
debug1: rekey in after 4294967296 blocks
debug1: Will attempt key: /home/mark/.ssh/id_rsa RSA SHA256:aUPgboo2qcZ7/3oRAQls/UxXvd8kP+xi/72G/L4HSlQ
debug1: Will attempt key: /home/mark/.ssh/id_dsa 
debug1: Will attempt key: /home/mark/.ssh/id_ecdsa 
debug1: Will attempt key: /home/mark/.ssh/id_ed25519 
debug1: Will attempt key: /home/mark/.ssh/id_xmss 
debug2: pubkey_prepare: done
debug3: send packet: type 5
debug3: receive packet: type 7
debug1: SSH2_MSG_EXT_INFO received
debug1: kex_input_ext_info: server-sig-algs=<ssh-ed25519,ssh-rsa,rsa-sha2-256,rsa-sha2-512,ssh-dss,ecdsa-sha2-nistp256,ecdsa-sha2-nistp384,ecdsa-sha2-nistp521>
<<<

2020-03-03 12:25:58,322 p=11817 u=mark n=ansible |  11817 1583234758.32185: stderr chunk (state=3):
>>>debug3: receive packet: type 20
debug1: SSH2_MSG_KEXINIT received
debug2: local client KEXINIT proposal
debug2: KEX algorithms: curve25519-sha256,curve25519-sha256@libssh.org,ecdh-sha2-nistp256,ecdh-sha2-nistp384,ecdh-sha2-nistp521,diffie-hellman-group-exchange-sha256,diffie-hellman-group14-sha256,diffie-hellman-group16-sha512,diffie-hellman-group18-sha512,diffie-hellman-group-exchange-sha1,diffie-hellman-group14-sha1,ext-info-c
debug2: host key algorithms: ecdsa-sha2-nistp256-cert-v01@openssh.com,ecdsa-sha2-nistp384-cert-v01@openssh.com,ecdsa-sha2-nistp521-cert-v01@openssh.com,ecdsa-sha2-nistp256,ecdsa-sha2-nistp384,ecdsa-sha2-nistp521,ssh-ed25519-cert-v01@openssh.com,rsa-sha2-512-cert-v01@openssh.com,rsa-sha2-256-cert-v01@openssh.com,ssh-rsa-cert-v01@openssh.com,ssh-ed25519,rsa-sha2-512,rsa-sha2-256,ssh-rsa
debug2: ciphers ctos: aes256-gcm@openssh.com,chacha20-poly1305@openssh.com,aes256-ctr,aes256-cbc,aes128-gcm@openssh.com,aes128-ctr,aes128-cbc
debug2: ciphers stoc: aes256-gcm@openssh.com,chacha20-poly1305@openssh.com,aes256-ctr,aes256-cbc,aes128-gcm@openssh.com,aes128-ctr,aes128-cbc
debug2: MACs ctos: hmac-sha2-256-etm@openssh.com,hmac-sha1-etm@openssh.com,umac-128-etm@openssh.com,hmac-sha2-512-etm@openssh.com,hmac-sha2-256,hmac-sha1,umac-128@openssh.com,hmac-sha2-512
debug2: MACs stoc: hmac-sha2-256-etm@openssh.com,hmac-sha1-etm@openssh.com,umac-128-etm@openssh.com,hmac-sha2-512-etm@openssh.com,hmac-sha2-256,hmac-sha1,umac-128@openssh.com,hmac-sha2-512
debug2: compression ctos: zlib@openssh.com,zlib,none
debug2: compression stoc: zlib@openssh.com,zlib,none
debug2: languages ctos: 
debug2: languages stoc: 
debug2: first_kex_follows 0 
debug2: reserved 0 
debug2: peer server KEXINIT proposal
debug2: KEX algorithms: curve25519-sha256@libssh.org,ecdh-sha2-nistp256,ecdh-sha2-nistp384,ecdh-sha2-nistp521,diffie-hellman-group-exchange-sha256,diffie-hellman-group14-sha256,diffie-hellman-group16-sha512,diffie-hellman-group18-sha512,diffie-hellman-group-exchange-sha1,diffie-hellman-group14-sha1
debug2: host key algorithms: rsa-sha2-512,rsa-sha2-256,ssh-rsa,ecdsa-sha2-nistp256,ssh-ed25519
debug2: ciphers ctos: aes256-gcm@openssh.com,chacha20-poly1305@openssh.com,aes256-ctr,aes256-cbc,aes128-gcm@openssh.com,aes128-ctr,aes128-cbc
debug2: ciphers stoc: aes256-gcm@openssh.com,chacha20-poly1305@openssh.com,aes256-ctr,aes256-cbc,aes128-gcm@openssh.com,aes128-ctr,aes128-cbc
debug2: MACs ctos: hmac-sha2-256-etm@openssh.com,hmac-sha1-etm@openssh.com,umac-128-etm@openssh.com,hmac-sha2-512-etm@openssh.com,hmac-sha2-256,hmac-sha1,umac-128@openssh.com,hmac-sha2-512
debug2: MACs stoc: hmac-sha2-256-etm@openssh.com,hmac-sha1-etm@openssh.com,umac-128-etm@openssh.com,hmac-sha2-512-etm@openssh.com,hmac-sha2-256,hmac-sha1,umac-128@openssh.com,hmac-sha2-512
debug2: compression ctos: none,zlib@openssh.com
debug2: compression stoc: none,zlib@openssh.com
debug2: languages ctos: 
debug2: languages stoc: 
debug2: first_kex_follows 0 
debug2: reserved 0 
debug1: kex: algorithm: curve25519-sha256@libssh.org
debug1: kex: host key algorithm: ecdsa-sha2-nistp256
debug1: kex: server->client cipher: aes256-gcm@openssh.com MAC: <implicit> compression: zlib@openssh.com
debug1: kex: client->server cipher: aes256-gcm@openssh.com MAC: <implicit> compression: zlib@openssh.com
debug1: kex: curve25519-sha256@libssh.org need=32 dh_need=32
debug1: kex: curve25519-sha256@libssh.org need=32 dh_need=32
debug3: send packet: type 30
debug1: expecting SSH2_MSG_KEX_ECDH_REPLY
<<<

2020-03-03 12:25:58,322 p=11820 u=mark n=ansible |  11820 1583234758.32249: stderr chunk (state=3):
>>>debug3: receive packet: type 31
debug1: Server host key: ecdsa-sha2-nistp256 SHA256:Q7CNVU82MkBApRD+ZTx6G2HOnBlAe5sCBsEi92iDpxQ
debug3: hostkeys_foreach: reading file "/home/mark/.ssh/known_hosts"
debug3: record_hostkey: found key type ECDSA in file /home/mark/.ssh/known_hosts:10
debug3: load_hostkeys: loaded 1 keys from debian
debug3: hostkeys_foreach: reading file "/home/mark/.ssh/known_hosts"
debug3: record_hostkey: found key type ECDSA in file /home/mark/.ssh/known_hosts:3
debug3: load_hostkeys: loaded 1 keys from 10.80.80.121
debug1: Host 'debian' is known and matches the ECDSA host key.
debug1: Found key in /home/mark/.ssh/known_hosts:10
<<<

2020-03-03 12:25:58,323 p=11818 u=mark n=ansible |  11818 1583234758.32346: stderr chunk (state=3):
>>>debug3: receive packet: type 51
debug1: Authentications that can continue: publickey,gssapi-keyex,gssapi-with-mic,password
debug3: start over, passed a different list publickey,gssapi-keyex,gssapi-with-mic,password
debug3: preferred gssapi-with-mic,gssapi-keyex,hostbased,publickey
debug3: authmethod_lookup gssapi-with-mic
debug3: remaining preferred: gssapi-keyex,hostbased,publickey
debug3: authmethod_is_enabled gssapi-with-mic
debug1: Next authentication method: gssapi-with-mic
<<<

2020-03-03 12:25:58,328 p=11820 u=mark n=ansible |  11820 1583234758.32782: stderr chunk (state=3):
>>>debug3: send packet: type 21
debug2: set_newkeys: mode 1
debug1: rekey out after 4294967296 blocks
debug1: SSH2_MSG_NEWKEYS sent
debug1: expecting SSH2_MSG_NEWKEYS
debug3: receive packet: type 21
debug1: SSH2_MSG_NEWKEYS received
debug2: set_newkeys: mode 0
debug1: rekey in after 4294967296 blocks
debug1: Will attempt key: /home/mark/.ssh/id_rsa RSA SHA256:aUPgboo2qcZ7/3oRAQls/UxXvd8kP+xi/72G/L4HSlQ
debug1: Will attempt key: /home/mark/.ssh/id_dsa 
debug1: Will attempt key: /home/mark/.ssh/id_ecdsa 
debug1: Will attempt key: /home/mark/.ssh/id_ed25519 
debug1: Will attempt key: /home/mark/.ssh/id_xmss 
debug2: pubkey_prepare: done
debug3: send packet: type 5
debug3: receive packet: type 7
debug1: SSH2_MSG_EXT_INFO received
debug1: kex_input_ext_info: server-sig-algs=<ssh-ed25519,ssh-rsa,rsa-sha2-256,rsa-sha2-512,ssh-dss,ecdsa-sha2-nistp256,ecdsa-sha2-nistp384,ecdsa-sha2-nistp521>
<<<

2020-03-03 12:25:58,340 p=11818 u=mark n=ansible |  11818 1583234758.34048: stderr chunk (state=3):
>>>debug1: Unspecified GSS failure.  Minor code may provide more information
No Kerberos credentials available (default cache: KCM:)


<<<

2020-03-03 12:25:58,341 p=11817 u=mark n=ansible |  11817 1583234758.34091: stderr chunk (state=3):
>>>debug3: receive packet: type 31
debug1: Server host key: ecdsa-sha2-nistp256 SHA256:jl+7xw8W0bx2o0t/I2ZmlXjNCbw46k5+lg3qOLrdgM0
debug3: hostkeys_foreach: reading file "/home/mark/.ssh/known_hosts"
debug3: record_hostkey: found key type ECDSA in file /home/mark/.ssh/known_hosts:12
debug3: load_hostkeys: loaded 1 keys from rhel8
debug3: hostkeys_foreach: reading file "/home/mark/.ssh/known_hosts"
debug3: record_hostkey: found key type ECDSA in file /home/mark/.ssh/known_hosts:4
debug3: load_hostkeys: loaded 1 keys from 10.80.80.108
debug1: Host 'rhel8' is known and matches the ECDSA host key.
debug1: Found key in /home/mark/.ssh/known_hosts:12
<<<

2020-03-03 12:25:58,342 p=11816 u=mark n=ansible |  11816 1583234758.34213: stderr chunk (state=3):
>>>debug3: receive packet: type 6
debug2: service_accept: ssh-userauth
debug1: SSH2_MSG_SERVICE_ACCEPT received
debug3: send packet: type 50
<<<

2020-03-03 12:25:58,344 p=11816 u=mark n=ansible |  11816 1583234758.34443: stderr chunk (state=3):
>>>debug3: receive packet: type 51
debug1: Authentications that can continue: publickey,gssapi-keyex,gssapi-with-mic,password
debug3: start over, passed a different list publickey,gssapi-keyex,gssapi-with-mic,password
debug3: preferred gssapi-with-mic,gssapi-keyex,hostbased,publickey
debug3: authmethod_lookup gssapi-with-mic
debug3: remaining preferred: gssapi-keyex,hostbased,publickey
debug3: authmethod_is_enabled gssapi-with-mic
debug1: Next authentication method: gssapi-with-mic
<<<

2020-03-03 12:25:58,345 p=11817 u=mark n=ansible |  11817 1583234758.34533: stderr chunk (state=3):
>>>debug3: send packet: type 21
debug2: set_newkeys: mode 1
debug1: rekey out after 4294967296 blocks
debug1: SSH2_MSG_NEWKEYS sent
debug1: expecting SSH2_MSG_NEWKEYS
debug3: receive packet: type 21
debug1: SSH2_MSG_NEWKEYS received
debug2: set_newkeys: mode 0
debug1: rekey in after 4294967296 blocks
debug1: Will attempt key: /home/mark/.ssh/id_rsa RSA SHA256:aUPgboo2qcZ7/3oRAQls/UxXvd8kP+xi/72G/L4HSlQ
debug1: Will attempt key: /home/mark/.ssh/id_dsa 
debug1: Will attempt key: /home/mark/.ssh/id_ecdsa 
debug1: Will attempt key: /home/mark/.ssh/id_ed25519 
debug1: Will attempt key: /home/mark/.ssh/id_xmss 
debug2: pubkey_prepare: done
debug3: send packet: type 5
debug3: receive packet: type 7
debug1: SSH2_MSG_EXT_INFO received
debug1: kex_input_ext_info: server-sig-algs=<ssh-ed25519,ssh-rsa,rsa-sha2-256,rsa-sha2-512,ssh-dss,ecdsa-sha2-nistp256,ecdsa-sha2-nistp384,ecdsa-sha2-nistp521,null>
<<<

2020-03-03 12:25:58,354 p=11815 u=mark n=ansible |  11815 1583234758.35402: stderr chunk (state=3):
>>>debug3: receive packet: type 6
debug2: service_accept: ssh-userauth
debug1: SSH2_MSG_SERVICE_ACCEPT received
debug3: send packet: type 50
<<<

2020-03-03 12:25:58,363 p=11818 u=mark n=ansible |  11818 1583234758.36287: stderr chunk (state=3):
>>>debug1: Unspecified GSS failure.  Minor code may provide more information
No Kerberos credentials available (default cache: KCM:)


debug2: we did not send a packet, disable method
debug3: authmethod_lookup gssapi-keyex
debug3: remaining preferred: hostbased,publickey
debug3: authmethod_lookup publickey
debug3: remaining preferred: ,publickey
debug3: authmethod_is_enabled publickey
debug1: Next authentication method: publickey
debug1: Offering public key: /home/mark/.ssh/id_rsa RSA SHA256:aUPgboo2qcZ7/3oRAQls/UxXvd8kP+xi/72G/L4HSlQ
debug3: send packet: type 50
debug2: we sent a publickey packet, wait for reply
<<<

2020-03-03 12:25:58,365 p=11816 u=mark n=ansible |  11816 1583234758.36573: stderr chunk (state=3):
>>>debug1: Unspecified GSS failure.  Minor code may provide more information
No Kerberos credentials available (default cache: KCM:)


<<<

2020-03-03 12:25:58,366 p=11815 u=mark n=ansible |  11815 1583234758.36565: stderr chunk (state=3):
>>>debug3: receive packet: type 51
debug1: Authentications that can continue: publickey,gssapi-keyex,gssapi-with-mic,password
debug3: start over, passed a different list publickey,gssapi-keyex,gssapi-with-mic,password
debug3: preferred gssapi-with-mic,gssapi-keyex,hostbased,publickey
debug3: authmethod_lookup gssapi-with-mic
debug3: remaining preferred: gssapi-keyex,hostbased,publickey
debug3: authmethod_is_enabled gssapi-with-mic
debug1: Next authentication method: gssapi-with-mic
<<<

2020-03-03 12:25:58,376 p=11820 u=mark n=ansible |  11820 1583234758.37614: stderr chunk (state=3):
>>>debug3: receive packet: type 6
debug2: service_accept: ssh-userauth
debug1: SSH2_MSG_SERVICE_ACCEPT received
debug3: send packet: type 50
<<<

2020-03-03 12:25:58,376 p=11818 u=mark n=ansible |  11818 1583234758.37671: stderr chunk (state=3):
>>>debug3: receive packet: type 60
debug1: Server accepts key: /home/mark/.ssh/id_rsa RSA SHA256:aUPgboo2qcZ7/3oRAQls/UxXvd8kP+xi/72G/L4HSlQ
debug3: sign_and_send_pubkey: RSA SHA256:aUPgboo2qcZ7/3oRAQls/UxXvd8kP+xi/72G/L4HSlQ
debug3: sign_and_send_pubkey: signing using rsa-sha2-256
<<<

2020-03-03 12:25:58,380 p=11816 u=mark n=ansible |  11816 1583234758.38076: stderr chunk (state=3):
>>>debug1: Unspecified GSS failure.  Minor code may provide more information
No Kerberos credentials available (default cache: KCM:)


debug2: we did not send a packet, disable method
debug3: authmethod_lookup gssapi-keyex
debug3: remaining preferred: hostbased,publickey
debug3: authmethod_lookup publickey
debug3: remaining preferred: ,publickey
debug3: authmethod_is_enabled publickey
debug1: Next authentication method: publickey
debug1: Offering public key: /home/mark/.ssh/id_rsa RSA SHA256:aUPgboo2qcZ7/3oRAQls/UxXvd8kP+xi/72G/L4HSlQ
debug3: send packet: type 50
debug2: we sent a publickey packet, wait for reply
<<<

2020-03-03 12:25:58,381 p=11820 u=mark n=ansible |  11820 1583234758.38164: stderr chunk (state=3):
>>>debug3: receive packet: type 51
debug1: Authentications that can continue: publickey,password
debug3: start over, passed a different list publickey,password
debug3: preferred gssapi-with-mic,gssapi-keyex,hostbased,publickey
debug3: authmethod_lookup publickey
debug3: remaining preferred: ,gssapi-keyex,hostbased,publickey
debug3: authmethod_is_enabled publickey
debug1: Next authentication method: publickey
debug1: Offering public key: /home/mark/.ssh/id_rsa RSA SHA256:aUPgboo2qcZ7/3oRAQls/UxXvd8kP+xi/72G/L4HSlQ
debug3: send packet: type 50
debug2: we sent a publickey packet, wait for reply
<<<

2020-03-03 12:25:58,385 p=11818 u=mark n=ansible |  11818 1583234758.38554: stderr chunk (state=3):
>>>debug3: send packet: type 50
<<<

2020-03-03 12:25:58,387 p=11817 u=mark n=ansible |  11817 1583234758.38677: stderr chunk (state=3):
>>>debug3: receive packet: type 6
debug2: service_accept: ssh-userauth
debug1: SSH2_MSG_SERVICE_ACCEPT received
debug3: send packet: type 50
<<<

2020-03-03 12:25:58,391 p=11816 u=mark n=ansible |  11816 1583234758.39089: stderr chunk (state=3):
>>>debug3: receive packet: type 60
debug1: Server accepts key: /home/mark/.ssh/id_rsa RSA SHA256:aUPgboo2qcZ7/3oRAQls/UxXvd8kP+xi/72G/L4HSlQ
debug3: sign_and_send_pubkey: RSA SHA256:aUPgboo2qcZ7/3oRAQls/UxXvd8kP+xi/72G/L4HSlQ
debug3: sign_and_send_pubkey: signing using rsa-sha2-256
debug3: send packet: type 50
<<<

2020-03-03 12:25:58,392 p=11815 u=mark n=ansible |  11815 1583234758.39246: stderr chunk (state=3):
>>>debug1: Unspecified GSS failure.  Minor code may provide more information
No Kerberos credentials available (default cache: KCM:)


<<<

2020-03-03 12:25:58,399 p=11817 u=mark n=ansible |  11817 1583234758.39877: stderr chunk (state=3):
>>>debug3: receive packet: type 51
debug1: Authentications that can continue: publickey,gssapi-keyex,gssapi-with-mic,password
debug3: start over, passed a different list publickey,gssapi-keyex,gssapi-with-mic,password
debug3: preferred gssapi-with-mic,gssapi-keyex,hostbased,publickey
debug3: authmethod_lookup gssapi-with-mic
debug3: remaining preferred: gssapi-keyex,hostbased,publickey
debug3: authmethod_is_enabled gssapi-with-mic
debug1: Next authentication method: gssapi-with-mic
<<<

2020-03-03 12:25:58,401 p=11820 u=mark n=ansible |  11820 1583234758.40155: stderr chunk (state=3):
>>>debug3: receive packet: type 60
debug1: Server accepts key: /home/mark/.ssh/id_rsa RSA SHA256:aUPgboo2qcZ7/3oRAQls/UxXvd8kP+xi/72G/L4HSlQ
debug3: sign_and_send_pubkey: RSA SHA256:aUPgboo2qcZ7/3oRAQls/UxXvd8kP+xi/72G/L4HSlQ
debug3: sign_and_send_pubkey: signing using rsa-sha2-256
debug3: send packet: type 50
<<<

2020-03-03 12:25:58,405 p=11816 u=mark n=ansible |  11816 1583234758.40517: stderr chunk (state=3):
>>>debug3: receive packet: type 52
debug1: Enabling compression at level 6.
debug1: Authentication succeeded (publickey).
Authenticated to centos7 ([10.80.80.122]:22).
debug1: setting up multiplex master socket
debug3: muxserver_listen: temporary control path /home/mark/.ansible/cp/25a6c0e9bc.KFN645SYwAxuTs8L
debug2: fd 5 setting O_NONBLOCK
debug3: fd 5 is O_NONBLOCK
debug3: fd 5 is O_NONBLOCK
debug1: channel 0: new [/home/mark/.ansible/cp/25a6c0e9bc]
debug3: muxserver_listen: mux listener channel 0 fd 5
debug2: fd 4 setting TCP_NODELAY
debug3: ssh_packet_set_tos: set IP_TOS 0x20
debug1: control_persist_detach: backgrounding master process
debug2: control_persist_detach: background process is 11825
debug2: fd 5 setting O_NONBLOCK
<<<

2020-03-03 12:25:58,408 p=11816 u=mark n=ansible |  11816 1583234758.40866: stderr chunk (state=3):
>>>debug1: forking to background
<<<

2020-03-03 12:25:58,411 p=11816 u=mark n=ansible |  11816 1583234758.41076: stderr chunk (state=3):
>>>debug1: Entering interactive session.
debug1: pledge: id
debug2: set_control_persist_exit_time: schedule exit in 60 seconds
debug1: multiplexing control connection
debug2: fd 6 setting O_NONBLOCK
debug3: fd 6 is O_NONBLOCK
debug1: channel 1: new [mux-control]
debug3: channel_post_mux_listener: new mux channel 1 fd 6
debug3: mux_master_read_cb: channel 1: hello sent
debug2: set_control_persist_exit_time: cancel scheduled exit
debug3: mux_master_read_cb: channel 1 packet type 0x00000001 len 4
debug2: mux_master_process_hello: channel 1 slave version 4
<<<

2020-03-03 12:25:58,412 p=11820 u=mark n=ansible |  11820 1583234758.41208: stderr chunk (state=3):
>>>debug3: receive packet: type 52
debug1: Enabling compression at level 6.
debug1: Authentication succeeded (publickey).
Authenticated to debian ([10.80.80.121]:22).
debug1: setting up multiplex master socket
debug3: muxserver_listen: temporary control path /home/mark/.ansible/cp/64fc45c5ab.o8Q1CDceDoQaJWPt
debug2: fd 5 setting O_NONBLOCK
debug3: fd 5 is O_NONBLOCK
debug3: fd 5 is O_NONBLOCK
debug1: channel 0: new [/home/mark/.ansible/cp/64fc45c5ab]
debug3: muxserver_listen: mux listener channel 0 fd 5
debug2: fd 4 setting TCP_NODELAY
debug3: ssh_packet_set_tos: set IP_TOS 0x20
debug1: control_persist_detach: backgrounding master process
<<<

2020-03-03 12:25:58,412 p=11820 u=mark n=ansible |  11820 1583234758.41258: stderr chunk (state=3):
>>>debug2: control_persist_detach: background process is 11828
<<<

2020-03-03 12:25:58,412 p=11820 u=mark n=ansible |  11820 1583234758.41283: stderr chunk (state=3):
>>>debug2: fd 5 setting O_NONBLOCK
<<<

2020-03-03 12:25:58,413 p=11815 u=mark n=ansible |  11815 1583234758.41287: stderr chunk (state=3):
>>>debug1: Unspecified GSS failure.  Minor code may provide more information
No Kerberos credentials available (default cache: KCM:)


debug2: we did not send a packet, disable method
debug3: authmethod_lookup gssapi-keyex
debug3: remaining preferred: hostbased,publickey
debug3: authmethod_lookup publickey
debug3: remaining preferred: ,publickey
debug3: authmethod_is_enabled publickey
debug1: Next authentication method: publickey
debug1: Offering public key: /home/mark/.ssh/id_rsa RSA SHA256:aUPgboo2qcZ7/3oRAQls/UxXvd8kP+xi/72G/L4HSlQ
debug3: send packet: type 50
debug2: we sent a publickey packet, wait for reply
<<<

2020-03-03 12:25:58,413 p=11816 u=mark n=ansible |  11816 1583234758.41328: stderr chunk (state=3):
>>>debug2: mux_client_hello_exchange: master version 4
debug3: mux_client_forwards: request forwardings: 0 local, 0 remote
debug3: mux_client_request_session: entering
debug3: mux_client_request_alive: entering
<<<

2020-03-03 12:25:58,414 p=11816 u=mark n=ansible |  11816 1583234758.41431: stderr chunk (state=3):
>>>debug3: mux_master_read_cb: channel 1 packet type 0x10000004 len 4
debug2: mux_master_process_alive_check: channel 1: alive check
<<<

2020-03-03 12:25:58,416 p=11820 u=mark n=ansible |  11820 1583234758.41639: stderr chunk (state=3):
>>>debug1: forking to background
<<<

2020-03-03 12:25:58,418 p=11816 u=mark n=ansible |  11816 1583234758.41870: stderr chunk (state=3):
>>>debug3: mux_client_request_alive: done pid = 11827
debug3: mux_client_request_session: session request sent
<<<

2020-03-03 12:25:58,421 p=11818 u=mark n=ansible |  11818 1583234758.42039: stderr chunk (state=3):
>>>debug3: receive packet: type 52
debug1: Enabling compression at level 6.
debug1: Authentication succeeded (publickey).
Authenticated to fedora31 ([10.80.80.115]:22).
debug1: setting up multiplex master socket
debug3: muxserver_listen: temporary control path /home/mark/.ansible/cp/8ab42c853a.wa8W62K1eNxklaQq
debug2: fd 5 setting O_NONBLOCK
debug3: fd 5 is O_NONBLOCK
debug3: fd 5 is O_NONBLOCK
debug1: channel 0: new [/home/mark/.ansible/cp/8ab42c853a]
debug3: muxserver_listen: mux listener channel 0 fd 5
debug2: fd 4 setting TCP_NODELAY
debug3: ssh_packet_set_tos: set IP_TOS 0x20
debug1: control_persist_detach: backgrounding master process
debug2: control_persist_detach: background process is 11831
debug2: fd 5 setting O_NONBLOCK
<<<

2020-03-03 12:25:58,423 p=11815 u=mark n=ansible |  11815 1583234758.42360: stderr chunk (state=3):
>>>debug3: receive packet: type 60
debug1: Server accepts key: /home/mark/.ssh/id_rsa RSA SHA256:aUPgboo2qcZ7/3oRAQls/UxXvd8kP+xi/72G/L4HSlQ
debug3: sign_and_send_pubkey: RSA SHA256:aUPgboo2qcZ7/3oRAQls/UxXvd8kP+xi/72G/L4HSlQ
debug3: sign_and_send_pubkey: signing using rsa-sha2-256
<<<

2020-03-03 12:25:58,433 p=11817 u=mark n=ansible |  11817 1583234758.43304: stderr chunk (state=3):
>>>debug1: Unspecified GSS failure.  Minor code may provide more information
No Kerberos credentials available (default cache: KCM:)


<<<

2020-03-03 12:25:58,435 p=11816 u=mark n=ansible |  11816 1583234758.43478: stderr chunk (state=3):
>>>debug3: mux_master_read_cb: channel 1 packet type 0x10000002 len 107
debug2: mux_master_process_new_session: channel 1: request tty 0, X 0, agent 0, subsys 0, term "xterm-256color", cmd "/bin/sh -c 'echo ~sudoall && sleep 0'", env 1
debug3: mux_master_process_new_session: got fds stdin 7, stdout 8, stderr 9
debug2: fd 8 setting O_NONBLOCK
debug2: fd 9 setting O_NONBLOCK
debug1: channel 2: new [client-session]
debug2: mux_master_process_new_session: channel_new: 2 linked to control channel 1
debug2: channel 2: send open
debug3: send packet: type 90
<<<

2020-03-03 12:25:58,438 p=11818 u=mark n=ansible |  11818 1583234758.43672: stderr chunk (state=3):
>>>debug1: forking to background
debug1: Entering interactive session.
debug1: pledge: id
debug2: set_control_persist_exit_time: schedule exit in 60 seconds
debug1: multiplexing control connection
debug2: fd 6 setting O_NONBLOCK
debug3: fd 6 is O_NONBLOCK
debug1: channel 1: new [mux-control]
debug3: channel_post_mux_listener: new mux channel 1 fd 6
debug3: mux_master_read_cb: channel 1: hello sent
debug2: set_control_persist_exit_time: cancel scheduled exit
debug3: mux_master_read_cb: channel 1 packet type 0x00000001 len 4
debug2: mux_master_process_hello: channel 1 slave version 4
debug2: mux_client_hello_exchange: master version 4
debug3: mux_client_forwards: request forwardings: 0 local, 0 remote
debug3: mux_client_request_session: entering
debug3: mux_client_request_alive: entering
debug3: mux_master_read_cb: channel 1 packet type 0x10000004 len 4
debug2: mux_master_process_alive_check: channel 1: alive check
debug3: mux_client_request_alive: done pid = 11833
debug3: mux_client_request_session: session request sent
debug3: mux_master_read_cb: channel 1 packet type 0x10000002 len 107
debug2: mux_master_process_new_session: channel 1: request tty 0, X 0, agent 0, subsys 0, term "xterm-256color", cmd "/bin/sh -c 'echo ~sudoall && sleep 0'", env 1
debug3: mux_master_process_new_session: got fds stdin 7, stdout 8, stderr 9
debug2: fd 8 setting O_NONBLOCK
debug2: fd 9 setting O_NONBLOCK
debug1: channel 2: new [client-session]
debug2: mux_master_process_new_session: channel_new: 2 linked to control channel 1
debug2: channel 2: send open
debug3: send packet: type 90
<<<

2020-03-03 12:25:58,447 p=11815 u=mark n=ansible |  11815 1583234758.44743: stderr chunk (state=3):
>>>debug3: send packet: type 50
<<<

2020-03-03 12:25:58,448 p=11820 u=mark n=ansible |  11820 1583234758.44769: stderr chunk (state=3):
>>>debug1: Entering interactive session.
debug1: pledge: id
debug2: set_control_persist_exit_time: schedule exit in 60 seconds
debug1: multiplexing control connection
debug2: fd 6 setting O_NONBLOCK
debug3: fd 6 is O_NONBLOCK
debug1: channel 1: new [mux-control]
debug3: channel_post_mux_listener: new mux channel 1 fd 6
debug3: mux_master_read_cb: channel 1: hello sent
debug2: set_control_persist_exit_time: cancel scheduled exit
debug3: mux_master_read_cb: channel 1 packet type 0x00000001 len 4
debug2: mux_master_process_hello: channel 1 slave version 4
debug2: mux_client_hello_exchange: master version 4
debug3: mux_client_forwards: request forwardings: 0 local, 0 remote
debug3: mux_client_request_session: entering
debug3: mux_client_request_alive: entering
debug3: mux_master_read_cb: channel 1 packet type 0x10000004 len 4
debug2: mux_master_process_alive_check: channel 1: alive check
debug3: mux_client_request_alive: done pid = 11830
debug3: mux_client_request_session: session request sent
debug3: mux_master_read_cb: channel 1 packet type 0x10000002 len 107
debug2: mux_master_process_new_session: channel 1: request tty 0, X 0, agent 0, subsys 0, term "xterm-256color", cmd "/bin/sh -c 'echo ~sudoall && sleep 0'", env 1
debug3: mux_master_process_new_session: got fds stdin 7, stdout 8, stderr 9
debug2: fd 8 setting O_NONBLOCK
debug2: fd 9 setting O_NONBLOCK
debug1: channel 2: new [client-session]
debug2: mux_master_process_new_session: channel_new: 2 linked to control channel 1
debug2: channel 2: send open
debug3: send packet: type 90
<<<

2020-03-03 12:25:58,455 p=11817 u=mark n=ansible |  11817 1583234758.45501: stderr chunk (state=3):
>>>debug1: Unspecified GSS failure.  Minor code may provide more information
No Kerberos credentials available (default cache: KCM:)


debug2: we did not send a packet, disable method
debug3: authmethod_lookup gssapi-keyex
debug3: remaining preferred: hostbased,publickey
debug3: authmethod_lookup publickey
debug3: remaining preferred: ,publickey
debug3: authmethod_is_enabled publickey
debug1: Next authentication method: publickey
<<<

2020-03-03 12:25:58,455 p=11817 u=mark n=ansible |  11817 1583234758.45557: stderr chunk (state=3):
>>>debug1: Offering public key: /home/mark/.ssh/id_rsa RSA SHA256:aUPgboo2qcZ7/3oRAQls/UxXvd8kP+xi/72G/L4HSlQ
debug3: send packet: type 50
debug2: we sent a publickey packet, wait for reply
<<<

2020-03-03 12:25:58,460 p=11817 u=mark n=ansible |  11817 1583234758.46058: stderr chunk (state=3):
>>>debug3: receive packet: type 60
debug1: Server accepts key: /home/mark/.ssh/id_rsa RSA SHA256:aUPgboo2qcZ7/3oRAQls/UxXvd8kP+xi/72G/L4HSlQ
debug3: sign_and_send_pubkey: RSA SHA256:aUPgboo2qcZ7/3oRAQls/UxXvd8kP+xi/72G/L4HSlQ
<<<

2020-03-03 12:25:58,461 p=11817 u=mark n=ansible |  11817 1583234758.46101: stderr chunk (state=3):
>>>debug3: sign_and_send_pubkey: signing using rsa-sha2-256
<<<

2020-03-03 12:25:58,463 p=11815 u=mark n=ansible |  11815 1583234758.46319: stderr chunk (state=3):
>>>debug3: receive packet: type 52
debug1: Enabling compression at level 6.
debug1: Authentication succeeded (publickey).
Authenticated to centos8 ([10.80.80.135]:22).
debug1: setting up multiplex master socket
debug3: muxserver_listen: temporary control path /home/mark/.ansible/cp/63fb7345ee.6q9vcpVQK1fuii8S
debug2: fd 5 setting O_NONBLOCK
debug3: fd 5 is O_NONBLOCK
debug3: fd 5 is O_NONBLOCK
debug1: channel 0: new [/home/mark/.ansible/cp/63fb7345ee]
debug3: muxserver_listen: mux listener channel 0 fd 5
debug2: fd 4 setting TCP_NODELAY
debug3: ssh_packet_set_tos: set IP_TOS 0x20
debug1: control_persist_detach: backgrounding master process
debug2: control_persist_detach: background process is 11834
debug2: fd 5 setting O_NONBLOCK
<<<

2020-03-03 12:25:58,465 p=11815 u=mark n=ansible |  11815 1583234758.46519: stderr chunk (state=3):
>>>debug1: forking to background
<<<

2020-03-03 12:25:58,466 p=11815 u=mark n=ansible |  11815 1583234758.46628: stderr chunk (state=3):
>>>debug1: Entering interactive session.
debug1: pledge: id
debug2: set_control_persist_exit_time: schedule exit in 60 seconds
debug1: multiplexing control connection
debug2: fd 6 setting O_NONBLOCK
debug3: fd 6 is O_NONBLOCK
debug1: channel 1: new [mux-control]
debug3: channel_post_mux_listener: new mux channel 1 fd 6
debug3: mux_master_read_cb: channel 1: hello sent
debug2: set_control_persist_exit_time: cancel scheduled exit
debug3: mux_master_read_cb: channel 1 packet type 0x00000001 len 4
debug2: mux_master_process_hello: channel 1 slave version 4
<<<

2020-03-03 12:25:58,467 p=11815 u=mark n=ansible |  11815 1583234758.46698: stderr chunk (state=3):
>>>debug2: mux_client_hello_exchange: master version 4
debug3: mux_client_forwards: request forwardings: 0 local, 0 remote
debug3: mux_client_request_session: entering
debug3: mux_client_request_alive: entering
<<<

2020-03-03 12:25:58,468 p=11815 u=mark n=ansible |  11815 1583234758.46792: stderr chunk (state=3):
>>>debug3: mux_master_read_cb: channel 1 packet type 0x10000004 len 4
debug2: mux_master_process_alive_check: channel 1: alive check
debug3: mux_client_request_alive: done pid = 11836
debug3: mux_client_request_session: session request sent
<<<

2020-03-03 12:25:58,469 p=11815 u=mark n=ansible |  11815 1583234758.46974: stderr chunk (state=3):
>>>debug3: mux_master_read_cb: channel 1 packet type 0x10000002 len 107
debug2: mux_master_process_new_session: channel 1: request tty 0, X 0, agent 0, subsys 0, term "xterm-256color", cmd "/bin/sh -c 'echo ~sudoall && sleep 0'", env 1
debug3: mux_master_process_new_session: got fds stdin 7, stdout 8, stderr 9
debug2: fd 8 setting O_NONBLOCK
debug2: fd 9 setting O_NONBLOCK
debug1: channel 2: new [client-session]
debug2: mux_master_process_new_session: channel_new: 2 linked to control channel 1
debug2: channel 2: send open
debug3: send packet: type 90
<<<

2020-03-03 12:25:58,475 p=11817 u=mark n=ansible |  11817 1583234758.47469: stderr chunk (state=3):
>>>debug3: send packet: type 50
<<<

2020-03-03 12:25:58,493 p=11817 u=mark n=ansible |  11817 1583234758.49293: stderr chunk (state=3):
>>>debug3: receive packet: type 52
debug1: Enabling compression at level 6.
debug1: Authentication succeeded (publickey).
Authenticated to rhel8 ([10.80.80.108]:22).
debug1: setting up multiplex master socket
debug3: muxserver_listen: temporary control path /home/mark/.ansible/cp/c773ad9e8a.KBQzsIaNhWhb2ff1
<<<

2020-03-03 12:25:58,494 p=11817 u=mark n=ansible |  11817 1583234758.49399: stderr chunk (state=3):
>>>debug2: fd 5 setting O_NONBLOCK
debug3: fd 5 is O_NONBLOCK
debug3: fd 5 is O_NONBLOCK
debug1: channel 0: new [/home/mark/.ansible/cp/c773ad9e8a]
debug3: muxserver_listen: mux listener channel 0 fd 5
debug2: fd 4 setting TCP_NODELAY
debug3: ssh_packet_set_tos: set IP_TOS 0x20
debug1: control_persist_detach: backgrounding master process
debug2: control_persist_detach: background process is 11837
debug2: fd 5 setting O_NONBLOCK
<<<

2020-03-03 12:25:58,495 p=11817 u=mark n=ansible |  11817 1583234758.49501: stderr chunk (state=3):
>>>debug1: forking to background
debug1: Entering interactive session.
debug1: pledge: id
debug2: set_control_persist_exit_time: schedule exit in 60 seconds
debug1: multiplexing control connection
debug2: fd 6 setting O_NONBLOCK
debug3: fd 6 is O_NONBLOCK
debug1: channel 1: new [mux-control]
debug3: channel_post_mux_listener: new mux channel 1 fd 6
debug3: mux_master_read_cb: channel 1: hello sent
debug2: set_control_persist_exit_time: cancel scheduled exit
debug3: mux_master_read_cb: channel 1 packet type 0x00000001 len 4
debug2: mux_master_process_hello: channel 1 slave version 4
debug2: mux_client_hello_exchange: master version 4
debug3: mux_client_forwards: request forwardings: 0 local, 0 remote
debug3: mux_client_request_session: entering
debug3: mux_client_request_alive: entering
debug3: mux_master_read_cb: channel 1 packet type 0x10000004 len 4
debug2: mux_master_process_alive_check: channel 1: alive check
debug3: mux_client_request_alive: done pid = 11839
debug3: mux_client_request_session: session request sent
debug3: mux_master_read_cb: channel 1 packet type 0x10000002 len 107
debug2: mux_master_process_new_session: channel 1: request tty 0, X 0, agent 0, subsys 0, term "xterm-256color", cmd "/bin/sh -c 'echo ~sudoall && sleep 0'", env 1
debug3: mux_master_process_new_session: got fds stdin 7, stdout 8, stderr 9
debug2: fd 8 setting O_NONBLOCK
debug2: fd 9 setting O_NONBLOCK
debug1: channel 2: new [client-session]
debug2: mux_master_process_new_session: channel_new: 2 linked to control channel 1
debug2: channel 2: send open
debug3: send packet: type 90
<<<

2020-03-03 12:25:58,519 p=11820 u=mark n=ansible |  11820 1583234758.51907: stderr chunk (state=3):
>>>debug3: receive packet: type 80
debug1: client_input_global_request: rtype hostkeys-00@openssh.com want_reply 0
debug3: receive packet: type 4
debug1: Remote: /home/sudoall/.ssh/authorized_keys:1: key options: agent-forwarding port-forwarding pty user-rc x11-forwarding
<<<

2020-03-03 12:25:58,561 p=11820 u=mark n=ansible |  11820 1583234758.56174: stderr chunk (state=3):
>>>debug3: receive packet: type 4
debug1: Remote: /home/sudoall/.ssh/authorized_keys:1: key options: agent-forwarding port-forwarding pty user-rc x11-forwarding
debug3: receive packet: type 91
debug2: channel_input_open_confirmation: channel 2: callback start
<<<

2020-03-03 12:25:58,562 p=11820 u=mark n=ansible |  11820 1583234758.56227: stderr chunk (state=3):
>>>debug2: client_session2_setup: id 2
debug1: Sending environment.
debug1: Sending env LANG = en_US.UTF-8
debug2: channel 2: request env confirm 0
debug3: send packet: type 98
debug1: Sending command: /bin/sh -c 'echo ~sudoall && sleep 0'
debug2: channel 2: request exec confirm 1
debug3: send packet: type 98
debug3: mux_session_confirm: sending success reply
debug2: channel_input_open_confirmation: channel 2: callback done
debug2: channel 2: open confirm rwindow 0 rmax 32768
<<<

2020-03-03 12:25:58,564 p=11820 u=mark n=ansible |  11820 1583234758.56416: stderr chunk (state=3):
>>>debug2: channel 2: rcvd adjust 2097152
debug3: receive packet: type 99
debug2: channel_input_status_confirm: type 99 id 2
debug2: exec request accepted on channel 2
<<<

2020-03-03 12:25:58,567 p=11820 u=mark n=ansible |  11820 1583234758.56751: stdout chunk (state=3):
>>>/home/sudoall
<<<

2020-03-03 12:25:58,569 p=11820 u=mark n=ansible |  11820 1583234758.56894: stderr chunk (state=3):
>>>debug3: receive packet: type 98
debug1: client_input_channel_req: channel 2 rtype exit-status reply 0
debug3: mux_exit_message: channel 2: exit message, exitval 0
debug3: receive packet: type 98
<<<

2020-03-03 12:25:58,569 p=11820 u=mark n=ansible |  11820 1583234758.56946: stderr chunk (state=3):
>>>debug1: client_input_channel_req: channel 2 rtype eow@openssh.com reply 0
debug2: channel 2: rcvd eow
debug2: channel 2: chan_shutdown_read (i0 o0 sock -1 wfd 7 efd 9 [write])
debug2: channel 2: input open -> closed
debug3: receive packet: type 96
debug2: channel 2: rcvd eof
debug2: channel 2: output open -> drain
debug2: channel 2: obuf empty
debug2: channel 2: chan_shutdown_write (i3 o1 sock -1 wfd 8 efd 9 [write])
debug2: channel 2: output drain -> closed
debug3: receive packet: type 97
debug2: channel 2: rcvd close
debug3: channel 2: will not send data after close
debug2: channel 2: send close
debug3: send packet: type 97
debug2: channel 2: is dead
debug2: channel 2: gc: notify user
debug3: mux_master_session_cleanup_cb: entering for channel 2
debug2: channel 1: rcvd close
debug2: channel 1: output open -> drain
debug2: channel 1: chan_shutdown_read (i0 o1 sock 6 wfd 6 efd -1 [closed])
debug2: channel 1: input open -> closed
debug2: channel 2: gc: user detached
debug2: channel 2: is dead
debug2: channel 2: garbage collecting
debug1: channel 2: free: client-session, nchannels 3
debug3: channel 2: status: The following connections are open:
  #1 mux-control (t16 nr0 i3/0 o1/16 e[closed]/0 fd 6/6/-1 sock 6 cc -1)
  #2 client-session (t4 r0 i3/0 o3/0 e[write]/0 fd -1/-1/9 sock -1 cc -1)

<<<

2020-03-03 12:25:58,570 p=11820 u=mark n=ansible |  11820 1583234758.57016: stderr chunk (state=3):
>>>debug2: channel 1: obuf empty
debug2: channel 1: chan_shutdown_write (i3 o1 sock 6 wfd 6 efd -1 [closed])
debug2: channel 1: output drain -> closed
debug2: channel 1: is dead (local)
debug2: channel 1: gc: notify user
debug3: mux_master_control_cleanup_cb: entering for channel 1
debug2: channel 1: gc: user detached
debug2: channel 1: is dead (local)
debug2: channel 1: garbage collecting
debug1: channel 1: free: mux-control, nchannels 2
debug3: channel 1: status: The following connections are open:
  #1 mux-control (t16 nr0 i3/0 o3/0 e[closed]/0 fd 6/6/-1 sock 6 cc -1)

debug2: set_control_persist_exit_time: schedule exit in 60 seconds
debug3: mux_client_read_packet: read header failed: Broken pipe
debug2: Received exit status from master 0
<<<

2020-03-03 12:25:58,571 p=11820 u=mark n=ansible |  11820 1583234758.57146: stdout chunk (state=3):
>>><<<

2020-03-03 12:25:58,707 p=11818 u=mark n=ansible |  11818 1583234758.70685: stderr chunk (state=3):
>>>debug3: receive packet: type 80
debug1: client_input_global_request: rtype hostkeys-00@openssh.com want_reply 0
debug3: receive packet: type 4
debug1: Remote: /home/sudoall/.ssh/authorized_keys:1: key options: agent-forwarding port-forwarding pty user-rc x11-forwarding
<<<

2020-03-03 12:25:58,725 p=11816 u=mark n=ansible |  11816 1583234758.72554: stderr chunk (state=3):
>>>debug3: receive packet: type 80
debug1: client_input_global_request: rtype hostkeys-00@openssh.com want_reply 0
<<<

2020-03-03 12:25:58,747 p=11818 u=mark n=ansible |  11818 1583234758.74745: stderr chunk (state=3):
>>>debug3: receive packet: type 4
debug1: Remote: /home/sudoall/.ssh/authorized_keys:1: key options: agent-forwarding port-forwarding pty user-rc x11-forwarding
debug3: receive packet: type 91
debug2: channel_input_open_confirmation: channel 2: callback start
debug2: client_session2_setup: id 2
debug1: Sending environment.
debug1: Sending env LANG = en_US.UTF-8
debug2: channel 2: request env confirm 0
debug3: send packet: type 98
debug1: Sending command: /bin/sh -c 'echo ~sudoall && sleep 0'
debug2: channel 2: request exec confirm 1
debug3: send packet: type 98
debug3: mux_session_confirm: sending success reply
debug2: channel_input_open_confirmation: channel 2: callback done
debug2: channel 2: open confirm rwindow 0 rmax 32768
<<<

2020-03-03 12:25:58,757 p=11818 u=mark n=ansible |  11818 1583234758.75726: stderr chunk (state=3):
>>>debug2: channel 2: rcvd adjust 2097152
debug3: receive packet: type 99
debug2: channel_input_status_confirm: type 99 id 2
debug2: exec request accepted on channel 2
<<<

2020-03-03 12:25:58,766 p=11816 u=mark n=ansible |  11816 1583234758.76677: stderr chunk (state=3):
>>>debug3: receive packet: type 91
debug2: channel_input_open_confirmation: channel 2: callback start
debug2: client_session2_setup: id 2
debug1: Sending environment.
debug1: Sending env LANG = en_US.UTF-8
debug2: channel 2: request env confirm 0
debug3: send packet: type 98
debug1: Sending command: /bin/sh -c 'echo ~sudoall && sleep 0'
debug2: channel 2: request exec confirm 1
debug3: send packet: type 98
debug3: mux_session_confirm: sending success reply
debug2: channel_input_open_confirmation: channel 2: callback done
debug2: channel 2: open confirm rwindow 0 rmax 32768
<<<

2020-03-03 12:25:58,782 p=11818 u=mark n=ansible |  11818 1583234758.78198: stdout chunk (state=3):
>>>/home/sudoall
<<<

2020-03-03 12:25:58,783 p=11818 u=mark n=ansible |  11818 1583234758.78333: stderr chunk (state=3):
>>>debug3: receive packet: type 98
debug1: client_input_channel_req: channel 2 rtype exit-status reply 0
debug3: mux_exit_message: channel 2: exit message, exitval 0
debug3: receive packet: type 98
debug1: client_input_channel_req: channel 2 rtype eow@openssh.com reply 0
debug2: channel 2: rcvd eow
debug2: channel 2: chan_shutdown_read (i0 o0 sock -1 wfd 7 efd 9 [write])
debug2: channel 2: input open -> closed
debug3: receive packet: type 96
debug2: channel 2: rcvd eof
debug2: channel 2: output open -> drain
debug2: channel 2: obuf empty
debug2: channel 2: chan_shutdown_write (i3 o1 sock -1 wfd 8 efd 9 [write])
debug2: channel 2: output drain -> closed
debug3: receive packet: type 97
debug2: channel 2: rcvd close
debug3: channel 2: will not send data after close
<<<

2020-03-03 12:25:58,784 p=11818 u=mark n=ansible |  11818 1583234758.78384: stderr chunk (state=3):
>>>debug2: channel 2: send close
debug3: send packet: type 97
debug2: channel 2: is dead
debug2: channel 2: gc: notify user
debug3: mux_master_session_cleanup_cb: entering for channel 2
debug2: channel 1: rcvd close
debug2: channel 1: output open -> drain
debug2: channel 1: chan_shutdown_read (i0 o1 sock 6 wfd 6 efd -1 [closed])
debug2: channel 1: input open -> closed
debug2: channel 2: gc: user detached
debug2: channel 2: is dead
debug2: channel 2: garbage collecting
debug1: channel 2: free: client-session, nchannels 3
debug3: channel 2: status: The following connections are open:
  #1 mux-control (t16 nr0 i3/0 o1/16 e[closed]/0 fd 6/6/-1 sock 6 cc -1)
  #2 client-session (t4 r0 i3/0 o3/0 e[write]/0 fd -1/-1/9 sock -1 cc -1)

debug2: channel 1: obuf empty
debug2: channel 1: chan_shutdown_write (i3 o1 sock 6 wfd 6 efd -1 [closed])
debug2: channel 1: output drain -> closed
debug2: channel 1: is dead (local)
debug2: channel 1: gc: notify user
debug3: mux_master_control_cleanup_cb: entering for channel 1
debug2: channel 1: gc: user detached
debug2: channel 1: is dead (local)
debug2: channel 1: garbage collecting
debug1: channel 1: free: mux-control, nchannels 2
debug3: channel 1: status: The following connections are open:
  #1 mux-control (t16 nr0 i3/0 o3/0 e[closed]/0 fd 6/6/-1 sock 6 cc -1)

debug2: set_control_persist_exit_time: schedule exit in 60 seconds
debug3: mux_client_read_packet: read header failed: Broken pipe
debug2: Received exit status from master 0
<<<

2020-03-03 12:25:58,784 p=11818 u=mark n=ansible |  11818 1583234758.78463: stdout chunk (state=3):
>>><<<

2020-03-03 12:25:58,785 p=11815 u=mark n=ansible |  11815 1583234758.78508: stderr chunk (state=3):
>>>debug3: receive packet: type 80
debug1: client_input_global_request: rtype hostkeys-00@openssh.com want_reply 0
debug3: receive packet: type 4
debug1: Remote: /home/sudoall/.ssh/authorized_keys:1: key options: agent-forwarding port-forwarding pty user-rc x11-forwarding
<<<

2020-03-03 12:25:58,789 p=11816 u=mark n=ansible |  11816 1583234758.78894: stderr chunk (state=3):
>>>debug2: channel 2: rcvd adjust 2097152
debug3: receive packet: type 99
debug2: channel_input_status_confirm: type 99 id 2
debug2: exec request accepted on channel 2
<<<

2020-03-03 12:25:58,815 p=11817 u=mark n=ansible |  11817 1583234758.81545: stderr chunk (state=3):
>>>debug3: receive packet: type 80
debug1: client_input_global_request: rtype hostkeys-00@openssh.com want_reply 0
debug3: receive packet: type 4
debug1: Remote: /home/sudoall/.ssh/authorized_keys:1: key options: agent-forwarding port-forwarding pty user-rc x11-forwarding
<<<

2020-03-03 12:25:58,823 p=11816 u=mark n=ansible |  11816 1583234758.82302: stdout chunk (state=3):
>>>/home/sudoall
<<<

2020-03-03 12:25:58,825 p=11816 u=mark n=ansible |  11816 1583234758.82505: stderr chunk (state=3):
>>>debug3: receive packet: type 98
debug1: client_input_channel_req: channel 2 rtype exit-status reply 0
debug3: mux_exit_message: channel 2: exit message, exitval 0
debug3: receive packet: type 98
debug1: client_input_channel_req: channel 2 rtype eow@openssh.com reply 0
debug2: channel 2: rcvd eow
debug2: channel 2: chan_shutdown_read (i0 o0 sock -1 wfd 7 efd 9 [write])
debug2: channel 2: input open -> closed
debug3: receive packet: type 96
debug2: channel 2: rcvd eof
debug2: channel 2: output open -> drain
debug2: channel 2: obuf empty
debug2: channel 2: chan_shutdown_write (i3 o1 sock -1 wfd 8 efd 9 [write])
debug2: channel 2: output drain -> closed
debug3: receive packet: type 97
debug2: channel 2: rcvd close
debug3: channel 2: will not send data after close
debug2: channel 2: send close
debug3: send packet: type 97
debug2: channel 2: is dead
debug2: channel 2: gc: notify user
debug3: mux_master_session_cleanup_cb: entering for channel 2
debug2: channel 1: rcvd close
debug2: channel 1: output open -> drain
debug2: channel 1: chan_shutdown_read (i0 o1 sock 6 wfd 6 efd -1 [closed])
debug2: channel 1: input open -> closed
debug2: channel 2: gc: user detached
debug2: channel 2: is dead
debug2: channel 2: garbage collecting
debug1: channel 2: free: client-session, nchannels 3
debug3: channel 2: status: The following connections are open:
  #1 mux-control (t16 nr0 i3/0 o1/16 e[closed]/0 fd 6/6/-1 sock 6 cc -1)
  #2 client-session (t4 r0 i3/0 o3/0 e[write]/0 fd -1/-1/9 sock -1 cc -1)

<<<

2020-03-03 12:25:58,826 p=11816 u=mark n=ansible |  11816 1583234758.82610: stderr chunk (state=3):
>>>debug2: channel 1: obuf empty
debug2: channel 1: chan_shutdown_write (i3 o1 sock 6 wfd 6 efd -1 [closed])
debug2: channel 1: output drain -> closed
debug2: channel 1: is dead (local)
debug2: channel 1: gc: notify user
debug3: mux_master_control_cleanup_cb: entering for channel 1
debug2: channel 1: gc: user detached
debug2: channel 1: is dead (local)
debug2: channel 1: garbage collecting
debug1: channel 1: free: mux-control, nchannels 2
debug3: channel 1: status: The following connections are open:
  #1 mux-control (t16 nr0 i3/0 o3/0 e[closed]/0 fd 6/6/-1 sock 6 cc -1)

debug2: set_control_persist_exit_time: schedule exit in 60 seconds
<<<

2020-03-03 12:25:58,829 p=11815 u=mark n=ansible |  11815 1583234758.82895: stderr chunk (state=3):
>>>debug3: receive packet: type 4
debug1: Remote: /home/sudoall/.ssh/authorized_keys:1: key options: agent-forwarding port-forwarding pty user-rc x11-forwarding
debug3: receive packet: type 91
debug2: channel_input_open_confirmation: channel 2: callback start
debug2: client_session2_setup: id 2
debug1: Sending environment.
debug1: Sending env LANG = en_US.UTF-8
debug2: channel 2: request env confirm 0
debug3: send packet: type 98
debug1: Sending command: /bin/sh -c 'echo ~sudoall && sleep 0'
debug2: channel 2: request exec confirm 1
debug3: send packet: type 98
debug3: mux_session_confirm: sending success reply
debug2: channel_input_open_confirmation: channel 2: callback done
debug2: channel 2: open confirm rwindow 0 rmax 32768
<<<

2020-03-03 12:25:58,830 p=11816 u=mark n=ansible |  11816 1583234758.82981: stderr chunk (state=3):
>>>debug3: mux_client_read_packet: read header failed: Broken pipe
debug2: Received exit status from master 0
<<<

2020-03-03 12:25:58,830 p=11816 u=mark n=ansible |  11816 1583234758.83042: stdout chunk (state=3):
>>><<<

2020-03-03 12:25:58,836 p=11815 u=mark n=ansible |  11815 1583234758.83671: stderr chunk (state=3):
>>>debug2: channel 2: rcvd adjust 2097152
debug3: receive packet: type 99
debug2: channel_input_status_confirm: type 99 id 2
debug2: exec request accepted on channel 2
<<<

2020-03-03 12:25:58,856 p=11817 u=mark n=ansible |  11817 1583234758.85649: stderr chunk (state=3):
>>>debug3: receive packet: type 4
debug1: Remote: /home/sudoall/.ssh/authorized_keys:1: key options: agent-forwarding port-forwarding pty user-rc x11-forwarding
debug3: receive packet: type 91
debug2: channel_input_open_confirmation: channel 2: callback start
debug2: client_session2_setup: id 2
debug1: Sending environment.
debug1: Sending env LANG = en_US.UTF-8
debug2: channel 2: request env confirm 0
debug3: send packet: type 98
debug1: Sending command: /bin/sh -c 'echo ~sudoall && sleep 0'
debug2: channel 2: request exec confirm 1
debug3: send packet: type 98
debug3: mux_session_confirm: sending success reply
debug2: channel_input_open_confirmation: channel 2: callback done
debug2: channel 2: open confirm rwindow 0 rmax 32768
<<<

2020-03-03 12:25:58,860 p=11815 u=mark n=ansible |  11815 1583234758.86078: stderr chunk (state=3):
>>>debug3: receive packet: type 98
debug1: client_input_channel_req: channel 2 rtype exit-status reply 0
debug3: mux_exit_message: channel 2: exit message, exitval 0
debug3: receive packet: type 98
debug1: client_input_channel_req: channel 2 rtype eow@openssh.com reply 0
debug2: channel 2: rcvd eow
debug2: channel 2: chan_shutdown_read (i0 o0 sock -1 wfd 7 efd 9 [write])
debug2: channel 2: input open -> closed
debug3: receive packet: type 96
debug2: channel 2: rcvd eof
debug2: channel 2: output open -> drain
debug3: receive packet: type 97
debug2: channel 2: rcvd close
debug3: channel 2: will not send data after close
debug3: channel 2: will not send data after close
debug2: channel 2: obuf empty
debug2: channel 2: chan_shutdown_write (i3 o1 sock -1 wfd 8 efd 9 [write])
debug2: channel 2: output drain -> closed
debug2: channel 2: send close
debug3: send packet: type 97
debug2: channel 2: is dead
debug2: channel 2: gc: notify user
debug3: mux_master_session_cleanup_cb: entering for channel 2
debug2: channel 1: rcvd close
debug2: channel 1: output open -> drain
debug2: channel 1: chan_shutdown_read (i0 o1 sock 6 wfd 6 efd -1 [closed])
debug2: channel 1: input open -> closed
debug2: channel 2: gc: user detached
debug2: channel 2: is dead
debug2: channel 2: garbage collecting
debug1: channel 2: free: client-session, nchannels 3
debug3: channel 2: status: The following connections are open:
  #1 mux-control (t16 nr0 i3/0 o1/0 e[closed]/0 fd 6/6/-1 sock 6 cc -1)
  #2 client-session (t4 r0 i3/0 o3/0 e[write]/0 fd -1/-1/9 sock -1 cc -1)

debug2: channel 1: obuf empty
debug2: channel 1: chan_shutdown_write (i3 o1 sock 6 wfd 6 efd -1 [closed])
debug2: channel 1: output drain -> closed
debug2: channel 1: is dead (local)
debug2: channel 1: gc: notify user
debug3: mux_master_control_cleanup_cb: entering for channel 1
debug2: channel 1: gc: user detached
debug2: channel 1: is dead (local)
debug2: channel 1: garbage collecting
debug1: channel 1: free: mux-control, nchannels 2
debug3: channel 1: status: The following connections are open:
  #1 mux-control (t16 nr0 i3/0 o3/0 e[closed]/0 fd 6/6/-1 sock 6 cc -1)

debug2: set_control_persist_exit_time: schedule exit in 60 seconds
debug3: mux_client_read_packet: read header failed: Broken pipe
debug2: Received exit status from master 0
<<<

2020-03-03 12:25:58,861 p=11815 u=mark n=ansible |  11815 1583234758.86116: stdout chunk (state=3):
>>>/home/sudoall
<<<

2020-03-03 12:25:58,861 p=11815 u=mark n=ansible |  11815 1583234758.86145: stdout chunk (state=3):
>>><<<

2020-03-03 12:25:58,863 p=11815 u=mark n=ansible | <centos8> (0, b'/home/sudoall\n', b'OpenSSH_8.0p1, OpenSSL 1.1.1c FIPS  28 May 2019\r\ndebug1: Reading configuration data /etc/ssh/ssh_config\r\ndebug3: /etc/ssh/ssh_config line 51: Including file /etc/ssh/ssh_config.d/05-redhat.conf depth 0\r\ndebug1: Reading configuration data /etc/ssh/ssh_config.d/05-redhat.conf\r\ndebug2: checking match for \'final all\' host centos8 originally centos8\r\ndebug3: /etc/ssh/ssh_config.d/05-redhat.conf line 3: not matched \'final\'\r\ndebug2: match not found\r\ndebug3: /etc/ssh/ssh_config.d/05-redhat.conf line 5: Including file /etc/crypto-policies/back-ends/openssh.config depth 1 (parse only)\r\ndebug1: Reading configuration data /etc/crypto-policies/back-ends/openssh.config\r\ndebug3: gss kex names ok: [gss-gex-sha1-,gss-group14-sha1-]\r\ndebug3: kex names ok: [curve25519-sha256,curve25519-sha256@libssh.org,ecdh-sha2-nistp256,ecdh-sha2-nistp384,ecdh-sha2-nistp521,diffie-hellman-group-exchange-sha256,diffie-hellman-group14-sha256,diffie-hellman-group16-sha512,diffie-hellman-group18-sha512,diffie-hellman-group-exchange-sha1,diffie-hellman-group14-sha1]\r\ndebug1: configuration requests final Match pass\r\ndebug1: re-parsing configuration\r\ndebug1: Reading configuration data /etc/ssh/ssh_config\r\ndebug3: /etc/ssh/ssh_config line 51: Including file /etc/ssh/ssh_config.d/05-redhat.conf depth 0\r\ndebug1: Reading configuration data /etc/ssh/ssh_config.d/05-redhat.conf\r\ndebug2: checking match for \'final all\' host centos8 originally centos8\r\ndebug3: /etc/ssh/ssh_config.d/05-redhat.conf line 3: matched \'final\'\r\ndebug2: match found\r\ndebug3: /etc/ssh/ssh_config.d/05-redhat.conf line 5: Including file /etc/crypto-policies/back-ends/openssh.config depth 1\r\ndebug1: Reading configuration data /etc/crypto-policies/back-ends/openssh.config\r\ndebug3: gss kex names ok: [gss-gex-sha1-,gss-group14-sha1-]\r\ndebug3: kex names ok: [curve25519-sha256,curve25519-sha256@libssh.org,ecdh-sha2-nistp256,ecdh-sha2-nistp384,ecdh-sha2-nistp521,diffie-hellman-group-exchange-sha256,diffie-hellman-group14-sha256,diffie-hellman-group16-sha512,diffie-hellman-group18-sha512,diffie-hellman-group-exchange-sha1,diffie-hellman-group14-sha1]\r\ndebug1: auto-mux: Trying existing master\r\ndebug1: Control socket "/home/mark/.ansible/cp/63fb7345ee" does not exist\r\ndebug2: resolving "centos8" port 22\r\ndebug2: ssh_connect_direct\r\ndebug1: Connecting to centos8 [10.80.80.135] port 22.\r\ndebug2: fd 4 setting O_NONBLOCK\r\ndebug1: fd 4 clearing O_NONBLOCK\r\ndebug1: Connection established.\r\ndebug3: timeout: 9972 ms remain after connect\r\ndebug1: identity file /home/mark/.ssh/id_rsa type 0\r\ndebug1: identity file /home/mark/.ssh/id_rsa-cert type -1\r\ndebug1: identity file /home/mark/.ssh/id_dsa type -1\r\ndebug1: identity file /home/mark/.ssh/id_dsa-cert type -1\r\ndebug1: identity file /home/mark/.ssh/id_ecdsa type -1\r\ndebug1: identity file /home/mark/.ssh/id_ecdsa-cert type -1\r\ndebug1: identity file /home/mark/.ssh/id_ed25519 type -1\r\ndebug1: identity file /home/mark/.ssh/id_ed25519-cert type -1\r\ndebug1: identity file /home/mark/.ssh/id_xmss type -1\r\ndebug1: identity file /home/mark/.ssh/id_xmss-cert type -1\r\ndebug1: Local version string SSH-2.0-OpenSSH_8.0\r\ndebug1: Remote protocol version 2.0, remote software version OpenSSH_8.0\r\ndebug1: match: OpenSSH_8.0 pat OpenSSH* compat 0x04000000\r\ndebug2: fd 4 setting O_NONBLOCK\r\ndebug1: Authenticating to centos8:22 as \'sudoall\'\r\ndebug3: hostkeys_foreach: reading file "/home/mark/.ssh/known_hosts"\r\ndebug3: record_hostkey: found key type ECDSA in file /home/mark/.ssh/known_hosts:13\r\ndebug3: load_hostkeys: loaded 1 keys from centos8\r\ndebug3: order_hostkeyalgs: prefer hostkeyalgs: ecdsa-sha2-nistp256-cert-v01@openssh.com,ecdsa-sha2-nistp384-cert-v01@openssh.com,ecdsa-sha2-nistp521-cert-v01@openssh.com,ecdsa-sha2-nistp256,ecdsa-sha2-nistp384,ecdsa-sha2-nistp521\r\ndebug3: send packet: type 20\r\ndebug1: SSH2_MSG_KEXINIT sent\r\ndebug3: receive packet: type 20\r\ndebug1: SSH2_MSG_KEXINIT received\r\ndebug2: local client KEXINIT proposal\r\ndebug2: KEX algorithms: curve25519-sha256,curve25519-sha256@libssh.org,ecdh-sha2-nistp256,ecdh-sha2-nistp384,ecdh-sha2-nistp521,diffie-hellman-group-exchange-sha256,diffie-hellman-group14-sha256,diffie-hellman-group16-sha512,diffie-hellman-group18-sha512,diffie-hellman-group-exchange-sha1,diffie-hellman-group14-sha1,ext-info-c\r\ndebug2: host key algorithms: ecdsa-sha2-nistp256-cert-v01@openssh.com,ecdsa-sha2-nistp384-cert-v01@openssh.com,ecdsa-sha2-nistp521-cert-v01@openssh.com,ecdsa-sha2-nistp256,ecdsa-sha2-nistp384,ecdsa-sha2-nistp521,ssh-ed25519-cert-v01@openssh.com,rsa-sha2-512-cert-v01@openssh.com,rsa-sha2-256-cert-v01@openssh.com,ssh-rsa-cert-v01@openssh.com,ssh-ed25519,rsa-sha2-512,rsa-sha2-256,ssh-rsa\r\ndebug2: ciphers ctos: aes256-gcm@openssh.com,chacha20-poly1305@openssh.com,aes256-ctr,aes256-cbc,aes128-gcm@openssh.com,aes128-ctr,aes128-cbc\r\ndebug2: ciphers stoc: aes256-gcm@openssh.com,chacha20-poly1305@openssh.com,aes256-ctr,aes256-cbc,aes128-gcm@openssh.com,aes128-ctr,aes128-cbc\r\ndebug2: MACs ctos: hmac-sha2-256-etm@openssh.com,hmac-sha1-etm@openssh.com,umac-128-etm@openssh.com,hmac-sha2-512-etm@openssh.com,hmac-sha2-256,hmac-sha1,umac-128@openssh.com,hmac-sha2-512\r\ndebug2: MACs stoc: hmac-sha2-256-etm@openssh.com,hmac-sha1-etm@openssh.com,umac-128-etm@openssh.com,hmac-sha2-512-etm@openssh.com,hmac-sha2-256,hmac-sha1,umac-128@openssh.com,hmac-sha2-512\r\ndebug2: compression ctos: zlib@openssh.com,zlib,none\r\ndebug2: compression stoc: zlib@openssh.com,zlib,none\r\ndebug2: languages ctos: \r\ndebug2: languages stoc: \r\ndebug2: first_kex_follows 0 \r\ndebug2: reserved 0 \r\ndebug2: peer server KEXINIT proposal\r\ndebug2: KEX algorithms: curve25519-sha256,curve25519-sha256@libssh.org,ecdh-sha2-nistp256,ecdh-sha2-nistp384,ecdh-sha2-nistp521,diffie-hellman-group-exchange-sha256,diffie-hellman-group14-sha256,diffie-hellman-group16-sha512,diffie-hellman-group18-sha512,diffie-hellman-group-exchange-sha1,diffie-hellman-group14-sha1\r\ndebug2: host key algorithms: rsa-sha2-512,rsa-sha2-256,ssh-rsa,ecdsa-sha2-nistp256,ssh-ed25519\r\ndebug2: ciphers ctos: aes256-gcm@openssh.com,chacha20-poly1305@openssh.com,aes256-ctr,aes256-cbc,aes128-gcm@openssh.com,aes128-ctr,aes128-cbc\r\ndebug2: ciphers stoc: aes256-gcm@openssh.com,chacha20-poly1305@openssh.com,aes256-ctr,aes256-cbc,aes128-gcm@openssh.com,aes128-ctr,aes128-cbc\r\ndebug2: MACs ctos: hmac-sha2-256-etm@openssh.com,hmac-sha1-etm@openssh.com,umac-128-etm@openssh.com,hmac-sha2-512-etm@openssh.com,hmac-sha2-256,hmac-sha1,umac-128@openssh.com,hmac-sha2-512\r\ndebug2: MACs stoc: hmac-sha2-256-etm@openssh.com,hmac-sha1-etm@openssh.com,umac-128-etm@openssh.com,hmac-sha2-512-etm@openssh.com,hmac-sha2-256,hmac-sha1,umac-128@openssh.com,hmac-sha2-512\r\ndebug2: compression ctos: none,zlib@openssh.com\r\ndebug2: compression stoc: none,zlib@openssh.com\r\ndebug2: languages ctos: \r\ndebug2: languages stoc: \r\ndebug2: first_kex_follows 0 \r\ndebug2: reserved 0 \r\ndebug1: kex: algorithm: curve25519-sha256\r\ndebug1: kex: host key algorithm: ecdsa-sha2-nistp256\r\ndebug1: kex: server->client cipher: aes256-gcm@openssh.com MAC: <implicit> compression: zlib@openssh.com\r\ndebug1: kex: client->server cipher: aes256-gcm@openssh.com MAC: <implicit> compression: zlib@openssh.com\r\ndebug1: kex: curve25519-sha256 need=32 dh_need=32\r\ndebug1: kex: curve25519-sha256 need=32 dh_need=32\r\ndebug3: send packet: type 30\r\ndebug1: expecting SSH2_MSG_KEX_ECDH_REPLY\r\ndebug3: receive packet: type 31\r\ndebug1: Server host key: ecdsa-sha2-nistp256 SHA256:izjL5DHkyIS+J6M7UxHHI+9i/F4vTaQkrHvRXGUfjsk\r\ndebug3: hostkeys_foreach: reading file "/home/mark/.ssh/known_hosts"\r\ndebug3: record_hostkey: found key type ECDSA in file /home/mark/.ssh/known_hosts:13\r\ndebug3: load_hostkeys: loaded 1 keys from centos8\r\ndebug3: hostkeys_foreach: reading file "/home/mark/.ssh/known_hosts"\r\ndebug3: record_hostkey: found key type ECDSA in file /home/mark/.ssh/known_hosts:5\r\ndebug3: load_hostkeys: loaded 1 keys from 10.80.80.135\r\ndebug1: Host \'centos8\' is known and matches the ECDSA host key.\r\ndebug1: Found key in /home/mark/.ssh/known_hosts:13\r\ndebug3: send packet: type 21\r\ndebug2: set_newkeys: mode 1\r\ndebug1: rekey out after 4294967296 blocks\r\ndebug1: SSH2_MSG_NEWKEYS sent\r\ndebug1: expecting SSH2_MSG_NEWKEYS\r\ndebug3: receive packet: type 21\r\ndebug1: SSH2_MSG_NEWKEYS received\r\ndebug2: set_newkeys: mode 0\r\ndebug1: rekey in after 4294967296 blocks\r\ndebug1: Will attempt key: /home/mark/.ssh/id_rsa RSA SHA256:aUPgboo2qcZ7/3oRAQls/UxXvd8kP+xi/72G/L4HSlQ\r\ndebug1: Will attempt key: /home/mark/.ssh/id_dsa \r\ndebug1: Will attempt key: /home/mark/.ssh/id_ecdsa \r\ndebug1: Will attempt key: /home/mark/.ssh/id_ed25519 \r\ndebug1: Will attempt key: /home/mark/.ssh/id_xmss \r\ndebug2: pubkey_prepare: done\r\ndebug3: send packet: type 5\r\ndebug3: receive packet: type 7\r\ndebug1: SSH2_MSG_EXT_INFO received\r\ndebug1: kex_input_ext_info: server-sig-algs=<ssh-ed25519,ssh-rsa,rsa-sha2-256,rsa-sha2-512,ssh-dss,ecdsa-sha2-nistp256,ecdsa-sha2-nistp384,ecdsa-sha2-nistp521>\r\ndebug3: receive packet: type 6\r\ndebug2: service_accept: ssh-userauth\r\ndebug1: SSH2_MSG_SERVICE_ACCEPT received\r\ndebug3: send packet: type 50\r\ndebug3: receive packet: type 51\r\ndebug1: Authentications that can continue: publickey,gssapi-keyex,gssapi-with-mic,password\r\ndebug3: start over, passed a different list publickey,gssapi-keyex,gssapi-with-mic,password\r\ndebug3: preferred gssapi-with-mic,gssapi-keyex,hostbased,publickey\r\ndebug3: authmethod_lookup gssapi-with-mic\r\ndebug3: remaining preferred: gssapi-keyex,hostbased,publickey\r\ndebug3: authmethod_is_enabled gssapi-with-mic\r\ndebug1: Next authentication method: gssapi-with-mic\r\ndebug1: Unspecified GSS failure.  Minor code may provide more information\nNo Kerberos credentials available (default cache: KCM:)\n\n\r\ndebug1: Unspecified GSS failure.  Minor code may provide more information\nNo Kerberos credentials available (default cache: KCM:)\n\n\r\ndebug2: we did not send a packet, disable method\r\ndebug3: authmethod_lookup gssapi-keyex\r\ndebug3: remaining preferred: hostbased,publickey\r\ndebug3: authmethod_lookup publickey\r\ndebug3: remaining preferred: ,publickey\r\ndebug3: authmethod_is_enabled publickey\r\ndebug1: Next authentication method: publickey\r\ndebug1: Offering public key: /home/mark/.ssh/id_rsa RSA SHA256:aUPgboo2qcZ7/3oRAQls/UxXvd8kP+xi/72G/L4HSlQ\r\ndebug3: send packet: type 50\r\ndebug2: we sent a publickey packet, wait for reply\r\ndebug3: receive packet: type 60\r\ndebug1: Server accepts key: /home/mark/.ssh/id_rsa RSA SHA256:aUPgboo2qcZ7/3oRAQls/UxXvd8kP+xi/72G/L4HSlQ\r\ndebug3: sign_and_send_pubkey: RSA SHA256:aUPgboo2qcZ7/3oRAQls/UxXvd8kP+xi/72G/L4HSlQ\r\ndebug3: sign_and_send_pubkey: signing using rsa-sha2-256\r\ndebug3: send packet: type 50\r\ndebug3: receive packet: type 52\r\ndebug1: Enabling compression at level 6.\r\ndebug1: Authentication succeeded (publickey).\r\nAuthenticated to centos8 ([10.80.80.135]:22).\r\ndebug1: setting up multiplex master socket\r\ndebug3: muxserver_listen: temporary control path /home/mark/.ansible/cp/63fb7345ee.6q9vcpVQK1fuii8S\r\ndebug2: fd 5 setting O_NONBLOCK\r\ndebug3: fd 5 is O_NONBLOCK\r\ndebug3: fd 5 is O_NONBLOCK\r\ndebug1: channel 0: new [/home/mark/.ansible/cp/63fb7345ee]\r\ndebug3: muxserver_listen: mux listener channel 0 fd 5\r\ndebug2: fd 4 setting TCP_NODELAY\r\ndebug3: ssh_packet_set_tos: set IP_TOS 0x20\r\ndebug1: control_persist_detach: backgrounding master process\r\ndebug2: control_persist_detach: background process is 11834\r\ndebug2: fd 5 setting O_NONBLOCK\r\ndebug1: forking to background\r\ndebug1: Entering interactive session.\r\ndebug1: pledge: id\r\ndebug2: set_control_persist_exit_time: schedule exit in 60 seconds\r\ndebug1: multiplexing control connection\r\ndebug2: fd 6 setting O_NONBLOCK\r\ndebug3: fd 6 is O_NONBLOCK\r\ndebug1: channel 1: new [mux-control]\r\ndebug3: channel_post_mux_listener: new mux channel 1 fd 6\r\ndebug3: mux_master_read_cb: channel 1: hello sent\r\ndebug2: set_control_persist_exit_time: cancel scheduled exit\r\ndebug3: mux_master_read_cb: channel 1 packet type 0x00000001 len 4\r\ndebug2: mux_master_process_hello: channel 1 slave version 4\r\ndebug2: mux_client_hello_exchange: master version 4\r\ndebug3: mux_client_forwards: request forwardings: 0 local, 0 remote\r\ndebug3: mux_client_request_session: entering\r\ndebug3: mux_client_request_alive: entering\r\ndebug3: mux_master_read_cb: channel 1 packet type 0x10000004 len 4\r\ndebug2: mux_master_process_alive_check: channel 1: alive check\r\ndebug3: mux_client_request_alive: done pid = 11836\r\ndebug3: mux_client_request_session: session request sent\r\ndebug3: mux_master_read_cb: channel 1 packet type 0x10000002 len 107\r\ndebug2: mux_master_process_new_session: channel 1: request tty 0, X 0, agent 0, subsys 0, term "xterm-256color", cmd "/bin/sh -c \'echo ~sudoall && sleep 0\'", env 1\r\ndebug3: mux_master_process_new_session: got fds stdin 7, stdout 8, stderr 9\r\ndebug2: fd 8 setting O_NONBLOCK\r\ndebug2: fd 9 setting O_NONBLOCK\r\ndebug1: channel 2: new [client-session]\r\ndebug2: mux_master_process_new_session: channel_new: 2 linked to control channel 1\r\ndebug2: channel 2: send open\r\ndebug3: send packet: type 90\r\ndebug3: receive packet: type 80\r\ndebug1: client_input_global_request: rtype hostkeys-00@openssh.com want_reply 0\r\ndebug3: receive packet: type 4\r\ndebug1: Remote: /home/sudoall/.ssh/authorized_keys:1: key options: agent-forwarding port-forwarding pty user-rc x11-forwarding\r\ndebug3: receive packet: type 4\r\ndebug1: Remote: /home/sudoall/.ssh/authorized_keys:1: key options: agent-forwarding port-forwarding pty user-rc x11-forwarding\r\ndebug3: receive packet: type 91\r\ndebug2: channel_input_open_confirmation: channel 2: callback start\r\ndebug2: client_session2_setup: id 2\r\ndebug1: Sending environment.\r\ndebug1: Sending env LANG = en_US.UTF-8\r\ndebug2: channel 2: request env confirm 0\r\ndebug3: send packet: type 98\r\ndebug1: Sending command: /bin/sh -c \'echo ~sudoall && sleep 0\'\r\ndebug2: channel 2: request exec confirm 1\r\ndebug3: send packet: type 98\r\ndebug3: mux_session_confirm: sending success reply\r\ndebug2: channel_input_open_confirmation: channel 2: callback done\r\ndebug2: channel 2: open confirm rwindow 0 rmax 32768\r\ndebug2: channel 2: rcvd adjust 2097152\r\ndebug3: receive packet: type 99\r\ndebug2: channel_input_status_confirm: type 99 id 2\r\ndebug2: exec request accepted on channel 2\r\ndebug3: receive packet: type 98\r\ndebug1: client_input_channel_req: channel 2 rtype exit-status reply 0\r\ndebug3: mux_exit_message: channel 2: exit message, exitval 0\r\ndebug3: receive packet: type 98\r\ndebug1: client_input_channel_req: channel 2 rtype eow@openssh.com reply 0\r\ndebug2: channel 2: rcvd eow\r\ndebug2: channel 2: chan_shutdown_read (i0 o0 sock -1 wfd 7 efd 9 [write])\r\ndebug2: channel 2: input open -> closed\r\ndebug3: receive packet: type 96\r\ndebug2: channel 2: rcvd eof\r\ndebug2: channel 2: output open -> drain\r\ndebug3: receive packet: type 97\r\ndebug2: channel 2: rcvd close\r\ndebug3: channel 2: will not send data after close\r\ndebug3: channel 2: will not send data after close\r\ndebug2: channel 2: obuf empty\r\ndebug2: channel 2: chan_shutdown_write (i3 o1 sock -1 wfd 8 efd 9 [write])\r\ndebug2: channel 2: output drain -> closed\r\ndebug2: channel 2: send close\r\ndebug3: send packet: type 97\r\ndebug2: channel 2: is dead\r\ndebug2: channel 2: gc: notify user\r\ndebug3: mux_master_session_cleanup_cb: entering for channel 2\r\ndebug2: channel 1: rcvd close\r\ndebug2: channel 1: output open -> drain\r\ndebug2: channel 1: chan_shutdown_read (i0 o1 sock 6 wfd 6 efd -1 [closed])\r\ndebug2: channel 1: input open -> closed\r\ndebug2: channel 2: gc: user detached\r\ndebug2: channel 2: is dead\r\ndebug2: channel 2: garbage collecting\r\ndebug1: channel 2: free: client-session, nchannels 3\r\ndebug3: channel 2: status: The following connections are open:\r\n  #1 mux-control (t16 nr0 i3/0 o1/0 e[closed]/0 fd 6/6/-1 sock 6 cc -1)\r\n  #2 client-session (t4 r0 i3/0 o3/0 e[write]/0 fd -1/-1/9 sock -1 cc -1)\r\n\r\ndebug2: channel 1: obuf empty\r\ndebug2: channel 1: chan_shutdown_write (i3 o1 sock 6 wfd 6 efd -1 [closed])\r\ndebug2: channel 1: output drain -> closed\r\ndebug2: channel 1: is dead (local)\r\ndebug2: channel 1: gc: notify user\r\ndebug3: mux_master_control_cleanup_cb: entering for channel 1\r\ndebug2: channel 1: gc: user detached\r\ndebug2: channel 1: is dead (local)\r\ndebug2: channel 1: garbage collecting\r\ndebug1: channel 1: free: mux-control, nchannels 2\r\ndebug3: channel 1: status: The following connections are open:\r\n  #1 mux-control (t16 nr0 i3/0 o3/0 e[closed]/0 fd 6/6/-1 sock 6 cc -1)\r\n\r\ndebug2: set_control_persist_exit_time: schedule exit in 60 seconds\r\ndebug3: mux_client_read_packet: read header failed: Broken pipe\r\ndebug2: Received exit status from master 0\r\n')
2020-03-03 12:25:58,864 p=11815 u=mark n=ansible |  11815 1583234758.86358: _low_level_execute_command() done: rc=0, stdout=/home/sudoall
, stderr=OpenSSH_8.0p1, OpenSSL 1.1.1c FIPS  28 May 2019
debug1: Reading configuration data /etc/ssh/ssh_config
debug3: /etc/ssh/ssh_config line 51: Including file /etc/ssh/ssh_config.d/05-redhat.conf depth 0
debug1: Reading configuration data /etc/ssh/ssh_config.d/05-redhat.conf
debug2: checking match for 'final all' host centos8 originally centos8
debug3: /etc/ssh/ssh_config.d/05-redhat.conf line 3: not matched 'final'
debug2: match not found
debug3: /etc/ssh/ssh_config.d/05-redhat.conf line 5: Including file /etc/crypto-policies/back-ends/openssh.config depth 1 (parse only)
debug1: Reading configuration data /etc/crypto-policies/back-ends/openssh.config
debug3: gss kex names ok: [gss-gex-sha1-,gss-group14-sha1-]
debug3: kex names ok: [curve25519-sha256,curve25519-sha256@libssh.org,ecdh-sha2-nistp256,ecdh-sha2-nistp384,ecdh-sha2-nistp521,diffie-hellman-group-exchange-sha256,diffie-hellman-group14-sha256,diffie-hellman-group16-sha512,diffie-hellman-group18-sha512,diffie-hellman-group-exchange-sha1,diffie-hellman-group14-sha1]
debug1: configuration requests final Match pass
debug1: re-parsing configuration
debug1: Reading configuration data /etc/ssh/ssh_config
debug3: /etc/ssh/ssh_config line 51: Including file /etc/ssh/ssh_config.d/05-redhat.conf depth 0
debug1: Reading configuration data /etc/ssh/ssh_config.d/05-redhat.conf
debug2: checking match for 'final all' host centos8 originally centos8
debug3: /etc/ssh/ssh_config.d/05-redhat.conf line 3: matched 'final'
debug2: match found
debug3: /etc/ssh/ssh_config.d/05-redhat.conf line 5: Including file /etc/crypto-policies/back-ends/openssh.config depth 1
debug1: Reading configuration data /etc/crypto-policies/back-ends/openssh.config
debug3: gss kex names ok: [gss-gex-sha1-,gss-group14-sha1-]
debug3: kex names ok: [curve25519-sha256,curve25519-sha256@libssh.org,ecdh-sha2-nistp256,ecdh-sha2-nistp384,ecdh-sha2-nistp521,diffie-hellman-group-exchange-sha256,diffie-hellman-group14-sha256,diffie-hellman-group16-sha512,diffie-hellman-group18-sha512,diffie-hellman-group-exchange-sha1,diffie-hellman-group14-sha1]
debug1: auto-mux: Trying existing master
debug1: Control socket "/home/mark/.ansible/cp/63fb7345ee" does not exist
debug2: resolving "centos8" port 22
debug2: ssh_connect_direct
debug1: Connecting to centos8 [10.80.80.135] port 22.
debug2: fd 4 setting O_NONBLOCK
debug1: fd 4 clearing O_NONBLOCK
debug1: Connection established.
debug3: timeout: 9972 ms remain after connect
debug1: identity file /home/mark/.ssh/id_rsa type 0
debug1: identity file /home/mark/.ssh/id_rsa-cert type -1
debug1: identity file /home/mark/.ssh/id_dsa type -1
debug1: identity file /home/mark/.ssh/id_dsa-cert type -1
debug1: identity file /home/mark/.ssh/id_ecdsa type -1
debug1: identity file /home/mark/.ssh/id_ecdsa-cert type -1
debug1: identity file /home/mark/.ssh/id_ed25519 type -1
debug1: identity file /home/mark/.ssh/id_ed25519-cert type -1
debug1: identity file /home/mark/.ssh/id_xmss type -1
debug1: identity file /home/mark/.ssh/id_xmss-cert type -1
debug1: Local version string SSH-2.0-OpenSSH_8.0
debug1: Remote protocol version 2.0, remote software version OpenSSH_8.0
debug1: match: OpenSSH_8.0 pat OpenSSH* compat 0x04000000
debug2: fd 4 setting O_NONBLOCK
debug1: Authenticating to centos8:22 as 'sudoall'
debug3: hostkeys_foreach: reading file "/home/mark/.ssh/known_hosts"
debug3: record_hostkey: found key type ECDSA in file /home/mark/.ssh/known_hosts:13
debug3: load_hostkeys: loaded 1 keys from centos8
debug3: order_hostkeyalgs: prefer hostkeyalgs: ecdsa-sha2-nistp256-cert-v01@openssh.com,ecdsa-sha2-nistp384-cert-v01@openssh.com,ecdsa-sha2-nistp521-cert-v01@openssh.com,ecdsa-sha2-nistp256,ecdsa-sha2-nistp384,ecdsa-sha2-nistp521
debug3: send packet: type 20
debug1: SSH2_MSG_KEXINIT sent
debug3: receive packet: type 20
debug1: SSH2_MSG_KEXINIT received
debug2: local client KEXINIT proposal
debug2: KEX algorithms: curve25519-sha256,curve25519-sha256@libssh.org,ecdh-sha2-nistp256,ecdh-sha2-nistp384,ecdh-sha2-nistp521,diffie-hellman-group-exchange-sha256,diffie-hellman-group14-sha256,diffie-hellman-group16-sha512,diffie-hellman-group18-sha512,diffie-hellman-group-exchange-sha1,diffie-hellman-group14-sha1,ext-info-c
debug2: host key algorithms: ecdsa-sha2-nistp256-cert-v01@openssh.com,ecdsa-sha2-nistp384-cert-v01@openssh.com,ecdsa-sha2-nistp521-cert-v01@openssh.com,ecdsa-sha2-nistp256,ecdsa-sha2-nistp384,ecdsa-sha2-nistp521,ssh-ed25519-cert-v01@openssh.com,rsa-sha2-512-cert-v01@openssh.com,rsa-sha2-256-cert-v01@openssh.com,ssh-rsa-cert-v01@openssh.com,ssh-ed25519,rsa-sha2-512,rsa-sha2-256,ssh-rsa
debug2: ciphers ctos: aes256-gcm@openssh.com,chacha20-poly1305@openssh.com,aes256-ctr,aes256-cbc,aes128-gcm@openssh.com,aes128-ctr,aes128-cbc
debug2: ciphers stoc: aes256-gcm@openssh.com,chacha20-poly1305@openssh.com,aes256-ctr,aes256-cbc,aes128-gcm@openssh.com,aes128-ctr,aes128-cbc
debug2: MACs ctos: hmac-sha2-256-etm@openssh.com,hmac-sha1-etm@openssh.com,umac-128-etm@openssh.com,hmac-sha2-512-etm@openssh.com,hmac-sha2-256,hmac-sha1,umac-128@openssh.com,hmac-sha2-512
debug2: MACs stoc: hmac-sha2-256-etm@openssh.com,hmac-sha1-etm@openssh.com,umac-128-etm@openssh.com,hmac-sha2-512-etm@openssh.com,hmac-sha2-256,hmac-sha1,umac-128@openssh.com,hmac-sha2-512
debug2: compression ctos: zlib@openssh.com,zlib,none
debug2: compression stoc: zlib@openssh.com,zlib,none
debug2: languages ctos: 
debug2: languages stoc: 
debug2: first_kex_follows 0 
debug2: reserved 0 
debug2: peer server KEXINIT proposal
debug2: KEX algorithms: curve25519-sha256,curve25519-sha256@libssh.org,ecdh-sha2-nistp256,ecdh-sha2-nistp384,ecdh-sha2-nistp521,diffie-hellman-group-exchange-sha256,diffie-hellman-group14-sha256,diffie-hellman-group16-sha512,diffie-hellman-group18-sha512,diffie-hellman-group-exchange-sha1,diffie-hellman-group14-sha1
debug2: host key algorithms: rsa-sha2-512,rsa-sha2-256,ssh-rsa,ecdsa-sha2-nistp256,ssh-ed25519
debug2: ciphers ctos: aes256-gcm@openssh.com,chacha20-poly1305@openssh.com,aes256-ctr,aes256-cbc,aes128-gcm@openssh.com,aes128-ctr,aes128-cbc
debug2: ciphers stoc: aes256-gcm@openssh.com,chacha20-poly1305@openssh.com,aes256-ctr,aes256-cbc,aes128-gcm@openssh.com,aes128-ctr,aes128-cbc
debug2: MACs ctos: hmac-sha2-256-etm@openssh.com,hmac-sha1-etm@openssh.com,umac-128-etm@openssh.com,hmac-sha2-512-etm@openssh.com,hmac-sha2-256,hmac-sha1,umac-128@openssh.com,hmac-sha2-512
debug2: MACs stoc: hmac-sha2-256-etm@openssh.com,hmac-sha1-etm@openssh.com,umac-128-etm@openssh.com,hmac-sha2-512-etm@openssh.com,hmac-sha2-256,hmac-sha1,umac-128@openssh.com,hmac-sha2-512
debug2: compression ctos: none,zlib@openssh.com
debug2: compression stoc: none,zlib@openssh.com
debug2: languages ctos: 
debug2: languages stoc: 
debug2: first_kex_follows 0 
debug2: reserved 0 
debug1: kex: algorithm: curve25519-sha256
debug1: kex: host key algorithm: ecdsa-sha2-nistp256
debug1: kex: server->client cipher: aes256-gcm@openssh.com MAC: <implicit> compression: zlib@openssh.com
debug1: kex: client->server cipher: aes256-gcm@openssh.com MAC: <implicit> compression: zlib@openssh.com
debug1: kex: curve25519-sha256 need=32 dh_need=32
debug1: kex: curve25519-sha256 need=32 dh_need=32
debug3: send packet: type 30
debug1: expecting SSH2_MSG_KEX_ECDH_REPLY
debug3: receive packet: type 31
debug1: Server host key: ecdsa-sha2-nistp256 SHA256:izjL5DHkyIS+J6M7UxHHI+9i/F4vTaQkrHvRXGUfjsk
debug3: hostkeys_foreach: reading file "/home/mark/.ssh/known_hosts"
debug3: record_hostkey: found key type ECDSA in file /home/mark/.ssh/known_hosts:13
debug3: load_hostkeys: loaded 1 keys from centos8
debug3: hostkeys_foreach: reading file "/home/mark/.ssh/known_hosts"
debug3: record_hostkey: found key type ECDSA in file /home/mark/.ssh/known_hosts:5
debug3: load_hostkeys: loaded 1 keys from 10.80.80.135
debug1: Host 'centos8' is known and matches the ECDSA host key.
debug1: Found key in /home/mark/.ssh/known_hosts:13
debug3: send packet: type 21
debug2: set_newkeys: mode 1
debug1: rekey out after 4294967296 blocks
debug1: SSH2_MSG_NEWKEYS sent
debug1: expecting SSH2_MSG_NEWKEYS
debug3: receive packet: type 21
debug1: SSH2_MSG_NEWKEYS received
debug2: set_newkeys: mode 0
debug1: rekey in after 4294967296 blocks
debug1: Will attempt key: /home/mark/.ssh/id_rsa RSA SHA256:aUPgboo2qcZ7/3oRAQls/UxXvd8kP+xi/72G/L4HSlQ
debug1: Will attempt key: /home/mark/.ssh/id_dsa 
debug1: Will attempt key: /home/mark/.ssh/id_ecdsa 
debug1: Will attempt key: /home/mark/.ssh/id_ed25519 
debug1: Will attempt key: /home/mark/.ssh/id_xmss 
debug2: pubkey_prepare: done
debug3: send packet: type 5
debug3: receive packet: type 7
debug1: SSH2_MSG_EXT_INFO received
debug1: kex_input_ext_info: server-sig-algs=<ssh-ed25519,ssh-rsa,rsa-sha2-256,rsa-sha2-512,ssh-dss,ecdsa-sha2-nistp256,ecdsa-sha2-nistp384,ecdsa-sha2-nistp521>
debug3: receive packet: type 6
debug2: service_accept: ssh-userauth
debug1: SSH2_MSG_SERVICE_ACCEPT received
debug3: send packet: type 50
debug3: receive packet: type 51
debug1: Authentications that can continue: publickey,gssapi-keyex,gssapi-with-mic,password
debug3: start over, passed a different list publickey,gssapi-keyex,gssapi-with-mic,password
debug3: preferred gssapi-with-mic,gssapi-keyex,hostbased,publickey
debug3: authmethod_lookup gssapi-with-mic
debug3: remaining preferred: gssapi-keyex,hostbased,publickey
debug3: authmethod_is_enabled gssapi-with-mic
debug1: Next authentication method: gssapi-with-mic
debug1: Unspecified GSS failure.  Minor code may provide more information
No Kerberos credentials available (default cache: KCM:)


debug1: Unspecified GSS failure.  Minor code may provide more information
No Kerberos credentials available (default cache: KCM:)


debug2: we did not send a packet, disable method
debug3: authmethod_lookup gssapi-keyex
debug3: remaining preferred: hostbased,publickey
debug3: authmethod_lookup publickey
debug3: remaining preferred: ,publickey
debug3: authmethod_is_enabled publickey
debug1: Next authentication method: publickey
debug1: Offering public key: /home/mark/.ssh/id_rsa RSA SHA256:aUPgboo2qcZ7/3oRAQls/UxXvd8kP+xi/72G/L4HSlQ
debug3: send packet: type 50
debug2: we sent a publickey packet, wait for reply
debug3: receive packet: type 60
debug1: Server accepts key: /home/mark/.ssh/id_rsa RSA SHA256:aUPgboo2qcZ7/3oRAQls/UxXvd8kP+xi/72G/L4HSlQ
debug3: sign_and_send_pubkey: RSA SHA256:aUPgboo2qcZ7/3oRAQls/UxXvd8kP+xi/72G/L4HSlQ
debug3: sign_and_send_pubkey: signing using rsa-sha2-256
debug3: send packet: type 50
debug3: receive packet: type 52
debug1: Enabling compression at level 6.
debug1: Authentication succeeded (publickey).
Authenticated to centos8 ([10.80.80.135]:22).
debug1: setting up multiplex master socket
debug3: muxserver_listen: temporary control path /home/mark/.ansible/cp/63fb7345ee.6q9vcpVQK1fuii8S
debug2: fd 5 setting O_NONBLOCK
debug3: fd 5 is O_NONBLOCK
debug3: fd 5 is O_NONBLOCK
debug1: channel 0: new [/home/mark/.ansible/cp/63fb7345ee]
debug3: muxserver_listen: mux listener channel 0 fd 5
debug2: fd 4 setting TCP_NODELAY
debug3: ssh_packet_set_tos: set IP_TOS 0x20
debug1: control_persist_detach: backgrounding master process
debug2: control_persist_detach: background process is 11834
debug2: fd 5 setting O_NONBLOCK
debug1: forking to background
debug1: Entering interactive session.
debug1: pledge: id
debug2: set_control_persist_exit_time: schedule exit in 60 seconds
debug1: multiplexing control connection
debug2: fd 6 setting O_NONBLOCK
debug3: fd 6 is O_NONBLOCK
debug1: channel 1: new [mux-control]
debug3: channel_post_mux_listener: new mux channel 1 fd 6
debug3: mux_master_read_cb: channel 1: hello sent
debug2: set_control_persist_exit_time: cancel scheduled exit
debug3: mux_master_read_cb: channel 1 packet type 0x00000001 len 4
debug2: mux_master_process_hello: channel 1 slave version 4
debug2: mux_client_hello_exchange: master version 4
debug3: mux_client_forwards: request forwardings: 0 local, 0 remote
debug3: mux_client_request_session: entering
debug3: mux_client_request_alive: entering
debug3: mux_master_read_cb: channel 1 packet type 0x10000004 len 4
debug2: mux_master_process_alive_check: channel 1: alive check
debug3: mux_client_request_alive: done pid = 11836
debug3: mux_client_request_session: session request sent
debug3: mux_master_read_cb: channel 1 packet type 0x10000002 len 107
debug2: mux_master_process_new_session: channel 1: request tty 0, X 0, agent 0, subsys 0, term "xterm-256color", cmd "/bin/sh -c 'echo ~sudoall && sleep 0'", env 1
debug3: mux_master_process_new_session: got fds stdin 7, stdout 8, stderr 9
debug2: fd 8 setting O_NONBLOCK
debug2: fd 9 setting O_NONBLOCK
debug1: channel 2: new [client-session]
debug2: mux_master_process_new_session: channel_new: 2 linked to control channel 1
debug2: channel 2: send open
debug3: send packet: type 90
debug3: receive packet: type 80
debug1: client_input_global_request: rtype hostkeys-00@openssh.com want_reply 0
debug3: receive packet: type 4
debug1: Remote: /home/sudoall/.ssh/authorized_keys:1: key options: agent-forwarding port-forwarding pty user-rc x11-forwarding
debug3: receive packet: type 4
debug1: Remote: /home/sudoall/.ssh/authorized_keys:1: key options: agent-forwarding port-forwarding pty user-rc x11-forwarding
debug3: receive packet: type 91
debug2: channel_input_open_confirmation: channel 2: callback start
debug2: client_session2_setup: id 2
debug1: Sending environment.
debug1: Sending env LANG = en_US.UTF-8
debug2: channel 2: request env confirm 0
debug3: send packet: type 98
debug1: Sending command: /bin/sh -c 'echo ~sudoall && sleep 0'
debug2: channel 2: request exec confirm 1
debug3: send packet: type 98
debug3: mux_session_confirm: sending success reply
debug2: channel_input_open_confirmation: channel 2: callback done
debug2: channel 2: open confirm rwindow 0 rmax 32768
debug2: channel 2: rcvd adjust 2097152
debug3: receive packet: type 99
debug2: channel_input_status_confirm: type 99 id 2
debug2: exec request accepted on channel 2
debug3: receive packet: type 98
debug1: client_input_channel_req: channel 2 rtype exit-status reply 0
debug3: mux_exit_message: channel 2: exit message, exitval 0
debug3: receive packet: type 98
debug1: client_input_channel_req: channel 2 rtype eow@openssh.com reply 0
debug2: channel 2: rcvd eow
debug2: channel 2: chan_shutdown_read (i0 o0 sock -1 wfd 7 efd 9 [write])
debug2: channel 2: input open -> closed
debug3: receive packet: type 96
debug2: channel 2: rcvd eof
debug2: channel 2: output open -> drain
debug3: receive packet: type 97
debug2: channel 2: rcvd close
debug3: channel 2: will not send data after close
debug3: channel 2: will not send data after close
debug2: channel 2: obuf empty
debug2: channel 2: chan_shutdown_write (i3 o1 sock -1 wfd 8 efd 9 [write])
debug2: channel 2: output drain -> closed
debug2: channel 2: send close
debug3: send packet: type 97
debug2: channel 2: is dead
debug2: channel 2: gc: notify user
debug3: mux_master_session_cleanup_cb: entering for channel 2
debug2: channel 1: rcvd close
debug2: channel 1: output open -> drain
debug2: channel 1: chan_shutdown_read (i0 o1 sock 6 wfd 6 efd -1 [closed])
debug2: channel 1: input open -> closed
debug2: channel 2: gc: user detached
debug2: channel 2: is dead
debug2: channel 2: garbage collecting
debug1: channel 2: free: client-session, nchannels 3
debug3: channel 2: status: The following connections are open:
  #1 mux-control (t16 nr0 i3/0 o1/0 e[closed]/0 fd 6/6/-1 sock 6 cc -1)
  #2 client-session (t4 r0 i3/0 o3/0 e[write]/0 fd -1/-1/9 sock -1 cc -1)

debug2: channel 1: obuf empty
debug2: channel 1: chan_shutdown_write (i3 o1 sock 6 wfd 6 efd -1 [closed])
debug2: channel 1: output drain -> closed
debug2: channel 1: is dead (local)
debug2: channel 1: gc: notify user
debug3: mux_master_control_cleanup_cb: entering for channel 1
debug2: channel 1: gc: user detached
debug2: channel 1: is dead (local)
debug2: channel 1: garbage collecting
debug1: channel 1: free: mux-control, nchannels 2
debug3: channel 1: status: The following connections are open:
  #1 mux-control (t16 nr0 i3/0 o3/0 e[closed]/0 fd 6/6/-1 sock 6 cc -1)

debug2: set_control_persist_exit_time: schedule exit in 60 seconds
debug3: mux_client_read_packet: read header failed: Broken pipe
debug2: Received exit status from master 0

2020-03-03 12:25:58,865 p=11815 u=mark n=ansible |  11815 1583234758.86515: _low_level_execute_command(): starting
2020-03-03 12:25:58,865 p=11815 u=mark n=ansible |  11815 1583234758.86546: _low_level_execute_command(): executing: /bin/sh -c '( umask 77 && mkdir -p "` echo /home/sudoall/.ansible/tmp/ansible-tmp-1583234758.2018056-83559037572743 `" && echo ansible-tmp-1583234758.2018056-83559037572743="` echo /home/sudoall/.ansible/tmp/ansible-tmp-1583234758.2018056-83559037572743 `" ) && sleep 0'
2020-03-03 12:25:58,865 p=11815 u=mark n=ansible | <centos8> ESTABLISH SSH CONNECTION FOR USER: sudoall
2020-03-03 12:25:58,866 p=11815 u=mark n=ansible | <centos8> SSH: EXEC ssh -vvv -C -o ControlMaster=auto -o ControlPersist=60s -o StrictHostKeyChecking=no -o KbdInteractiveAuthentication=no -o PreferredAuthentications=gssapi-with-mic,gssapi-keyex,hostbased,publickey -o PasswordAuthentication=no -o 'User="sudoall"' -o ConnectTimeout=10 -o ControlPath=/home/mark/.ansible/cp/63fb7345ee centos8 '/bin/sh -c '"'"'( umask 77 && mkdir -p "` echo /home/sudoall/.ansible/tmp/ansible-tmp-1583234758.2018056-83559037572743 `" && echo ansible-tmp-1583234758.2018056-83559037572743="` echo /home/sudoall/.ansible/tmp/ansible-tmp-1583234758.2018056-83559037572743 `" ) && sleep 0'"'"''
2020-03-03 12:25:58,868 p=11817 u=mark n=ansible |  11817 1583234758.86449: stderr chunk (state=3):
>>>debug2: channel 2: rcvd adjust 2097152
debug3: receive packet: type 99
debug2: channel_input_status_confirm: type 99 id 2
debug2: exec request accepted on channel 2
<<<

2020-03-03 12:25:58,874 p=11815 u=mark n=ansible |  11815 1583234758.87382: stderr chunk (state=2):
>>>OpenSSH_8.0p1, OpenSSL 1.1.1c FIPS  28 May 2019
debug1: Reading configuration data /etc/ssh/ssh_config
debug3: /etc/ssh/ssh_config line 51: Including file /etc/ssh/ssh_config.d/05-redhat.conf depth 0
debug1: Reading configuration data /etc/ssh/ssh_config.d/05-redhat.conf
<<<

2020-03-03 12:25:58,874 p=11815 u=mark n=ansible |  11815 1583234758.87439: stderr chunk (state=3):
>>>debug2: checking match for 'final all' host centos8 originally centos8
debug3: /etc/ssh/ssh_config.d/05-redhat.conf line 3: not matched 'final'
debug2: match not found
debug3: /etc/ssh/ssh_config.d/05-redhat.conf line 5: Including file /etc/crypto-policies/back-ends/openssh.config depth 1 (parse only)
debug1: Reading configuration data /etc/crypto-policies/back-ends/openssh.config
debug3: gss kex names ok: [gss-gex-sha1-,gss-group14-sha1-]
debug3: kex names ok: [curve25519-sha256,curve25519-sha256@libssh.org,ecdh-sha2-nistp256,ecdh-sha2-nistp384,ecdh-sha2-nistp521,diffie-hellman-group-exchange-sha256,diffie-hellman-group14-sha256,diffie-hellman-group16-sha512,diffie-hellman-group18-sha512,diffie-hellman-group-exchange-sha1,diffie-hellman-group14-sha1]
debug1: configuration requests final Match pass
debug1: re-parsing configuration
debug1: Reading configuration data /etc/ssh/ssh_config
debug3: /etc/ssh/ssh_config line 51: Including file /etc/ssh/ssh_config.d/05-redhat.conf depth 0
debug1: Reading configuration data /etc/ssh/ssh_config.d/05-redhat.conf
debug2: checking match for 'final all' host centos8 originally centos8
debug3: /etc/ssh/ssh_config.d/05-redhat.conf line 3: matched 'final'
debug2: match found
debug3: /etc/ssh/ssh_config.d/05-redhat.conf line 5: Including file /etc/crypto-policies/back-ends/openssh.config depth 1
debug1: Reading configuration data /etc/crypto-policies/back-ends/openssh.config
debug3: gss kex names ok: [gss-gex-sha1-,gss-group14-sha1-]
debug3: kex names ok: [curve25519-sha256,curve25519-sha256@libssh.org,ecdh-sha2-nistp256,ecdh-sha2-nistp384,ecdh-sha2-nistp521,diffie-hellman-group-exchange-sha256,diffie-hellman-group14-sha256,diffie-hellman-group16-sha512,diffie-hellman-group18-sha512,diffie-hellman-group-exchange-sha1,diffie-hellman-group14-sha1]
debug1: auto-mux: Trying existing master
debug2: fd 4 setting O_NONBLOCK
<<<

2020-03-03 12:25:58,875 p=11815 u=mark n=ansible |  11815 1583234758.87544: stderr chunk (state=3):
>>>debug2: mux_client_hello_exchange: master version 4
debug3: mux_client_forwards: request forwardings: 0 local, 0 remote
debug3: mux_client_request_session: entering
debug3: mux_client_request_alive: entering
debug3: mux_client_request_alive: done pid = 11836
debug3: mux_client_request_session: session request sent
<<<

2020-03-03 12:25:58,889 p=11817 u=mark n=ansible |  11817 1583234758.88952: stderr chunk (state=3):
>>>debug3: receive packet: type 98
debug1: client_input_channel_req: channel 2 rtype exit-status reply 0
debug3: mux_exit_message: channel 2: exit message, exitval 0
debug3: receive packet: type 98
debug1: client_input_channel_req: channel 2 rtype eow@openssh.com reply 0
debug2: channel 2: rcvd eow
debug2: channel 2: chan_shutdown_read (i0 o0 sock -1 wfd 7 efd 9 [write])
debug2: channel 2: input open -> closed
debug3: receive packet: type 96
debug2: channel 2: rcvd eof
debug2: channel 2: output open -> drain
debug3: receive packet: type 97
debug2: channel 2: rcvd close
debug3: channel 2: will not send data after close
<<<

2020-03-03 12:25:58,890 p=11817 u=mark n=ansible |  11817 1583234758.89006: stderr chunk (state=3):
>>>debug3: channel 2: will not send data after close
debug2: channel 2: obuf empty
debug2: channel 2: chan_shutdown_write (i3 o1 sock -1 wfd 8 efd 9 [write])
debug2: channel 2: output drain -> closed
debug2: channel 2: send close
debug3: send packet: type 97
debug2: channel 2: is dead
debug2: channel 2: gc: notify user
debug3: mux_master_session_cleanup_cb: entering for channel 2
debug2: channel 1: rcvd close
debug2: channel 1: output open -> drain
debug2: channel 1: chan_shutdown_read (i0 o1 sock 6 wfd 6 efd -1 [closed])
debug2: channel 1: input open -> closed
debug2: channel 2: gc: user detached
debug2: channel 2: is dead
debug2: channel 2: garbage collecting
debug1: channel 2: free: client-session, nchannels 3
debug3: channel 2: status: The following connections are open:
  #1 mux-control (t16 nr0 i3/0 o1/0 e[closed]/0 fd 6/6/-1 sock 6 cc -1)
  #2 client-session (t4 r0 i3/0 o3/0 e[write]/0 fd -1/-1/9 sock -1 cc -1)

debug2: channel 1: obuf empty
debug2: channel 1: chan_shutdown_write (i3 o1 sock 6 wfd 6 efd -1 [closed])
debug2: channel 1: output drain -> closed
debug2: channel 1: is dead (local)
debug2: channel 1: gc: notify user
debug3: mux_master_control_cleanup_cb: entering for channel 1
debug2: channel 1: gc: user detached
debug2: channel 1: is dead (local)
debug2: channel 1: garbage collecting
debug1: channel 1: free: mux-control, nchannels 2
debug3: channel 1: status: The following connections are open:
  #1 mux-control (t16 nr0 i3/0 o3/0 e[closed]/0 fd 6/6/-1 sock 6 cc -1)

debug2: set_control_persist_exit_time: schedule exit in 60 seconds
debug3: mux_client_read_packet: read header failed: Broken pipe
debug2: Received exit status from master 0
<<<

2020-03-03 12:25:58,890 p=11817 u=mark n=ansible |  11817 1583234758.89050: stdout chunk (state=3):
>>>/home/sudoall
<<<

2020-03-03 12:25:58,891 p=11817 u=mark n=ansible |  11817 1583234758.89118: stdout chunk (state=3):
>>><<<

2020-03-03 12:25:58,935 p=11815 u=mark n=ansible |  11815 1583234758.93494: stdout chunk (state=3):
>>>ansible-tmp-1583234758.2018056-83559037572743=/home/sudoall/.ansible/tmp/ansible-tmp-1583234758.2018056-83559037572743
<<<

2020-03-03 12:25:58,937 p=11815 u=mark n=ansible |  11815 1583234758.93690: stderr chunk (state=3):
>>>debug3: mux_client_read_packet: read header failed: Broken pipe
debug2: Received exit status from master 0
<<<

2020-03-03 12:25:58,938 p=11815 u=mark n=ansible |  11815 1583234758.93786: stderr chunk (state=3):
>>><<<

2020-03-03 12:25:58,938 p=11815 u=mark n=ansible |  11815 1583234758.93814: stdout chunk (state=3):
>>><<<

2020-03-03 12:25:58,938 p=11815 u=mark n=ansible | <centos8> (0, b'ansible-tmp-1583234758.2018056-83559037572743=/home/sudoall/.ansible/tmp/ansible-tmp-1583234758.2018056-83559037572743\n', b"OpenSSH_8.0p1, OpenSSL 1.1.1c FIPS  28 May 2019\r\ndebug1: Reading configuration data /etc/ssh/ssh_config\r\ndebug3: /etc/ssh/ssh_config line 51: Including file /etc/ssh/ssh_config.d/05-redhat.conf depth 0\r\ndebug1: Reading configuration data /etc/ssh/ssh_config.d/05-redhat.conf\r\ndebug2: checking match for 'final all' host centos8 originally centos8\r\ndebug3: /etc/ssh/ssh_config.d/05-redhat.conf line 3: not matched 'final'\r\ndebug2: match not found\r\ndebug3: /etc/ssh/ssh_config.d/05-redhat.conf line 5: Including file /etc/crypto-policies/back-ends/openssh.config depth 1 (parse only)\r\ndebug1: Reading configuration data /etc/crypto-policies/back-ends/openssh.config\r\ndebug3: gss kex names ok: [gss-gex-sha1-,gss-group14-sha1-]\r\ndebug3: kex names ok: [curve25519-sha256,curve25519-sha256@libssh.org,ecdh-sha2-nistp256,ecdh-sha2-nistp384,ecdh-sha2-nistp521,diffie-hellman-group-exchange-sha256,diffie-hellman-group14-sha256,diffie-hellman-group16-sha512,diffie-hellman-group18-sha512,diffie-hellman-group-exchange-sha1,diffie-hellman-group14-sha1]\r\ndebug1: configuration requests final Match pass\r\ndebug1: re-parsing configuration\r\ndebug1: Reading configuration data /etc/ssh/ssh_config\r\ndebug3: /etc/ssh/ssh_config line 51: Including file /etc/ssh/ssh_config.d/05-redhat.conf depth 0\r\ndebug1: Reading configuration data /etc/ssh/ssh_config.d/05-redhat.conf\r\ndebug2: checking match for 'final all' host centos8 originally centos8\r\ndebug3: /etc/ssh/ssh_config.d/05-redhat.conf line 3: matched 'final'\r\ndebug2: match found\r\ndebug3: /etc/ssh/ssh_config.d/05-redhat.conf line 5: Including file /etc/crypto-policies/back-ends/openssh.config depth 1\r\ndebug1: Reading configuration data /etc/crypto-policies/back-ends/openssh.config\r\ndebug3: gss kex names ok: [gss-gex-sha1-,gss-group14-sha1-]\r\ndebug3: kex names ok: [curve25519-sha256,curve25519-sha256@libssh.org,ecdh-sha2-nistp256,ecdh-sha2-nistp384,ecdh-sha2-nistp521,diffie-hellman-group-exchange-sha256,diffie-hellman-group14-sha256,diffie-hellman-group16-sha512,diffie-hellman-group18-sha512,diffie-hellman-group-exchange-sha1,diffie-hellman-group14-sha1]\r\ndebug1: auto-mux: Trying existing master\r\ndebug2: fd 4 setting O_NONBLOCK\r\ndebug2: mux_client_hello_exchange: master version 4\r\ndebug3: mux_client_forwards: request forwardings: 0 local, 0 remote\r\ndebug3: mux_client_request_session: entering\r\ndebug3: mux_client_request_alive: entering\r\ndebug3: mux_client_request_alive: done pid = 11836\r\ndebug3: mux_client_request_session: session request sent\r\ndebug3: mux_client_read_packet: read header failed: Broken pipe\r\ndebug2: Received exit status from master 0\r\n")
2020-03-03 12:25:58,938 p=11815 u=mark n=ansible |  11815 1583234758.93869: _low_level_execute_command() done: rc=0, stdout=ansible-tmp-1583234758.2018056-83559037572743=/home/sudoall/.ansible/tmp/ansible-tmp-1583234758.2018056-83559037572743
, stderr=OpenSSH_8.0p1, OpenSSL 1.1.1c FIPS  28 May 2019
debug1: Reading configuration data /etc/ssh/ssh_config
debug3: /etc/ssh/ssh_config line 51: Including file /etc/ssh/ssh_config.d/05-redhat.conf depth 0
debug1: Reading configuration data /etc/ssh/ssh_config.d/05-redhat.conf
debug2: checking match for 'final all' host centos8 originally centos8
debug3: /etc/ssh/ssh_config.d/05-redhat.conf line 3: not matched 'final'
debug2: match not found
debug3: /etc/ssh/ssh_config.d/05-redhat.conf line 5: Including file /etc/crypto-policies/back-ends/openssh.config depth 1 (parse only)
debug1: Reading configuration data /etc/crypto-policies/back-ends/openssh.config
debug3: gss kex names ok: [gss-gex-sha1-,gss-group14-sha1-]
debug3: kex names ok: [curve25519-sha256,curve25519-sha256@libssh.org,ecdh-sha2-nistp256,ecdh-sha2-nistp384,ecdh-sha2-nistp521,diffie-hellman-group-exchange-sha256,diffie-hellman-group14-sha256,diffie-hellman-group16-sha512,diffie-hellman-group18-sha512,diffie-hellman-group-exchange-sha1,diffie-hellman-group14-sha1]
debug1: configuration requests final Match pass
debug1: re-parsing configuration
debug1: Reading configuration data /etc/ssh/ssh_config
debug3: /etc/ssh/ssh_config line 51: Including file /etc/ssh/ssh_config.d/05-redhat.conf depth 0
debug1: Reading configuration data /etc/ssh/ssh_config.d/05-redhat.conf
debug2: checking match for 'final all' host centos8 originally centos8
debug3: /etc/ssh/ssh_config.d/05-redhat.conf line 3: matched 'final'
debug2: match found
debug3: /etc/ssh/ssh_config.d/05-redhat.conf line 5: Including file /etc/crypto-policies/back-ends/openssh.config depth 1
debug1: Reading configuration data /etc/crypto-policies/back-ends/openssh.config
debug3: gss kex names ok: [gss-gex-sha1-,gss-group14-sha1-]
debug3: kex names ok: [curve25519-sha256,curve25519-sha256@libssh.org,ecdh-sha2-nistp256,ecdh-sha2-nistp384,ecdh-sha2-nistp521,diffie-hellman-group-exchange-sha256,diffie-hellman-group14-sha256,diffie-hellman-group16-sha512,diffie-hellman-group18-sha512,diffie-hellman-group-exchange-sha1,diffie-hellman-group14-sha1]
debug1: auto-mux: Trying existing master
debug2: fd 4 setting O_NONBLOCK
debug2: mux_client_hello_exchange: master version 4
debug3: mux_client_forwards: request forwardings: 0 local, 0 remote
debug3: mux_client_request_session: entering
debug3: mux_client_request_alive: entering
debug3: mux_client_request_alive: done pid = 11836
debug3: mux_client_request_session: session request sent
debug3: mux_client_read_packet: read header failed: Broken pipe
debug2: Received exit status from master 0

2020-03-03 12:25:58,966 p=11815 u=mark n=ansible |  11815 1583234758.96592: trying /usr/share/ansible/plugins/modules
2020-03-03 12:25:58,966 p=11815 u=mark n=ansible |  11815 1583234758.96624: trying /usr/lib/python3.6/site-packages/ansible/modules
2020-03-03 12:25:58,966 p=11815 u=mark n=ansible |  11815 1583234758.96659: trying /usr/lib/python3.6/site-packages/ansible/modules/__pycache__
2020-03-03 12:25:58,966 p=11815 u=mark n=ansible |  11815 1583234758.96675: trying /usr/lib/python3.6/site-packages/ansible/modules/cloud
2020-03-03 12:25:58,967 p=11815 u=mark n=ansible |  11815 1583234758.96719: trying /usr/lib/python3.6/site-packages/ansible/modules/clustering
2020-03-03 12:25:58,967 p=11815 u=mark n=ansible |  11815 1583234758.96753: trying /usr/lib/python3.6/site-packages/ansible/modules/commands
2020-03-03 12:25:58,968 p=11815 u=mark n=ansible |  11815 1583234758.96821: ANSIBALLZ: Using lock for command
2020-03-03 12:25:58,968 p=11815 u=mark n=ansible |  11815 1583234758.96834: ANSIBALLZ: Acquiring lock
2020-03-03 12:25:58,968 p=11815 u=mark n=ansible |  11815 1583234758.96849: ANSIBALLZ: Lock acquired: 140116993631904
2020-03-03 12:25:58,968 p=11815 u=mark n=ansible |  11815 1583234758.96860: ANSIBALLZ: Creating module
2020-03-03 12:25:59,137 p=11815 u=mark n=ansible |  11815 1583234759.13747: ANSIBALLZ: Writing module into payload
2020-03-03 12:25:59,138 p=11815 u=mark n=ansible |  11815 1583234759.13865: ANSIBALLZ: Writing module
2020-03-03 12:25:59,138 p=11815 u=mark n=ansible |  11815 1583234759.13890: ANSIBALLZ: Renaming module
2020-03-03 12:25:59,139 p=11815 u=mark n=ansible |  11815 1583234759.13904: ANSIBALLZ: Done creating module
2020-03-03 12:25:59,139 p=11815 u=mark n=ansible | <centos8> Attempting python interpreter discovery
2020-03-03 12:25:59,139 p=11815 u=mark n=ansible |  11815 1583234759.13950: _low_level_execute_command(): starting
2020-03-03 12:25:59,139 p=11815 u=mark n=ansible |  11815 1583234759.13964: _low_level_execute_command(): executing: /bin/sh -c 'echo PLATFORM; uname; echo FOUND; command -v '"'"'/usr/bin/python'"'"'; command -v '"'"'python3.7'"'"'; command -v '"'"'python3.6'"'"'; command -v '"'"'python3.5'"'"'; command -v '"'"'python2.7'"'"'; command -v '"'"'python2.6'"'"'; command -v '"'"'/usr/libexec/platform-python'"'"'; command -v '"'"'/usr/bin/python3'"'"'; command -v '"'"'python'"'"'; echo ENDFOUND && sleep 0'
2020-03-03 12:25:59,139 p=11815 u=mark n=ansible | <centos8> ESTABLISH SSH CONNECTION FOR USER: sudoall
2020-03-03 12:25:59,140 p=11815 u=mark n=ansible | <centos8> SSH: EXEC ssh -vvv -C -o ControlMaster=auto -o ControlPersist=60s -o StrictHostKeyChecking=no -o KbdInteractiveAuthentication=no -o PreferredAuthentications=gssapi-with-mic,gssapi-keyex,hostbased,publickey -o PasswordAuthentication=no -o 'User="sudoall"' -o ConnectTimeout=10 -o ControlPath=/home/mark/.ansible/cp/63fb7345ee centos8 '/bin/sh -c '"'"'echo PLATFORM; uname; echo FOUND; command -v '"'"'"'"'"'"'"'"'/usr/bin/python'"'"'"'"'"'"'"'"'; command -v '"'"'"'"'"'"'"'"'python3.7'"'"'"'"'"'"'"'"'; command -v '"'"'"'"'"'"'"'"'python3.6'"'"'"'"'"'"'"'"'; command -v '"'"'"'"'"'"'"'"'python3.5'"'"'"'"'"'"'"'"'; command -v '"'"'"'"'"'"'"'"'python2.7'"'"'"'"'"'"'"'"'; command -v '"'"'"'"'"'"'"'"'python2.6'"'"'"'"'"'"'"'"'; command -v '"'"'"'"'"'"'"'"'/usr/libexec/platform-python'"'"'"'"'"'"'"'"'; command -v '"'"'"'"'"'"'"'"'/usr/bin/python3'"'"'"'"'"'"'"'"'; command -v '"'"'"'"'"'"'"'"'python'"'"'"'"'"'"'"'"'; echo ENDFOUND && sleep 0'"'"''
2020-03-03 12:25:59,150 p=11815 u=mark n=ansible |  11815 1583234759.15057: stderr chunk (state=2):
>>>OpenSSH_8.0p1, OpenSSL 1.1.1c FIPS  28 May 2019
debug1: Reading configuration data /etc/ssh/ssh_config
<<<

2020-03-03 12:25:59,151 p=11815 u=mark n=ansible |  11815 1583234759.15112: stderr chunk (state=3):
>>>debug3: /etc/ssh/ssh_config line 51: Including file /etc/ssh/ssh_config.d/05-redhat.conf depth 0
debug1: Reading configuration data /etc/ssh/ssh_config.d/05-redhat.conf
debug2: checking match for 'final all' host centos8 originally centos8
debug3: /etc/ssh/ssh_config.d/05-redhat.conf line 3: not matched 'final'
debug2: match not found
debug3: /etc/ssh/ssh_config.d/05-redhat.conf line 5: Including file /etc/crypto-policies/back-ends/openssh.config depth 1 (parse only)
debug1: Reading configuration data /etc/crypto-policies/back-ends/openssh.config
debug3: gss kex names ok: [gss-gex-sha1-,gss-group14-sha1-]
debug3: kex names ok: [curve25519-sha256,curve25519-sha256@libssh.org,ecdh-sha2-nistp256,ecdh-sha2-nistp384,ecdh-sha2-nistp521,diffie-hellman-group-exchange-sha256,diffie-hellman-group14-sha256,diffie-hellman-group16-sha512,diffie-hellman-group18-sha512,diffie-hellman-group-exchange-sha1,diffie-hellman-group14-sha1]
debug1: configuration requests final Match pass
debug1: re-parsing configuration
debug1: Reading configuration data /etc/ssh/ssh_config
debug3: /etc/ssh/ssh_config line 51: Including file /etc/ssh/ssh_config.d/05-redhat.conf depth 0
debug1: Reading configuration data /etc/ssh/ssh_config.d/05-redhat.conf
debug2: checking match for 'final all' host centos8 originally centos8
debug3: /etc/ssh/ssh_config.d/05-redhat.conf line 3: matched 'final'
debug2: match found
debug3: /etc/ssh/ssh_config.d/05-redhat.conf line 5: Including file /etc/crypto-policies/back-ends/openssh.config depth 1
debug1: Reading configuration data /etc/crypto-policies/back-ends/openssh.config
debug3: gss kex names ok: [gss-gex-sha1-,gss-group14-sha1-]
debug3: kex names ok: [curve25519-sha256,curve25519-sha256@libssh.org,ecdh-sha2-nistp256,ecdh-sha2-nistp384,ecdh-sha2-nistp521,diffie-hellman-group-exchange-sha256,diffie-hellman-group14-sha256,diffie-hellman-group16-sha512,diffie-hellman-group18-sha512,diffie-hellman-group-exchange-sha1,diffie-hellman-group14-sha1]
<<<

2020-03-03 12:25:59,151 p=11815 u=mark n=ansible |  11815 1583234759.15153: stderr chunk (state=3):
>>>debug1: auto-mux: Trying existing master
<<<

2020-03-03 12:25:59,151 p=11815 u=mark n=ansible |  11815 1583234759.15168: stderr chunk (state=3):
>>>debug2: fd 4 setting O_NONBLOCK
<<<

2020-03-03 12:25:59,152 p=11815 u=mark n=ansible |  11815 1583234759.15220: stderr chunk (state=3):
>>>debug2: mux_client_hello_exchange: master version 4
debug3: mux_client_forwards: request forwardings: 0 local, 0 remote
debug3: mux_client_request_session: entering
debug3: mux_client_request_alive: entering
<<<

2020-03-03 12:25:59,152 p=11815 u=mark n=ansible |  11815 1583234759.15252: stderr chunk (state=3):
>>>debug3: mux_client_request_alive: done pid = 11836
debug3: mux_client_request_session: session request sent
<<<

2020-03-03 12:25:59,207 p=11815 u=mark n=ansible |  11815 1583234759.20769: stdout chunk (state=3):
>>>PLATFORM
<<<

2020-03-03 12:25:59,209 p=11815 u=mark n=ansible |  11815 1583234759.20888: stdout chunk (state=3):
>>>Linux
<<<

2020-03-03 12:25:59,209 p=11815 u=mark n=ansible |  11815 1583234759.20975: stdout chunk (state=3):
>>>FOUND
/usr/libexec/platform-python
ENDFOUND
<<<

2020-03-03 12:25:59,211 p=11815 u=mark n=ansible |  11815 1583234759.21170: stderr chunk (state=3):
>>>debug3: mux_client_read_packet: read header failed: Broken pipe
debug2: Received exit status from master 0
<<<

2020-03-03 12:25:59,212 p=11815 u=mark n=ansible |  11815 1583234759.21247: stderr chunk (state=3):
>>><<<

2020-03-03 12:25:59,212 p=11815 u=mark n=ansible |  11815 1583234759.21274: stdout chunk (state=3):
>>><<<

2020-03-03 12:25:59,213 p=11815 u=mark n=ansible | <centos8> (0, b'PLATFORM\nLinux\nFOUND\n/usr/libexec/platform-python\nENDFOUND\n', b"OpenSSH_8.0p1, OpenSSL 1.1.1c FIPS  28 May 2019\r\ndebug1: Reading configuration data /etc/ssh/ssh_config\r\ndebug3: /etc/ssh/ssh_config line 51: Including file /etc/ssh/ssh_config.d/05-redhat.conf depth 0\r\ndebug1: Reading configuration data /etc/ssh/ssh_config.d/05-redhat.conf\r\ndebug2: checking match for 'final all' host centos8 originally centos8\r\ndebug3: /etc/ssh/ssh_config.d/05-redhat.conf line 3: not matched 'final'\r\ndebug2: match not found\r\ndebug3: /etc/ssh/ssh_config.d/05-redhat.conf line 5: Including file /etc/crypto-policies/back-ends/openssh.config depth 1 (parse only)\r\ndebug1: Reading configuration data /etc/crypto-policies/back-ends/openssh.config\r\ndebug3: gss kex names ok: [gss-gex-sha1-,gss-group14-sha1-]\r\ndebug3: kex names ok: [curve25519-sha256,curve25519-sha256@libssh.org,ecdh-sha2-nistp256,ecdh-sha2-nistp384,ecdh-sha2-nistp521,diffie-hellman-group-exchange-sha256,diffie-hellman-group14-sha256,diffie-hellman-group16-sha512,diffie-hellman-group18-sha512,diffie-hellman-group-exchange-sha1,diffie-hellman-group14-sha1]\r\ndebug1: configuration requests final Match pass\r\ndebug1: re-parsing configuration\r\ndebug1: Reading configuration data /etc/ssh/ssh_config\r\ndebug3: /etc/ssh/ssh_config line 51: Including file /etc/ssh/ssh_config.d/05-redhat.conf depth 0\r\ndebug1: Reading configuration data /etc/ssh/ssh_config.d/05-redhat.conf\r\ndebug2: checking match for 'final all' host centos8 originally centos8\r\ndebug3: /etc/ssh/ssh_config.d/05-redhat.conf line 3: matched 'final'\r\ndebug2: match found\r\ndebug3: /etc/ssh/ssh_config.d/05-redhat.conf line 5: Including file /etc/crypto-policies/back-ends/openssh.config depth 1\r\ndebug1: Reading configuration data /etc/crypto-policies/back-ends/openssh.config\r\ndebug3: gss kex names ok: [gss-gex-sha1-,gss-group14-sha1-]\r\ndebug3: kex names ok: [curve25519-sha256,curve25519-sha256@libssh.org,ecdh-sha2-nistp256,ecdh-sha2-nistp384,ecdh-sha2-nistp521,diffie-hellman-group-exchange-sha256,diffie-hellman-group14-sha256,diffie-hellman-group16-sha512,diffie-hellman-group18-sha512,diffie-hellman-group-exchange-sha1,diffie-hellman-group14-sha1]\r\ndebug1: auto-mux: Trying existing master\r\ndebug2: fd 4 setting O_NONBLOCK\r\ndebug2: mux_client_hello_exchange: master version 4\r\ndebug3: mux_client_forwards: request forwardings: 0 local, 0 remote\r\ndebug3: mux_client_request_session: entering\r\ndebug3: mux_client_request_alive: entering\r\ndebug3: mux_client_request_alive: done pid = 11836\r\ndebug3: mux_client_request_session: session request sent\r\ndebug3: mux_client_read_packet: read header failed: Broken pipe\r\ndebug2: Received exit status from master 0\r\n")
2020-03-03 12:25:59,213 p=11815 u=mark n=ansible |  11815 1583234759.21346: _low_level_execute_command() done: rc=0, stdout=PLATFORM
Linux
FOUND
/usr/libexec/platform-python
ENDFOUND
, stderr=OpenSSH_8.0p1, OpenSSL 1.1.1c FIPS  28 May 2019
debug1: Reading configuration data /etc/ssh/ssh_config
debug3: /etc/ssh/ssh_config line 51: Including file /etc/ssh/ssh_config.d/05-redhat.conf depth 0
debug1: Reading configuration data /etc/ssh/ssh_config.d/05-redhat.conf
debug2: checking match for 'final all' host centos8 originally centos8
debug3: /etc/ssh/ssh_config.d/05-redhat.conf line 3: not matched 'final'
debug2: match not found
debug3: /etc/ssh/ssh_config.d/05-redhat.conf line 5: Including file /etc/crypto-policies/back-ends/openssh.config depth 1 (parse only)
debug1: Reading configuration data /etc/crypto-policies/back-ends/openssh.config
debug3: gss kex names ok: [gss-gex-sha1-,gss-group14-sha1-]
debug3: kex names ok: [curve25519-sha256,curve25519-sha256@libssh.org,ecdh-sha2-nistp256,ecdh-sha2-nistp384,ecdh-sha2-nistp521,diffie-hellman-group-exchange-sha256,diffie-hellman-group14-sha256,diffie-hellman-group16-sha512,diffie-hellman-group18-sha512,diffie-hellman-group-exchange-sha1,diffie-hellman-group14-sha1]
debug1: configuration requests final Match pass
debug1: re-parsing configuration
debug1: Reading configuration data /etc/ssh/ssh_config
debug3: /etc/ssh/ssh_config line 51: Including file /etc/ssh/ssh_config.d/05-redhat.conf depth 0
debug1: Reading configuration data /etc/ssh/ssh_config.d/05-redhat.conf
debug2: checking match for 'final all' host centos8 originally centos8
debug3: /etc/ssh/ssh_config.d/05-redhat.conf line 3: matched 'final'
debug2: match found
debug3: /etc/ssh/ssh_config.d/05-redhat.conf line 5: Including file /etc/crypto-policies/back-ends/openssh.config depth 1
debug1: Reading configuration data /etc/crypto-policies/back-ends/openssh.config
debug3: gss kex names ok: [gss-gex-sha1-,gss-group14-sha1-]
debug3: kex names ok: [curve25519-sha256,curve25519-sha256@libssh.org,ecdh-sha2-nistp256,ecdh-sha2-nistp384,ecdh-sha2-nistp521,diffie-hellman-group-exchange-sha256,diffie-hellman-group14-sha256,diffie-hellman-group16-sha512,diffie-hellman-group18-sha512,diffie-hellman-group-exchange-sha1,diffie-hellman-group14-sha1]
debug1: auto-mux: Trying existing master
debug2: fd 4 setting O_NONBLOCK
debug2: mux_client_hello_exchange: master version 4
debug3: mux_client_forwards: request forwardings: 0 local, 0 remote
debug3: mux_client_request_session: entering
debug3: mux_client_request_alive: entering
debug3: mux_client_request_alive: done pid = 11836
debug3: mux_client_request_session: session request sent
debug3: mux_client_read_packet: read header failed: Broken pipe
debug2: Received exit status from master 0

2020-03-03 12:25:59,213 p=11815 u=mark n=ansible |  11815 1583234759.21377 [centos8]: found interpreters: ['/usr/libexec/platform-python']
2020-03-03 12:25:59,214 p=11815 u=mark n=ansible |  11815 1583234759.21446: _low_level_execute_command(): starting
2020-03-03 12:25:59,214 p=11815 u=mark n=ansible |  11815 1583234759.21470: _low_level_execute_command(): executing: /bin/sh -c '/usr/libexec/platform-python && sleep 0'
2020-03-03 12:25:59,214 p=11815 u=mark n=ansible | <centos8> ESTABLISH SSH CONNECTION FOR USER: sudoall
2020-03-03 12:25:59,215 p=11815 u=mark n=ansible | <centos8> SSH: EXEC ssh -vvv -C -o ControlMaster=auto -o ControlPersist=60s -o StrictHostKeyChecking=no -o KbdInteractiveAuthentication=no -o PreferredAuthentications=gssapi-with-mic,gssapi-keyex,hostbased,publickey -o PasswordAuthentication=no -o 'User="sudoall"' -o ConnectTimeout=10 -o ControlPath=/home/mark/.ansible/cp/63fb7345ee centos8 '/bin/sh -c '"'"'/usr/libexec/platform-python && sleep 0'"'"''
2020-03-03 12:25:59,220 p=11815 u=mark n=ansible |  11815 1583234759.21997: Sending initial data
2020-03-03 12:25:59,220 p=11815 u=mark n=ansible |  11815 1583234759.22058: Sent initial data (1234 bytes)
2020-03-03 12:25:59,227 p=11815 u=mark n=ansible |  11815 1583234759.22781: stderr chunk (state=3):
>>>OpenSSH_8.0p1, OpenSSL 1.1.1c FIPS  28 May 2019
debug1: Reading configuration data /etc/ssh/ssh_config
<<<

2020-03-03 12:25:59,228 p=11815 u=mark n=ansible |  11815 1583234759.22814: stderr chunk (state=3):
>>>debug3: /etc/ssh/ssh_config line 51: Including file /etc/ssh/ssh_config.d/05-redhat.conf depth 0
debug1: Reading configuration data /etc/ssh/ssh_config.d/05-redhat.conf
debug2: checking match for 'final all' host centos8 originally centos8
debug3: /etc/ssh/ssh_config.d/05-redhat.conf line 3: not matched 'final'
debug2: match not found
debug3: /etc/ssh/ssh_config.d/05-redhat.conf line 5: Including file /etc/crypto-policies/back-ends/openssh.config depth 1 (parse only)
debug1: Reading configuration data /etc/crypto-policies/back-ends/openssh.config
debug3: gss kex names ok: [gss-gex-sha1-,gss-group14-sha1-]
debug3: kex names ok: [curve25519-sha256,curve25519-sha256@libssh.org,ecdh-sha2-nistp256,ecdh-sha2-nistp384,ecdh-sha2-nistp521,diffie-hellman-group-exchange-sha256,diffie-hellman-group14-sha256,diffie-hellman-group16-sha512,diffie-hellman-group18-sha512,diffie-hellman-group-exchange-sha1,diffie-hellman-group14-sha1]
<<<

2020-03-03 12:25:59,228 p=11815 u=mark n=ansible |  11815 1583234759.22834: stderr chunk (state=3):
>>>debug1: configuration requests final Match pass
debug1: re-parsing configuration
debug1: Reading configuration data /etc/ssh/ssh_config
debug3: /etc/ssh/ssh_config line 51: Including file /etc/ssh/ssh_config.d/05-redhat.conf depth 0
debug1: Reading configuration data /etc/ssh/ssh_config.d/05-redhat.conf
debug2: checking match for 'final all' host centos8 originally centos8
debug3: /etc/ssh/ssh_config.d/05-redhat.conf line 3: matched 'final'
debug2: match found
debug3: /etc/ssh/ssh_config.d/05-redhat.conf line 5: Including file /etc/crypto-policies/back-ends/openssh.config depth 1
debug1: Reading configuration data /etc/crypto-policies/back-ends/openssh.config
debug3: gss kex names ok: [gss-gex-sha1-,gss-group14-sha1-]
<<<

2020-03-03 12:25:59,228 p=11815 u=mark n=ansible |  11815 1583234759.22854: stderr chunk (state=3):
>>>debug3: kex names ok: [curve25519-sha256,curve25519-sha256@libssh.org,ecdh-sha2-nistp256,ecdh-sha2-nistp384,ecdh-sha2-nistp521,diffie-hellman-group-exchange-sha256,diffie-hellman-group14-sha256,diffie-hellman-group16-sha512,diffie-hellman-group18-sha512,diffie-hellman-group-exchange-sha1,diffie-hellman-group14-sha1]
<<<

2020-03-03 12:25:59,229 p=11815 u=mark n=ansible |  11815 1583234759.22923: stderr chunk (state=3):
>>>debug1: auto-mux: Trying existing master
debug2: fd 4 setting O_NONBLOCK
debug2: mux_client_hello_exchange: master version 4
debug3: mux_client_forwards: request forwardings: 0 local, 0 remote
debug3: mux_client_request_session: entering
debug3: mux_client_request_alive: entering
debug3: mux_client_request_alive: done pid = 11836
<<<

2020-03-03 12:25:59,229 p=11815 u=mark n=ansible |  11815 1583234759.22955: stderr chunk (state=3):
>>>debug3: mux_client_request_session: session request sent
<<<

2020-03-03 12:25:59,355 p=11815 u=mark n=ansible |  11815 1583234759.35534: stdout chunk (state=3):
>>>{"platform_dist_result": ["centos", "8.1.1911", "Core"], "osrelease_content": "NAME=\"CentOS Linux\"\nVERSION=\"8 (Core)\"\nID=\"centos\"\nID_LIKE=\"rhel fedora\"\nVERSION_ID=\"8\"\nPLATFORM_ID=\"platform:el8\"\nPRETTY_NAME=\"CentOS Linux 8 (Core)\"\nANSI_COLOR=\"0;31\"\nCPE_NAME=\"cpe:/o:centos:centos:8\"\nHOME_URL=\"https://www.centos.org/\"\nBUG_REPORT_URL=\"https://bugs.centos.org/\"\n\nCENTOS_MANTISBT_PROJECT=\"CentOS-8\"\nCENTOS_MANTISBT_PROJECT_VERSION=\"8\"\nREDHAT_SUPPORT_PRODUCT=\"centos\"\nREDHAT_SUPPORT_PRODUCT_VERSION=\"8\"\n\n"}
<<<

2020-03-03 12:25:59,357 p=11815 u=mark n=ansible |  11815 1583234759.35685: stderr chunk (state=3):
>>>debug3: mux_client_read_packet: read header failed: Broken pipe
debug2: Received exit status from master 0
<<<

2020-03-03 12:25:59,358 p=11815 u=mark n=ansible |  11815 1583234759.35773: stderr chunk (state=3):
>>><<<

2020-03-03 12:25:59,358 p=11815 u=mark n=ansible |  11815 1583234759.35825: stdout chunk (state=3):
>>><<<

2020-03-03 12:25:59,359 p=11815 u=mark n=ansible | <centos8> (0, b'{"platform_dist_result": ["centos", "8.1.1911", "Core"], "osrelease_content": "NAME=\\"CentOS Linux\\"\\nVERSION=\\"8 (Core)\\"\\nID=\\"centos\\"\\nID_LIKE=\\"rhel fedora\\"\\nVERSION_ID=\\"8\\"\\nPLATFORM_ID=\\"platform:el8\\"\\nPRETTY_NAME=\\"CentOS Linux 8 (Core)\\"\\nANSI_COLOR=\\"0;31\\"\\nCPE_NAME=\\"cpe:/o:centos:centos:8\\"\\nHOME_URL=\\"https://www.centos.org/\\"\\nBUG_REPORT_URL=\\"https://bugs.centos.org/\\"\\n\\nCENTOS_MANTISBT_PROJECT=\\"CentOS-8\\"\\nCENTOS_MANTISBT_PROJECT_VERSION=\\"8\\"\\nREDHAT_SUPPORT_PRODUCT=\\"centos\\"\\nREDHAT_SUPPORT_PRODUCT_VERSION=\\"8\\"\\n\\n"}\n', b"OpenSSH_8.0p1, OpenSSL 1.1.1c FIPS  28 May 2019\r\ndebug1: Reading configuration data /etc/ssh/ssh_config\r\ndebug3: /etc/ssh/ssh_config line 51: Including file /etc/ssh/ssh_config.d/05-redhat.conf depth 0\r\ndebug1: Reading configuration data /etc/ssh/ssh_config.d/05-redhat.conf\r\ndebug2: checking match for 'final all' host centos8 originally centos8\r\ndebug3: /etc/ssh/ssh_config.d/05-redhat.conf line 3: not matched 'final'\r\ndebug2: match not found\r\ndebug3: /etc/ssh/ssh_config.d/05-redhat.conf line 5: Including file /etc/crypto-policies/back-ends/openssh.config depth 1 (parse only)\r\ndebug1: Reading configuration data /etc/crypto-policies/back-ends/openssh.config\r\ndebug3: gss kex names ok: [gss-gex-sha1-,gss-group14-sha1-]\r\ndebug3: kex names ok: [curve25519-sha256,curve25519-sha256@libssh.org,ecdh-sha2-nistp256,ecdh-sha2-nistp384,ecdh-sha2-nistp521,diffie-hellman-group-exchange-sha256,diffie-hellman-group14-sha256,diffie-hellman-group16-sha512,diffie-hellman-group18-sha512,diffie-hellman-group-exchange-sha1,diffie-hellman-group14-sha1]\r\ndebug1: configuration requests final Match pass\r\ndebug1: re-parsing configuration\r\ndebug1: Reading configuration data /etc/ssh/ssh_config\r\ndebug3: /etc/ssh/ssh_config line 51: Including file /etc/ssh/ssh_config.d/05-redhat.conf depth 0\r\ndebug1: Reading configuration data /etc/ssh/ssh_config.d/05-redhat.conf\r\ndebug2: checking match for 'final all' host centos8 originally centos8\r\ndebug3: /etc/ssh/ssh_config.d/05-redhat.conf line 3: matched 'final'\r\ndebug2: match found\r\ndebug3: /etc/ssh/ssh_config.d/05-redhat.conf line 5: Including file /etc/crypto-policies/back-ends/openssh.config depth 1\r\ndebug1: Reading configuration data /etc/crypto-policies/back-ends/openssh.config\r\ndebug3: gss kex names ok: [gss-gex-sha1-,gss-group14-sha1-]\r\ndebug3: kex names ok: [curve25519-sha256,curve25519-sha256@libssh.org,ecdh-sha2-nistp256,ecdh-sha2-nistp384,ecdh-sha2-nistp521,diffie-hellman-group-exchange-sha256,diffie-hellman-group14-sha256,diffie-hellman-group16-sha512,diffie-hellman-group18-sha512,diffie-hellman-group-exchange-sha1,diffie-hellman-group14-sha1]\r\ndebug1: auto-mux: Trying existing master\r\ndebug2: fd 4 setting O_NONBLOCK\r\ndebug2: mux_client_hello_exchange: master version 4\r\ndebug3: mux_client_forwards: request forwardings: 0 local, 0 remote\r\ndebug3: mux_client_request_session: entering\r\ndebug3: mux_client_request_alive: entering\r\ndebug3: mux_client_request_alive: done pid = 11836\r\ndebug3: mux_client_request_session: session request sent\r\ndebug3: mux_client_read_packet: read header failed: Broken pipe\r\ndebug2: Received exit status from master 0\r\n")
2020-03-03 12:25:59,360 p=11815 u=mark n=ansible |  11815 1583234759.35979: _low_level_execute_command() done: rc=0, stdout={"platform_dist_result": ["centos", "8.1.1911", "Core"], "osrelease_content": "NAME=\"CentOS Linux\"\nVERSION=\"8 (Core)\"\nID=\"centos\"\nID_LIKE=\"rhel fedora\"\nVERSION_ID=\"8\"\nPLATFORM_ID=\"platform:el8\"\nPRETTY_NAME=\"CentOS Linux 8 (Core)\"\nANSI_COLOR=\"0;31\"\nCPE_NAME=\"cpe:/o:centos:centos:8\"\nHOME_URL=\"https://www.centos.org/\"\nBUG_REPORT_URL=\"https://bugs.centos.org/\"\n\nCENTOS_MANTISBT_PROJECT=\"CentOS-8\"\nCENTOS_MANTISBT_PROJECT_VERSION=\"8\"\nREDHAT_SUPPORT_PRODUCT=\"centos\"\nREDHAT_SUPPORT_PRODUCT_VERSION=\"8\"\n\n"}
, stderr=OpenSSH_8.0p1, OpenSSL 1.1.1c FIPS  28 May 2019
debug1: Reading configuration data /etc/ssh/ssh_config
debug3: /etc/ssh/ssh_config line 51: Including file /etc/ssh/ssh_config.d/05-redhat.conf depth 0
debug1: Reading configuration data /etc/ssh/ssh_config.d/05-redhat.conf
debug2: checking match for 'final all' host centos8 originally centos8
debug3: /etc/ssh/ssh_config.d/05-redhat.conf line 3: not matched 'final'
debug2: match not found
debug3: /etc/ssh/ssh_config.d/05-redhat.conf line 5: Including file /etc/crypto-policies/back-ends/openssh.config depth 1 (parse only)
debug1: Reading configuration data /etc/crypto-policies/back-ends/openssh.config
debug3: gss kex names ok: [gss-gex-sha1-,gss-group14-sha1-]
debug3: kex names ok: [curve25519-sha256,curve25519-sha256@libssh.org,ecdh-sha2-nistp256,ecdh-sha2-nistp384,ecdh-sha2-nistp521,diffie-hellman-group-exchange-sha256,diffie-hellman-group14-sha256,diffie-hellman-group16-sha512,diffie-hellman-group18-sha512,diffie-hellman-group-exchange-sha1,diffie-hellman-group14-sha1]
debug1: configuration requests final Match pass
debug1: re-parsing configuration
debug1: Reading configuration data /etc/ssh/ssh_config
debug3: /etc/ssh/ssh_config line 51: Including file /etc/ssh/ssh_config.d/05-redhat.conf depth 0
debug1: Reading configuration data /etc/ssh/ssh_config.d/05-redhat.conf
debug2: checking match for 'final all' host centos8 originally centos8
debug3: /etc/ssh/ssh_config.d/05-redhat.conf line 3: matched 'final'
debug2: match found
debug3: /etc/ssh/ssh_config.d/05-redhat.conf line 5: Including file /etc/crypto-policies/back-ends/openssh.config depth 1
debug1: Reading configuration data /etc/crypto-policies/back-ends/openssh.config
debug3: gss kex names ok: [gss-gex-sha1-,gss-group14-sha1-]
debug3: kex names ok: [curve25519-sha256,curve25519-sha256@libssh.org,ecdh-sha2-nistp256,ecdh-sha2-nistp384,ecdh-sha2-nistp521,diffie-hellman-group-exchange-sha256,diffie-hellman-group14-sha256,diffie-hellman-group16-sha512,diffie-hellman-group18-sha512,diffie-hellman-group-exchange-sha1,diffie-hellman-group14-sha1]
debug1: auto-mux: Trying existing master
debug2: fd 4 setting O_NONBLOCK
debug2: mux_client_hello_exchange: master version 4
debug3: mux_client_forwards: request forwardings: 0 local, 0 remote
debug3: mux_client_request_session: entering
debug3: mux_client_request_alive: entering
debug3: mux_client_request_alive: done pid = 11836
debug3: mux_client_request_session: session request sent
debug3: mux_client_read_packet: read header failed: Broken pipe
debug2: Received exit status from master 0

2020-03-03 12:25:59,361 p=11815 u=mark n=ansible |  11815 1583234759.36153: ANSIBALLZ: using cached module: /home/mark/.ansible/tmp/ansible-local-11808ea7n9daf/ansiballz_cache/command-ZIP_DEFLATED
2020-03-03 12:25:59,362 p=11815 u=mark n=ansible | Using module file /usr/lib/python3.6/site-packages/ansible/modules/commands/command.py
2020-03-03 12:25:59,363 p=11815 u=mark n=ansible |  11815 1583234759.36324: transferring module to remote /home/sudoall/.ansible/tmp/ansible-tmp-1583234758.2018056-83559037572743/AnsiballZ_command.py
2020-03-03 12:25:59,365 p=11815 u=mark n=ansible | <centos8> PUT /home/mark/.ansible/tmp/ansible-local-11808ea7n9daf/tmppan1kccs TO /home/sudoall/.ansible/tmp/ansible-tmp-1583234758.2018056-83559037572743/AnsiballZ_command.py
2020-03-03 12:25:59,367 p=11815 u=mark n=ansible | <centos8> SSH: EXEC sftp -b - -vvv -C -o ControlMaster=auto -o ControlPersist=60s -o StrictHostKeyChecking=no -o KbdInteractiveAuthentication=no -o PreferredAuthentications=gssapi-with-mic,gssapi-keyex,hostbased,publickey -o PasswordAuthentication=no -o 'User="sudoall"' -o ConnectTimeout=10 -o ControlPath=/home/mark/.ansible/cp/63fb7345ee '[centos8]'
2020-03-03 12:25:59,373 p=11815 u=mark n=ansible |  11815 1583234759.37311: Sending initial data
2020-03-03 12:25:59,374 p=11815 u=mark n=ansible |  11815 1583234759.37398: Sent initial data (162 bytes)
2020-03-03 12:25:59,388 p=11815 u=mark n=ansible |  11815 1583234759.38758: stderr chunk (state=3):
>>>OpenSSH_8.0p1, OpenSSL 1.1.1c FIPS  28 May 2019
debug1: Reading configuration data /etc/ssh/ssh_config
debug3: /etc/ssh/ssh_config line 51: Including file /etc/ssh/ssh_config.d/05-redhat.conf depth 0
debug1: Reading configuration data /etc/ssh/ssh_config.d/05-redhat.conf
debug2: checking match for 'final all' host centos8 originally centos8
debug3: /etc/ssh/ssh_config.d/05-redhat.conf line 3: not matched 'final'
debug2: match not found
debug3: /etc/ssh/ssh_config.d/05-redhat.conf line 5: Including file /etc/crypto-policies/back-ends/openssh.config depth 1 (parse only)
debug1: Reading configuration data /etc/crypto-policies/back-ends/openssh.config
debug3: gss kex names ok: [gss-gex-sha1-,gss-group14-sha1-]
debug3: kex names ok: [curve25519-sha256,curve25519-sha256@libssh.org,ecdh-sha2-nistp256,ecdh-sha2-nistp384,ecdh-sha2-nistp521,diffie-hellman-group-exchange-sha256,diffie-hellman-group14-sha256,diffie-hellman-group16-sha512,diffie-hellman-group18-sha512,diffie-hellman-group-exchange-sha1,diffie-hellman-group14-sha1]
debug1: configuration requests final Match pass
debug1: re-parsing configuration
debug1: Reading configuration data /etc/ssh/ssh_config
debug3: /etc/ssh/ssh_config line 51: Including file /etc/ssh/ssh_config.d/05-redhat.conf depth 0
debug1: Reading configuration data /etc/ssh/ssh_config.d/05-redhat.conf
debug2: checking match for 'final all' host centos8 originally centos8
debug3: /etc/ssh/ssh_config.d/05-redhat.conf line 3: matched 'final'
debug2: match found
debug3: /etc/ssh/ssh_config.d/05-redhat.conf line 5: Including file /etc/crypto-policies/back-ends/openssh.config depth 1
debug1: Reading configuration data /etc/crypto-policies/back-ends/openssh.config
debug3: gss kex names ok: [gss-gex-sha1-,gss-group14-sha1-]
debug3: kex names ok: [curve25519-sha256,curve25519-sha256@libssh.org,ecdh-sha2-nistp256,ecdh-sha2-nistp384,ecdh-sha2-nistp521,diffie-hellman-group-exchange-sha256,diffie-hellman-group14-sha256,diffie-hellman-group16-sha512,diffie-hellman-group18-sha512,diffie-hellman-group-exchange-sha1,diffie-hellman-group14-sha1]
<<<

2020-03-03 12:25:59,389 p=11815 u=mark n=ansible |  11815 1583234759.38911: stderr chunk (state=3):
>>>debug1: auto-mux: Trying existing master
debug2: fd 4 setting O_NONBLOCK
<<<

2020-03-03 12:25:59,390 p=11815 u=mark n=ansible |  11815 1583234759.39004: stderr chunk (state=3):
>>>debug2: mux_client_hello_exchange: master version 4
debug3: mux_client_forwards: request forwardings: 0 local, 0 remote
debug3: mux_client_request_session: entering
debug3: mux_client_request_alive: entering
<<<

2020-03-03 12:25:59,391 p=11815 u=mark n=ansible |  11815 1583234759.39095: stderr chunk (state=3):
>>>debug3: mux_client_request_alive: done pid = 11836
debug3: mux_client_request_session: session request sent
<<<

2020-03-03 12:25:59,450 p=11815 u=mark n=ansible |  11815 1583234759.44984: stderr chunk (state=3):
>>>debug2: Remote version: 3
debug2: Server supports extension "posix-rename@openssh.com" revision 1
debug2: Server supports extension "statvfs@openssh.com" revision 2
debug2: Server supports extension "fstatvfs@openssh.com" revision 2
debug2: Server supports extension "hardlink@openssh.com" revision 1
debug2: Server supports extension "fsync@openssh.com" revision 1
debug2: Server supports extension "lsetstat@openssh.com" revision 1
debug3: Sent message fd 3 T:16 I:1
<<<

2020-03-03 12:25:59,451 p=11815 u=mark n=ansible |  11815 1583234759.45093: stderr chunk (state=3):
>>>debug3: SSH_FXP_REALPATH . -> /home/sudoall size 0
debug3: Looking up /home/mark/.ansible/tmp/ansible-local-11808ea7n9daf/tmppan1kccs
<<<

2020-03-03 12:25:59,451 p=11815 u=mark n=ansible |  11815 1583234759.45151: stderr chunk (state=3):
>>>debug3: Sent message fd 3 T:17 I:2
<<<

2020-03-03 12:25:59,452 p=11815 u=mark n=ansible |  11815 1583234759.45192: stdout chunk (state=3):
>>>sftp> put /home/mark/.ansible/tmp/ansible-local-11808ea7n9daf/tmppan1kccs /home/sudoall/.ansible/tmp/ansible-tmp-1583234758.2018056-83559037572743/AnsiballZ_command.py
<<<

2020-03-03 12:25:59,454 p=11815 u=mark n=ansible |  11815 1583234759.45379: stderr chunk (state=3):
>>>debug3: Received stat reply T:101 I:2
debug1: Couldn't stat remote file: No such file or directory
debug3: Sent message SSH2_FXP_OPEN I:3 P:/home/sudoall/.ansible/tmp/ansible-tmp-1583234758.2018056-83559037572743/AnsiballZ_command.py
<<<

2020-03-03 12:25:59,458 p=11815 u=mark n=ansible |  11815 1583234759.45817: stderr chunk (state=3):
>>>debug3: Sent message SSH2_FXP_WRITE I:4 O:0 S:32768
<<<

2020-03-03 12:25:59,466 p=11815 u=mark n=ansible |  11815 1583234759.46658: stderr chunk (state=3):
>>>debug3: SSH2_FXP_STATUS 0
debug3: In write loop, ack for 4 32768 bytes at 0
debug3: Sent message SSH2_FXP_WRITE I:5 O:32768 S:32768
debug3: Sent message SSH2_FXP_WRITE I:6 O:65536 S:32768
debug3: Sent message SSH2_FXP_WRITE I:7 O:98304 S:9584
<<<

2020-03-03 12:25:59,470 p=11815 u=mark n=ansible |  11815 1583234759.47060: stderr chunk (state=3):
>>>debug3: SSH2_FXP_STATUS 0
debug3: In write loop, ack for 5 32768 bytes at 32768
<<<

2020-03-03 12:25:59,471 p=11815 u=mark n=ansible |  11815 1583234759.47157: stderr chunk (state=3):
>>>debug3: SSH2_FXP_STATUS 0
debug3: In write loop, ack for 6 32768 bytes at 65536
debug3: SSH2_FXP_STATUS 0
debug3: In write loop, ack for 7 9584 bytes at 98304
debug3: Sent message SSH2_FXP_CLOSE I:4
<<<

2020-03-03 12:25:59,473 p=11815 u=mark n=ansible |  11815 1583234759.47318: stderr chunk (state=3):
>>>debug3: SSH2_FXP_STATUS 0
<<<

2020-03-03 12:25:59,477 p=11815 u=mark n=ansible |  11815 1583234759.47710: stderr chunk (state=3):
>>>debug3: mux_client_read_packet: read header failed: Broken pipe
debug2: Received exit status from master 0
<<<

2020-03-03 12:25:59,478 p=11815 u=mark n=ansible |  11815 1583234759.47780: stderr chunk (state=3):
>>><<<

2020-03-03 12:25:59,478 p=11815 u=mark n=ansible |  11815 1583234759.47827: stdout chunk (state=3):
>>><<<

2020-03-03 12:25:59,479 p=11815 u=mark n=ansible | <centos8> (0, b'sftp> put /home/mark/.ansible/tmp/ansible-local-11808ea7n9daf/tmppan1kccs /home/sudoall/.ansible/tmp/ansible-tmp-1583234758.2018056-83559037572743/AnsiballZ_command.py\n', b'OpenSSH_8.0p1, OpenSSL 1.1.1c FIPS  28 May 2019\r\ndebug1: Reading configuration data /etc/ssh/ssh_config\r\ndebug3: /etc/ssh/ssh_config line 51: Including file /etc/ssh/ssh_config.d/05-redhat.conf depth 0\r\ndebug1: Reading configuration data /etc/ssh/ssh_config.d/05-redhat.conf\r\ndebug2: checking match for \'final all\' host centos8 originally centos8\r\ndebug3: /etc/ssh/ssh_config.d/05-redhat.conf line 3: not matched \'final\'\r\ndebug2: match not found\r\ndebug3: /etc/ssh/ssh_config.d/05-redhat.conf line 5: Including file /etc/crypto-policies/back-ends/openssh.config depth 1 (parse only)\r\ndebug1: Reading configuration data /etc/crypto-policies/back-ends/openssh.config\r\ndebug3: gss kex names ok: [gss-gex-sha1-,gss-group14-sha1-]\r\ndebug3: kex names ok: [curve25519-sha256,curve25519-sha256@libssh.org,ecdh-sha2-nistp256,ecdh-sha2-nistp384,ecdh-sha2-nistp521,diffie-hellman-group-exchange-sha256,diffie-hellman-group14-sha256,diffie-hellman-group16-sha512,diffie-hellman-group18-sha512,diffie-hellman-group-exchange-sha1,diffie-hellman-group14-sha1]\r\ndebug1: configuration requests final Match pass\r\ndebug1: re-parsing configuration\r\ndebug1: Reading configuration data /etc/ssh/ssh_config\r\ndebug3: /etc/ssh/ssh_config line 51: Including file /etc/ssh/ssh_config.d/05-redhat.conf depth 0\r\ndebug1: Reading configuration data /etc/ssh/ssh_config.d/05-redhat.conf\r\ndebug2: checking match for \'final all\' host centos8 originally centos8\r\ndebug3: /etc/ssh/ssh_config.d/05-redhat.conf line 3: matched \'final\'\r\ndebug2: match found\r\ndebug3: /etc/ssh/ssh_config.d/05-redhat.conf line 5: Including file /etc/crypto-policies/back-ends/openssh.config depth 1\r\ndebug1: Reading configuration data /etc/crypto-policies/back-ends/openssh.config\r\ndebug3: gss kex names ok: [gss-gex-sha1-,gss-group14-sha1-]\r\ndebug3: kex names ok: [curve25519-sha256,curve25519-sha256@libssh.org,ecdh-sha2-nistp256,ecdh-sha2-nistp384,ecdh-sha2-nistp521,diffie-hellman-group-exchange-sha256,diffie-hellman-group14-sha256,diffie-hellman-group16-sha512,diffie-hellman-group18-sha512,diffie-hellman-group-exchange-sha1,diffie-hellman-group14-sha1]\r\ndebug1: auto-mux: Trying existing master\r\ndebug2: fd 4 setting O_NONBLOCK\r\ndebug2: mux_client_hello_exchange: master version 4\r\ndebug3: mux_client_forwards: request forwardings: 0 local, 0 remote\r\ndebug3: mux_client_request_session: entering\r\ndebug3: mux_client_request_alive: entering\r\ndebug3: mux_client_request_alive: done pid = 11836\r\ndebug3: mux_client_request_session: session request sent\r\ndebug2: Remote version: 3\r\ndebug2: Server supports extension "posix-rename@openssh.com" revision 1\r\ndebug2: Server supports extension "statvfs@openssh.com" revision 2\r\ndebug2: Server supports extension "fstatvfs@openssh.com" revision 2\r\ndebug2: Server supports extension "hardlink@openssh.com" revision 1\r\ndebug2: Server supports extension "fsync@openssh.com" revision 1\r\ndebug2: Server supports extension "lsetstat@openssh.com" revision 1\r\ndebug3: Sent message fd 3 T:16 I:1\r\ndebug3: SSH_FXP_REALPATH . -> /home/sudoall size 0\r\ndebug3: Looking up /home/mark/.ansible/tmp/ansible-local-11808ea7n9daf/tmppan1kccs\r\ndebug3: Sent message fd 3 T:17 I:2\r\ndebug3: Received stat reply T:101 I:2\r\ndebug1: Couldn\'t stat remote file: No such file or directory\r\ndebug3: Sent message SSH2_FXP_OPEN I:3 P:/home/sudoall/.ansible/tmp/ansible-tmp-1583234758.2018056-83559037572743/AnsiballZ_command.py\r\ndebug3: Sent message SSH2_FXP_WRITE I:4 O:0 S:32768\r\ndebug3: SSH2_FXP_STATUS 0\r\ndebug3: In write loop, ack for 4 32768 bytes at 0\r\ndebug3: Sent message SSH2_FXP_WRITE I:5 O:32768 S:32768\r\ndebug3: Sent message SSH2_FXP_WRITE I:6 O:65536 S:32768\r\ndebug3: Sent message SSH2_FXP_WRITE I:7 O:98304 S:9584\r\ndebug3: SSH2_FXP_STATUS 0\r\ndebug3: In write loop, ack for 5 32768 bytes at 32768\r\ndebug3: SSH2_FXP_STATUS 0\r\ndebug3: In write loop, ack for 6 32768 bytes at 65536\r\ndebug3: SSH2_FXP_STATUS 0\r\ndebug3: In write loop, ack for 7 9584 bytes at 98304\r\ndebug3: Sent message SSH2_FXP_CLOSE I:4\r\ndebug3: SSH2_FXP_STATUS 0\r\ndebug3: mux_client_read_packet: read header failed: Broken pipe\r\ndebug2: Received exit status from master 0\r\n')
2020-03-03 12:25:59,479 p=11815 u=mark n=ansible |  11815 1583234759.47964: done transferring module to remote
2020-03-03 12:25:59,480 p=11815 u=mark n=ansible |  11815 1583234759.48026: _low_level_execute_command(): starting
2020-03-03 12:25:59,480 p=11815 u=mark n=ansible |  11815 1583234759.48082: _low_level_execute_command(): executing: /bin/sh -c 'chmod u+x /home/sudoall/.ansible/tmp/ansible-tmp-1583234758.2018056-83559037572743/ /home/sudoall/.ansible/tmp/ansible-tmp-1583234758.2018056-83559037572743/AnsiballZ_command.py && sleep 0'
2020-03-03 12:25:59,481 p=11815 u=mark n=ansible | <centos8> ESTABLISH SSH CONNECTION FOR USER: sudoall
2020-03-03 12:25:59,483 p=11815 u=mark n=ansible | <centos8> SSH: EXEC ssh -vvv -C -o ControlMaster=auto -o ControlPersist=60s -o StrictHostKeyChecking=no -o KbdInteractiveAuthentication=no -o PreferredAuthentications=gssapi-with-mic,gssapi-keyex,hostbased,publickey -o PasswordAuthentication=no -o 'User="sudoall"' -o ConnectTimeout=10 -o ControlPath=/home/mark/.ansible/cp/63fb7345ee centos8 '/bin/sh -c '"'"'chmod u+x /home/sudoall/.ansible/tmp/ansible-tmp-1583234758.2018056-83559037572743/ /home/sudoall/.ansible/tmp/ansible-tmp-1583234758.2018056-83559037572743/AnsiballZ_command.py && sleep 0'"'"''
2020-03-03 12:25:59,491 p=11815 u=mark n=ansible |  11815 1583234759.49107: stderr chunk (state=2):
>>>OpenSSH_8.0p1, OpenSSL 1.1.1c FIPS  28 May 2019
debug1: Reading configuration data /etc/ssh/ssh_config
debug3: /etc/ssh/ssh_config line 51: Including file /etc/ssh/ssh_config.d/05-redhat.conf depth 0
debug1: Reading configuration data /etc/ssh/ssh_config.d/05-redhat.conf
<<<

2020-03-03 12:25:59,492 p=11815 u=mark n=ansible |  11815 1583234759.49216: stderr chunk (state=3):
>>>debug2: checking match for 'final all' host centos8 originally centos8
debug3: /etc/ssh/ssh_config.d/05-redhat.conf line 3: not matched 'final'
debug2: match not found
debug3: /etc/ssh/ssh_config.d/05-redhat.conf line 5: Including file /etc/crypto-policies/back-ends/openssh.config depth 1 (parse only)
debug1: Reading configuration data /etc/crypto-policies/back-ends/openssh.config
debug3: gss kex names ok: [gss-gex-sha1-,gss-group14-sha1-]
debug3: kex names ok: [curve25519-sha256,curve25519-sha256@libssh.org,ecdh-sha2-nistp256,ecdh-sha2-nistp384,ecdh-sha2-nistp521,diffie-hellman-group-exchange-sha256,diffie-hellman-group14-sha256,diffie-hellman-group16-sha512,diffie-hellman-group18-sha512,diffie-hellman-group-exchange-sha1,diffie-hellman-group14-sha1]
debug1: configuration requests final Match pass
debug1: re-parsing configuration
debug1: Reading configuration data /etc/ssh/ssh_config
debug3: /etc/ssh/ssh_config line 51: Including file /etc/ssh/ssh_config.d/05-redhat.conf depth 0
debug1: Reading configuration data /etc/ssh/ssh_config.d/05-redhat.conf
debug2: checking match for 'final all' host centos8 originally centos8
debug3: /etc/ssh/ssh_config.d/05-redhat.conf line 3: matched 'final'
debug2: match found
debug3: /etc/ssh/ssh_config.d/05-redhat.conf line 5: Including file /etc/crypto-policies/back-ends/openssh.config depth 1
debug1: Reading configuration data /etc/crypto-policies/back-ends/openssh.config
debug3: gss kex names ok: [gss-gex-sha1-,gss-group14-sha1-]
debug3: kex names ok: [curve25519-sha256,curve25519-sha256@libssh.org,ecdh-sha2-nistp256,ecdh-sha2-nistp384,ecdh-sha2-nistp521,diffie-hellman-group-exchange-sha256,diffie-hellman-group14-sha256,diffie-hellman-group16-sha512,diffie-hellman-group18-sha512,diffie-hellman-group-exchange-sha1,diffie-hellman-group14-sha1]
debug1: auto-mux: Trying existing master
debug2: fd 4 setting O_NONBLOCK
<<<

2020-03-03 12:25:59,494 p=11815 u=mark n=ansible |  11815 1583234759.49386: stderr chunk (state=3):
>>>debug2: mux_client_hello_exchange: master version 4
debug3: mux_client_forwards: request forwardings: 0 local, 0 remote
debug3: mux_client_request_session: entering
debug3: mux_client_request_alive: entering
debug3: mux_client_request_alive: done pid = 11836
debug3: mux_client_request_session: session request sent
<<<

2020-03-03 12:25:59,519 p=11815 u=mark n=ansible |  11815 1583234759.51894: stderr chunk (state=3):
>>>debug3: mux_client_read_packet: read header failed: Broken pipe
debug2: Received exit status from master 0
<<<

2020-03-03 12:25:59,519 p=11815 u=mark n=ansible |  11815 1583234759.51969: stderr chunk (state=3):
>>><<<

2020-03-03 12:25:59,520 p=11815 u=mark n=ansible |  11815 1583234759.52016: stdout chunk (state=3):
>>><<<

2020-03-03 12:25:59,521 p=11815 u=mark n=ansible | <centos8> (0, b'', b"OpenSSH_8.0p1, OpenSSL 1.1.1c FIPS  28 May 2019\r\ndebug1: Reading configuration data /etc/ssh/ssh_config\r\ndebug3: /etc/ssh/ssh_config line 51: Including file /etc/ssh/ssh_config.d/05-redhat.conf depth 0\r\ndebug1: Reading configuration data /etc/ssh/ssh_config.d/05-redhat.conf\r\ndebug2: checking match for 'final all' host centos8 originally centos8\r\ndebug3: /etc/ssh/ssh_config.d/05-redhat.conf line 3: not matched 'final'\r\ndebug2: match not found\r\ndebug3: /etc/ssh/ssh_config.d/05-redhat.conf line 5: Including file /etc/crypto-policies/back-ends/openssh.config depth 1 (parse only)\r\ndebug1: Reading configuration data /etc/crypto-policies/back-ends/openssh.config\r\ndebug3: gss kex names ok: [gss-gex-sha1-,gss-group14-sha1-]\r\ndebug3: kex names ok: [curve25519-sha256,curve25519-sha256@libssh.org,ecdh-sha2-nistp256,ecdh-sha2-nistp384,ecdh-sha2-nistp521,diffie-hellman-group-exchange-sha256,diffie-hellman-group14-sha256,diffie-hellman-group16-sha512,diffie-hellman-group18-sha512,diffie-hellman-group-exchange-sha1,diffie-hellman-group14-sha1]\r\ndebug1: configuration requests final Match pass\r\ndebug1: re-parsing configuration\r\ndebug1: Reading configuration data /etc/ssh/ssh_config\r\ndebug3: /etc/ssh/ssh_config line 51: Including file /etc/ssh/ssh_config.d/05-redhat.conf depth 0\r\ndebug1: Reading configuration data /etc/ssh/ssh_config.d/05-redhat.conf\r\ndebug2: checking match for 'final all' host centos8 originally centos8\r\ndebug3: /etc/ssh/ssh_config.d/05-redhat.conf line 3: matched 'final'\r\ndebug2: match found\r\ndebug3: /etc/ssh/ssh_config.d/05-redhat.conf line 5: Including file /etc/crypto-policies/back-ends/openssh.config depth 1\r\ndebug1: Reading configuration data /etc/crypto-policies/back-ends/openssh.config\r\ndebug3: gss kex names ok: [gss-gex-sha1-,gss-group14-sha1-]\r\ndebug3: kex names ok: [curve25519-sha256,curve25519-sha256@libssh.org,ecdh-sha2-nistp256,ecdh-sha2-nistp384,ecdh-sha2-nistp521,diffie-hellman-group-exchange-sha256,diffie-hellman-group14-sha256,diffie-hellman-group16-sha512,diffie-hellman-group18-sha512,diffie-hellman-group-exchange-sha1,diffie-hellman-group14-sha1]\r\ndebug1: auto-mux: Trying existing master\r\ndebug2: fd 4 setting O_NONBLOCK\r\ndebug2: mux_client_hello_exchange: master version 4\r\ndebug3: mux_client_forwards: request forwardings: 0 local, 0 remote\r\ndebug3: mux_client_request_session: entering\r\ndebug3: mux_client_request_alive: entering\r\ndebug3: mux_client_request_alive: done pid = 11836\r\ndebug3: mux_client_request_session: session request sent\r\ndebug3: mux_client_read_packet: read header failed: Broken pipe\r\ndebug2: Received exit status from master 0\r\n")
2020-03-03 12:25:59,521 p=11815 u=mark n=ansible |  11815 1583234759.52124: _low_level_execute_command() done: rc=0, stdout=, stderr=OpenSSH_8.0p1, OpenSSL 1.1.1c FIPS  28 May 2019
debug1: Reading configuration data /etc/ssh/ssh_config
debug3: /etc/ssh/ssh_config line 51: Including file /etc/ssh/ssh_config.d/05-redhat.conf depth 0
debug1: Reading configuration data /etc/ssh/ssh_config.d/05-redhat.conf
debug2: checking match for 'final all' host centos8 originally centos8
debug3: /etc/ssh/ssh_config.d/05-redhat.conf line 3: not matched 'final'
debug2: match not found
debug3: /etc/ssh/ssh_config.d/05-redhat.conf line 5: Including file /etc/crypto-policies/back-ends/openssh.config depth 1 (parse only)
debug1: Reading configuration data /etc/crypto-policies/back-ends/openssh.config
debug3: gss kex names ok: [gss-gex-sha1-,gss-group14-sha1-]
debug3: kex names ok: [curve25519-sha256,curve25519-sha256@libssh.org,ecdh-sha2-nistp256,ecdh-sha2-nistp384,ecdh-sha2-nistp521,diffie-hellman-group-exchange-sha256,diffie-hellman-group14-sha256,diffie-hellman-group16-sha512,diffie-hellman-group18-sha512,diffie-hellman-group-exchange-sha1,diffie-hellman-group14-sha1]
debug1: configuration requests final Match pass
debug1: re-parsing configuration
debug1: Reading configuration data /etc/ssh/ssh_config
debug3: /etc/ssh/ssh_config line 51: Including file /etc/ssh/ssh_config.d/05-redhat.conf depth 0
debug1: Reading configuration data /etc/ssh/ssh_config.d/05-redhat.conf
debug2: checking match for 'final all' host centos8 originally centos8
debug3: /etc/ssh/ssh_config.d/05-redhat.conf line 3: matched 'final'
debug2: match found
debug3: /etc/ssh/ssh_config.d/05-redhat.conf line 5: Including file /etc/crypto-policies/back-ends/openssh.config depth 1
debug1: Reading configuration data /etc/crypto-policies/back-ends/openssh.config
debug3: gss kex names ok: [gss-gex-sha1-,gss-group14-sha1-]
debug3: kex names ok: [curve25519-sha256,curve25519-sha256@libssh.org,ecdh-sha2-nistp256,ecdh-sha2-nistp384,ecdh-sha2-nistp521,diffie-hellman-group-exchange-sha256,diffie-hellman-group14-sha256,diffie-hellman-group16-sha512,diffie-hellman-group18-sha512,diffie-hellman-group-exchange-sha1,diffie-hellman-group14-sha1]
debug1: auto-mux: Trying existing master
debug2: fd 4 setting O_NONBLOCK
debug2: mux_client_hello_exchange: master version 4
debug3: mux_client_forwards: request forwardings: 0 local, 0 remote
debug3: mux_client_request_session: entering
debug3: mux_client_request_alive: entering
debug3: mux_client_request_alive: done pid = 11836
debug3: mux_client_request_session: session request sent
debug3: mux_client_read_packet: read header failed: Broken pipe
debug2: Received exit status from master 0

2020-03-03 12:25:59,521 p=11815 u=mark n=ansible |  11815 1583234759.52184: _low_level_execute_command(): starting
2020-03-03 12:25:59,522 p=11815 u=mark n=ansible |  11815 1583234759.52219: _low_level_execute_command(): using become for this command
2020-03-03 12:25:59,523 p=11815 u=mark n=ansible |  11815 1583234759.52291: _low_level_execute_command(): executing: /bin/sh -c 'sudo -H -S  -p "[sudo via ansible, key=qofkxlriydhdkeshskihiggkhmhkacrp] password:" -u root /bin/sh -c '"'"'echo BECOME-SUCCESS-qofkxlriydhdkeshskihiggkhmhkacrp ; /usr/libexec/platform-python /home/sudoall/.ansible/tmp/ansible-tmp-1583234758.2018056-83559037572743/AnsiballZ_command.py'"'"' && sleep 0'
2020-03-03 12:25:59,523 p=11815 u=mark n=ansible | <centos8> ESTABLISH SSH CONNECTION FOR USER: sudoall
2020-03-03 12:25:59,525 p=11815 u=mark n=ansible | <centos8> SSH: EXEC ssh -vvv -C -o ControlMaster=auto -o ControlPersist=60s -o StrictHostKeyChecking=no -o KbdInteractiveAuthentication=no -o PreferredAuthentications=gssapi-with-mic,gssapi-keyex,hostbased,publickey -o PasswordAuthentication=no -o 'User="sudoall"' -o ConnectTimeout=10 -o ControlPath=/home/mark/.ansible/cp/63fb7345ee -tt centos8 '/bin/sh -c '"'"'sudo -H -S  -p "[sudo via ansible, key=qofkxlriydhdkeshskihiggkhmhkacrp] password:" -u root /bin/sh -c '"'"'"'"'"'"'"'"'echo BECOME-SUCCESS-qofkxlriydhdkeshskihiggkhmhkacrp ; /usr/libexec/platform-python /home/sudoall/.ansible/tmp/ansible-tmp-1583234758.2018056-83559037572743/AnsiballZ_command.py'"'"'"'"'"'"'"'"' && sleep 0'"'"''
2020-03-03 12:25:59,530 p=11815 u=mark n=ansible |  11815 1583234759.53010: Initial state: awaiting_prompt: [sudo via ansible, key=qofkxlriydhdkeshskihiggkhmhkacrp] password:
2020-03-03 12:25:59,533 p=11815 u=mark n=ansible |  11815 1583234759.53358: stderr chunk (state=0):
>>>OpenSSH_8.0p1, OpenSSL 1.1.1c FIPS  28 May 2019
debug1: Reading configuration data /etc/ssh/ssh_config
debug3: /etc/ssh/ssh_config line 51: Including file /etc/ssh/ssh_config.d/05-redhat.conf depth 0
debug1: Reading configuration data /etc/ssh/ssh_config.d/05-redhat.conf
<<<

2020-03-03 12:25:59,535 p=11815 u=mark n=ansible |  11815 1583234759.53539: stderr chunk (state=0):
>>>debug2: checking match for 'final all' host centos8 originally centos8
debug3: /etc/ssh/ssh_config.d/05-redhat.conf line 3: not matched 'final'
debug2: match not found
debug3: /etc/ssh/ssh_config.d/05-redhat.conf line 5: Including file /etc/crypto-policies/back-ends/openssh.config depth 1 (parse only)
debug1: Reading configuration data /etc/crypto-policies/back-ends/openssh.config
debug3: gss kex names ok: [gss-gex-sha1-,gss-group14-sha1-]
debug3: kex names ok: [curve25519-sha256,curve25519-sha256@libssh.org,ecdh-sha2-nistp256,ecdh-sha2-nistp384,ecdh-sha2-nistp521,diffie-hellman-group-exchange-sha256,diffie-hellman-group14-sha256,diffie-hellman-group16-sha512,diffie-hellman-group18-sha512,diffie-hellman-group-exchange-sha1,diffie-hellman-group14-sha1]
debug1: configuration requests final Match pass
debug1: re-parsing configuration
debug1: Reading configuration data /etc/ssh/ssh_config
debug3: /etc/ssh/ssh_config line 51: Including file /etc/ssh/ssh_config.d/05-redhat.conf depth 0
debug1: Reading configuration data /etc/ssh/ssh_config.d/05-redhat.conf
debug2: checking match for 'final all' host centos8 originally centos8
debug3: /etc/ssh/ssh_config.d/05-redhat.conf line 3: matched 'final'
debug2: match found
debug3: /etc/ssh/ssh_config.d/05-redhat.conf line 5: Including file /etc/crypto-policies/back-ends/openssh.config depth 1
debug1: Reading configuration data /etc/crypto-policies/back-ends/openssh.config
debug3: gss kex names ok: [gss-gex-sha1-,gss-group14-sha1-]
debug3: kex names ok: [curve25519-sha256,curve25519-sha256@libssh.org,ecdh-sha2-nistp256,ecdh-sha2-nistp384,ecdh-sha2-nistp521,diffie-hellman-group-exchange-sha256,diffie-hellman-group14-sha256,diffie-hellman-group16-sha512,diffie-hellman-group18-sha512,diffie-hellman-group-exchange-sha1,diffie-hellman-group14-sha1]
debug1: auto-mux: Trying existing master
debug2: fd 4 setting O_NONBLOCK
<<<

2020-03-03 12:25:59,540 p=11815 u=mark n=ansible |  11815 1583234759.54021: stderr chunk (state=0):
>>>debug2: mux_client_hello_exchange: master version 4
debug3: mux_client_forwards: request forwardings: 0 local, 0 remote
debug3: mux_client_request_session: entering
debug3: mux_client_request_alive: entering
debug3: mux_client_request_alive: done pid = 11836
debug3: mux_client_request_session: session request sent
<<<

2020-03-03 12:25:59,572 p=11820 u=mark n=ansible | <debian> (0, b'/home/sudoall\n', b'OpenSSH_8.0p1, OpenSSL 1.1.1c FIPS  28 May 2019\r\ndebug1: Reading configuration data /etc/ssh/ssh_config\r\ndebug3: /etc/ssh/ssh_config line 51: Including file /etc/ssh/ssh_config.d/05-redhat.conf depth 0\r\ndebug1: Reading configuration data /etc/ssh/ssh_config.d/05-redhat.conf\r\ndebug2: checking match for \'final all\' host debian originally debian\r\ndebug3: /etc/ssh/ssh_config.d/05-redhat.conf line 3: not matched \'final\'\r\ndebug2: match not found\r\ndebug3: /etc/ssh/ssh_config.d/05-redhat.conf line 5: Including file /etc/crypto-policies/back-ends/openssh.config depth 1 (parse only)\r\ndebug1: Reading configuration data /etc/crypto-policies/back-ends/openssh.config\r\ndebug3: gss kex names ok: [gss-gex-sha1-,gss-group14-sha1-]\r\ndebug3: kex names ok: [curve25519-sha256,curve25519-sha256@libssh.org,ecdh-sha2-nistp256,ecdh-sha2-nistp384,ecdh-sha2-nistp521,diffie-hellman-group-exchange-sha256,diffie-hellman-group14-sha256,diffie-hellman-group16-sha512,diffie-hellman-group18-sha512,diffie-hellman-group-exchange-sha1,diffie-hellman-group14-sha1]\r\ndebug1: configuration requests final Match pass\r\ndebug1: re-parsing configuration\r\ndebug1: Reading configuration data /etc/ssh/ssh_config\r\ndebug3: /etc/ssh/ssh_config line 51: Including file /etc/ssh/ssh_config.d/05-redhat.conf depth 0\r\ndebug1: Reading configuration data /etc/ssh/ssh_config.d/05-redhat.conf\r\ndebug2: checking match for \'final all\' host debian originally debian\r\ndebug3: /etc/ssh/ssh_config.d/05-redhat.conf line 3: matched \'final\'\r\ndebug2: match found\r\ndebug3: /etc/ssh/ssh_config.d/05-redhat.conf line 5: Including file /etc/crypto-policies/back-ends/openssh.config depth 1\r\ndebug1: Reading configuration data /etc/crypto-policies/back-ends/openssh.config\r\ndebug3: gss kex names ok: [gss-gex-sha1-,gss-group14-sha1-]\r\ndebug3: kex names ok: [curve25519-sha256,curve25519-sha256@libssh.org,ecdh-sha2-nistp256,ecdh-sha2-nistp384,ecdh-sha2-nistp521,diffie-hellman-group-exchange-sha256,diffie-hellman-group14-sha256,diffie-hellman-group16-sha512,diffie-hellman-group18-sha512,diffie-hellman-group-exchange-sha1,diffie-hellman-group14-sha1]\r\ndebug1: auto-mux: Trying existing master\r\ndebug1: Control socket "/home/mark/.ansible/cp/64fc45c5ab" does not exist\r\ndebug2: resolving "debian" port 22\r\ndebug2: ssh_connect_direct\r\ndebug1: Connecting to debian [10.80.80.121] port 22.\r\ndebug2: fd 4 setting O_NONBLOCK\r\ndebug1: fd 4 clearing O_NONBLOCK\r\ndebug1: Connection established.\r\ndebug3: timeout: 9979 ms remain after connect\r\ndebug1: identity file /home/mark/.ssh/id_rsa type 0\r\ndebug1: identity file /home/mark/.ssh/id_rsa-cert type -1\r\ndebug1: identity file /home/mark/.ssh/id_dsa type -1\r\ndebug1: identity file /home/mark/.ssh/id_dsa-cert type -1\r\ndebug1: identity file /home/mark/.ssh/id_ecdsa type -1\r\ndebug1: identity file /home/mark/.ssh/id_ecdsa-cert type -1\r\ndebug1: identity file /home/mark/.ssh/id_ed25519 type -1\r\ndebug1: identity file /home/mark/.ssh/id_ed25519-cert type -1\r\ndebug1: identity file /home/mark/.ssh/id_xmss type -1\r\ndebug1: identity file /home/mark/.ssh/id_xmss-cert type -1\r\ndebug1: Local version string SSH-2.0-OpenSSH_8.0\r\ndebug1: Remote protocol version 2.0, remote software version OpenSSH_7.9p1 Debian-10+deb10u2\r\ndebug1: match: OpenSSH_7.9p1 Debian-10+deb10u2 pat OpenSSH* compat 0x04000000\r\ndebug2: fd 4 setting O_NONBLOCK\r\ndebug1: Authenticating to debian:22 as \'sudoall\'\r\ndebug3: hostkeys_foreach: reading file "/home/mark/.ssh/known_hosts"\r\ndebug3: record_hostkey: found key type ECDSA in file /home/mark/.ssh/known_hosts:10\r\ndebug3: load_hostkeys: loaded 1 keys from debian\r\ndebug3: order_hostkeyalgs: prefer hostkeyalgs: ecdsa-sha2-nistp256-cert-v01@openssh.com,ecdsa-sha2-nistp384-cert-v01@openssh.com,ecdsa-sha2-nistp521-cert-v01@openssh.com,ecdsa-sha2-nistp256,ecdsa-sha2-nistp384,ecdsa-sha2-nistp521\r\ndebug3: send packet: type 20\r\ndebug1: SSH2_MSG_KEXINIT sent\r\ndebug3: receive packet: type 20\r\ndebug1: SSH2_MSG_KEXINIT received\r\ndebug2: local client KEXINIT proposal\r\ndebug2: KEX algorithms: curve25519-sha256,curve25519-sha256@libssh.org,ecdh-sha2-nistp256,ecdh-sha2-nistp384,ecdh-sha2-nistp521,diffie-hellman-group-exchange-sha256,diffie-hellman-group14-sha256,diffie-hellman-group16-sha512,diffie-hellman-group18-sha512,diffie-hellman-group-exchange-sha1,diffie-hellman-group14-sha1,ext-info-c\r\ndebug2: host key algorithms: ecdsa-sha2-nistp256-cert-v01@openssh.com,ecdsa-sha2-nistp384-cert-v01@openssh.com,ecdsa-sha2-nistp521-cert-v01@openssh.com,ecdsa-sha2-nistp256,ecdsa-sha2-nistp384,ecdsa-sha2-nistp521,ssh-ed25519-cert-v01@openssh.com,rsa-sha2-512-cert-v01@openssh.com,rsa-sha2-256-cert-v01@openssh.com,ssh-rsa-cert-v01@openssh.com,ssh-ed25519,rsa-sha2-512,rsa-sha2-256,ssh-rsa\r\ndebug2: ciphers ctos: aes256-gcm@openssh.com,chacha20-poly1305@openssh.com,aes256-ctr,aes256-cbc,aes128-gcm@openssh.com,aes128-ctr,aes128-cbc\r\ndebug2: ciphers stoc: aes256-gcm@openssh.com,chacha20-poly1305@openssh.com,aes256-ctr,aes256-cbc,aes128-gcm@openssh.com,aes128-ctr,aes128-cbc\r\ndebug2: MACs ctos: hmac-sha2-256-etm@openssh.com,hmac-sha1-etm@openssh.com,umac-128-etm@openssh.com,hmac-sha2-512-etm@openssh.com,hmac-sha2-256,hmac-sha1,umac-128@openssh.com,hmac-sha2-512\r\ndebug2: MACs stoc: hmac-sha2-256-etm@openssh.com,hmac-sha1-etm@openssh.com,umac-128-etm@openssh.com,hmac-sha2-512-etm@openssh.com,hmac-sha2-256,hmac-sha1,umac-128@openssh.com,hmac-sha2-512\r\ndebug2: compression ctos: zlib@openssh.com,zlib,none\r\ndebug2: compression stoc: zlib@openssh.com,zlib,none\r\ndebug2: languages ctos: \r\ndebug2: languages stoc: \r\ndebug2: first_kex_follows 0 \r\ndebug2: reserved 0 \r\ndebug2: peer server KEXINIT proposal\r\ndebug2: KEX algorithms: curve25519-sha256,curve25519-sha256@libssh.org,ecdh-sha2-nistp256,ecdh-sha2-nistp384,ecdh-sha2-nistp521,diffie-hellman-group-exchange-sha256,diffie-hellman-group16-sha512,diffie-hellman-group18-sha512,diffie-hellman-group14-sha256,diffie-hellman-group14-sha1\r\ndebug2: host key algorithms: rsa-sha2-512,rsa-sha2-256,ssh-rsa,ecdsa-sha2-nistp256,ssh-ed25519\r\ndebug2: ciphers ctos: chacha20-poly1305@openssh.com,aes128-ctr,aes192-ctr,aes256-ctr,aes128-gcm@openssh.com,aes256-gcm@openssh.com\r\ndebug2: ciphers stoc: chacha20-poly1305@openssh.com,aes128-ctr,aes192-ctr,aes256-ctr,aes128-gcm@openssh.com,aes256-gcm@openssh.com\r\ndebug2: MACs ctos: umac-64-etm@openssh.com,umac-128-etm@openssh.com,hmac-sha2-256-etm@openssh.com,hmac-sha2-512-etm@openssh.com,hmac-sha1-etm@openssh.com,umac-64@openssh.com,umac-128@openssh.com,hmac-sha2-256,hmac-sha2-512,hmac-sha1\r\ndebug2: MACs stoc: umac-64-etm@openssh.com,umac-128-etm@openssh.com,hmac-sha2-256-etm@openssh.com,hmac-sha2-512-etm@openssh.com,hmac-sha1-etm@openssh.com,umac-64@openssh.com,umac-128@openssh.com,hmac-sha2-256,hmac-sha2-512,hmac-sha1\r\ndebug2: compression ctos: none,zlib@openssh.com\r\ndebug2: compression stoc: none,zlib@openssh.com\r\ndebug2: languages ctos: \r\ndebug2: languages stoc: \r\ndebug2: first_kex_follows 0 \r\ndebug2: reserved 0 \r\ndebug1: kex: algorithm: curve25519-sha256\r\ndebug1: kex: host key algorithm: ecdsa-sha2-nistp256\r\ndebug1: kex: server->client cipher: aes256-gcm@openssh.com MAC: <implicit> compression: zlib@openssh.com\r\ndebug1: kex: client->server cipher: aes256-gcm@openssh.com MAC: <implicit> compression: zlib@openssh.com\r\ndebug1: kex: curve25519-sha256 need=32 dh_need=32\r\ndebug1: kex: curve25519-sha256 need=32 dh_need=32\r\ndebug3: send packet: type 30\r\ndebug1: expecting SSH2_MSG_KEX_ECDH_REPLY\r\ndebug3: receive packet: type 31\r\ndebug1: Server host key: ecdsa-sha2-nistp256 SHA256:Q7CNVU82MkBApRD+ZTx6G2HOnBlAe5sCBsEi92iDpxQ\r\ndebug3: hostkeys_foreach: reading file "/home/mark/.ssh/known_hosts"\r\ndebug3: record_hostkey: found key type ECDSA in file /home/mark/.ssh/known_hosts:10\r\ndebug3: load_hostkeys: loaded 1 keys from debian\r\ndebug3: hostkeys_foreach: reading file "/home/mark/.ssh/known_hosts"\r\ndebug3: record_hostkey: found key type ECDSA in file /home/mark/.ssh/known_hosts:3\r\ndebug3: load_hostkeys: loaded 1 keys from 10.80.80.121\r\ndebug1: Host \'debian\' is known and matches the ECDSA host key.\r\ndebug1: Found key in /home/mark/.ssh/known_hosts:10\r\ndebug3: send packet: type 21\r\ndebug2: set_newkeys: mode 1\r\ndebug1: rekey out after 4294967296 blocks\r\ndebug1: SSH2_MSG_NEWKEYS sent\r\ndebug1: expecting SSH2_MSG_NEWKEYS\r\ndebug3: receive packet: type 21\r\ndebug1: SSH2_MSG_NEWKEYS received\r\ndebug2: set_newkeys: mode 0\r\ndebug1: rekey in after 4294967296 blocks\r\ndebug1: Will attempt key: /home/mark/.ssh/id_rsa RSA SHA256:aUPgboo2qcZ7/3oRAQls/UxXvd8kP+xi/72G/L4HSlQ\r\ndebug1: Will attempt key: /home/mark/.ssh/id_dsa \r\ndebug1: Will attempt key: /home/mark/.ssh/id_ecdsa \r\ndebug1: Will attempt key: /home/mark/.ssh/id_ed25519 \r\ndebug1: Will attempt key: /home/mark/.ssh/id_xmss \r\ndebug2: pubkey_prepare: done\r\ndebug3: send packet: type 5\r\ndebug3: receive packet: type 7\r\ndebug1: SSH2_MSG_EXT_INFO received\r\ndebug1: kex_input_ext_info: server-sig-algs=<ssh-ed25519,ssh-rsa,rsa-sha2-256,rsa-sha2-512,ssh-dss,ecdsa-sha2-nistp256,ecdsa-sha2-nistp384,ecdsa-sha2-nistp521>\r\ndebug3: receive packet: type 6\r\ndebug2: service_accept: ssh-userauth\r\ndebug1: SSH2_MSG_SERVICE_ACCEPT received\r\ndebug3: send packet: type 50\r\ndebug3: receive packet: type 51\r\ndebug1: Authentications that can continue: publickey,password\r\ndebug3: start over, passed a different list publickey,password\r\ndebug3: preferred gssapi-with-mic,gssapi-keyex,hostbased,publickey\r\ndebug3: authmethod_lookup publickey\r\ndebug3: remaining preferred: ,gssapi-keyex,hostbased,publickey\r\ndebug3: authmethod_is_enabled publickey\r\ndebug1: Next authentication method: publickey\r\ndebug1: Offering public key: /home/mark/.ssh/id_rsa RSA SHA256:aUPgboo2qcZ7/3oRAQls/UxXvd8kP+xi/72G/L4HSlQ\r\ndebug3: send packet: type 50\r\ndebug2: we sent a publickey packet, wait for reply\r\ndebug3: receive packet: type 60\r\ndebug1: Server accepts key: /home/mark/.ssh/id_rsa RSA SHA256:aUPgboo2qcZ7/3oRAQls/UxXvd8kP+xi/72G/L4HSlQ\r\ndebug3: sign_and_send_pubkey: RSA SHA256:aUPgboo2qcZ7/3oRAQls/UxXvd8kP+xi/72G/L4HSlQ\r\ndebug3: sign_and_send_pubkey: signing using rsa-sha2-256\r\ndebug3: send packet: type 50\r\ndebug3: receive packet: type 52\r\ndebug1: Enabling compression at level 6.\r\ndebug1: Authentication succeeded (publickey).\r\nAuthenticated to debian ([10.80.80.121]:22).\r\ndebug1: setting up multiplex master socket\r\ndebug3: muxserver_listen: temporary control path /home/mark/.ansible/cp/64fc45c5ab.o8Q1CDceDoQaJWPt\r\ndebug2: fd 5 setting O_NONBLOCK\r\ndebug3: fd 5 is O_NONBLOCK\r\ndebug3: fd 5 is O_NONBLOCK\r\ndebug1: channel 0: new [/home/mark/.ansible/cp/64fc45c5ab]\r\ndebug3: muxserver_listen: mux listener channel 0 fd 5\r\ndebug2: fd 4 setting TCP_NODELAY\r\ndebug3: ssh_packet_set_tos: set IP_TOS 0x20\r\ndebug1: control_persist_detach: backgrounding master process\r\ndebug2: control_persist_detach: background process is 11828\r\ndebug2: fd 5 setting O_NONBLOCK\r\ndebug1: forking to background\r\ndebug1: Entering interactive session.\r\ndebug1: pledge: id\r\ndebug2: set_control_persist_exit_time: schedule exit in 60 seconds\r\ndebug1: multiplexing control connection\r\ndebug2: fd 6 setting O_NONBLOCK\r\ndebug3: fd 6 is O_NONBLOCK\r\ndebug1: channel 1: new [mux-control]\r\ndebug3: channel_post_mux_listener: new mux channel 1 fd 6\r\ndebug3: mux_master_read_cb: channel 1: hello sent\r\ndebug2: set_control_persist_exit_time: cancel scheduled exit\r\ndebug3: mux_master_read_cb: channel 1 packet type 0x00000001 len 4\r\ndebug2: mux_master_process_hello: channel 1 slave version 4\r\ndebug2: mux_client_hello_exchange: master version 4\r\ndebug3: mux_client_forwards: request forwardings: 0 local, 0 remote\r\ndebug3: mux_client_request_session: entering\r\ndebug3: mux_client_request_alive: entering\r\ndebug3: mux_master_read_cb: channel 1 packet type 0x10000004 len 4\r\ndebug2: mux_master_process_alive_check: channel 1: alive check\r\ndebug3: mux_client_request_alive: done pid = 11830\r\ndebug3: mux_client_request_session: session request sent\r\ndebug3: mux_master_read_cb: channel 1 packet type 0x10000002 len 107\r\ndebug2: mux_master_process_new_session: channel 1: request tty 0, X 0, agent 0, subsys 0, term "xterm-256color", cmd "/bin/sh -c \'echo ~sudoall && sleep 0\'", env 1\r\ndebug3: mux_master_process_new_session: got fds stdin 7, stdout 8, stderr 9\r\ndebug2: fd 8 setting O_NONBLOCK\r\ndebug2: fd 9 setting O_NONBLOCK\r\ndebug1: channel 2: new [client-session]\r\ndebug2: mux_master_process_new_session: channel_new: 2 linked to control channel 1\r\ndebug2: channel 2: send open\r\ndebug3: send packet: type 90\r\ndebug3: receive packet: type 80\r\ndebug1: client_input_global_request: rtype hostkeys-00@openssh.com want_reply 0\r\ndebug3: receive packet: type 4\r\ndebug1: Remote: /home/sudoall/.ssh/authorized_keys:1: key options: agent-forwarding port-forwarding pty user-rc x11-forwarding\r\ndebug3: receive packet: type 4\r\ndebug1: Remote: /home/sudoall/.ssh/authorized_keys:1: key options: agent-forwarding port-forwarding pty user-rc x11-forwarding\r\ndebug3: receive packet: type 91\r\ndebug2: channel_input_open_confirmation: channel 2: callback start\r\ndebug2: client_session2_setup: id 2\r\ndebug1: Sending environment.\r\ndebug1: Sending env LANG = en_US.UTF-8\r\ndebug2: channel 2: request env confirm 0\r\ndebug3: send packet: type 98\r\ndebug1: Sending command: /bin/sh -c \'echo ~sudoall && sleep 0\'\r\ndebug2: channel 2: request exec confirm 1\r\ndebug3: send packet: type 98\r\ndebug3: mux_session_confirm: sending success reply\r\ndebug2: channel_input_open_confirmation: channel 2: callback done\r\ndebug2: channel 2: open confirm rwindow 0 rmax 32768\r\ndebug2: channel 2: rcvd adjust 2097152\r\ndebug3: receive packet: type 99\r\ndebug2: channel_input_status_confirm: type 99 id 2\r\ndebug2: exec request accepted on channel 2\r\ndebug3: receive packet: type 98\r\ndebug1: client_input_channel_req: channel 2 rtype exit-status reply 0\r\ndebug3: mux_exit_message: channel 2: exit message, exitval 0\r\ndebug3: receive packet: type 98\r\ndebug1: client_input_channel_req: channel 2 rtype eow@openssh.com reply 0\r\ndebug2: channel 2: rcvd eow\r\ndebug2: channel 2: chan_shutdown_read (i0 o0 sock -1 wfd 7 efd 9 [write])\r\ndebug2: channel 2: input open -> closed\r\ndebug3: receive packet: type 96\r\ndebug2: channel 2: rcvd eof\r\ndebug2: channel 2: output open -> drain\r\ndebug2: channel 2: obuf empty\r\ndebug2: channel 2: chan_shutdown_write (i3 o1 sock -1 wfd 8 efd 9 [write])\r\ndebug2: channel 2: output drain -> closed\r\ndebug3: receive packet: type 97\r\ndebug2: channel 2: rcvd close\r\ndebug3: channel 2: will not send data after close\r\ndebug2: channel 2: send close\r\ndebug3: send packet: type 97\r\ndebug2: channel 2: is dead\r\ndebug2: channel 2: gc: notify user\r\ndebug3: mux_master_session_cleanup_cb: entering for channel 2\r\ndebug2: channel 1: rcvd close\r\ndebug2: channel 1: output open -> drain\r\ndebug2: channel 1: chan_shutdown_read (i0 o1 sock 6 wfd 6 efd -1 [closed])\r\ndebug2: channel 1: input open -> closed\r\ndebug2: channel 2: gc: user detached\r\ndebug2: channel 2: is dead\r\ndebug2: channel 2: garbage collecting\r\ndebug1: channel 2: free: client-session, nchannels 3\r\ndebug3: channel 2: status: The following connections are open:\r\n  #1 mux-control (t16 nr0 i3/0 o1/16 e[closed]/0 fd 6/6/-1 sock 6 cc -1)\r\n  #2 client-session (t4 r0 i3/0 o3/0 e[write]/0 fd -1/-1/9 sock -1 cc -1)\r\n\r\ndebug2: channel 1: obuf empty\r\ndebug2: channel 1: chan_shutdown_write (i3 o1 sock 6 wfd 6 efd -1 [closed])\r\ndebug2: channel 1: output drain -> closed\r\ndebug2: channel 1: is dead (local)\r\ndebug2: channel 1: gc: notify user\r\ndebug3: mux_master_control_cleanup_cb: entering for channel 1\r\ndebug2: channel 1: gc: user detached\r\ndebug2: channel 1: is dead (local)\r\ndebug2: channel 1: garbage collecting\r\ndebug1: channel 1: free: mux-control, nchannels 2\r\ndebug3: channel 1: status: The following connections are open:\r\n  #1 mux-control (t16 nr0 i3/0 o3/0 e[closed]/0 fd 6/6/-1 sock 6 cc -1)\r\n\r\ndebug2: set_control_persist_exit_time: schedule exit in 60 seconds\r\ndebug3: mux_client_read_packet: read header failed: Broken pipe\r\ndebug2: Received exit status from master 0\r\n')
2020-03-03 12:25:59,573 p=11820 u=mark n=ansible |  11820 1583234759.57314: _low_level_execute_command() done: rc=0, stdout=/home/sudoall
, stderr=OpenSSH_8.0p1, OpenSSL 1.1.1c FIPS  28 May 2019
debug1: Reading configuration data /etc/ssh/ssh_config
debug3: /etc/ssh/ssh_config line 51: Including file /etc/ssh/ssh_config.d/05-redhat.conf depth 0
debug1: Reading configuration data /etc/ssh/ssh_config.d/05-redhat.conf
debug2: checking match for 'final all' host debian originally debian
debug3: /etc/ssh/ssh_config.d/05-redhat.conf line 3: not matched 'final'
debug2: match not found
debug3: /etc/ssh/ssh_config.d/05-redhat.conf line 5: Including file /etc/crypto-policies/back-ends/openssh.config depth 1 (parse only)
debug1: Reading configuration data /etc/crypto-policies/back-ends/openssh.config
debug3: gss kex names ok: [gss-gex-sha1-,gss-group14-sha1-]
debug3: kex names ok: [curve25519-sha256,curve25519-sha256@libssh.org,ecdh-sha2-nistp256,ecdh-sha2-nistp384,ecdh-sha2-nistp521,diffie-hellman-group-exchange-sha256,diffie-hellman-group14-sha256,diffie-hellman-group16-sha512,diffie-hellman-group18-sha512,diffie-hellman-group-exchange-sha1,diffie-hellman-group14-sha1]
debug1: configuration requests final Match pass
debug1: re-parsing configuration
debug1: Reading configuration data /etc/ssh/ssh_config
debug3: /etc/ssh/ssh_config line 51: Including file /etc/ssh/ssh_config.d/05-redhat.conf depth 0
debug1: Reading configuration data /etc/ssh/ssh_config.d/05-redhat.conf
debug2: checking match for 'final all' host debian originally debian
debug3: /etc/ssh/ssh_config.d/05-redhat.conf line 3: matched 'final'
debug2: match found
debug3: /etc/ssh/ssh_config.d/05-redhat.conf line 5: Including file /etc/crypto-policies/back-ends/openssh.config depth 1
debug1: Reading configuration data /etc/crypto-policies/back-ends/openssh.config
debug3: gss kex names ok: [gss-gex-sha1-,gss-group14-sha1-]
debug3: kex names ok: [curve25519-sha256,curve25519-sha256@libssh.org,ecdh-sha2-nistp256,ecdh-sha2-nistp384,ecdh-sha2-nistp521,diffie-hellman-group-exchange-sha256,diffie-hellman-group14-sha256,diffie-hellman-group16-sha512,diffie-hellman-group18-sha512,diffie-hellman-group-exchange-sha1,diffie-hellman-group14-sha1]
debug1: auto-mux: Trying existing master
debug1: Control socket "/home/mark/.ansible/cp/64fc45c5ab" does not exist
debug2: resolving "debian" port 22
debug2: ssh_connect_direct
debug1: Connecting to debian [10.80.80.121] port 22.
debug2: fd 4 setting O_NONBLOCK
debug1: fd 4 clearing O_NONBLOCK
debug1: Connection established.
debug3: timeout: 9979 ms remain after connect
debug1: identity file /home/mark/.ssh/id_rsa type 0
debug1: identity file /home/mark/.ssh/id_rsa-cert type -1
debug1: identity file /home/mark/.ssh/id_dsa type -1
debug1: identity file /home/mark/.ssh/id_dsa-cert type -1
debug1: identity file /home/mark/.ssh/id_ecdsa type -1
debug1: identity file /home/mark/.ssh/id_ecdsa-cert type -1
debug1: identity file /home/mark/.ssh/id_ed25519 type -1
debug1: identity file /home/mark/.ssh/id_ed25519-cert type -1
debug1: identity file /home/mark/.ssh/id_xmss type -1
debug1: identity file /home/mark/.ssh/id_xmss-cert type -1
debug1: Local version string SSH-2.0-OpenSSH_8.0
debug1: Remote protocol version 2.0, remote software version OpenSSH_7.9p1 Debian-10+deb10u2
debug1: match: OpenSSH_7.9p1 Debian-10+deb10u2 pat OpenSSH* compat 0x04000000
debug2: fd 4 setting O_NONBLOCK
debug1: Authenticating to debian:22 as 'sudoall'
debug3: hostkeys_foreach: reading file "/home/mark/.ssh/known_hosts"
debug3: record_hostkey: found key type ECDSA in file /home/mark/.ssh/known_hosts:10
debug3: load_hostkeys: loaded 1 keys from debian
debug3: order_hostkeyalgs: prefer hostkeyalgs: ecdsa-sha2-nistp256-cert-v01@openssh.com,ecdsa-sha2-nistp384-cert-v01@openssh.com,ecdsa-sha2-nistp521-cert-v01@openssh.com,ecdsa-sha2-nistp256,ecdsa-sha2-nistp384,ecdsa-sha2-nistp521
debug3: send packet: type 20
debug1: SSH2_MSG_KEXINIT sent
debug3: receive packet: type 20
debug1: SSH2_MSG_KEXINIT received
debug2: local client KEXINIT proposal
debug2: KEX algorithms: curve25519-sha256,curve25519-sha256@libssh.org,ecdh-sha2-nistp256,ecdh-sha2-nistp384,ecdh-sha2-nistp521,diffie-hellman-group-exchange-sha256,diffie-hellman-group14-sha256,diffie-hellman-group16-sha512,diffie-hellman-group18-sha512,diffie-hellman-group-exchange-sha1,diffie-hellman-group14-sha1,ext-info-c
debug2: host key algorithms: ecdsa-sha2-nistp256-cert-v01@openssh.com,ecdsa-sha2-nistp384-cert-v01@openssh.com,ecdsa-sha2-nistp521-cert-v01@openssh.com,ecdsa-sha2-nistp256,ecdsa-sha2-nistp384,ecdsa-sha2-nistp521,ssh-ed25519-cert-v01@openssh.com,rsa-sha2-512-cert-v01@openssh.com,rsa-sha2-256-cert-v01@openssh.com,ssh-rsa-cert-v01@openssh.com,ssh-ed25519,rsa-sha2-512,rsa-sha2-256,ssh-rsa
debug2: ciphers ctos: aes256-gcm@openssh.com,chacha20-poly1305@openssh.com,aes256-ctr,aes256-cbc,aes128-gcm@openssh.com,aes128-ctr,aes128-cbc
debug2: ciphers stoc: aes256-gcm@openssh.com,chacha20-poly1305@openssh.com,aes256-ctr,aes256-cbc,aes128-gcm@openssh.com,aes128-ctr,aes128-cbc
debug2: MACs ctos: hmac-sha2-256-etm@openssh.com,hmac-sha1-etm@openssh.com,umac-128-etm@openssh.com,hmac-sha2-512-etm@openssh.com,hmac-sha2-256,hmac-sha1,umac-128@openssh.com,hmac-sha2-512
debug2: MACs stoc: hmac-sha2-256-etm@openssh.com,hmac-sha1-etm@openssh.com,umac-128-etm@openssh.com,hmac-sha2-512-etm@openssh.com,hmac-sha2-256,hmac-sha1,umac-128@openssh.com,hmac-sha2-512
debug2: compression ctos: zlib@openssh.com,zlib,none
debug2: compression stoc: zlib@openssh.com,zlib,none
debug2: languages ctos: 
debug2: languages stoc: 
debug2: first_kex_follows 0 
debug2: reserved 0 
debug2: peer server KEXINIT proposal
debug2: KEX algorithms: curve25519-sha256,curve25519-sha256@libssh.org,ecdh-sha2-nistp256,ecdh-sha2-nistp384,ecdh-sha2-nistp521,diffie-hellman-group-exchange-sha256,diffie-hellman-group16-sha512,diffie-hellman-group18-sha512,diffie-hellman-group14-sha256,diffie-hellman-group14-sha1
debug2: host key algorithms: rsa-sha2-512,rsa-sha2-256,ssh-rsa,ecdsa-sha2-nistp256,ssh-ed25519
debug2: ciphers ctos: chacha20-poly1305@openssh.com,aes128-ctr,aes192-ctr,aes256-ctr,aes128-gcm@openssh.com,aes256-gcm@openssh.com
debug2: ciphers stoc: chacha20-poly1305@openssh.com,aes128-ctr,aes192-ctr,aes256-ctr,aes128-gcm@openssh.com,aes256-gcm@openssh.com
debug2: MACs ctos: umac-64-etm@openssh.com,umac-128-etm@openssh.com,hmac-sha2-256-etm@openssh.com,hmac-sha2-512-etm@openssh.com,hmac-sha1-etm@openssh.com,umac-64@openssh.com,umac-128@openssh.com,hmac-sha2-256,hmac-sha2-512,hmac-sha1
debug2: MACs stoc: umac-64-etm@openssh.com,umac-128-etm@openssh.com,hmac-sha2-256-etm@openssh.com,hmac-sha2-512-etm@openssh.com,hmac-sha1-etm@openssh.com,umac-64@openssh.com,umac-128@openssh.com,hmac-sha2-256,hmac-sha2-512,hmac-sha1
debug2: compression ctos: none,zlib@openssh.com
debug2: compression stoc: none,zlib@openssh.com
debug2: languages ctos: 
debug2: languages stoc: 
debug2: first_kex_follows 0 
debug2: reserved 0 
debug1: kex: algorithm: curve25519-sha256
debug1: kex: host key algorithm: ecdsa-sha2-nistp256
debug1: kex: server->client cipher: aes256-gcm@openssh.com MAC: <implicit> compression: zlib@openssh.com
debug1: kex: client->server cipher: aes256-gcm@openssh.com MAC: <implicit> compression: zlib@openssh.com
debug1: kex: curve25519-sha256 need=32 dh_need=32
debug1: kex: curve25519-sha256 need=32 dh_need=32
debug3: send packet: type 30
debug1: expecting SSH2_MSG_KEX_ECDH_REPLY
debug3: receive packet: type 31
debug1: Server host key: ecdsa-sha2-nistp256 SHA256:Q7CNVU82MkBApRD+ZTx6G2HOnBlAe5sCBsEi92iDpxQ
debug3: hostkeys_foreach: reading file "/home/mark/.ssh/known_hosts"
debug3: record_hostkey: found key type ECDSA in file /home/mark/.ssh/known_hosts:10
debug3: load_hostkeys: loaded 1 keys from debian
debug3: hostkeys_foreach: reading file "/home/mark/.ssh/known_hosts"
debug3: record_hostkey: found key type ECDSA in file /home/mark/.ssh/known_hosts:3
debug3: load_hostkeys: loaded 1 keys from 10.80.80.121
debug1: Host 'debian' is known and matches the ECDSA host key.
debug1: Found key in /home/mark/.ssh/known_hosts:10
debug3: send packet: type 21
debug2: set_newkeys: mode 1
debug1: rekey out after 4294967296 blocks
debug1: SSH2_MSG_NEWKEYS sent
debug1: expecting SSH2_MSG_NEWKEYS
debug3: receive packet: type 21
debug1: SSH2_MSG_NEWKEYS received
debug2: set_newkeys: mode 0
debug1: rekey in after 4294967296 blocks
debug1: Will attempt key: /home/mark/.ssh/id_rsa RSA SHA256:aUPgboo2qcZ7/3oRAQls/UxXvd8kP+xi/72G/L4HSlQ
debug1: Will attempt key: /home/mark/.ssh/id_dsa 
debug1: Will attempt key: /home/mark/.ssh/id_ecdsa 
debug1: Will attempt key: /home/mark/.ssh/id_ed25519 
debug1: Will attempt key: /home/mark/.ssh/id_xmss 
debug2: pubkey_prepare: done
debug3: send packet: type 5
debug3: receive packet: type 7
debug1: SSH2_MSG_EXT_INFO received
debug1: kex_input_ext_info: server-sig-algs=<ssh-ed25519,ssh-rsa,rsa-sha2-256,rsa-sha2-512,ssh-dss,ecdsa-sha2-nistp256,ecdsa-sha2-nistp384,ecdsa-sha2-nistp521>
debug3: receive packet: type 6
debug2: service_accept: ssh-userauth
debug1: SSH2_MSG_SERVICE_ACCEPT received
debug3: send packet: type 50
debug3: receive packet: type 51
debug1: Authentications that can continue: publickey,password
debug3: start over, passed a different list publickey,password
debug3: preferred gssapi-with-mic,gssapi-keyex,hostbased,publickey
debug3: authmethod_lookup publickey
debug3: remaining preferred: ,gssapi-keyex,hostbased,publickey
debug3: authmethod_is_enabled publickey
debug1: Next authentication method: publickey
debug1: Offering public key: /home/mark/.ssh/id_rsa RSA SHA256:aUPgboo2qcZ7/3oRAQls/UxXvd8kP+xi/72G/L4HSlQ
debug3: send packet: type 50
debug2: we sent a publickey packet, wait for reply
debug3: receive packet: type 60
debug1: Server accepts key: /home/mark/.ssh/id_rsa RSA SHA256:aUPgboo2qcZ7/3oRAQls/UxXvd8kP+xi/72G/L4HSlQ
debug3: sign_and_send_pubkey: RSA SHA256:aUPgboo2qcZ7/3oRAQls/UxXvd8kP+xi/72G/L4HSlQ
debug3: sign_and_send_pubkey: signing using rsa-sha2-256
debug3: send packet: type 50
debug3: receive packet: type 52
debug1: Enabling compression at level 6.
debug1: Authentication succeeded (publickey).
Authenticated to debian ([10.80.80.121]:22).
debug1: setting up multiplex master socket
debug3: muxserver_listen: temporary control path /home/mark/.ansible/cp/64fc45c5ab.o8Q1CDceDoQaJWPt
debug2: fd 5 setting O_NONBLOCK
debug3: fd 5 is O_NONBLOCK
debug3: fd 5 is O_NONBLOCK
debug1: channel 0: new [/home/mark/.ansible/cp/64fc45c5ab]
debug3: muxserver_listen: mux listener channel 0 fd 5
debug2: fd 4 setting TCP_NODELAY
debug3: ssh_packet_set_tos: set IP_TOS 0x20
debug1: control_persist_detach: backgrounding master process
debug2: control_persist_detach: background process is 11828
debug2: fd 5 setting O_NONBLOCK
debug1: forking to background
debug1: Entering interactive session.
debug1: pledge: id
debug2: set_control_persist_exit_time: schedule exit in 60 seconds
debug1: multiplexing control connection
debug2: fd 6 setting O_NONBLOCK
debug3: fd 6 is O_NONBLOCK
debug1: channel 1: new [mux-control]
debug3: channel_post_mux_listener: new mux channel 1 fd 6
debug3: mux_master_read_cb: channel 1: hello sent
debug2: set_control_persist_exit_time: cancel scheduled exit
debug3: mux_master_read_cb: channel 1 packet type 0x00000001 len 4
debug2: mux_master_process_hello: channel 1 slave version 4
debug2: mux_client_hello_exchange: master version 4
debug3: mux_client_forwards: request forwardings: 0 local, 0 remote
debug3: mux_client_request_session: entering
debug3: mux_client_request_alive: entering
debug3: mux_master_read_cb: channel 1 packet type 0x10000004 len 4
debug2: mux_master_process_alive_check: channel 1: alive check
debug3: mux_client_request_alive: done pid = 11830
debug3: mux_client_request_session: session request sent
debug3: mux_master_read_cb: channel 1 packet type 0x10000002 len 107
debug2: mux_master_process_new_session: channel 1: request tty 0, X 0, agent 0, subsys 0, term "xterm-256color", cmd "/bin/sh -c 'echo ~sudoall && sleep 0'", env 1
debug3: mux_master_process_new_session: got fds stdin 7, stdout 8, stderr 9
debug2: fd 8 setting O_NONBLOCK
debug2: fd 9 setting O_NONBLOCK
debug1: channel 2: new [client-session]
debug2: mux_master_process_new_session: channel_new: 2 linked to control channel 1
debug2: channel 2: send open
debug3: send packet: type 90
debug3: receive packet: type 80
debug1: client_input_global_request: rtype hostkeys-00@openssh.com want_reply 0
debug3: receive packet: type 4
debug1: Remote: /home/sudoall/.ssh/authorized_keys:1: key options: agent-forwarding port-forwarding pty user-rc x11-forwarding
debug3: receive packet: type 4
debug1: Remote: /home/sudoall/.ssh/authorized_keys:1: key options: agent-forwarding port-forwarding pty user-rc x11-forwarding
debug3: receive packet: type 91
debug2: channel_input_open_confirmation: channel 2: callback start
debug2: client_session2_setup: id 2
debug1: Sending environment.
debug1: Sending env LANG = en_US.UTF-8
debug2: channel 2: request env confirm 0
debug3: send packet: type 98
debug1: Sending command: /bin/sh -c 'echo ~sudoall && sleep 0'
debug2: channel 2: request exec confirm 1
debug3: send packet: type 98
debug3: mux_session_confirm: sending success reply
debug2: channel_input_open_confirmation: channel 2: callback done
debug2: channel 2: open confirm rwindow 0 rmax 32768
debug2: channel 2: rcvd adjust 2097152
debug3: receive packet: type 99
debug2: channel_input_status_confirm: type 99 id 2
debug2: exec request accepted on channel 2
debug3: receive packet: type 98
debug1: client_input_channel_req: channel 2 rtype exit-status reply 0
debug3: mux_exit_message: channel 2: exit message, exitval 0
debug3: receive packet: type 98
debug1: client_input_channel_req: channel 2 rtype eow@openssh.com reply 0
debug2: channel 2: rcvd eow
debug2: channel 2: chan_shutdown_read (i0 o0 sock -1 wfd 7 efd 9 [write])
debug2: channel 2: input open -> closed
debug3: receive packet: type 96
debug2: channel 2: rcvd eof
debug2: channel 2: output open -> drain
debug2: channel 2: obuf empty
debug2: channel 2: chan_shutdown_write (i3 o1 sock -1 wfd 8 efd 9 [write])
debug2: channel 2: output drain -> closed
debug3: receive packet: type 97
debug2: channel 2: rcvd close
debug3: channel 2: will not send data after close
debug2: channel 2: send close
debug3: send packet: type 97
debug2: channel 2: is dead
debug2: channel 2: gc: notify user
debug3: mux_master_session_cleanup_cb: entering for channel 2
debug2: channel 1: rcvd close
debug2: channel 1: output open -> drain
debug2: channel 1: chan_shutdown_read (i0 o1 sock 6 wfd 6 efd -1 [closed])
debug2: channel 1: input open -> closed
debug2: channel 2: gc: user detached
debug2: channel 2: is dead
debug2: channel 2: garbage collecting
debug1: channel 2: free: client-session, nchannels 3
debug3: channel 2: status: The following connections are open:
  #1 mux-control (t16 nr0 i3/0 o1/16 e[closed]/0 fd 6/6/-1 sock 6 cc -1)
  #2 client-session (t4 r0 i3/0 o3/0 e[write]/0 fd -1/-1/9 sock -1 cc -1)

debug2: channel 1: obuf empty
debug2: channel 1: chan_shutdown_write (i3 o1 sock 6 wfd 6 efd -1 [closed])
debug2: channel 1: output drain -> closed
debug2: channel 1: is dead (local)
debug2: channel 1: gc: notify user
debug3: mux_master_control_cleanup_cb: entering for channel 1
debug2: channel 1: gc: user detached
debug2: channel 1: is dead (local)
debug2: channel 1: garbage collecting
debug1: channel 1: free: mux-control, nchannels 2
debug3: channel 1: status: The following connections are open:
  #1 mux-control (t16 nr0 i3/0 o3/0 e[closed]/0 fd 6/6/-1 sock 6 cc -1)

debug2: set_control_persist_exit_time: schedule exit in 60 seconds
debug3: mux_client_read_packet: read header failed: Broken pipe
debug2: Received exit status from master 0

2020-03-03 12:25:59,574 p=11820 u=mark n=ansible |  11820 1583234759.57412: _low_level_execute_command(): starting
2020-03-03 12:25:59,574 p=11820 u=mark n=ansible |  11820 1583234759.57433: _low_level_execute_command(): executing: /bin/sh -c '( umask 77 && mkdir -p "` echo /home/sudoall/.ansible/tmp/ansible-tmp-1583234758.2499528-92648812234607 `" && echo ansible-tmp-1583234758.2499528-92648812234607="` echo /home/sudoall/.ansible/tmp/ansible-tmp-1583234758.2499528-92648812234607 `" ) && sleep 0'
2020-03-03 12:25:59,574 p=11820 u=mark n=ansible | <debian> ESTABLISH SSH CONNECTION FOR USER: sudoall
2020-03-03 12:25:59,575 p=11820 u=mark n=ansible | <debian> SSH: EXEC ssh -vvv -C -o ControlMaster=auto -o ControlPersist=60s -o StrictHostKeyChecking=no -o KbdInteractiveAuthentication=no -o PreferredAuthentications=gssapi-with-mic,gssapi-keyex,hostbased,publickey -o PasswordAuthentication=no -o 'User="sudoall"' -o ConnectTimeout=10 -o ControlPath=/home/mark/.ansible/cp/64fc45c5ab debian '/bin/sh -c '"'"'( umask 77 && mkdir -p "` echo /home/sudoall/.ansible/tmp/ansible-tmp-1583234758.2499528-92648812234607 `" && echo ansible-tmp-1583234758.2499528-92648812234607="` echo /home/sudoall/.ansible/tmp/ansible-tmp-1583234758.2499528-92648812234607 `" ) && sleep 0'"'"''
2020-03-03 12:25:59,575 p=11815 u=mark n=ansible |  11815 1583234759.57533: stdout chunk (state=0):
>>>7[r[9999;9999H[6n<<<

2020-03-03 12:25:59,595 p=11820 u=mark n=ansible |  11820 1583234759.59463: stderr chunk (state=2):
>>>OpenSSH_8.0p1, OpenSSL 1.1.1c FIPS  28 May 2019
debug1: Reading configuration data /etc/ssh/ssh_config
debug3: /etc/ssh/ssh_config line 51: Including file /etc/ssh/ssh_config.d/05-redhat.conf depth 0
debug1: Reading configuration data /etc/ssh/ssh_config.d/05-redhat.conf
debug2: checking match for 'final all' host debian originally debian
debug3: /etc/ssh/ssh_config.d/05-redhat.conf line 3: not matched 'final'
debug2: match not found
debug3: /etc/ssh/ssh_config.d/05-redhat.conf line 5: Including file /etc/crypto-policies/back-ends/openssh.config depth 1 (parse only)
debug1: Reading configuration data /etc/crypto-policies/back-ends/openssh.config
debug3: gss kex names ok: [gss-gex-sha1-,gss-group14-sha1-]
debug3: kex names ok: [curve25519-sha256,curve25519-sha256@libssh.org,ecdh-sha2-nistp256,ecdh-sha2-nistp384,ecdh-sha2-nistp521,diffie-hellman-group-exchange-sha256,diffie-hellman-group14-sha256,diffie-hellman-group16-sha512,diffie-hellman-group18-sha512,diffie-hellman-group-exchange-sha1,diffie-hellman-group14-sha1]
debug1: configuration requests final Match pass
debug1: re-parsing configuration
debug1: Reading configuration data /etc/ssh/ssh_config
debug3: /etc/ssh/ssh_config line 51: Including file /etc/ssh/ssh_config.d/05-redhat.conf depth 0
debug1: Reading configuration data /etc/ssh/ssh_config.d/05-redhat.conf
debug2: checking match for 'final all' host debian originally debian
debug3: /etc/ssh/ssh_config.d/05-redhat.conf line 3: matched 'final'
debug2: match found
debug3: /etc/ssh/ssh_config.d/05-redhat.conf line 5: Including file /etc/crypto-policies/back-ends/openssh.config depth 1
debug1: Reading configuration data /etc/crypto-policies/back-ends/openssh.config
debug3: gss kex names ok: [gss-gex-sha1-,gss-group14-sha1-]
debug3: kex names ok: [curve25519-sha256,curve25519-sha256@libssh.org,ecdh-sha2-nistp256,ecdh-sha2-nistp384,ecdh-sha2-nistp521,diffie-hellman-group-exchange-sha256,diffie-hellman-group14-sha256,diffie-hellman-group16-sha512,diffie-hellman-group18-sha512,diffie-hellman-group-exchange-sha1,diffie-hellman-group14-sha1]
<<<

2020-03-03 12:25:59,596 p=11820 u=mark n=ansible |  11820 1583234759.59599: stderr chunk (state=3):
>>>debug1: auto-mux: Trying existing master
debug2: fd 4 setting O_NONBLOCK
<<<

2020-03-03 12:25:59,596 p=11820 u=mark n=ansible |  11820 1583234759.59661: stderr chunk (state=3):
>>>debug2: mux_client_hello_exchange: master version 4
debug3: mux_client_forwards: request forwardings: 0 local, 0 remote
debug3: mux_client_request_session: entering
debug3: mux_client_request_alive: entering
<<<

2020-03-03 12:25:59,597 p=11820 u=mark n=ansible |  11820 1583234759.59699: stderr chunk (state=3):
>>>debug3: mux_client_request_alive: done pid = 11830
debug3: mux_client_request_session: session request sent
<<<

2020-03-03 12:25:59,605 p=11820 u=mark n=ansible |  11820 1583234759.60553: stdout chunk (state=3):
>>>ansible-tmp-1583234758.2499528-92648812234607=/home/sudoall/.ansible/tmp/ansible-tmp-1583234758.2499528-92648812234607
<<<

2020-03-03 12:25:59,608 p=11820 u=mark n=ansible |  11820 1583234759.60830: stderr chunk (state=3):
>>>debug3: mux_client_read_packet: read header failed: Broken pipe
debug2: Received exit status from master 0
<<<

2020-03-03 12:25:59,609 p=11820 u=mark n=ansible |  11820 1583234759.60897: stdout chunk (state=3):
>>><<<

2020-03-03 12:25:59,609 p=11820 u=mark n=ansible |  11820 1583234759.60948: stderr chunk (state=3):
>>><<<

2020-03-03 12:25:59,610 p=11820 u=mark n=ansible | <debian> (0, b'ansible-tmp-1583234758.2499528-92648812234607=/home/sudoall/.ansible/tmp/ansible-tmp-1583234758.2499528-92648812234607\n', b"OpenSSH_8.0p1, OpenSSL 1.1.1c FIPS  28 May 2019\r\ndebug1: Reading configuration data /etc/ssh/ssh_config\r\ndebug3: /etc/ssh/ssh_config line 51: Including file /etc/ssh/ssh_config.d/05-redhat.conf depth 0\r\ndebug1: Reading configuration data /etc/ssh/ssh_config.d/05-redhat.conf\r\ndebug2: checking match for 'final all' host debian originally debian\r\ndebug3: /etc/ssh/ssh_config.d/05-redhat.conf line 3: not matched 'final'\r\ndebug2: match not found\r\ndebug3: /etc/ssh/ssh_config.d/05-redhat.conf line 5: Including file /etc/crypto-policies/back-ends/openssh.config depth 1 (parse only)\r\ndebug1: Reading configuration data /etc/crypto-policies/back-ends/openssh.config\r\ndebug3: gss kex names ok: [gss-gex-sha1-,gss-group14-sha1-]\r\ndebug3: kex names ok: [curve25519-sha256,curve25519-sha256@libssh.org,ecdh-sha2-nistp256,ecdh-sha2-nistp384,ecdh-sha2-nistp521,diffie-hellman-group-exchange-sha256,diffie-hellman-group14-sha256,diffie-hellman-group16-sha512,diffie-hellman-group18-sha512,diffie-hellman-group-exchange-sha1,diffie-hellman-group14-sha1]\r\ndebug1: configuration requests final Match pass\r\ndebug1: re-parsing configuration\r\ndebug1: Reading configuration data /etc/ssh/ssh_config\r\ndebug3: /etc/ssh/ssh_config line 51: Including file /etc/ssh/ssh_config.d/05-redhat.conf depth 0\r\ndebug1: Reading configuration data /etc/ssh/ssh_config.d/05-redhat.conf\r\ndebug2: checking match for 'final all' host debian originally debian\r\ndebug3: /etc/ssh/ssh_config.d/05-redhat.conf line 3: matched 'final'\r\ndebug2: match found\r\ndebug3: /etc/ssh/ssh_config.d/05-redhat.conf line 5: Including file /etc/crypto-policies/back-ends/openssh.config depth 1\r\ndebug1: Reading configuration data /etc/crypto-policies/back-ends/openssh.config\r\ndebug3: gss kex names ok: [gss-gex-sha1-,gss-group14-sha1-]\r\ndebug3: kex names ok: [curve25519-sha256,curve25519-sha256@libssh.org,ecdh-sha2-nistp256,ecdh-sha2-nistp384,ecdh-sha2-nistp521,diffie-hellman-group-exchange-sha256,diffie-hellman-group14-sha256,diffie-hellman-group16-sha512,diffie-hellman-group18-sha512,diffie-hellman-group-exchange-sha1,diffie-hellman-group14-sha1]\r\ndebug1: auto-mux: Trying existing master\r\ndebug2: fd 4 setting O_NONBLOCK\r\ndebug2: mux_client_hello_exchange: master version 4\r\ndebug3: mux_client_forwards: request forwardings: 0 local, 0 remote\r\ndebug3: mux_client_request_session: entering\r\ndebug3: mux_client_request_alive: entering\r\ndebug3: mux_client_request_alive: done pid = 11830\r\ndebug3: mux_client_request_session: session request sent\r\ndebug3: mux_client_read_packet: read header failed: Broken pipe\r\ndebug2: Received exit status from master 0\r\n")
2020-03-03 12:25:59,610 p=11820 u=mark n=ansible |  11820 1583234759.61063: _low_level_execute_command() done: rc=0, stdout=ansible-tmp-1583234758.2499528-92648812234607=/home/sudoall/.ansible/tmp/ansible-tmp-1583234758.2499528-92648812234607
, stderr=OpenSSH_8.0p1, OpenSSL 1.1.1c FIPS  28 May 2019
debug1: Reading configuration data /etc/ssh/ssh_config
debug3: /etc/ssh/ssh_config line 51: Including file /etc/ssh/ssh_config.d/05-redhat.conf depth 0
debug1: Reading configuration data /etc/ssh/ssh_config.d/05-redhat.conf
debug2: checking match for 'final all' host debian originally debian
debug3: /etc/ssh/ssh_config.d/05-redhat.conf line 3: not matched 'final'
debug2: match not found
debug3: /etc/ssh/ssh_config.d/05-redhat.conf line 5: Including file /etc/crypto-policies/back-ends/openssh.config depth 1 (parse only)
debug1: Reading configuration data /etc/crypto-policies/back-ends/openssh.config
debug3: gss kex names ok: [gss-gex-sha1-,gss-group14-sha1-]
debug3: kex names ok: [curve25519-sha256,curve25519-sha256@libssh.org,ecdh-sha2-nistp256,ecdh-sha2-nistp384,ecdh-sha2-nistp521,diffie-hellman-group-exchange-sha256,diffie-hellman-group14-sha256,diffie-hellman-group16-sha512,diffie-hellman-group18-sha512,diffie-hellman-group-exchange-sha1,diffie-hellman-group14-sha1]
debug1: configuration requests final Match pass
debug1: re-parsing configuration
debug1: Reading configuration data /etc/ssh/ssh_config
debug3: /etc/ssh/ssh_config line 51: Including file /etc/ssh/ssh_config.d/05-redhat.conf depth 0
debug1: Reading configuration data /etc/ssh/ssh_config.d/05-redhat.conf
debug2: checking match for 'final all' host debian originally debian
debug3: /etc/ssh/ssh_config.d/05-redhat.conf line 3: matched 'final'
debug2: match found
debug3: /etc/ssh/ssh_config.d/05-redhat.conf line 5: Including file /etc/crypto-policies/back-ends/openssh.config depth 1
debug1: Reading configuration data /etc/crypto-policies/back-ends/openssh.config
debug3: gss kex names ok: [gss-gex-sha1-,gss-group14-sha1-]
debug3: kex names ok: [curve25519-sha256,curve25519-sha256@libssh.org,ecdh-sha2-nistp256,ecdh-sha2-nistp384,ecdh-sha2-nistp521,diffie-hellman-group-exchange-sha256,diffie-hellman-group14-sha256,diffie-hellman-group16-sha512,diffie-hellman-group18-sha512,diffie-hellman-group-exchange-sha1,diffie-hellman-group14-sha1]
debug1: auto-mux: Trying existing master
debug2: fd 4 setting O_NONBLOCK
debug2: mux_client_hello_exchange: master version 4
debug3: mux_client_forwards: request forwardings: 0 local, 0 remote
debug3: mux_client_request_session: entering
debug3: mux_client_request_alive: entering
debug3: mux_client_request_alive: done pid = 11830
debug3: mux_client_request_session: session request sent
debug3: mux_client_read_packet: read header failed: Broken pipe
debug2: Received exit status from master 0

2020-03-03 12:25:59,646 p=11820 u=mark n=ansible |  11820 1583234759.64598: trying /usr/share/ansible/plugins/modules
2020-03-03 12:25:59,646 p=11820 u=mark n=ansible |  11820 1583234759.64624: trying /usr/lib/python3.6/site-packages/ansible/modules
2020-03-03 12:25:59,646 p=11820 u=mark n=ansible |  11820 1583234759.64654: trying /usr/lib/python3.6/site-packages/ansible/modules/__pycache__
2020-03-03 12:25:59,646 p=11820 u=mark n=ansible |  11820 1583234759.64668: trying /usr/lib/python3.6/site-packages/ansible/modules/cloud
2020-03-03 12:25:59,647 p=11820 u=mark n=ansible |  11820 1583234759.64704: trying /usr/lib/python3.6/site-packages/ansible/modules/clustering
2020-03-03 12:25:59,647 p=11820 u=mark n=ansible |  11820 1583234759.64730: trying /usr/lib/python3.6/site-packages/ansible/modules/commands
2020-03-03 12:25:59,647 p=11820 u=mark n=ansible |  11820 1583234759.64792: ANSIBALLZ: using cached module: /home/mark/.ansible/tmp/ansible-local-11808ea7n9daf/ansiballz_cache/command-ZIP_DEFLATED
2020-03-03 12:25:59,648 p=11820 u=mark n=ansible | <debian> Attempting python interpreter discovery
2020-03-03 12:25:59,648 p=11820 u=mark n=ansible |  11820 1583234759.64861: _low_level_execute_command(): starting
2020-03-03 12:25:59,648 p=11820 u=mark n=ansible |  11820 1583234759.64873: _low_level_execute_command(): executing: /bin/sh -c 'echo PLATFORM; uname; echo FOUND; command -v '"'"'/usr/bin/python'"'"'; command -v '"'"'python3.7'"'"'; command -v '"'"'python3.6'"'"'; command -v '"'"'python3.5'"'"'; command -v '"'"'python2.7'"'"'; command -v '"'"'python2.6'"'"'; command -v '"'"'/usr/libexec/platform-python'"'"'; command -v '"'"'/usr/bin/python3'"'"'; command -v '"'"'python'"'"'; echo ENDFOUND && sleep 0'
2020-03-03 12:25:59,648 p=11820 u=mark n=ansible | <debian> ESTABLISH SSH CONNECTION FOR USER: sudoall
2020-03-03 12:25:59,649 p=11820 u=mark n=ansible | <debian> SSH: EXEC ssh -vvv -C -o ControlMaster=auto -o ControlPersist=60s -o StrictHostKeyChecking=no -o KbdInteractiveAuthentication=no -o PreferredAuthentications=gssapi-with-mic,gssapi-keyex,hostbased,publickey -o PasswordAuthentication=no -o 'User="sudoall"' -o ConnectTimeout=10 -o ControlPath=/home/mark/.ansible/cp/64fc45c5ab debian '/bin/sh -c '"'"'echo PLATFORM; uname; echo FOUND; command -v '"'"'"'"'"'"'"'"'/usr/bin/python'"'"'"'"'"'"'"'"'; command -v '"'"'"'"'"'"'"'"'python3.7'"'"'"'"'"'"'"'"'; command -v '"'"'"'"'"'"'"'"'python3.6'"'"'"'"'"'"'"'"'; command -v '"'"'"'"'"'"'"'"'python3.5'"'"'"'"'"'"'"'"'; command -v '"'"'"'"'"'"'"'"'python2.7'"'"'"'"'"'"'"'"'; command -v '"'"'"'"'"'"'"'"'python2.6'"'"'"'"'"'"'"'"'; command -v '"'"'"'"'"'"'"'"'/usr/libexec/platform-python'"'"'"'"'"'"'"'"'; command -v '"'"'"'"'"'"'"'"'/usr/bin/python3'"'"'"'"'"'"'"'"'; command -v '"'"'"'"'"'"'"'"'python'"'"'"'"'"'"'"'"'; echo ENDFOUND && sleep 0'"'"''
2020-03-03 12:25:59,656 p=11820 u=mark n=ansible |  11820 1583234759.65661: stderr chunk (state=2):
>>>OpenSSH_8.0p1, OpenSSL 1.1.1c FIPS  28 May 2019
debug1: Reading configuration data /etc/ssh/ssh_config
debug3: /etc/ssh/ssh_config line 51: Including file /etc/ssh/ssh_config.d/05-redhat.conf depth 0
debug1: Reading configuration data /etc/ssh/ssh_config.d/05-redhat.conf
<<<

2020-03-03 12:25:59,657 p=11820 u=mark n=ansible |  11820 1583234759.65757: stderr chunk (state=3):
>>>debug2: checking match for 'final all' host debian originally debian
debug3: /etc/ssh/ssh_config.d/05-redhat.conf line 3: not matched 'final'
debug2: match not found
debug3: /etc/ssh/ssh_config.d/05-redhat.conf line 5: Including file /etc/crypto-policies/back-ends/openssh.config depth 1 (parse only)
debug1: Reading configuration data /etc/crypto-policies/back-ends/openssh.config
debug3: gss kex names ok: [gss-gex-sha1-,gss-group14-sha1-]
debug3: kex names ok: [curve25519-sha256,curve25519-sha256@libssh.org,ecdh-sha2-nistp256,ecdh-sha2-nistp384,ecdh-sha2-nistp521,diffie-hellman-group-exchange-sha256,diffie-hellman-group14-sha256,diffie-hellman-group16-sha512,diffie-hellman-group18-sha512,diffie-hellman-group-exchange-sha1,diffie-hellman-group14-sha1]
debug1: configuration requests final Match pass
debug1: re-parsing configuration
debug1: Reading configuration data /etc/ssh/ssh_config
debug3: /etc/ssh/ssh_config line 51: Including file /etc/ssh/ssh_config.d/05-redhat.conf depth 0
debug1: Reading configuration data /etc/ssh/ssh_config.d/05-redhat.conf
debug2: checking match for 'final all' host debian originally debian
debug3: /etc/ssh/ssh_config.d/05-redhat.conf line 3: matched 'final'
debug2: match found
debug3: /etc/ssh/ssh_config.d/05-redhat.conf line 5: Including file /etc/crypto-policies/back-ends/openssh.config depth 1
debug1: Reading configuration data /etc/crypto-policies/back-ends/openssh.config
debug3: gss kex names ok: [gss-gex-sha1-,gss-group14-sha1-]
debug3: kex names ok: [curve25519-sha256,curve25519-sha256@libssh.org,ecdh-sha2-nistp256,ecdh-sha2-nistp384,ecdh-sha2-nistp521,diffie-hellman-group-exchange-sha256,diffie-hellman-group14-sha256,diffie-hellman-group16-sha512,diffie-hellman-group18-sha512,diffie-hellman-group-exchange-sha1,diffie-hellman-group14-sha1]
debug1: auto-mux: Trying existing master
debug2: fd 4 setting O_NONBLOCK
debug2: mux_client_hello_exchange: master version 4
debug3: mux_client_forwards: request forwardings: 0 local, 0 remote
debug3: mux_client_request_session: entering
debug3: mux_client_request_alive: entering
debug3: mux_client_request_alive: done pid = 11830
debug3: mux_client_request_session: session request sent
<<<

2020-03-03 12:25:59,662 p=11820 u=mark n=ansible |  11820 1583234759.66186: stdout chunk (state=3):
>>>PLATFORM
<<<

2020-03-03 12:25:59,662 p=11820 u=mark n=ansible |  11820 1583234759.66254: stdout chunk (state=3):
>>>Linux
FOUND
/usr/bin/python
/usr/bin/python3.7
/usr/bin/python2.7
/usr/bin/python3
/usr/bin/python
ENDFOUND
<<<

2020-03-03 12:25:59,664 p=11820 u=mark n=ansible |  11820 1583234759.66420: stderr chunk (state=3):
>>>debug3: mux_client_read_packet: read header failed: Broken pipe
debug2: Received exit status from master 0
<<<

2020-03-03 12:25:59,665 p=11820 u=mark n=ansible |  11820 1583234759.66485: stdout chunk (state=3):
>>><<<

2020-03-03 12:25:59,665 p=11820 u=mark n=ansible |  11820 1583234759.66530: stderr chunk (state=3):
>>><<<

2020-03-03 12:25:59,666 p=11820 u=mark n=ansible | <debian> (0, b'PLATFORM\nLinux\nFOUND\n/usr/bin/python\n/usr/bin/python3.7\n/usr/bin/python2.7\n/usr/bin/python3\n/usr/bin/python\nENDFOUND\n', b"OpenSSH_8.0p1, OpenSSL 1.1.1c FIPS  28 May 2019\r\ndebug1: Reading configuration data /etc/ssh/ssh_config\r\ndebug3: /etc/ssh/ssh_config line 51: Including file /etc/ssh/ssh_config.d/05-redhat.conf depth 0\r\ndebug1: Reading configuration data /etc/ssh/ssh_config.d/05-redhat.conf\r\ndebug2: checking match for 'final all' host debian originally debian\r\ndebug3: /etc/ssh/ssh_config.d/05-redhat.conf line 3: not matched 'final'\r\ndebug2: match not found\r\ndebug3: /etc/ssh/ssh_config.d/05-redhat.conf line 5: Including file /etc/crypto-policies/back-ends/openssh.config depth 1 (parse only)\r\ndebug1: Reading configuration data /etc/crypto-policies/back-ends/openssh.config\r\ndebug3: gss kex names ok: [gss-gex-sha1-,gss-group14-sha1-]\r\ndebug3: kex names ok: [curve25519-sha256,curve25519-sha256@libssh.org,ecdh-sha2-nistp256,ecdh-sha2-nistp384,ecdh-sha2-nistp521,diffie-hellman-group-exchange-sha256,diffie-hellman-group14-sha256,diffie-hellman-group16-sha512,diffie-hellman-group18-sha512,diffie-hellman-group-exchange-sha1,diffie-hellman-group14-sha1]\r\ndebug1: configuration requests final Match pass\r\ndebug1: re-parsing configuration\r\ndebug1: Reading configuration data /etc/ssh/ssh_config\r\ndebug3: /etc/ssh/ssh_config line 51: Including file /etc/ssh/ssh_config.d/05-redhat.conf depth 0\r\ndebug1: Reading configuration data /etc/ssh/ssh_config.d/05-redhat.conf\r\ndebug2: checking match for 'final all' host debian originally debian\r\ndebug3: /etc/ssh/ssh_config.d/05-redhat.conf line 3: matched 'final'\r\ndebug2: match found\r\ndebug3: /etc/ssh/ssh_config.d/05-redhat.conf line 5: Including file /etc/crypto-policies/back-ends/openssh.config depth 1\r\ndebug1: Reading configuration data /etc/crypto-policies/back-ends/openssh.config\r\ndebug3: gss kex names ok: [gss-gex-sha1-,gss-group14-sha1-]\r\ndebug3: kex names ok: [curve25519-sha256,curve25519-sha256@libssh.org,ecdh-sha2-nistp256,ecdh-sha2-nistp384,ecdh-sha2-nistp521,diffie-hellman-group-exchange-sha256,diffie-hellman-group14-sha256,diffie-hellman-group16-sha512,diffie-hellman-group18-sha512,diffie-hellman-group-exchange-sha1,diffie-hellman-group14-sha1]\r\ndebug1: auto-mux: Trying existing master\r\ndebug2: fd 4 setting O_NONBLOCK\r\ndebug2: mux_client_hello_exchange: master version 4\r\ndebug3: mux_client_forwards: request forwardings: 0 local, 0 remote\r\ndebug3: mux_client_request_session: entering\r\ndebug3: mux_client_request_alive: entering\r\ndebug3: mux_client_request_alive: done pid = 11830\r\ndebug3: mux_client_request_session: session request sent\r\ndebug3: mux_client_read_packet: read header failed: Broken pipe\r\ndebug2: Received exit status from master 0\r\n")
2020-03-03 12:25:59,666 p=11820 u=mark n=ansible |  11820 1583234759.66631: _low_level_execute_command() done: rc=0, stdout=PLATFORM
Linux
FOUND
/usr/bin/python
/usr/bin/python3.7
/usr/bin/python2.7
/usr/bin/python3
/usr/bin/python
ENDFOUND
, stderr=OpenSSH_8.0p1, OpenSSL 1.1.1c FIPS  28 May 2019
debug1: Reading configuration data /etc/ssh/ssh_config
debug3: /etc/ssh/ssh_config line 51: Including file /etc/ssh/ssh_config.d/05-redhat.conf depth 0
debug1: Reading configuration data /etc/ssh/ssh_config.d/05-redhat.conf
debug2: checking match for 'final all' host debian originally debian
debug3: /etc/ssh/ssh_config.d/05-redhat.conf line 3: not matched 'final'
debug2: match not found
debug3: /etc/ssh/ssh_config.d/05-redhat.conf line 5: Including file /etc/crypto-policies/back-ends/openssh.config depth 1 (parse only)
debug1: Reading configuration data /etc/crypto-policies/back-ends/openssh.config
debug3: gss kex names ok: [gss-gex-sha1-,gss-group14-sha1-]
debug3: kex names ok: [curve25519-sha256,curve25519-sha256@libssh.org,ecdh-sha2-nistp256,ecdh-sha2-nistp384,ecdh-sha2-nistp521,diffie-hellman-group-exchange-sha256,diffie-hellman-group14-sha256,diffie-hellman-group16-sha512,diffie-hellman-group18-sha512,diffie-hellman-group-exchange-sha1,diffie-hellman-group14-sha1]
debug1: configuration requests final Match pass
debug1: re-parsing configuration
debug1: Reading configuration data /etc/ssh/ssh_config
debug3: /etc/ssh/ssh_config line 51: Including file /etc/ssh/ssh_config.d/05-redhat.conf depth 0
debug1: Reading configuration data /etc/ssh/ssh_config.d/05-redhat.conf
debug2: checking match for 'final all' host debian originally debian
debug3: /etc/ssh/ssh_config.d/05-redhat.conf line 3: matched 'final'
debug2: match found
debug3: /etc/ssh/ssh_config.d/05-redhat.conf line 5: Including file /etc/crypto-policies/back-ends/openssh.config depth 1
debug1: Reading configuration data /etc/crypto-policies/back-ends/openssh.config
debug3: gss kex names ok: [gss-gex-sha1-,gss-group14-sha1-]
debug3: kex names ok: [curve25519-sha256,curve25519-sha256@libssh.org,ecdh-sha2-nistp256,ecdh-sha2-nistp384,ecdh-sha2-nistp521,diffie-hellman-group-exchange-sha256,diffie-hellman-group14-sha256,diffie-hellman-group16-sha512,diffie-hellman-group18-sha512,diffie-hellman-group-exchange-sha1,diffie-hellman-group14-sha1]
debug1: auto-mux: Trying existing master
debug2: fd 4 setting O_NONBLOCK
debug2: mux_client_hello_exchange: master version 4
debug3: mux_client_forwards: request forwardings: 0 local, 0 remote
debug3: mux_client_request_session: entering
debug3: mux_client_request_alive: entering
debug3: mux_client_request_alive: done pid = 11830
debug3: mux_client_request_session: session request sent
debug3: mux_client_read_packet: read header failed: Broken pipe
debug2: Received exit status from master 0

2020-03-03 12:25:59,667 p=11820 u=mark n=ansible |  11820 1583234759.66698 [debian]: found interpreters: ['/usr/bin/python', '/usr/bin/python3.7', '/usr/bin/python2.7', '/usr/bin/python3', '/usr/bin/python']
2020-03-03 12:25:59,668 p=11820 u=mark n=ansible |  11820 1583234759.66834: _low_level_execute_command(): starting
2020-03-03 12:25:59,668 p=11820 u=mark n=ansible |  11820 1583234759.66878: _low_level_execute_command(): executing: /bin/sh -c '/usr/bin/python && sleep 0'
2020-03-03 12:25:59,669 p=11820 u=mark n=ansible | <debian> ESTABLISH SSH CONNECTION FOR USER: sudoall
2020-03-03 12:25:59,671 p=11820 u=mark n=ansible | <debian> SSH: EXEC ssh -vvv -C -o ControlMaster=auto -o ControlPersist=60s -o StrictHostKeyChecking=no -o KbdInteractiveAuthentication=no -o PreferredAuthentications=gssapi-with-mic,gssapi-keyex,hostbased,publickey -o PasswordAuthentication=no -o 'User="sudoall"' -o ConnectTimeout=10 -o ControlPath=/home/mark/.ansible/cp/64fc45c5ab debian '/bin/sh -c '"'"'/usr/bin/python && sleep 0'"'"''
2020-03-03 12:25:59,675 p=11820 u=mark n=ansible |  11820 1583234759.67526: Sending initial data
2020-03-03 12:25:59,676 p=11820 u=mark n=ansible |  11820 1583234759.67608: Sent initial data (1234 bytes)
2020-03-03 12:25:59,678 p=11820 u=mark n=ansible |  11820 1583234759.67861: stderr chunk (state=3):
>>>OpenSSH_8.0p1, OpenSSL 1.1.1c FIPS  28 May 2019
debug1: Reading configuration data /etc/ssh/ssh_config
debug3: /etc/ssh/ssh_config line 51: Including file /etc/ssh/ssh_config.d/05-redhat.conf depth 0
debug1: Reading configuration data /etc/ssh/ssh_config.d/05-redhat.conf
<<<

2020-03-03 12:25:59,679 p=11820 u=mark n=ansible |  11820 1583234759.67914: stderr chunk (state=3):
>>>debug2: checking match for 'final all' host debian originally debian
debug3: /etc/ssh/ssh_config.d/05-redhat.conf line 3: not matched 'final'
debug2: match not found
debug3: /etc/ssh/ssh_config.d/05-redhat.conf line 5: Including file /etc/crypto-policies/back-ends/openssh.config depth 1 (parse only)
debug1: Reading configuration data /etc/crypto-policies/back-ends/openssh.config
debug3: gss kex names ok: [gss-gex-sha1-,gss-group14-sha1-]
debug3: kex names ok: [curve25519-sha256,curve25519-sha256@libssh.org,ecdh-sha2-nistp256,ecdh-sha2-nistp384,ecdh-sha2-nistp521,diffie-hellman-group-exchange-sha256,diffie-hellman-group14-sha256,diffie-hellman-group16-sha512,diffie-hellman-group18-sha512,diffie-hellman-group-exchange-sha1,diffie-hellman-group14-sha1]
debug1: configuration requests final Match pass
debug1: re-parsing configuration
debug1: Reading configuration data /etc/ssh/ssh_config
debug3: /etc/ssh/ssh_config line 51: Including file /etc/ssh/ssh_config.d/05-redhat.conf depth 0
debug1: Reading configuration data /etc/ssh/ssh_config.d/05-redhat.conf
debug2: checking match for 'final all' host debian originally debian
debug3: /etc/ssh/ssh_config.d/05-redhat.conf line 3: matched 'final'
debug2: match found
debug3: /etc/ssh/ssh_config.d/05-redhat.conf line 5: Including file /etc/crypto-policies/back-ends/openssh.config depth 1
debug1: Reading configuration data /etc/crypto-policies/back-ends/openssh.config
debug3: gss kex names ok: [gss-gex-sha1-,gss-group14-sha1-]
debug3: kex names ok: [curve25519-sha256,curve25519-sha256@libssh.org,ecdh-sha2-nistp256,ecdh-sha2-nistp384,ecdh-sha2-nistp521,diffie-hellman-group-exchange-sha256,diffie-hellman-group14-sha256,diffie-hellman-group16-sha512,diffie-hellman-group18-sha512,diffie-hellman-group-exchange-sha1,diffie-hellman-group14-sha1]
debug1: auto-mux: Trying existing master
debug2: fd 4 setting O_NONBLOCK
debug2: mux_client_hello_exchange: master version 4
debug3: mux_client_forwards: request forwardings: 0 local, 0 remote
debug3: mux_client_request_session: entering
debug3: mux_client_request_alive: entering
debug3: mux_client_request_alive: done pid = 11830
debug3: mux_client_request_session: session request sent
<<<

2020-03-03 12:25:59,699 p=11820 u=mark n=ansible |  11820 1583234759.69972: stdout chunk (state=3):
>>>{"osrelease_content": "PRETTY_NAME=\"Debian GNU/Linux 10 (buster)\"\nNAME=\"Debian GNU/Linux\"\nVERSION_ID=\"10\"\nVERSION=\"10 (buster)\"\nVERSION_CODENAME=buster\nID=debian\nHOME_URL=\"https://www.debian.org/\"\nSUPPORT_URL=\"https://www.debian.org/support\"\nBUG_REPORT_URL=\"https://bugs.debian.org/\"\n", "platform_dist_result": ["debian", "10.3", ""]}
<<<

2020-03-03 12:25:59,701 p=11820 u=mark n=ansible |  11820 1583234759.70111: stderr chunk (state=3):
>>>debug3: mux_client_read_packet: read header failed: Broken pipe
debug2: Received exit status from master 0
<<<

2020-03-03 12:25:59,701 p=11820 u=mark n=ansible |  11820 1583234759.70174: stderr chunk (state=3):
>>><<<

2020-03-03 12:25:59,702 p=11820 u=mark n=ansible |  11820 1583234759.70204: stdout chunk (state=3):
>>><<<

2020-03-03 12:25:59,702 p=11820 u=mark n=ansible | <debian> (0, b'{"osrelease_content": "PRETTY_NAME=\\"Debian GNU/Linux 10 (buster)\\"\\nNAME=\\"Debian GNU/Linux\\"\\nVERSION_ID=\\"10\\"\\nVERSION=\\"10 (buster)\\"\\nVERSION_CODENAME=buster\\nID=debian\\nHOME_URL=\\"https://www.debian.org/\\"\\nSUPPORT_URL=\\"https://www.debian.org/support\\"\\nBUG_REPORT_URL=\\"https://bugs.debian.org/\\"\\n", "platform_dist_result": ["debian", "10.3", ""]}\n', b"OpenSSH_8.0p1, OpenSSL 1.1.1c FIPS  28 May 2019\r\ndebug1: Reading configuration data /etc/ssh/ssh_config\r\ndebug3: /etc/ssh/ssh_config line 51: Including file /etc/ssh/ssh_config.d/05-redhat.conf depth 0\r\ndebug1: Reading configuration data /etc/ssh/ssh_config.d/05-redhat.conf\r\ndebug2: checking match for 'final all' host debian originally debian\r\ndebug3: /etc/ssh/ssh_config.d/05-redhat.conf line 3: not matched 'final'\r\ndebug2: match not found\r\ndebug3: /etc/ssh/ssh_config.d/05-redhat.conf line 5: Including file /etc/crypto-policies/back-ends/openssh.config depth 1 (parse only)\r\ndebug1: Reading configuration data /etc/crypto-policies/back-ends/openssh.config\r\ndebug3: gss kex names ok: [gss-gex-sha1-,gss-group14-sha1-]\r\ndebug3: kex names ok: [curve25519-sha256,curve25519-sha256@libssh.org,ecdh-sha2-nistp256,ecdh-sha2-nistp384,ecdh-sha2-nistp521,diffie-hellman-group-exchange-sha256,diffie-hellman-group14-sha256,diffie-hellman-group16-sha512,diffie-hellman-group18-sha512,diffie-hellman-group-exchange-sha1,diffie-hellman-group14-sha1]\r\ndebug1: configuration requests final Match pass\r\ndebug1: re-parsing configuration\r\ndebug1: Reading configuration data /etc/ssh/ssh_config\r\ndebug3: /etc/ssh/ssh_config line 51: Including file /etc/ssh/ssh_config.d/05-redhat.conf depth 0\r\ndebug1: Reading configuration data /etc/ssh/ssh_config.d/05-redhat.conf\r\ndebug2: checking match for 'final all' host debian originally debian\r\ndebug3: /etc/ssh/ssh_config.d/05-redhat.conf line 3: matched 'final'\r\ndebug2: match found\r\ndebug3: /etc/ssh/ssh_config.d/05-redhat.conf line 5: Including file /etc/crypto-policies/back-ends/openssh.config depth 1\r\ndebug1: Reading configuration data /etc/crypto-policies/back-ends/openssh.config\r\ndebug3: gss kex names ok: [gss-gex-sha1-,gss-group14-sha1-]\r\ndebug3: kex names ok: [curve25519-sha256,curve25519-sha256@libssh.org,ecdh-sha2-nistp256,ecdh-sha2-nistp384,ecdh-sha2-nistp521,diffie-hellman-group-exchange-sha256,diffie-hellman-group14-sha256,diffie-hellman-group16-sha512,diffie-hellman-group18-sha512,diffie-hellman-group-exchange-sha1,diffie-hellman-group14-sha1]\r\ndebug1: auto-mux: Trying existing master\r\ndebug2: fd 4 setting O_NONBLOCK\r\ndebug2: mux_client_hello_exchange: master version 4\r\ndebug3: mux_client_forwards: request forwardings: 0 local, 0 remote\r\ndebug3: mux_client_request_session: entering\r\ndebug3: mux_client_request_alive: entering\r\ndebug3: mux_client_request_alive: done pid = 11830\r\ndebug3: mux_client_request_session: session request sent\r\ndebug3: mux_client_read_packet: read header failed: Broken pipe\r\ndebug2: Received exit status from master 0\r\n")
2020-03-03 12:25:59,703 p=11820 u=mark n=ansible |  11820 1583234759.70289: _low_level_execute_command() done: rc=0, stdout={"osrelease_content": "PRETTY_NAME=\"Debian GNU/Linux 10 (buster)\"\nNAME=\"Debian GNU/Linux\"\nVERSION_ID=\"10\"\nVERSION=\"10 (buster)\"\nVERSION_CODENAME=buster\nID=debian\nHOME_URL=\"https://www.debian.org/\"\nSUPPORT_URL=\"https://www.debian.org/support\"\nBUG_REPORT_URL=\"https://bugs.debian.org/\"\n", "platform_dist_result": ["debian", "10.3", ""]}
, stderr=OpenSSH_8.0p1, OpenSSL 1.1.1c FIPS  28 May 2019
debug1: Reading configuration data /etc/ssh/ssh_config
debug3: /etc/ssh/ssh_config line 51: Including file /etc/ssh/ssh_config.d/05-redhat.conf depth 0
debug1: Reading configuration data /etc/ssh/ssh_config.d/05-redhat.conf
debug2: checking match for 'final all' host debian originally debian
debug3: /etc/ssh/ssh_config.d/05-redhat.conf line 3: not matched 'final'
debug2: match not found
debug3: /etc/ssh/ssh_config.d/05-redhat.conf line 5: Including file /etc/crypto-policies/back-ends/openssh.config depth 1 (parse only)
debug1: Reading configuration data /etc/crypto-policies/back-ends/openssh.config
debug3: gss kex names ok: [gss-gex-sha1-,gss-group14-sha1-]
debug3: kex names ok: [curve25519-sha256,curve25519-sha256@libssh.org,ecdh-sha2-nistp256,ecdh-sha2-nistp384,ecdh-sha2-nistp521,diffie-hellman-group-exchange-sha256,diffie-hellman-group14-sha256,diffie-hellman-group16-sha512,diffie-hellman-group18-sha512,diffie-hellman-group-exchange-sha1,diffie-hellman-group14-sha1]
debug1: configuration requests final Match pass
debug1: re-parsing configuration
debug1: Reading configuration data /etc/ssh/ssh_config
debug3: /etc/ssh/ssh_config line 51: Including file /etc/ssh/ssh_config.d/05-redhat.conf depth 0
debug1: Reading configuration data /etc/ssh/ssh_config.d/05-redhat.conf
debug2: checking match for 'final all' host debian originally debian
debug3: /etc/ssh/ssh_config.d/05-redhat.conf line 3: matched 'final'
debug2: match found
debug3: /etc/ssh/ssh_config.d/05-redhat.conf line 5: Including file /etc/crypto-policies/back-ends/openssh.config depth 1
debug1: Reading configuration data /etc/crypto-policies/back-ends/openssh.config
debug3: gss kex names ok: [gss-gex-sha1-,gss-group14-sha1-]
debug3: kex names ok: [curve25519-sha256,curve25519-sha256@libssh.org,ecdh-sha2-nistp256,ecdh-sha2-nistp384,ecdh-sha2-nistp521,diffie-hellman-group-exchange-sha256,diffie-hellman-group14-sha256,diffie-hellman-group16-sha512,diffie-hellman-group18-sha512,diffie-hellman-group-exchange-sha1,diffie-hellman-group14-sha1]
debug1: auto-mux: Trying existing master
debug2: fd 4 setting O_NONBLOCK
debug2: mux_client_hello_exchange: master version 4
debug3: mux_client_forwards: request forwardings: 0 local, 0 remote
debug3: mux_client_request_session: entering
debug3: mux_client_request_alive: entering
debug3: mux_client_request_alive: done pid = 11830
debug3: mux_client_request_session: session request sent
debug3: mux_client_read_packet: read header failed: Broken pipe
debug2: Received exit status from master 0

2020-03-03 12:25:59,703 p=11820 u=mark n=ansible | <debian> Python interpreter discovery fallback (unsupported Linux distribution: debian)
2020-03-03 12:25:59,705 p=11820 u=mark n=ansible |  11820 1583234759.70490: ANSIBALLZ: using cached module: /home/mark/.ansible/tmp/ansible-local-11808ea7n9daf/ansiballz_cache/command-ZIP_DEFLATED
2020-03-03 12:25:59,706 p=11820 u=mark n=ansible | Using module file /usr/lib/python3.6/site-packages/ansible/modules/commands/command.py
2020-03-03 12:25:59,706 p=11820 u=mark n=ansible |  11820 1583234759.70633: transferring module to remote /home/sudoall/.ansible/tmp/ansible-tmp-1583234758.2499528-92648812234607/AnsiballZ_command.py
2020-03-03 12:25:59,708 p=11820 u=mark n=ansible | <debian> PUT /home/mark/.ansible/tmp/ansible-local-11808ea7n9daf/tmpwddfwqnv TO /home/sudoall/.ansible/tmp/ansible-tmp-1583234758.2499528-92648812234607/AnsiballZ_command.py
2020-03-03 12:25:59,710 p=11820 u=mark n=ansible | <debian> SSH: EXEC sftp -b - -vvv -C -o ControlMaster=auto -o ControlPersist=60s -o StrictHostKeyChecking=no -o KbdInteractiveAuthentication=no -o PreferredAuthentications=gssapi-with-mic,gssapi-keyex,hostbased,publickey -o PasswordAuthentication=no -o 'User="sudoall"' -o ConnectTimeout=10 -o ControlPath=/home/mark/.ansible/cp/64fc45c5ab '[debian]'
2020-03-03 12:25:59,714 p=11820 u=mark n=ansible |  11820 1583234759.71412: Sending initial data
2020-03-03 12:25:59,715 p=11820 u=mark n=ansible |  11820 1583234759.71491: Sent initial data (162 bytes)
2020-03-03 12:25:59,721 p=11820 u=mark n=ansible |  11820 1583234759.72125: stderr chunk (state=3):
>>>OpenSSH_8.0p1, OpenSSL 1.1.1c FIPS  28 May 2019
debug1: Reading configuration data /etc/ssh/ssh_config
debug3: /etc/ssh/ssh_config line 51: Including file /etc/ssh/ssh_config.d/05-redhat.conf depth 0
debug1: Reading configuration data /etc/ssh/ssh_config.d/05-redhat.conf
<<<

2020-03-03 12:25:59,722 p=11820 u=mark n=ansible |  11820 1583234759.72185: stderr chunk (state=3):
>>>debug2: checking match for 'final all' host debian originally debian
debug3: /etc/ssh/ssh_config.d/05-redhat.conf line 3: not matched 'final'
debug2: match not found
debug3: /etc/ssh/ssh_config.d/05-redhat.conf line 5: Including file /etc/crypto-policies/back-ends/openssh.config depth 1 (parse only)
debug1: Reading configuration data /etc/crypto-policies/back-ends/openssh.config
debug3: gss kex names ok: [gss-gex-sha1-,gss-group14-sha1-]
debug3: kex names ok: [curve25519-sha256,curve25519-sha256@libssh.org,ecdh-sha2-nistp256,ecdh-sha2-nistp384,ecdh-sha2-nistp521,diffie-hellman-group-exchange-sha256,diffie-hellman-group14-sha256,diffie-hellman-group16-sha512,diffie-hellman-group18-sha512,diffie-hellman-group-exchange-sha1,diffie-hellman-group14-sha1]
debug1: configuration requests final Match pass
debug1: re-parsing configuration
debug1: Reading configuration data /etc/ssh/ssh_config
debug3: /etc/ssh/ssh_config line 51: Including file /etc/ssh/ssh_config.d/05-redhat.conf depth 0
debug1: Reading configuration data /etc/ssh/ssh_config.d/05-redhat.conf
debug2: checking match for 'final all' host debian originally debian
debug3: /etc/ssh/ssh_config.d/05-redhat.conf line 3: matched 'final'
debug2: match found
debug3: /etc/ssh/ssh_config.d/05-redhat.conf line 5: Including file /etc/crypto-policies/back-ends/openssh.config depth 1
debug1: Reading configuration data /etc/crypto-policies/back-ends/openssh.config
debug3: gss kex names ok: [gss-gex-sha1-,gss-group14-sha1-]
debug3: kex names ok: [curve25519-sha256,curve25519-sha256@libssh.org,ecdh-sha2-nistp256,ecdh-sha2-nistp384,ecdh-sha2-nistp521,diffie-hellman-group-exchange-sha256,diffie-hellman-group14-sha256,diffie-hellman-group16-sha512,diffie-hellman-group18-sha512,diffie-hellman-group-exchange-sha1,diffie-hellman-group14-sha1]
debug1: auto-mux: Trying existing master
debug2: fd 4 setting O_NONBLOCK
debug2: mux_client_hello_exchange: master version 4
debug3: mux_client_forwards: request forwardings: 0 local, 0 remote
debug3: mux_client_request_session: entering
debug3: mux_client_request_alive: entering
debug3: mux_client_request_alive: done pid = 11830
debug3: mux_client_request_session: session request sent
<<<

2020-03-03 12:25:59,727 p=11820 u=mark n=ansible |  11820 1583234759.72694: stderr chunk (state=3):
>>>debug2: Remote version: 3
debug2: Server supports extension "posix-rename@openssh.com" revision 1
debug2: Server supports extension "statvfs@openssh.com" revision 2
debug2: Server supports extension "fstatvfs@openssh.com" revision 2
debug2: Server supports extension "hardlink@openssh.com" revision 1
debug2: Server supports extension "fsync@openssh.com" revision 1
debug3: Sent message fd 3 T:16 I:1
<<<

2020-03-03 12:25:59,727 p=11820 u=mark n=ansible |  11820 1583234759.72764: stderr chunk (state=3):
>>>debug3: SSH_FXP_REALPATH . -> /home/sudoall size 0
debug3: Looking up /home/mark/.ansible/tmp/ansible-local-11808ea7n9daf/tmpwddfwqnv
debug3: Sent message fd 3 T:17 I:2
<<<

2020-03-03 12:25:59,728 p=11820 u=mark n=ansible |  11820 1583234759.72804: stdout chunk (state=3):
>>>sftp> put /home/mark/.ansible/tmp/ansible-local-11808ea7n9daf/tmpwddfwqnv /home/sudoall/.ansible/tmp/ansible-tmp-1583234758.2499528-92648812234607/AnsiballZ_command.py
<<<

2020-03-03 12:25:59,728 p=11820 u=mark n=ansible |  11820 1583234759.72851: stderr chunk (state=3):
>>>debug3: Received stat reply T:101 I:2
debug1: Couldn't stat remote file: No such file or directory
debug3: Sent message SSH2_FXP_OPEN I:3 P:/home/sudoall/.ansible/tmp/ansible-tmp-1583234758.2499528-92648812234607/AnsiballZ_command.py
<<<

2020-03-03 12:25:59,729 p=11820 u=mark n=ansible |  11820 1583234759.72915: stderr chunk (state=3):
>>>debug3: Sent message SSH2_FXP_WRITE I:4 O:0 S:32768
<<<

2020-03-03 12:25:59,731 p=11820 u=mark n=ansible |  11820 1583234759.73167: stderr chunk (state=3):
>>>debug3: SSH2_FXP_STATUS 0
debug3: In write loop, ack for 4 32768 bytes at 0
debug3: Sent message SSH2_FXP_WRITE I:5 O:32768 S:32768
debug3: Sent message SSH2_FXP_WRITE I:6 O:65536 S:32768
debug3: Sent message SSH2_FXP_WRITE I:7 O:98304 S:9571
<<<

2020-03-03 12:25:59,735 p=11820 u=mark n=ansible |  11820 1583234759.73567: stderr chunk (state=3):
>>>debug3: SSH2_FXP_STATUS 0
debug3: In write loop, ack for 5 32768 bytes at 32768
<<<

2020-03-03 12:25:59,736 p=11820 u=mark n=ansible |  11820 1583234759.73617: stderr chunk (state=3):
>>>debug3: SSH2_FXP_STATUS 0
debug3: In write loop, ack for 6 32768 bytes at 65536
debug3: SSH2_FXP_STATUS 0
debug3: In write loop, ack for 7 9571 bytes at 98304
debug3: Sent message SSH2_FXP_CLOSE I:4
<<<

2020-03-03 12:25:59,736 p=11820 u=mark n=ansible |  11820 1583234759.73665: stderr chunk (state=3):
>>>debug3: SSH2_FXP_STATUS 0
<<<

2020-03-03 12:25:59,737 p=11820 u=mark n=ansible |  11820 1583234759.73777: stderr chunk (state=3):
>>>debug3: mux_client_read_packet: read header failed: Broken pipe
debug2: Received exit status from master 0
<<<

2020-03-03 12:25:59,738 p=11820 u=mark n=ansible |  11820 1583234759.73870: stderr chunk (state=3):
>>><<<

2020-03-03 12:25:59,739 p=11820 u=mark n=ansible |  11820 1583234759.73908: stdout chunk (state=3):
>>><<<

2020-03-03 12:25:59,739 p=11820 u=mark n=ansible | <debian> (0, b'sftp> put /home/mark/.ansible/tmp/ansible-local-11808ea7n9daf/tmpwddfwqnv /home/sudoall/.ansible/tmp/ansible-tmp-1583234758.2499528-92648812234607/AnsiballZ_command.py\n', b'OpenSSH_8.0p1, OpenSSL 1.1.1c FIPS  28 May 2019\r\ndebug1: Reading configuration data /etc/ssh/ssh_config\r\ndebug3: /etc/ssh/ssh_config line 51: Including file /etc/ssh/ssh_config.d/05-redhat.conf depth 0\r\ndebug1: Reading configuration data /etc/ssh/ssh_config.d/05-redhat.conf\r\ndebug2: checking match for \'final all\' host debian originally debian\r\ndebug3: /etc/ssh/ssh_config.d/05-redhat.conf line 3: not matched \'final\'\r\ndebug2: match not found\r\ndebug3: /etc/ssh/ssh_config.d/05-redhat.conf line 5: Including file /etc/crypto-policies/back-ends/openssh.config depth 1 (parse only)\r\ndebug1: Reading configuration data /etc/crypto-policies/back-ends/openssh.config\r\ndebug3: gss kex names ok: [gss-gex-sha1-,gss-group14-sha1-]\r\ndebug3: kex names ok: [curve25519-sha256,curve25519-sha256@libssh.org,ecdh-sha2-nistp256,ecdh-sha2-nistp384,ecdh-sha2-nistp521,diffie-hellman-group-exchange-sha256,diffie-hellman-group14-sha256,diffie-hellman-group16-sha512,diffie-hellman-group18-sha512,diffie-hellman-group-exchange-sha1,diffie-hellman-group14-sha1]\r\ndebug1: configuration requests final Match pass\r\ndebug1: re-parsing configuration\r\ndebug1: Reading configuration data /etc/ssh/ssh_config\r\ndebug3: /etc/ssh/ssh_config line 51: Including file /etc/ssh/ssh_config.d/05-redhat.conf depth 0\r\ndebug1: Reading configuration data /etc/ssh/ssh_config.d/05-redhat.conf\r\ndebug2: checking match for \'final all\' host debian originally debian\r\ndebug3: /etc/ssh/ssh_config.d/05-redhat.conf line 3: matched \'final\'\r\ndebug2: match found\r\ndebug3: /etc/ssh/ssh_config.d/05-redhat.conf line 5: Including file /etc/crypto-policies/back-ends/openssh.config depth 1\r\ndebug1: Reading configuration data /etc/crypto-policies/back-ends/openssh.config\r\ndebug3: gss kex names ok: [gss-gex-sha1-,gss-group14-sha1-]\r\ndebug3: kex names ok: [curve25519-sha256,curve25519-sha256@libssh.org,ecdh-sha2-nistp256,ecdh-sha2-nistp384,ecdh-sha2-nistp521,diffie-hellman-group-exchange-sha256,diffie-hellman-group14-sha256,diffie-hellman-group16-sha512,diffie-hellman-group18-sha512,diffie-hellman-group-exchange-sha1,diffie-hellman-group14-sha1]\r\ndebug1: auto-mux: Trying existing master\r\ndebug2: fd 4 setting O_NONBLOCK\r\ndebug2: mux_client_hello_exchange: master version 4\r\ndebug3: mux_client_forwards: request forwardings: 0 local, 0 remote\r\ndebug3: mux_client_request_session: entering\r\ndebug3: mux_client_request_alive: entering\r\ndebug3: mux_client_request_alive: done pid = 11830\r\ndebug3: mux_client_request_session: session request sent\r\ndebug2: Remote version: 3\r\ndebug2: Server supports extension "posix-rename@openssh.com" revision 1\r\ndebug2: Server supports extension "statvfs@openssh.com" revision 2\r\ndebug2: Server supports extension "fstatvfs@openssh.com" revision 2\r\ndebug2: Server supports extension "hardlink@openssh.com" revision 1\r\ndebug2: Server supports extension "fsync@openssh.com" revision 1\r\ndebug3: Sent message fd 3 T:16 I:1\r\ndebug3: SSH_FXP_REALPATH . -> /home/sudoall size 0\r\ndebug3: Looking up /home/mark/.ansible/tmp/ansible-local-11808ea7n9daf/tmpwddfwqnv\r\ndebug3: Sent message fd 3 T:17 I:2\r\ndebug3: Received stat reply T:101 I:2\r\ndebug1: Couldn\'t stat remote file: No such file or directory\r\ndebug3: Sent message SSH2_FXP_OPEN I:3 P:/home/sudoall/.ansible/tmp/ansible-tmp-1583234758.2499528-92648812234607/AnsiballZ_command.py\r\ndebug3: Sent message SSH2_FXP_WRITE I:4 O:0 S:32768\r\ndebug3: SSH2_FXP_STATUS 0\r\ndebug3: In write loop, ack for 4 32768 bytes at 0\r\ndebug3: Sent message SSH2_FXP_WRITE I:5 O:32768 S:32768\r\ndebug3: Sent message SSH2_FXP_WRITE I:6 O:65536 S:32768\r\ndebug3: Sent message SSH2_FXP_WRITE I:7 O:98304 S:9571\r\ndebug3: SSH2_FXP_STATUS 0\r\ndebug3: In write loop, ack for 5 32768 bytes at 32768\r\ndebug3: SSH2_FXP_STATUS 0\r\ndebug3: In write loop, ack for 6 32768 bytes at 65536\r\ndebug3: SSH2_FXP_STATUS 0\r\ndebug3: In write loop, ack for 7 9571 bytes at 98304\r\ndebug3: Sent message SSH2_FXP_CLOSE I:4\r\ndebug3: SSH2_FXP_STATUS 0\r\ndebug3: mux_client_read_packet: read header failed: Broken pipe\r\ndebug2: Received exit status from master 0\r\n')
2020-03-03 12:25:59,740 p=11820 u=mark n=ansible |  11820 1583234759.74022: done transferring module to remote
2020-03-03 12:25:59,740 p=11820 u=mark n=ansible |  11820 1583234759.74081: _low_level_execute_command(): starting
2020-03-03 12:25:59,741 p=11820 u=mark n=ansible |  11820 1583234759.74114: _low_level_execute_command(): executing: /bin/sh -c 'chmod u+x /home/sudoall/.ansible/tmp/ansible-tmp-1583234758.2499528-92648812234607/ /home/sudoall/.ansible/tmp/ansible-tmp-1583234758.2499528-92648812234607/AnsiballZ_command.py && sleep 0'
2020-03-03 12:25:59,741 p=11820 u=mark n=ansible | <debian> ESTABLISH SSH CONNECTION FOR USER: sudoall
2020-03-03 12:25:59,743 p=11820 u=mark n=ansible | <debian> SSH: EXEC ssh -vvv -C -o ControlMaster=auto -o ControlPersist=60s -o StrictHostKeyChecking=no -o KbdInteractiveAuthentication=no -o PreferredAuthentications=gssapi-with-mic,gssapi-keyex,hostbased,publickey -o PasswordAuthentication=no -o 'User="sudoall"' -o ConnectTimeout=10 -o ControlPath=/home/mark/.ansible/cp/64fc45c5ab debian '/bin/sh -c '"'"'chmod u+x /home/sudoall/.ansible/tmp/ansible-tmp-1583234758.2499528-92648812234607/ /home/sudoall/.ansible/tmp/ansible-tmp-1583234758.2499528-92648812234607/AnsiballZ_command.py && sleep 0'"'"''
2020-03-03 12:25:59,752 p=11820 u=mark n=ansible |  11820 1583234759.75194: stderr chunk (state=2):
>>>OpenSSH_8.0p1, OpenSSL 1.1.1c FIPS  28 May 2019
debug1: Reading configuration data /etc/ssh/ssh_config
debug3: /etc/ssh/ssh_config line 51: Including file /etc/ssh/ssh_config.d/05-redhat.conf depth 0
debug1: Reading configuration data /etc/ssh/ssh_config.d/05-redhat.conf
<<<

2020-03-03 12:25:59,753 p=11820 u=mark n=ansible |  11820 1583234759.75301: stderr chunk (state=3):
>>>debug2: checking match for 'final all' host debian originally debian
debug3: /etc/ssh/ssh_config.d/05-redhat.conf line 3: not matched 'final'
debug2: match not found
debug3: /etc/ssh/ssh_config.d/05-redhat.conf line 5: Including file /etc/crypto-policies/back-ends/openssh.config depth 1 (parse only)
debug1: Reading configuration data /etc/crypto-policies/back-ends/openssh.config
debug3: gss kex names ok: [gss-gex-sha1-,gss-group14-sha1-]
debug3: kex names ok: [curve25519-sha256,curve25519-sha256@libssh.org,ecdh-sha2-nistp256,ecdh-sha2-nistp384,ecdh-sha2-nistp521,diffie-hellman-group-exchange-sha256,diffie-hellman-group14-sha256,diffie-hellman-group16-sha512,diffie-hellman-group18-sha512,diffie-hellman-group-exchange-sha1,diffie-hellman-group14-sha1]
debug1: configuration requests final Match pass
debug1: re-parsing configuration
debug1: Reading configuration data /etc/ssh/ssh_config
debug3: /etc/ssh/ssh_config line 51: Including file /etc/ssh/ssh_config.d/05-redhat.conf depth 0
debug1: Reading configuration data /etc/ssh/ssh_config.d/05-redhat.conf
debug2: checking match for 'final all' host debian originally debian
debug3: /etc/ssh/ssh_config.d/05-redhat.conf line 3: matched 'final'
debug2: match found
debug3: /etc/ssh/ssh_config.d/05-redhat.conf line 5: Including file /etc/crypto-policies/back-ends/openssh.config depth 1
debug1: Reading configuration data /etc/crypto-policies/back-ends/openssh.config
debug3: gss kex names ok: [gss-gex-sha1-,gss-group14-sha1-]
debug3: kex names ok: [curve25519-sha256,curve25519-sha256@libssh.org,ecdh-sha2-nistp256,ecdh-sha2-nistp384,ecdh-sha2-nistp521,diffie-hellman-group-exchange-sha256,diffie-hellman-group14-sha256,diffie-hellman-group16-sha512,diffie-hellman-group18-sha512,diffie-hellman-group-exchange-sha1,diffie-hellman-group14-sha1]
debug1: auto-mux: Trying existing master
debug2: fd 4 setting O_NONBLOCK
debug2: mux_client_hello_exchange: master version 4
debug3: mux_client_forwards: request forwardings: 0 local, 0 remote
debug3: mux_client_request_session: entering
debug3: mux_client_request_alive: entering
<<<

2020-03-03 12:25:59,753 p=11820 u=mark n=ansible |  11820 1583234759.75362: stderr chunk (state=3):
>>>debug3: mux_client_request_alive: done pid = 11830
debug3: mux_client_request_session: session request sent
<<<

2020-03-03 12:25:59,759 p=11820 u=mark n=ansible |  11820 1583234759.75941: stderr chunk (state=3):
>>>debug3: mux_client_read_packet: read header failed: Broken pipe
debug2: Received exit status from master 0
<<<

2020-03-03 12:25:59,760 p=11820 u=mark n=ansible |  11820 1583234759.76023: stderr chunk (state=3):
>>><<<

2020-03-03 12:25:59,760 p=11820 u=mark n=ansible |  11820 1583234759.76068: stdout chunk (state=3):
>>><<<

2020-03-03 12:25:59,761 p=11820 u=mark n=ansible | <debian> (0, b'', b"OpenSSH_8.0p1, OpenSSL 1.1.1c FIPS  28 May 2019\r\ndebug1: Reading configuration data /etc/ssh/ssh_config\r\ndebug3: /etc/ssh/ssh_config line 51: Including file /etc/ssh/ssh_config.d/05-redhat.conf depth 0\r\ndebug1: Reading configuration data /etc/ssh/ssh_config.d/05-redhat.conf\r\ndebug2: checking match for 'final all' host debian originally debian\r\ndebug3: /etc/ssh/ssh_config.d/05-redhat.conf line 3: not matched 'final'\r\ndebug2: match not found\r\ndebug3: /etc/ssh/ssh_config.d/05-redhat.conf line 5: Including file /etc/crypto-policies/back-ends/openssh.config depth 1 (parse only)\r\ndebug1: Reading configuration data /etc/crypto-policies/back-ends/openssh.config\r\ndebug3: gss kex names ok: [gss-gex-sha1-,gss-group14-sha1-]\r\ndebug3: kex names ok: [curve25519-sha256,curve25519-sha256@libssh.org,ecdh-sha2-nistp256,ecdh-sha2-nistp384,ecdh-sha2-nistp521,diffie-hellman-group-exchange-sha256,diffie-hellman-group14-sha256,diffie-hellman-group16-sha512,diffie-hellman-group18-sha512,diffie-hellman-group-exchange-sha1,diffie-hellman-group14-sha1]\r\ndebug1: configuration requests final Match pass\r\ndebug1: re-parsing configuration\r\ndebug1: Reading configuration data /etc/ssh/ssh_config\r\ndebug3: /etc/ssh/ssh_config line 51: Including file /etc/ssh/ssh_config.d/05-redhat.conf depth 0\r\ndebug1: Reading configuration data /etc/ssh/ssh_config.d/05-redhat.conf\r\ndebug2: checking match for 'final all' host debian originally debian\r\ndebug3: /etc/ssh/ssh_config.d/05-redhat.conf line 3: matched 'final'\r\ndebug2: match found\r\ndebug3: /etc/ssh/ssh_config.d/05-redhat.conf line 5: Including file /etc/crypto-policies/back-ends/openssh.config depth 1\r\ndebug1: Reading configuration data /etc/crypto-policies/back-ends/openssh.config\r\ndebug3: gss kex names ok: [gss-gex-sha1-,gss-group14-sha1-]\r\ndebug3: kex names ok: [curve25519-sha256,curve25519-sha256@libssh.org,ecdh-sha2-nistp256,ecdh-sha2-nistp384,ecdh-sha2-nistp521,diffie-hellman-group-exchange-sha256,diffie-hellman-group14-sha256,diffie-hellman-group16-sha512,diffie-hellman-group18-sha512,diffie-hellman-group-exchange-sha1,diffie-hellman-group14-sha1]\r\ndebug1: auto-mux: Trying existing master\r\ndebug2: fd 4 setting O_NONBLOCK\r\ndebug2: mux_client_hello_exchange: master version 4\r\ndebug3: mux_client_forwards: request forwardings: 0 local, 0 remote\r\ndebug3: mux_client_request_session: entering\r\ndebug3: mux_client_request_alive: entering\r\ndebug3: mux_client_request_alive: done pid = 11830\r\ndebug3: mux_client_request_session: session request sent\r\ndebug3: mux_client_read_packet: read header failed: Broken pipe\r\ndebug2: Received exit status from master 0\r\n")
2020-03-03 12:25:59,762 p=11820 u=mark n=ansible |  11820 1583234759.76167: _low_level_execute_command() done: rc=0, stdout=, stderr=OpenSSH_8.0p1, OpenSSL 1.1.1c FIPS  28 May 2019
debug1: Reading configuration data /etc/ssh/ssh_config
debug3: /etc/ssh/ssh_config line 51: Including file /etc/ssh/ssh_config.d/05-redhat.conf depth 0
debug1: Reading configuration data /etc/ssh/ssh_config.d/05-redhat.conf
debug2: checking match for 'final all' host debian originally debian
debug3: /etc/ssh/ssh_config.d/05-redhat.conf line 3: not matched 'final'
debug2: match not found
debug3: /etc/ssh/ssh_config.d/05-redhat.conf line 5: Including file /etc/crypto-policies/back-ends/openssh.config depth 1 (parse only)
debug1: Reading configuration data /etc/crypto-policies/back-ends/openssh.config
debug3: gss kex names ok: [gss-gex-sha1-,gss-group14-sha1-]
debug3: kex names ok: [curve25519-sha256,curve25519-sha256@libssh.org,ecdh-sha2-nistp256,ecdh-sha2-nistp384,ecdh-sha2-nistp521,diffie-hellman-group-exchange-sha256,diffie-hellman-group14-sha256,diffie-hellman-group16-sha512,diffie-hellman-group18-sha512,diffie-hellman-group-exchange-sha1,diffie-hellman-group14-sha1]
debug1: configuration requests final Match pass
debug1: re-parsing configuration
debug1: Reading configuration data /etc/ssh/ssh_config
debug3: /etc/ssh/ssh_config line 51: Including file /etc/ssh/ssh_config.d/05-redhat.conf depth 0
debug1: Reading configuration data /etc/ssh/ssh_config.d/05-redhat.conf
debug2: checking match for 'final all' host debian originally debian
debug3: /etc/ssh/ssh_config.d/05-redhat.conf line 3: matched 'final'
debug2: match found
debug3: /etc/ssh/ssh_config.d/05-redhat.conf line 5: Including file /etc/crypto-policies/back-ends/openssh.config depth 1
debug1: Reading configuration data /etc/crypto-policies/back-ends/openssh.config
debug3: gss kex names ok: [gss-gex-sha1-,gss-group14-sha1-]
debug3: kex names ok: [curve25519-sha256,curve25519-sha256@libssh.org,ecdh-sha2-nistp256,ecdh-sha2-nistp384,ecdh-sha2-nistp521,diffie-hellman-group-exchange-sha256,diffie-hellman-group14-sha256,diffie-hellman-group16-sha512,diffie-hellman-group18-sha512,diffie-hellman-group-exchange-sha1,diffie-hellman-group14-sha1]
debug1: auto-mux: Trying existing master
debug2: fd 4 setting O_NONBLOCK
debug2: mux_client_hello_exchange: master version 4
debug3: mux_client_forwards: request forwardings: 0 local, 0 remote
debug3: mux_client_request_session: entering
debug3: mux_client_request_alive: entering
debug3: mux_client_request_alive: done pid = 11830
debug3: mux_client_request_session: session request sent
debug3: mux_client_read_packet: read header failed: Broken pipe
debug2: Received exit status from master 0

2020-03-03 12:25:59,762 p=11820 u=mark n=ansible |  11820 1583234759.76223: _low_level_execute_command(): starting
2020-03-03 12:25:59,762 p=11820 u=mark n=ansible |  11820 1583234759.76262: _low_level_execute_command(): using become for this command
2020-03-03 12:25:59,763 p=11820 u=mark n=ansible |  11820 1583234759.76323: _low_level_execute_command(): executing: /bin/sh -c 'sudo -H -S  -p "[sudo via ansible, key=tzuvpfvcuwxkwzfvhknjmdsflrxsillo] password:" -u root /bin/sh -c '"'"'echo BECOME-SUCCESS-tzuvpfvcuwxkwzfvhknjmdsflrxsillo ; /usr/bin/python /home/sudoall/.ansible/tmp/ansible-tmp-1583234758.2499528-92648812234607/AnsiballZ_command.py'"'"' && sleep 0'
2020-03-03 12:25:59,763 p=11820 u=mark n=ansible | <debian> ESTABLISH SSH CONNECTION FOR USER: sudoall
2020-03-03 12:25:59,765 p=11820 u=mark n=ansible | <debian> SSH: EXEC ssh -vvv -C -o ControlMaster=auto -o ControlPersist=60s -o StrictHostKeyChecking=no -o KbdInteractiveAuthentication=no -o PreferredAuthentications=gssapi-with-mic,gssapi-keyex,hostbased,publickey -o PasswordAuthentication=no -o 'User="sudoall"' -o ConnectTimeout=10 -o ControlPath=/home/mark/.ansible/cp/64fc45c5ab -tt debian '/bin/sh -c '"'"'sudo -H -S  -p "[sudo via ansible, key=tzuvpfvcuwxkwzfvhknjmdsflrxsillo] password:" -u root /bin/sh -c '"'"'"'"'"'"'"'"'echo BECOME-SUCCESS-tzuvpfvcuwxkwzfvhknjmdsflrxsillo ; /usr/bin/python /home/sudoall/.ansible/tmp/ansible-tmp-1583234758.2499528-92648812234607/AnsiballZ_command.py'"'"'"'"'"'"'"'"' && sleep 0'"'"''
2020-03-03 12:25:59,770 p=11820 u=mark n=ansible |  11820 1583234759.76982: Initial state: awaiting_prompt: [sudo via ansible, key=tzuvpfvcuwxkwzfvhknjmdsflrxsillo] password:
2020-03-03 12:25:59,777 p=11820 u=mark n=ansible |  11820 1583234759.77671: stderr chunk (state=0):
>>>OpenSSH_8.0p1, OpenSSL 1.1.1c FIPS  28 May 2019
debug1: Reading configuration data /etc/ssh/ssh_config
debug3: /etc/ssh/ssh_config line 51: Including file /etc/ssh/ssh_config.d/05-redhat.conf depth 0
debug1: Reading configuration data /etc/ssh/ssh_config.d/05-redhat.conf
<<<

2020-03-03 12:25:59,779 p=11820 u=mark n=ansible |  11820 1583234759.77967: stderr chunk (state=0):
>>>debug2: checking match for 'final all' host debian originally debian
debug3: /etc/ssh/ssh_config.d/05-redhat.conf line 3: not matched 'final'
debug2: match not found
debug3: /etc/ssh/ssh_config.d/05-redhat.conf line 5: Including file /etc/crypto-policies/back-ends/openssh.config depth 1 (parse only)
debug1: Reading configuration data /etc/crypto-policies/back-ends/openssh.config
debug3: gss kex names ok: [gss-gex-sha1-,gss-group14-sha1-]
debug3: kex names ok: [curve25519-sha256,curve25519-sha256@libssh.org,ecdh-sha2-nistp256,ecdh-sha2-nistp384,ecdh-sha2-nistp521,diffie-hellman-group-exchange-sha256,diffie-hellman-group14-sha256,diffie-hellman-group16-sha512,diffie-hellman-group18-sha512,diffie-hellman-group-exchange-sha1,diffie-hellman-group14-sha1]
debug1: configuration requests final Match pass
debug1: re-parsing configuration
debug1: Reading configuration data /etc/ssh/ssh_config
debug3: /etc/ssh/ssh_config line 51: Including file /etc/ssh/ssh_config.d/05-redhat.conf depth 0
debug1: Reading configuration data /etc/ssh/ssh_config.d/05-redhat.conf
debug2: checking match for 'final all' host debian originally debian
debug3: /etc/ssh/ssh_config.d/05-redhat.conf line 3: matched 'final'
debug2: match found
debug3: /etc/ssh/ssh_config.d/05-redhat.conf line 5: Including file /etc/crypto-policies/back-ends/openssh.config depth 1
debug1: Reading configuration data /etc/crypto-policies/back-ends/openssh.config
debug3: gss kex names ok: [gss-gex-sha1-,gss-group14-sha1-]
debug3: kex names ok: [curve25519-sha256,curve25519-sha256@libssh.org,ecdh-sha2-nistp256,ecdh-sha2-nistp384,ecdh-sha2-nistp521,diffie-hellman-group-exchange-sha256,diffie-hellman-group14-sha256,diffie-hellman-group16-sha512,diffie-hellman-group18-sha512,diffie-hellman-group-exchange-sha1,diffie-hellman-group14-sha1]
debug1: auto-mux: Trying existing master
debug2: fd 4 setting O_NONBLOCK
debug2: mux_client_hello_exchange: master version 4
debug3: mux_client_forwards: request forwardings: 0 local, 0 remote
debug3: mux_client_request_session: entering
debug3: mux_client_request_alive: entering
debug3: mux_client_request_alive: done pid = 11830
debug3: mux_client_request_session: session request sent
<<<

2020-03-03 12:25:59,789 p=11818 u=mark n=ansible | <fedora31> (0, b'/home/sudoall\n', b'OpenSSH_8.0p1, OpenSSL 1.1.1c FIPS  28 May 2019\r\ndebug1: Reading configuration data /etc/ssh/ssh_config\r\ndebug3: /etc/ssh/ssh_config line 51: Including file /etc/ssh/ssh_config.d/05-redhat.conf depth 0\r\ndebug1: Reading configuration data /etc/ssh/ssh_config.d/05-redhat.conf\r\ndebug2: checking match for \'final all\' host fedora31 originally fedora31\r\ndebug3: /etc/ssh/ssh_config.d/05-redhat.conf line 3: not matched \'final\'\r\ndebug2: match not found\r\ndebug3: /etc/ssh/ssh_config.d/05-redhat.conf line 5: Including file /etc/crypto-policies/back-ends/openssh.config depth 1 (parse only)\r\ndebug1: Reading configuration data /etc/crypto-policies/back-ends/openssh.config\r\ndebug3: gss kex names ok: [gss-gex-sha1-,gss-group14-sha1-]\r\ndebug3: kex names ok: [curve25519-sha256,curve25519-sha256@libssh.org,ecdh-sha2-nistp256,ecdh-sha2-nistp384,ecdh-sha2-nistp521,diffie-hellman-group-exchange-sha256,diffie-hellman-group14-sha256,diffie-hellman-group16-sha512,diffie-hellman-group18-sha512,diffie-hellman-group-exchange-sha1,diffie-hellman-group14-sha1]\r\ndebug1: configuration requests final Match pass\r\ndebug1: re-parsing configuration\r\ndebug1: Reading configuration data /etc/ssh/ssh_config\r\ndebug3: /etc/ssh/ssh_config line 51: Including file /etc/ssh/ssh_config.d/05-redhat.conf depth 0\r\ndebug1: Reading configuration data /etc/ssh/ssh_config.d/05-redhat.conf\r\ndebug2: checking match for \'final all\' host fedora31 originally fedora31\r\ndebug3: /etc/ssh/ssh_config.d/05-redhat.conf line 3: matched \'final\'\r\ndebug2: match found\r\ndebug3: /etc/ssh/ssh_config.d/05-redhat.conf line 5: Including file /etc/crypto-policies/back-ends/openssh.config depth 1\r\ndebug1: Reading configuration data /etc/crypto-policies/back-ends/openssh.config\r\ndebug3: gss kex names ok: [gss-gex-sha1-,gss-group14-sha1-]\r\ndebug3: kex names ok: [curve25519-sha256,curve25519-sha256@libssh.org,ecdh-sha2-nistp256,ecdh-sha2-nistp384,ecdh-sha2-nistp521,diffie-hellman-group-exchange-sha256,diffie-hellman-group14-sha256,diffie-hellman-group16-sha512,diffie-hellman-group18-sha512,diffie-hellman-group-exchange-sha1,diffie-hellman-group14-sha1]\r\ndebug1: auto-mux: Trying existing master\r\ndebug1: Control socket "/home/mark/.ansible/cp/8ab42c853a" does not exist\r\ndebug2: resolving "fedora31" port 22\r\ndebug2: ssh_connect_direct\r\ndebug1: Connecting to fedora31 [10.80.80.115] port 22.\r\ndebug2: fd 4 setting O_NONBLOCK\r\ndebug1: fd 4 clearing O_NONBLOCK\r\ndebug1: Connection established.\r\ndebug3: timeout: 9986 ms remain after connect\r\ndebug1: identity file /home/mark/.ssh/id_rsa type 0\r\ndebug1: identity file /home/mark/.ssh/id_rsa-cert type -1\r\ndebug1: identity file /home/mark/.ssh/id_dsa type -1\r\ndebug1: identity file /home/mark/.ssh/id_dsa-cert type -1\r\ndebug1: identity file /home/mark/.ssh/id_ecdsa type -1\r\ndebug1: identity file /home/mark/.ssh/id_ecdsa-cert type -1\r\ndebug1: identity file /home/mark/.ssh/id_ed25519 type -1\r\ndebug1: identity file /home/mark/.ssh/id_ed25519-cert type -1\r\ndebug1: identity file /home/mark/.ssh/id_xmss type -1\r\ndebug1: identity file /home/mark/.ssh/id_xmss-cert type -1\r\ndebug1: Local version string SSH-2.0-OpenSSH_8.0\r\ndebug1: Remote protocol version 2.0, remote software version OpenSSH_8.0\r\ndebug1: match: OpenSSH_8.0 pat OpenSSH* compat 0x04000000\r\ndebug2: fd 4 setting O_NONBLOCK\r\ndebug1: Authenticating to fedora31:22 as \'sudoall\'\r\ndebug3: hostkeys_foreach: reading file "/home/mark/.ssh/known_hosts"\r\ndebug3: record_hostkey: found key type ECDSA in file /home/mark/.ssh/known_hosts:11\r\ndebug3: load_hostkeys: loaded 1 keys from fedora31\r\ndebug3: order_hostkeyalgs: prefer hostkeyalgs: ecdsa-sha2-nistp256-cert-v01@openssh.com,ecdsa-sha2-nistp384-cert-v01@openssh.com,ecdsa-sha2-nistp521-cert-v01@openssh.com,ecdsa-sha2-nistp256,ecdsa-sha2-nistp384,ecdsa-sha2-nistp521\r\ndebug3: send packet: type 20\r\ndebug1: SSH2_MSG_KEXINIT sent\r\ndebug3: receive packet: type 20\r\ndebug1: SSH2_MSG_KEXINIT received\r\ndebug2: local client KEXINIT proposal\r\ndebug2: KEX algorithms: curve25519-sha256,curve25519-sha256@libssh.org,ecdh-sha2-nistp256,ecdh-sha2-nistp384,ecdh-sha2-nistp521,diffie-hellman-group-exchange-sha256,diffie-hellman-group14-sha256,diffie-hellman-group16-sha512,diffie-hellman-group18-sha512,diffie-hellman-group-exchange-sha1,diffie-hellman-group14-sha1,ext-info-c\r\ndebug2: host key algorithms: ecdsa-sha2-nistp256-cert-v01@openssh.com,ecdsa-sha2-nistp384-cert-v01@openssh.com,ecdsa-sha2-nistp521-cert-v01@openssh.com,ecdsa-sha2-nistp256,ecdsa-sha2-nistp384,ecdsa-sha2-nistp521,ssh-ed25519-cert-v01@openssh.com,rsa-sha2-512-cert-v01@openssh.com,rsa-sha2-256-cert-v01@openssh.com,ssh-rsa-cert-v01@openssh.com,ssh-ed25519,rsa-sha2-512,rsa-sha2-256,ssh-rsa\r\ndebug2: ciphers ctos: aes256-gcm@openssh.com,chacha20-poly1305@openssh.com,aes256-ctr,aes256-cbc,aes128-gcm@openssh.com,aes128-ctr,aes128-cbc\r\ndebug2: ciphers stoc: aes256-gcm@openssh.com,chacha20-poly1305@openssh.com,aes256-ctr,aes256-cbc,aes128-gcm@openssh.com,aes128-ctr,aes128-cbc\r\ndebug2: MACs ctos: hmac-sha2-256-etm@openssh.com,hmac-sha1-etm@openssh.com,umac-128-etm@openssh.com,hmac-sha2-512-etm@openssh.com,hmac-sha2-256,hmac-sha1,umac-128@openssh.com,hmac-sha2-512\r\ndebug2: MACs stoc: hmac-sha2-256-etm@openssh.com,hmac-sha1-etm@openssh.com,umac-128-etm@openssh.com,hmac-sha2-512-etm@openssh.com,hmac-sha2-256,hmac-sha1,umac-128@openssh.com,hmac-sha2-512\r\ndebug2: compression ctos: zlib@openssh.com,zlib,none\r\ndebug2: compression stoc: zlib@openssh.com,zlib,none\r\ndebug2: languages ctos: \r\ndebug2: languages stoc: \r\ndebug2: first_kex_follows 0 \r\ndebug2: reserved 0 \r\ndebug2: peer server KEXINIT proposal\r\ndebug2: KEX algorithms: curve25519-sha256,curve25519-sha256@libssh.org,ecdh-sha2-nistp256,ecdh-sha2-nistp384,ecdh-sha2-nistp521,diffie-hellman-group-exchange-sha256,diffie-hellman-group14-sha256,diffie-hellman-group16-sha512,diffie-hellman-group18-sha512,diffie-hellman-group-exchange-sha1,diffie-hellman-group14-sha1\r\ndebug2: host key algorithms: rsa-sha2-512,rsa-sha2-256,ssh-rsa,ecdsa-sha2-nistp256,ssh-ed25519\r\ndebug2: ciphers ctos: aes256-gcm@openssh.com,chacha20-poly1305@openssh.com,aes256-ctr,aes256-cbc,aes128-gcm@openssh.com,aes128-ctr,aes128-cbc\r\ndebug2: ciphers stoc: aes256-gcm@openssh.com,chacha20-poly1305@openssh.com,aes256-ctr,aes256-cbc,aes128-gcm@openssh.com,aes128-ctr,aes128-cbc\r\ndebug2: MACs ctos: hmac-sha2-256-etm@openssh.com,hmac-sha1-etm@openssh.com,umac-128-etm@openssh.com,hmac-sha2-512-etm@openssh.com,hmac-sha2-256,hmac-sha1,umac-128@openssh.com,hmac-sha2-512\r\ndebug2: MACs stoc: hmac-sha2-256-etm@openssh.com,hmac-sha1-etm@openssh.com,umac-128-etm@openssh.com,hmac-sha2-512-etm@openssh.com,hmac-sha2-256,hmac-sha1,umac-128@openssh.com,hmac-sha2-512\r\ndebug2: compression ctos: none,zlib@openssh.com\r\ndebug2: compression stoc: none,zlib@openssh.com\r\ndebug2: languages ctos: \r\ndebug2: languages stoc: \r\ndebug2: first_kex_follows 0 \r\ndebug2: reserved 0 \r\ndebug1: kex: algorithm: curve25519-sha256\r\ndebug1: kex: host key algorithm: ecdsa-sha2-nistp256\r\ndebug1: kex: server->client cipher: aes256-gcm@openssh.com MAC: <implicit> compression: zlib@openssh.com\r\ndebug1: kex: client->server cipher: aes256-gcm@openssh.com MAC: <implicit> compression: zlib@openssh.com\r\ndebug1: kex: curve25519-sha256 need=32 dh_need=32\r\ndebug1: kex: curve25519-sha256 need=32 dh_need=32\r\ndebug3: send packet: type 30\r\ndebug1: expecting SSH2_MSG_KEX_ECDH_REPLY\r\ndebug3: receive packet: type 31\r\ndebug1: Server host key: ecdsa-sha2-nistp256 SHA256:A51FagLA5LIGN8Fs3IylCTC8WggFUSt7OifoI4xnRS8\r\ndebug3: hostkeys_foreach: reading file "/home/mark/.ssh/known_hosts"\r\ndebug3: record_hostkey: found key type ECDSA in file /home/mark/.ssh/known_hosts:11\r\ndebug3: load_hostkeys: loaded 1 keys from fedora31\r\ndebug3: hostkeys_foreach: reading file "/home/mark/.ssh/known_hosts"\r\ndebug3: record_hostkey: found key type ECDSA in file /home/mark/.ssh/known_hosts:6\r\ndebug3: load_hostkeys: loaded 1 keys from 10.80.80.115\r\ndebug1: Host \'fedora31\' is known and matches the ECDSA host key.\r\ndebug1: Found key in /home/mark/.ssh/known_hosts:11\r\ndebug3: send packet: type 21\r\ndebug2: set_newkeys: mode 1\r\ndebug1: rekey out after 4294967296 blocks\r\ndebug1: SSH2_MSG_NEWKEYS sent\r\ndebug1: expecting SSH2_MSG_NEWKEYS\r\ndebug3: receive packet: type 21\r\ndebug1: SSH2_MSG_NEWKEYS received\r\ndebug2: set_newkeys: mode 0\r\ndebug1: rekey in after 4294967296 blocks\r\ndebug1: Will attempt key: /home/mark/.ssh/id_rsa RSA SHA256:aUPgboo2qcZ7/3oRAQls/UxXvd8kP+xi/72G/L4HSlQ\r\ndebug1: Will attempt key: /home/mark/.ssh/id_dsa \r\ndebug1: Will attempt key: /home/mark/.ssh/id_ecdsa \r\ndebug1: Will attempt key: /home/mark/.ssh/id_ed25519 \r\ndebug1: Will attempt key: /home/mark/.ssh/id_xmss \r\ndebug2: pubkey_prepare: done\r\ndebug3: send packet: type 5\r\ndebug3: receive packet: type 7\r\ndebug1: SSH2_MSG_EXT_INFO received\r\ndebug1: kex_input_ext_info: server-sig-algs=<ssh-ed25519,ssh-rsa,rsa-sha2-256,rsa-sha2-512,ssh-dss,ecdsa-sha2-nistp256,ecdsa-sha2-nistp384,ecdsa-sha2-nistp521>\r\ndebug3: receive packet: type 6\r\ndebug2: service_accept: ssh-userauth\r\ndebug1: SSH2_MSG_SERVICE_ACCEPT received\r\ndebug3: send packet: type 50\r\ndebug3: receive packet: type 51\r\ndebug1: Authentications that can continue: publickey,gssapi-keyex,gssapi-with-mic,password\r\ndebug3: start over, passed a different list publickey,gssapi-keyex,gssapi-with-mic,password\r\ndebug3: preferred gssapi-with-mic,gssapi-keyex,hostbased,publickey\r\ndebug3: authmethod_lookup gssapi-with-mic\r\ndebug3: remaining preferred: gssapi-keyex,hostbased,publickey\r\ndebug3: authmethod_is_enabled gssapi-with-mic\r\ndebug1: Next authentication method: gssapi-with-mic\r\ndebug1: Unspecified GSS failure.  Minor code may provide more information\nNo Kerberos credentials available (default cache: KCM:)\n\n\r\ndebug1: Unspecified GSS failure.  Minor code may provide more information\nNo Kerberos credentials available (default cache: KCM:)\n\n\r\ndebug2: we did not send a packet, disable method\r\ndebug3: authmethod_lookup gssapi-keyex\r\ndebug3: remaining preferred: hostbased,publickey\r\ndebug3: authmethod_lookup publickey\r\ndebug3: remaining preferred: ,publickey\r\ndebug3: authmethod_is_enabled publickey\r\ndebug1: Next authentication method: publickey\r\ndebug1: Offering public key: /home/mark/.ssh/id_rsa RSA SHA256:aUPgboo2qcZ7/3oRAQls/UxXvd8kP+xi/72G/L4HSlQ\r\ndebug3: send packet: type 50\r\ndebug2: we sent a publickey packet, wait for reply\r\ndebug3: receive packet: type 60\r\ndebug1: Server accepts key: /home/mark/.ssh/id_rsa RSA SHA256:aUPgboo2qcZ7/3oRAQls/UxXvd8kP+xi/72G/L4HSlQ\r\ndebug3: sign_and_send_pubkey: RSA SHA256:aUPgboo2qcZ7/3oRAQls/UxXvd8kP+xi/72G/L4HSlQ\r\ndebug3: sign_and_send_pubkey: signing using rsa-sha2-256\r\ndebug3: send packet: type 50\r\ndebug3: receive packet: type 52\r\ndebug1: Enabling compression at level 6.\r\ndebug1: Authentication succeeded (publickey).\r\nAuthenticated to fedora31 ([10.80.80.115]:22).\r\ndebug1: setting up multiplex master socket\r\ndebug3: muxserver_listen: temporary control path /home/mark/.ansible/cp/8ab42c853a.wa8W62K1eNxklaQq\r\ndebug2: fd 5 setting O_NONBLOCK\r\ndebug3: fd 5 is O_NONBLOCK\r\ndebug3: fd 5 is O_NONBLOCK\r\ndebug1: channel 0: new [/home/mark/.ansible/cp/8ab42c853a]\r\ndebug3: muxserver_listen: mux listener channel 0 fd 5\r\ndebug2: fd 4 setting TCP_NODELAY\r\ndebug3: ssh_packet_set_tos: set IP_TOS 0x20\r\ndebug1: control_persist_detach: backgrounding master process\r\ndebug2: control_persist_detach: background process is 11831\r\ndebug2: fd 5 setting O_NONBLOCK\r\ndebug1: forking to background\r\ndebug1: Entering interactive session.\r\ndebug1: pledge: id\r\ndebug2: set_control_persist_exit_time: schedule exit in 60 seconds\r\ndebug1: multiplexing control connection\r\ndebug2: fd 6 setting O_NONBLOCK\r\ndebug3: fd 6 is O_NONBLOCK\r\ndebug1: channel 1: new [mux-control]\r\ndebug3: channel_post_mux_listener: new mux channel 1 fd 6\r\ndebug3: mux_master_read_cb: channel 1: hello sent\r\ndebug2: set_control_persist_exit_time: cancel scheduled exit\r\ndebug3: mux_master_read_cb: channel 1 packet type 0x00000001 len 4\r\ndebug2: mux_master_process_hello: channel 1 slave version 4\r\ndebug2: mux_client_hello_exchange: master version 4\r\ndebug3: mux_client_forwards: request forwardings: 0 local, 0 remote\r\ndebug3: mux_client_request_session: entering\r\ndebug3: mux_client_request_alive: entering\r\ndebug3: mux_master_read_cb: channel 1 packet type 0x10000004 len 4\r\ndebug2: mux_master_process_alive_check: channel 1: alive check\r\ndebug3: mux_client_request_alive: done pid = 11833\r\ndebug3: mux_client_request_session: session request sent\r\ndebug3: mux_master_read_cb: channel 1 packet type 0x10000002 len 107\r\ndebug2: mux_master_process_new_session: channel 1: request tty 0, X 0, agent 0, subsys 0, term "xterm-256color", cmd "/bin/sh -c \'echo ~sudoall && sleep 0\'", env 1\r\ndebug3: mux_master_process_new_session: got fds stdin 7, stdout 8, stderr 9\r\ndebug2: fd 8 setting O_NONBLOCK\r\ndebug2: fd 9 setting O_NONBLOCK\r\ndebug1: channel 2: new [client-session]\r\ndebug2: mux_master_process_new_session: channel_new: 2 linked to control channel 1\r\ndebug2: channel 2: send open\r\ndebug3: send packet: type 90\r\ndebug3: receive packet: type 80\r\ndebug1: client_input_global_request: rtype hostkeys-00@openssh.com want_reply 0\r\ndebug3: receive packet: type 4\r\ndebug1: Remote: /home/sudoall/.ssh/authorized_keys:1: key options: agent-forwarding port-forwarding pty user-rc x11-forwarding\r\ndebug3: receive packet: type 4\r\ndebug1: Remote: /home/sudoall/.ssh/authorized_keys:1: key options: agent-forwarding port-forwarding pty user-rc x11-forwarding\r\ndebug3: receive packet: type 91\r\ndebug2: channel_input_open_confirmation: channel 2: callback start\r\ndebug2: client_session2_setup: id 2\r\ndebug1: Sending environment.\r\ndebug1: Sending env LANG = en_US.UTF-8\r\ndebug2: channel 2: request env confirm 0\r\ndebug3: send packet: type 98\r\ndebug1: Sending command: /bin/sh -c \'echo ~sudoall && sleep 0\'\r\ndebug2: channel 2: request exec confirm 1\r\ndebug3: send packet: type 98\r\ndebug3: mux_session_confirm: sending success reply\r\ndebug2: channel_input_open_confirmation: channel 2: callback done\r\ndebug2: channel 2: open confirm rwindow 0 rmax 32768\r\ndebug2: channel 2: rcvd adjust 2097152\r\ndebug3: receive packet: type 99\r\ndebug2: channel_input_status_confirm: type 99 id 2\r\ndebug2: exec request accepted on channel 2\r\ndebug3: receive packet: type 98\r\ndebug1: client_input_channel_req: channel 2 rtype exit-status reply 0\r\ndebug3: mux_exit_message: channel 2: exit message, exitval 0\r\ndebug3: receive packet: type 98\r\ndebug1: client_input_channel_req: channel 2 rtype eow@openssh.com reply 0\r\ndebug2: channel 2: rcvd eow\r\ndebug2: channel 2: chan_shutdown_read (i0 o0 sock -1 wfd 7 efd 9 [write])\r\ndebug2: channel 2: input open -> closed\r\ndebug3: receive packet: type 96\r\ndebug2: channel 2: rcvd eof\r\ndebug2: channel 2: output open -> drain\r\ndebug2: channel 2: obuf empty\r\ndebug2: channel 2: chan_shutdown_write (i3 o1 sock -1 wfd 8 efd 9 [write])\r\ndebug2: channel 2: output drain -> closed\r\ndebug3: receive packet: type 97\r\ndebug2: channel 2: rcvd close\r\ndebug3: channel 2: will not send data after close\r\ndebug2: channel 2: send close\r\ndebug3: send packet: type 97\r\ndebug2: channel 2: is dead\r\ndebug2: channel 2: gc: notify user\r\ndebug3: mux_master_session_cleanup_cb: entering for channel 2\r\ndebug2: channel 1: rcvd close\r\ndebug2: channel 1: output open -> drain\r\ndebug2: channel 1: chan_shutdown_read (i0 o1 sock 6 wfd 6 efd -1 [closed])\r\ndebug2: channel 1: input open -> closed\r\ndebug2: channel 2: gc: user detached\r\ndebug2: channel 2: is dead\r\ndebug2: channel 2: garbage collecting\r\ndebug1: channel 2: free: client-session, nchannels 3\r\ndebug3: channel 2: status: The following connections are open:\r\n  #1 mux-control (t16 nr0 i3/0 o1/16 e[closed]/0 fd 6/6/-1 sock 6 cc -1)\r\n  #2 client-session (t4 r0 i3/0 o3/0 e[write]/0 fd -1/-1/9 sock -1 cc -1)\r\n\r\ndebug2: channel 1: obuf empty\r\ndebug2: channel 1: chan_shutdown_write (i3 o1 sock 6 wfd 6 efd -1 [closed])\r\ndebug2: channel 1: output drain -> closed\r\ndebug2: channel 1: is dead (local)\r\ndebug2: channel 1: gc: notify user\r\ndebug3: mux_master_control_cleanup_cb: entering for channel 1\r\ndebug2: channel 1: gc: user detached\r\ndebug2: channel 1: is dead (local)\r\ndebug2: channel 1: garbage collecting\r\ndebug1: channel 1: free: mux-control, nchannels 2\r\ndebug3: channel 1: status: The following connections are open:\r\n  #1 mux-control (t16 nr0 i3/0 o3/0 e[closed]/0 fd 6/6/-1 sock 6 cc -1)\r\n\r\ndebug2: set_control_persist_exit_time: schedule exit in 60 seconds\r\ndebug3: mux_client_read_packet: read header failed: Broken pipe\r\ndebug2: Received exit status from master 0\r\n')
2020-03-03 12:25:59,791 p=11818 u=mark n=ansible |  11818 1583234759.78986: _low_level_execute_command() done: rc=0, stdout=/home/sudoall
, stderr=OpenSSH_8.0p1, OpenSSL 1.1.1c FIPS  28 May 2019
debug1: Reading configuration data /etc/ssh/ssh_config
debug3: /etc/ssh/ssh_config line 51: Including file /etc/ssh/ssh_config.d/05-redhat.conf depth 0
debug1: Reading configuration data /etc/ssh/ssh_config.d/05-redhat.conf
debug2: checking match for 'final all' host fedora31 originally fedora31
debug3: /etc/ssh/ssh_config.d/05-redhat.conf line 3: not matched 'final'
debug2: match not found
debug3: /etc/ssh/ssh_config.d/05-redhat.conf line 5: Including file /etc/crypto-policies/back-ends/openssh.config depth 1 (parse only)
debug1: Reading configuration data /etc/crypto-policies/back-ends/openssh.config
debug3: gss kex names ok: [gss-gex-sha1-,gss-group14-sha1-]
debug3: kex names ok: [curve25519-sha256,curve25519-sha256@libssh.org,ecdh-sha2-nistp256,ecdh-sha2-nistp384,ecdh-sha2-nistp521,diffie-hellman-group-exchange-sha256,diffie-hellman-group14-sha256,diffie-hellman-group16-sha512,diffie-hellman-group18-sha512,diffie-hellman-group-exchange-sha1,diffie-hellman-group14-sha1]
debug1: configuration requests final Match pass
debug1: re-parsing configuration
debug1: Reading configuration data /etc/ssh/ssh_config
debug3: /etc/ssh/ssh_config line 51: Including file /etc/ssh/ssh_config.d/05-redhat.conf depth 0
debug1: Reading configuration data /etc/ssh/ssh_config.d/05-redhat.conf
debug2: checking match for 'final all' host fedora31 originally fedora31
debug3: /etc/ssh/ssh_config.d/05-redhat.conf line 3: matched 'final'
debug2: match found
debug3: /etc/ssh/ssh_config.d/05-redhat.conf line 5: Including file /etc/crypto-policies/back-ends/openssh.config depth 1
debug1: Reading configuration data /etc/crypto-policies/back-ends/openssh.config
debug3: gss kex names ok: [gss-gex-sha1-,gss-group14-sha1-]
debug3: kex names ok: [curve25519-sha256,curve25519-sha256@libssh.org,ecdh-sha2-nistp256,ecdh-sha2-nistp384,ecdh-sha2-nistp521,diffie-hellman-group-exchange-sha256,diffie-hellman-group14-sha256,diffie-hellman-group16-sha512,diffie-hellman-group18-sha512,diffie-hellman-group-exchange-sha1,diffie-hellman-group14-sha1]
debug1: auto-mux: Trying existing master
debug1: Control socket "/home/mark/.ansible/cp/8ab42c853a" does not exist
debug2: resolving "fedora31" port 22
debug2: ssh_connect_direct
debug1: Connecting to fedora31 [10.80.80.115] port 22.
debug2: fd 4 setting O_NONBLOCK
debug1: fd 4 clearing O_NONBLOCK
debug1: Connection established.
debug3: timeout: 9986 ms remain after connect
debug1: identity file /home/mark/.ssh/id_rsa type 0
debug1: identity file /home/mark/.ssh/id_rsa-cert type -1
debug1: identity file /home/mark/.ssh/id_dsa type -1
debug1: identity file /home/mark/.ssh/id_dsa-cert type -1
debug1: identity file /home/mark/.ssh/id_ecdsa type -1
debug1: identity file /home/mark/.ssh/id_ecdsa-cert type -1
debug1: identity file /home/mark/.ssh/id_ed25519 type -1
debug1: identity file /home/mark/.ssh/id_ed25519-cert type -1
debug1: identity file /home/mark/.ssh/id_xmss type -1
debug1: identity file /home/mark/.ssh/id_xmss-cert type -1
debug1: Local version string SSH-2.0-OpenSSH_8.0
debug1: Remote protocol version 2.0, remote software version OpenSSH_8.0
debug1: match: OpenSSH_8.0 pat OpenSSH* compat 0x04000000
debug2: fd 4 setting O_NONBLOCK
debug1: Authenticating to fedora31:22 as 'sudoall'
debug3: hostkeys_foreach: reading file "/home/mark/.ssh/known_hosts"
debug3: record_hostkey: found key type ECDSA in file /home/mark/.ssh/known_hosts:11
debug3: load_hostkeys: loaded 1 keys from fedora31
debug3: order_hostkeyalgs: prefer hostkeyalgs: ecdsa-sha2-nistp256-cert-v01@openssh.com,ecdsa-sha2-nistp384-cert-v01@openssh.com,ecdsa-sha2-nistp521-cert-v01@openssh.com,ecdsa-sha2-nistp256,ecdsa-sha2-nistp384,ecdsa-sha2-nistp521
debug3: send packet: type 20
debug1: SSH2_MSG_KEXINIT sent
debug3: receive packet: type 20
debug1: SSH2_MSG_KEXINIT received
debug2: local client KEXINIT proposal
debug2: KEX algorithms: curve25519-sha256,curve25519-sha256@libssh.org,ecdh-sha2-nistp256,ecdh-sha2-nistp384,ecdh-sha2-nistp521,diffie-hellman-group-exchange-sha256,diffie-hellman-group14-sha256,diffie-hellman-group16-sha512,diffie-hellman-group18-sha512,diffie-hellman-group-exchange-sha1,diffie-hellman-group14-sha1,ext-info-c
debug2: host key algorithms: ecdsa-sha2-nistp256-cert-v01@openssh.com,ecdsa-sha2-nistp384-cert-v01@openssh.com,ecdsa-sha2-nistp521-cert-v01@openssh.com,ecdsa-sha2-nistp256,ecdsa-sha2-nistp384,ecdsa-sha2-nistp521,ssh-ed25519-cert-v01@openssh.com,rsa-sha2-512-cert-v01@openssh.com,rsa-sha2-256-cert-v01@openssh.com,ssh-rsa-cert-v01@openssh.com,ssh-ed25519,rsa-sha2-512,rsa-sha2-256,ssh-rsa
debug2: ciphers ctos: aes256-gcm@openssh.com,chacha20-poly1305@openssh.com,aes256-ctr,aes256-cbc,aes128-gcm@openssh.com,aes128-ctr,aes128-cbc
debug2: ciphers stoc: aes256-gcm@openssh.com,chacha20-poly1305@openssh.com,aes256-ctr,aes256-cbc,aes128-gcm@openssh.com,aes128-ctr,aes128-cbc
debug2: MACs ctos: hmac-sha2-256-etm@openssh.com,hmac-sha1-etm@openssh.com,umac-128-etm@openssh.com,hmac-sha2-512-etm@openssh.com,hmac-sha2-256,hmac-sha1,umac-128@openssh.com,hmac-sha2-512
debug2: MACs stoc: hmac-sha2-256-etm@openssh.com,hmac-sha1-etm@openssh.com,umac-128-etm@openssh.com,hmac-sha2-512-etm@openssh.com,hmac-sha2-256,hmac-sha1,umac-128@openssh.com,hmac-sha2-512
debug2: compression ctos: zlib@openssh.com,zlib,none
debug2: compression stoc: zlib@openssh.com,zlib,none
debug2: languages ctos: 
debug2: languages stoc: 
debug2: first_kex_follows 0 
debug2: reserved 0 
debug2: peer server KEXINIT proposal
debug2: KEX algorithms: curve25519-sha256,curve25519-sha256@libssh.org,ecdh-sha2-nistp256,ecdh-sha2-nistp384,ecdh-sha2-nistp521,diffie-hellman-group-exchange-sha256,diffie-hellman-group14-sha256,diffie-hellman-group16-sha512,diffie-hellman-group18-sha512,diffie-hellman-group-exchange-sha1,diffie-hellman-group14-sha1
debug2: host key algorithms: rsa-sha2-512,rsa-sha2-256,ssh-rsa,ecdsa-sha2-nistp256,ssh-ed25519
debug2: ciphers ctos: aes256-gcm@openssh.com,chacha20-poly1305@openssh.com,aes256-ctr,aes256-cbc,aes128-gcm@openssh.com,aes128-ctr,aes128-cbc
debug2: ciphers stoc: aes256-gcm@openssh.com,chacha20-poly1305@openssh.com,aes256-ctr,aes256-cbc,aes128-gcm@openssh.com,aes128-ctr,aes128-cbc
debug2: MACs ctos: hmac-sha2-256-etm@openssh.com,hmac-sha1-etm@openssh.com,umac-128-etm@openssh.com,hmac-sha2-512-etm@openssh.com,hmac-sha2-256,hmac-sha1,umac-128@openssh.com,hmac-sha2-512
debug2: MACs stoc: hmac-sha2-256-etm@openssh.com,hmac-sha1-etm@openssh.com,umac-128-etm@openssh.com,hmac-sha2-512-etm@openssh.com,hmac-sha2-256,hmac-sha1,umac-128@openssh.com,hmac-sha2-512
debug2: compression ctos: none,zlib@openssh.com
debug2: compression stoc: none,zlib@openssh.com
debug2: languages ctos: 
debug2: languages stoc: 
debug2: first_kex_follows 0 
debug2: reserved 0 
debug1: kex: algorithm: curve25519-sha256
debug1: kex: host key algorithm: ecdsa-sha2-nistp256
debug1: kex: server->client cipher: aes256-gcm@openssh.com MAC: <implicit> compression: zlib@openssh.com
debug1: kex: client->server cipher: aes256-gcm@openssh.com MAC: <implicit> compression: zlib@openssh.com
debug1: kex: curve25519-sha256 need=32 dh_need=32
debug1: kex: curve25519-sha256 need=32 dh_need=32
debug3: send packet: type 30
debug1: expecting SSH2_MSG_KEX_ECDH_REPLY
debug3: receive packet: type 31
debug1: Server host key: ecdsa-sha2-nistp256 SHA256:A51FagLA5LIGN8Fs3IylCTC8WggFUSt7OifoI4xnRS8
debug3: hostkeys_foreach: reading file "/home/mark/.ssh/known_hosts"
debug3: record_hostkey: found key type ECDSA in file /home/mark/.ssh/known_hosts:11
debug3: load_hostkeys: loaded 1 keys from fedora31
debug3: hostkeys_foreach: reading file "/home/mark/.ssh/known_hosts"
debug3: record_hostkey: found key type ECDSA in file /home/mark/.ssh/known_hosts:6
debug3: load_hostkeys: loaded 1 keys from 10.80.80.115
debug1: Host 'fedora31' is known and matches the ECDSA host key.
debug1: Found key in /home/mark/.ssh/known_hosts:11
debug3: send packet: type 21
debug2: set_newkeys: mode 1
debug1: rekey out after 4294967296 blocks
debug1: SSH2_MSG_NEWKEYS sent
debug1: expecting SSH2_MSG_NEWKEYS
debug3: receive packet: type 21
debug1: SSH2_MSG_NEWKEYS received
debug2: set_newkeys: mode 0
debug1: rekey in after 4294967296 blocks
debug1: Will attempt key: /home/mark/.ssh/id_rsa RSA SHA256:aUPgboo2qcZ7/3oRAQls/UxXvd8kP+xi/72G/L4HSlQ
debug1: Will attempt key: /home/mark/.ssh/id_dsa 
debug1: Will attempt key: /home/mark/.ssh/id_ecdsa 
debug1: Will attempt key: /home/mark/.ssh/id_ed25519 
debug1: Will attempt key: /home/mark/.ssh/id_xmss 
debug2: pubkey_prepare: done
debug3: send packet: type 5
debug3: receive packet: type 7
debug1: SSH2_MSG_EXT_INFO received
debug1: kex_input_ext_info: server-sig-algs=<ssh-ed25519,ssh-rsa,rsa-sha2-256,rsa-sha2-512,ssh-dss,ecdsa-sha2-nistp256,ecdsa-sha2-nistp384,ecdsa-sha2-nistp521>
debug3: receive packet: type 6
debug2: service_accept: ssh-userauth
debug1: SSH2_MSG_SERVICE_ACCEPT received
debug3: send packet: type 50
debug3: receive packet: type 51
debug1: Authentications that can continue: publickey,gssapi-keyex,gssapi-with-mic,password
debug3: start over, passed a different list publickey,gssapi-keyex,gssapi-with-mic,password
debug3: preferred gssapi-with-mic,gssapi-keyex,hostbased,publickey
debug3: authmethod_lookup gssapi-with-mic
debug3: remaining preferred: gssapi-keyex,hostbased,publickey
debug3: authmethod_is_enabled gssapi-with-mic
debug1: Next authentication method: gssapi-with-mic
debug1: Unspecified GSS failure.  Minor code may provide more information
No Kerberos credentials available (default cache: KCM:)


debug1: Unspecified GSS failure.  Minor code may provide more information
No Kerberos credentials available (default cache: KCM:)


debug2: we did not send a packet, disable method
debug3: authmethod_lookup gssapi-keyex
debug3: remaining preferred: hostbased,publickey
debug3: authmethod_lookup publickey
debug3: remaining preferred: ,publickey
debug3: authmethod_is_enabled publickey
debug1: Next authentication method: publickey
debug1: Offering public key: /home/mark/.ssh/id_rsa RSA SHA256:aUPgboo2qcZ7/3oRAQls/UxXvd8kP+xi/72G/L4HSlQ
debug3: send packet: type 50
debug2: we sent a publickey packet, wait for reply
debug3: receive packet: type 60
debug1: Server accepts key: /home/mark/.ssh/id_rsa RSA SHA256:aUPgboo2qcZ7/3oRAQls/UxXvd8kP+xi/72G/L4HSlQ
debug3: sign_and_send_pubkey: RSA SHA256:aUPgboo2qcZ7/3oRAQls/UxXvd8kP+xi/72G/L4HSlQ
debug3: sign_and_send_pubkey: signing using rsa-sha2-256
debug3: send packet: type 50
debug3: receive packet: type 52
debug1: Enabling compression at level 6.
debug1: Authentication succeeded (publickey).
Authenticated to fedora31 ([10.80.80.115]:22).
debug1: setting up multiplex master socket
debug3: muxserver_listen: temporary control path /home/mark/.ansible/cp/8ab42c853a.wa8W62K1eNxklaQq
debug2: fd 5 setting O_NONBLOCK
debug3: fd 5 is O_NONBLOCK
debug3: fd 5 is O_NONBLOCK
debug1: channel 0: new [/home/mark/.ansible/cp/8ab42c853a]
debug3: muxserver_listen: mux listener channel 0 fd 5
debug2: fd 4 setting TCP_NODELAY
debug3: ssh_packet_set_tos: set IP_TOS 0x20
debug1: control_persist_detach: backgrounding master process
debug2: control_persist_detach: background process is 11831
debug2: fd 5 setting O_NONBLOCK
debug1: forking to background
debug1: Entering interactive session.
debug1: pledge: id
debug2: set_control_persist_exit_time: schedule exit in 60 seconds
debug1: multiplexing control connection
debug2: fd 6 setting O_NONBLOCK
debug3: fd 6 is O_NONBLOCK
debug1: channel 1: new [mux-control]
debug3: channel_post_mux_listener: new mux channel 1 fd 6
debug3: mux_master_read_cb: channel 1: hello sent
debug2: set_control_persist_exit_time: cancel scheduled exit
debug3: mux_master_read_cb: channel 1 packet type 0x00000001 len 4
debug2: mux_master_process_hello: channel 1 slave version 4
debug2: mux_client_hello_exchange: master version 4
debug3: mux_client_forwards: request forwardings: 0 local, 0 remote
debug3: mux_client_request_session: entering
debug3: mux_client_request_alive: entering
debug3: mux_master_read_cb: channel 1 packet type 0x10000004 len 4
debug2: mux_master_process_alive_check: channel 1: alive check
debug3: mux_client_request_alive: done pid = 11833
debug3: mux_client_request_session: session request sent
debug3: mux_master_read_cb: channel 1 packet type 0x10000002 len 107
debug2: mux_master_process_new_session: channel 1: request tty 0, X 0, agent 0, subsys 0, term "xterm-256color", cmd "/bin/sh -c 'echo ~sudoall && sleep 0'", env 1
debug3: mux_master_process_new_session: got fds stdin 7, stdout 8, stderr 9
debug2: fd 8 setting O_NONBLOCK
debug2: fd 9 setting O_NONBLOCK
debug1: channel 2: new [client-session]
debug2: mux_master_process_new_session: channel_new: 2 linked to control channel 1
debug2: channel 2: send open
debug3: send packet: type 90
debug3: receive packet: type 80
debug1: client_input_global_request: rtype hostkeys-00@openssh.com want_reply 0
debug3: receive packet: type 4
debug1: Remote: /home/sudoall/.ssh/authorized_keys:1: key options: agent-forwarding port-forwarding pty user-rc x11-forwarding
debug3: receive packet: type 4
debug1: Remote: /home/sudoall/.ssh/authorized_keys:1: key options: agent-forwarding port-forwarding pty user-rc x11-forwarding
debug3: receive packet: type 91
debug2: channel_input_open_confirmation: channel 2: callback start
debug2: client_session2_setup: id 2
debug1: Sending environment.
debug1: Sending env LANG = en_US.UTF-8
debug2: channel 2: request env confirm 0
debug3: send packet: type 98
debug1: Sending command: /bin/sh -c 'echo ~sudoall && sleep 0'
debug2: channel 2: request exec confirm 1
debug3: send packet: type 98
debug3: mux_session_confirm: sending success reply
debug2: channel_input_open_confirmation: channel 2: callback done
debug2: channel 2: open confirm rwindow 0 rmax 32768
debug2: channel 2: rcvd adjust 2097152
debug3: receive packet: type 99
debug2: channel_input_status_confirm: type 99 id 2
debug2: exec request accepted on channel 2
debug3: receive packet: type 98
debug1: client_input_channel_req: channel 2 rtype exit-status reply 0
debug3: mux_exit_message: channel 2: exit message, exitval 0
debug3: receive packet: type 98
debug1: client_input_channel_req: channel 2 rtype eow@openssh.com reply 0
debug2: channel 2: rcvd eow
debug2: channel 2: chan_shutdown_read (i0 o0 sock -1 wfd 7 efd 9 [write])
debug2: channel 2: input open -> closed
debug3: receive packet: type 96
debug2: channel 2: rcvd eof
debug2: channel 2: output open -> drain
debug2: channel 2: obuf empty
debug2: channel 2: chan_shutdown_write (i3 o1 sock -1 wfd 8 efd 9 [write])
debug2: channel 2: output drain -> closed
debug3: receive packet: type 97
debug2: channel 2: rcvd close
debug3: channel 2: will not send data after close
debug2: channel 2: send close
debug3: send packet: type 97
debug2: channel 2: is dead
debug2: channel 2: gc: notify user
debug3: mux_master_session_cleanup_cb: entering for channel 2
debug2: channel 1: rcvd close
debug2: channel 1: output open -> drain
debug2: channel 1: chan_shutdown_read (i0 o1 sock 6 wfd 6 efd -1 [closed])
debug2: channel 1: input open -> closed
debug2: channel 2: gc: user detached
debug2: channel 2: is dead
debug2: channel 2: garbage collecting
debug1: channel 2: free: client-session, nchannels 3
debug3: channel 2: status: The following connections are open:
  #1 mux-control (t16 nr0 i3/0 o1/16 e[closed]/0 fd 6/6/-1 sock 6 cc -1)
  #2 client-session (t4 r0 i3/0 o3/0 e[write]/0 fd -1/-1/9 sock -1 cc -1)

debug2: channel 1: obuf empty
debug2: channel 1: chan_shutdown_write (i3 o1 sock 6 wfd 6 efd -1 [closed])
debug2: channel 1: output drain -> closed
debug2: channel 1: is dead (local)
debug2: channel 1: gc: notify user
debug3: mux_master_control_cleanup_cb: entering for channel 1
debug2: channel 1: gc: user detached
debug2: channel 1: is dead (local)
debug2: channel 1: garbage collecting
debug1: channel 1: free: mux-control, nchannels 2
debug3: channel 1: status: The following connections are open:
  #1 mux-control (t16 nr0 i3/0 o3/0 e[closed]/0 fd 6/6/-1 sock 6 cc -1)

debug2: set_control_persist_exit_time: schedule exit in 60 seconds
debug3: mux_client_read_packet: read header failed: Broken pipe
debug2: Received exit status from master 0

2020-03-03 12:25:59,792 p=11818 u=mark n=ansible |  11818 1583234759.79221: _low_level_execute_command(): starting
2020-03-03 12:25:59,792 p=11818 u=mark n=ansible |  11818 1583234759.79268: _low_level_execute_command(): executing: /bin/sh -c '( umask 77 && mkdir -p "` echo /home/sudoall/.ansible/tmp/ansible-tmp-1583234758.2360907-149338061446988 `" && echo ansible-tmp-1583234758.2360907-149338061446988="` echo /home/sudoall/.ansible/tmp/ansible-tmp-1583234758.2360907-149338061446988 `" ) && sleep 0'
2020-03-03 12:25:59,793 p=11818 u=mark n=ansible | <fedora31> ESTABLISH SSH CONNECTION FOR USER: sudoall
2020-03-03 12:25:59,794 p=11818 u=mark n=ansible | <fedora31> SSH: EXEC ssh -vvv -C -o ControlMaster=auto -o ControlPersist=60s -o StrictHostKeyChecking=no -o KbdInteractiveAuthentication=no -o PreferredAuthentications=gssapi-with-mic,gssapi-keyex,hostbased,publickey -o PasswordAuthentication=no -o 'User="sudoall"' -o ConnectTimeout=10 -o ControlPath=/home/mark/.ansible/cp/8ab42c853a fedora31 '/bin/sh -c '"'"'( umask 77 && mkdir -p "` echo /home/sudoall/.ansible/tmp/ansible-tmp-1583234758.2360907-149338061446988 `" && echo ansible-tmp-1583234758.2360907-149338061446988="` echo /home/sudoall/.ansible/tmp/ansible-tmp-1583234758.2360907-149338061446988 `" ) && sleep 0'"'"''
2020-03-03 12:25:59,795 p=11820 u=mark n=ansible |  11820 1583234759.79541: stdout chunk (state=0):
>>>[sudo via ansible, key=tzuvpfvcuwxkwzfvhknjmdsflrxsillo] password:<<<

2020-03-03 12:25:59,795 p=11820 u=mark n=ansible |  11820 1583234759.79575: become_prompt: (source=stdout, state=awaiting_prompt): '[sudo via ansible, key=tzuvpfvcuwxkwzfvhknjmdsflrxsillo] password:'
2020-03-03 12:25:59,796 p=11820 u=mark n=ansible |  11820 1583234759.79599: Sending become_password in response to prompt
2020-03-03 12:25:59,799 p=11820 u=mark n=ansible |  11820 1583234759.79906: stdout chunk (state=1):
>>>
<<<

2020-03-03 12:25:59,807 p=11818 u=mark n=ansible |  11818 1583234759.80675: stderr chunk (state=2):
>>>OpenSSH_8.0p1, OpenSSL 1.1.1c FIPS  28 May 2019
debug1: Reading configuration data /etc/ssh/ssh_config
debug3: /etc/ssh/ssh_config line 51: Including file /etc/ssh/ssh_config.d/05-redhat.conf depth 0
debug1: Reading configuration data /etc/ssh/ssh_config.d/05-redhat.conf
<<<

2020-03-03 12:25:59,808 p=11818 u=mark n=ansible |  11818 1583234759.80782: stderr chunk (state=3):
>>>debug2: checking match for 'final all' host fedora31 originally fedora31
debug3: /etc/ssh/ssh_config.d/05-redhat.conf line 3: not matched 'final'
debug2: match not found
debug3: /etc/ssh/ssh_config.d/05-redhat.conf line 5: Including file /etc/crypto-policies/back-ends/openssh.config depth 1 (parse only)
debug1: Reading configuration data /etc/crypto-policies/back-ends/openssh.config
debug3: gss kex names ok: [gss-gex-sha1-,gss-group14-sha1-]
debug3: kex names ok: [curve25519-sha256,curve25519-sha256@libssh.org,ecdh-sha2-nistp256,ecdh-sha2-nistp384,ecdh-sha2-nistp521,diffie-hellman-group-exchange-sha256,diffie-hellman-group14-sha256,diffie-hellman-group16-sha512,diffie-hellman-group18-sha512,diffie-hellman-group-exchange-sha1,diffie-hellman-group14-sha1]
debug1: configuration requests final Match pass
debug1: re-parsing configuration
debug1: Reading configuration data /etc/ssh/ssh_config
debug3: /etc/ssh/ssh_config line 51: Including file /etc/ssh/ssh_config.d/05-redhat.conf depth 0
debug1: Reading configuration data /etc/ssh/ssh_config.d/05-redhat.conf
debug2: checking match for 'final all' host fedora31 originally fedora31
debug3: /etc/ssh/ssh_config.d/05-redhat.conf line 3: matched 'final'
debug2: match found
debug3: /etc/ssh/ssh_config.d/05-redhat.conf line 5: Including file /etc/crypto-policies/back-ends/openssh.config depth 1
debug1: Reading configuration data /etc/crypto-policies/back-ends/openssh.config
debug3: gss kex names ok: [gss-gex-sha1-,gss-group14-sha1-]
debug3: kex names ok: [curve25519-sha256,curve25519-sha256@libssh.org,ecdh-sha2-nistp256,ecdh-sha2-nistp384,ecdh-sha2-nistp521,diffie-hellman-group-exchange-sha256,diffie-hellman-group14-sha256,diffie-hellman-group16-sha512,diffie-hellman-group18-sha512,diffie-hellman-group-exchange-sha1,diffie-hellman-group14-sha1]
debug1: auto-mux: Trying existing master
debug2: fd 4 setting O_NONBLOCK
<<<

2020-03-03 12:25:59,808 p=11820 u=mark n=ansible |  11820 1583234759.80877: stdout chunk (state=1):
>>>BECOME-SUCCESS-tzuvpfvcuwxkwzfvhknjmdsflrxsillo
<<<

2020-03-03 12:25:59,809 p=11820 u=mark n=ansible |  11820 1583234759.80924: become_success: (source=stdout, state=awaiting_escalation): 'BECOME-SUCCESS-tzuvpfvcuwxkwzfvhknjmdsflrxsillo'
2020-03-03 12:25:59,809 p=11820 u=mark n=ansible | Escalation succeeded
2020-03-03 12:25:59,810 p=11818 u=mark n=ansible |  11818 1583234759.81052: stderr chunk (state=3):
>>>debug2: mux_client_hello_exchange: master version 4
debug3: mux_client_forwards: request forwardings: 0 local, 0 remote
debug3: mux_client_request_session: entering
debug3: mux_client_request_alive: entering
debug3: mux_client_request_alive: done pid = 11833
<<<

2020-03-03 12:25:59,811 p=11818 u=mark n=ansible |  11818 1583234759.81099: stderr chunk (state=3):
>>>debug3: mux_client_request_session: session request sent
<<<

2020-03-03 12:25:59,833 p=11816 u=mark n=ansible | <centos7> (0, b'/home/sudoall\n', b'OpenSSH_8.0p1, OpenSSL 1.1.1c FIPS  28 May 2019\r\ndebug1: Reading configuration data /etc/ssh/ssh_config\r\ndebug3: /etc/ssh/ssh_config line 51: Including file /etc/ssh/ssh_config.d/05-redhat.conf depth 0\r\ndebug1: Reading configuration data /etc/ssh/ssh_config.d/05-redhat.conf\r\ndebug2: checking match for \'final all\' host centos7 originally centos7\r\ndebug3: /etc/ssh/ssh_config.d/05-redhat.conf line 3: not matched \'final\'\r\ndebug2: match not found\r\ndebug3: /etc/ssh/ssh_config.d/05-redhat.conf line 5: Including file /etc/crypto-policies/back-ends/openssh.config depth 1 (parse only)\r\ndebug1: Reading configuration data /etc/crypto-policies/back-ends/openssh.config\r\ndebug3: gss kex names ok: [gss-gex-sha1-,gss-group14-sha1-]\r\ndebug3: kex names ok: [curve25519-sha256,curve25519-sha256@libssh.org,ecdh-sha2-nistp256,ecdh-sha2-nistp384,ecdh-sha2-nistp521,diffie-hellman-group-exchange-sha256,diffie-hellman-group14-sha256,diffie-hellman-group16-sha512,diffie-hellman-group18-sha512,diffie-hellman-group-exchange-sha1,diffie-hellman-group14-sha1]\r\ndebug1: configuration requests final Match pass\r\ndebug1: re-parsing configuration\r\ndebug1: Reading configuration data /etc/ssh/ssh_config\r\ndebug3: /etc/ssh/ssh_config line 51: Including file /etc/ssh/ssh_config.d/05-redhat.conf depth 0\r\ndebug1: Reading configuration data /etc/ssh/ssh_config.d/05-redhat.conf\r\ndebug2: checking match for \'final all\' host centos7 originally centos7\r\ndebug3: /etc/ssh/ssh_config.d/05-redhat.conf line 3: matched \'final\'\r\ndebug2: match found\r\ndebug3: /etc/ssh/ssh_config.d/05-redhat.conf line 5: Including file /etc/crypto-policies/back-ends/openssh.config depth 1\r\ndebug1: Reading configuration data /etc/crypto-policies/back-ends/openssh.config\r\ndebug3: gss kex names ok: [gss-gex-sha1-,gss-group14-sha1-]\r\ndebug3: kex names ok: [curve25519-sha256,curve25519-sha256@libssh.org,ecdh-sha2-nistp256,ecdh-sha2-nistp384,ecdh-sha2-nistp521,diffie-hellman-group-exchange-sha256,diffie-hellman-group14-sha256,diffie-hellman-group16-sha512,diffie-hellman-group18-sha512,diffie-hellman-group-exchange-sha1,diffie-hellman-group14-sha1]\r\ndebug1: auto-mux: Trying existing master\r\ndebug1: Control socket "/home/mark/.ansible/cp/25a6c0e9bc" does not exist\r\ndebug2: resolving "centos7" port 22\r\ndebug2: ssh_connect_direct\r\ndebug1: Connecting to centos7 [10.80.80.122] port 22.\r\ndebug2: fd 4 setting O_NONBLOCK\r\ndebug1: fd 4 clearing O_NONBLOCK\r\ndebug1: Connection established.\r\ndebug3: timeout: 9986 ms remain after connect\r\ndebug1: identity file /home/mark/.ssh/id_rsa type 0\r\ndebug1: identity file /home/mark/.ssh/id_rsa-cert type -1\r\ndebug1: identity file /home/mark/.ssh/id_dsa type -1\r\ndebug1: identity file /home/mark/.ssh/id_dsa-cert type -1\r\ndebug1: identity file /home/mark/.ssh/id_ecdsa type -1\r\ndebug1: identity file /home/mark/.ssh/id_ecdsa-cert type -1\r\ndebug1: identity file /home/mark/.ssh/id_ed25519 type -1\r\ndebug1: identity file /home/mark/.ssh/id_ed25519-cert type -1\r\ndebug1: identity file /home/mark/.ssh/id_xmss type -1\r\ndebug1: identity file /home/mark/.ssh/id_xmss-cert type -1\r\ndebug1: Local version string SSH-2.0-OpenSSH_8.0\r\ndebug1: Remote protocol version 2.0, remote software version OpenSSH_7.4\r\ndebug1: match: OpenSSH_7.4 pat OpenSSH_7.0*,OpenSSH_7.1*,OpenSSH_7.2*,OpenSSH_7.3*,OpenSSH_7.4*,OpenSSH_7.5*,OpenSSH_7.6*,OpenSSH_7.7* compat 0x04000002\r\ndebug2: fd 4 setting O_NONBLOCK\r\ndebug1: Authenticating to centos7:22 as \'sudoall\'\r\ndebug3: hostkeys_foreach: reading file "/home/mark/.ssh/known_hosts"\r\ndebug3: record_hostkey: found key type ECDSA in file /home/mark/.ssh/known_hosts:14\r\ndebug3: load_hostkeys: loaded 1 keys from centos7\r\ndebug3: order_hostkeyalgs: prefer hostkeyalgs: ecdsa-sha2-nistp256-cert-v01@openssh.com,ecdsa-sha2-nistp384-cert-v01@openssh.com,ecdsa-sha2-nistp521-cert-v01@openssh.com,ecdsa-sha2-nistp256,ecdsa-sha2-nistp384,ecdsa-sha2-nistp521\r\ndebug3: send packet: type 20\r\ndebug1: SSH2_MSG_KEXINIT sent\r\ndebug3: receive packet: type 20\r\ndebug1: SSH2_MSG_KEXINIT received\r\ndebug2: local client KEXINIT proposal\r\ndebug2: KEX algorithms: curve25519-sha256,curve25519-sha256@libssh.org,ecdh-sha2-nistp256,ecdh-sha2-nistp384,ecdh-sha2-nistp521,diffie-hellman-group-exchange-sha256,diffie-hellman-group14-sha256,diffie-hellman-group16-sha512,diffie-hellman-group18-sha512,diffie-hellman-group-exchange-sha1,diffie-hellman-group14-sha1,ext-info-c\r\ndebug2: host key algorithms: ecdsa-sha2-nistp256-cert-v01@openssh.com,ecdsa-sha2-nistp384-cert-v01@openssh.com,ecdsa-sha2-nistp521-cert-v01@openssh.com,ecdsa-sha2-nistp256,ecdsa-sha2-nistp384,ecdsa-sha2-nistp521,ssh-ed25519-cert-v01@openssh.com,rsa-sha2-512-cert-v01@openssh.com,rsa-sha2-256-cert-v01@openssh.com,ssh-rsa-cert-v01@openssh.com,ssh-ed25519,rsa-sha2-512,rsa-sha2-256,ssh-rsa\r\ndebug2: ciphers ctos: aes256-gcm@openssh.com,chacha20-poly1305@openssh.com,aes256-ctr,aes256-cbc,aes128-gcm@openssh.com,aes128-ctr,aes128-cbc\r\ndebug2: ciphers stoc: aes256-gcm@openssh.com,chacha20-poly1305@openssh.com,aes256-ctr,aes256-cbc,aes128-gcm@openssh.com,aes128-ctr,aes128-cbc\r\ndebug2: MACs ctos: hmac-sha2-256-etm@openssh.com,hmac-sha1-etm@openssh.com,umac-128-etm@openssh.com,hmac-sha2-512-etm@openssh.com,hmac-sha2-256,hmac-sha1,umac-128@openssh.com,hmac-sha2-512\r\ndebug2: MACs stoc: hmac-sha2-256-etm@openssh.com,hmac-sha1-etm@openssh.com,umac-128-etm@openssh.com,hmac-sha2-512-etm@openssh.com,hmac-sha2-256,hmac-sha1,umac-128@openssh.com,hmac-sha2-512\r\ndebug2: compression ctos: zlib@openssh.com,zlib,none\r\ndebug2: compression stoc: zlib@openssh.com,zlib,none\r\ndebug2: languages ctos: \r\ndebug2: languages stoc: \r\ndebug2: first_kex_follows 0 \r\ndebug2: reserved 0 \r\ndebug2: peer server KEXINIT proposal\r\ndebug2: KEX algorithms: curve25519-sha256,curve25519-sha256@libssh.org,ecdh-sha2-nistp256,ecdh-sha2-nistp384,ecdh-sha2-nistp521,diffie-hellman-group-exchange-sha256,diffie-hellman-group16-sha512,diffie-hellman-group18-sha512,diffie-hellman-group-exchange-sha1,diffie-hellman-group14-sha256,diffie-hellman-group14-sha1,diffie-hellman-group1-sha1\r\ndebug2: host key algorithms: ssh-rsa,rsa-sha2-512,rsa-sha2-256,ecdsa-sha2-nistp256,ssh-ed25519\r\ndebug2: ciphers ctos: chacha20-poly1305@openssh.com,aes128-ctr,aes192-ctr,aes256-ctr,aes128-gcm@openssh.com,aes256-gcm@openssh.com,aes128-cbc,aes192-cbc,aes256-cbc,blowfish-cbc,cast128-cbc,3des-cbc\r\ndebug2: ciphers stoc: chacha20-poly1305@openssh.com,aes128-ctr,aes192-ctr,aes256-ctr,aes128-gcm@openssh.com,aes256-gcm@openssh.com,aes128-cbc,aes192-cbc,aes256-cbc,blowfish-cbc,cast128-cbc,3des-cbc\r\ndebug2: MACs ctos: umac-64-etm@openssh.com,umac-128-etm@openssh.com,hmac-sha2-256-etm@openssh.com,hmac-sha2-512-etm@openssh.com,hmac-sha1-etm@openssh.com,umac-64@openssh.com,umac-128@openssh.com,hmac-sha2-256,hmac-sha2-512,hmac-sha1\r\ndebug2: MACs stoc: umac-64-etm@openssh.com,umac-128-etm@openssh.com,hmac-sha2-256-etm@openssh.com,hmac-sha2-512-etm@openssh.com,hmac-sha1-etm@openssh.com,umac-64@openssh.com,umac-128@openssh.com,hmac-sha2-256,hmac-sha2-512,hmac-sha1\r\ndebug2: compression ctos: none,zlib@openssh.com\r\ndebug2: compression stoc: none,zlib@openssh.com\r\ndebug2: languages ctos: \r\ndebug2: languages stoc: \r\ndebug2: first_kex_follows 0 \r\ndebug2: reserved 0 \r\ndebug1: kex: algorithm: curve25519-sha256\r\ndebug1: kex: host key algorithm: ecdsa-sha2-nistp256\r\ndebug1: kex: server->client cipher: aes256-gcm@openssh.com MAC: <implicit> compression: zlib@openssh.com\r\ndebug1: kex: client->server cipher: aes256-gcm@openssh.com MAC: <implicit> compression: zlib@openssh.com\r\ndebug1: kex: curve25519-sha256 need=32 dh_need=32\r\ndebug1: kex: curve25519-sha256 need=32 dh_need=32\r\ndebug3: send packet: type 30\r\ndebug1: expecting SSH2_MSG_KEX_ECDH_REPLY\r\ndebug3: receive packet: type 31\r\ndebug1: Server host key: ecdsa-sha2-nistp256 SHA256:7U6saXjH7/HFgknHrenMTzw/MCWMgaghuH/KGJSKY0A\r\ndebug3: hostkeys_foreach: reading file "/home/mark/.ssh/known_hosts"\r\ndebug3: record_hostkey: found key type ECDSA in file /home/mark/.ssh/known_hosts:14\r\ndebug3: load_hostkeys: loaded 1 keys from centos7\r\ndebug3: hostkeys_foreach: reading file "/home/mark/.ssh/known_hosts"\r\ndebug3: record_hostkey: found key type ECDSA in file /home/mark/.ssh/known_hosts:2\r\ndebug3: load_hostkeys: loaded 1 keys from 10.80.80.122\r\ndebug1: Host \'centos7\' is known and matches the ECDSA host key.\r\ndebug1: Found key in /home/mark/.ssh/known_hosts:14\r\ndebug3: send packet: type 21\r\ndebug2: set_newkeys: mode 1\r\ndebug1: rekey out after 4294967296 blocks\r\ndebug1: SSH2_MSG_NEWKEYS sent\r\ndebug1: expecting SSH2_MSG_NEWKEYS\r\ndebug3: receive packet: type 21\r\ndebug1: SSH2_MSG_NEWKEYS received\r\ndebug2: set_newkeys: mode 0\r\ndebug1: rekey in after 4294967296 blocks\r\ndebug1: Will attempt key: /home/mark/.ssh/id_rsa RSA SHA256:aUPgboo2qcZ7/3oRAQls/UxXvd8kP+xi/72G/L4HSlQ\r\ndebug1: Will attempt key: /home/mark/.ssh/id_dsa \r\ndebug1: Will attempt key: /home/mark/.ssh/id_ecdsa \r\ndebug1: Will attempt key: /home/mark/.ssh/id_ed25519 \r\ndebug1: Will attempt key: /home/mark/.ssh/id_xmss \r\ndebug2: pubkey_prepare: done\r\ndebug3: send packet: type 5\r\ndebug3: receive packet: type 7\r\ndebug1: SSH2_MSG_EXT_INFO received\r\ndebug1: kex_input_ext_info: server-sig-algs=<rsa-sha2-256,rsa-sha2-512>\r\ndebug3: receive packet: type 6\r\ndebug2: service_accept: ssh-userauth\r\ndebug1: SSH2_MSG_SERVICE_ACCEPT received\r\ndebug3: send packet: type 50\r\ndebug3: receive packet: type 51\r\ndebug1: Authentications that can continue: publickey,gssapi-keyex,gssapi-with-mic,password\r\ndebug3: start over, passed a different list publickey,gssapi-keyex,gssapi-with-mic,password\r\ndebug3: preferred gssapi-with-mic,gssapi-keyex,hostbased,publickey\r\ndebug3: authmethod_lookup gssapi-with-mic\r\ndebug3: remaining preferred: gssapi-keyex,hostbased,publickey\r\ndebug3: authmethod_is_enabled gssapi-with-mic\r\ndebug1: Next authentication method: gssapi-with-mic\r\ndebug1: Unspecified GSS failure.  Minor code may provide more information\nNo Kerberos credentials available (default cache: KCM:)\n\n\r\ndebug1: Unspecified GSS failure.  Minor code may provide more information\nNo Kerberos credentials available (default cache: KCM:)\n\n\r\ndebug2: we did not send a packet, disable method\r\ndebug3: authmethod_lookup gssapi-keyex\r\ndebug3: remaining preferred: hostbased,publickey\r\ndebug3: authmethod_lookup publickey\r\ndebug3: remaining preferred: ,publickey\r\ndebug3: authmethod_is_enabled publickey\r\ndebug1: Next authentication method: publickey\r\ndebug1: Offering public key: /home/mark/.ssh/id_rsa RSA SHA256:aUPgboo2qcZ7/3oRAQls/UxXvd8kP+xi/72G/L4HSlQ\r\ndebug3: send packet: type 50\r\ndebug2: we sent a publickey packet, wait for reply\r\ndebug3: receive packet: type 60\r\ndebug1: Server accepts key: /home/mark/.ssh/id_rsa RSA SHA256:aUPgboo2qcZ7/3oRAQls/UxXvd8kP+xi/72G/L4HSlQ\r\ndebug3: sign_and_send_pubkey: RSA SHA256:aUPgboo2qcZ7/3oRAQls/UxXvd8kP+xi/72G/L4HSlQ\r\ndebug3: sign_and_send_pubkey: signing using rsa-sha2-256\r\ndebug3: send packet: type 50\r\ndebug3: receive packet: type 52\r\ndebug1: Enabling compression at level 6.\r\ndebug1: Authentication succeeded (publickey).\r\nAuthenticated to centos7 ([10.80.80.122]:22).\r\ndebug1: setting up multiplex master socket\r\ndebug3: muxserver_listen: temporary control path /home/mark/.ansible/cp/25a6c0e9bc.KFN645SYwAxuTs8L\r\ndebug2: fd 5 setting O_NONBLOCK\r\ndebug3: fd 5 is O_NONBLOCK\r\ndebug3: fd 5 is O_NONBLOCK\r\ndebug1: channel 0: new [/home/mark/.ansible/cp/25a6c0e9bc]\r\ndebug3: muxserver_listen: mux listener channel 0 fd 5\r\ndebug2: fd 4 setting TCP_NODELAY\r\ndebug3: ssh_packet_set_tos: set IP_TOS 0x20\r\ndebug1: control_persist_detach: backgrounding master process\r\ndebug2: control_persist_detach: background process is 11825\r\ndebug2: fd 5 setting O_NONBLOCK\r\ndebug1: forking to background\r\ndebug1: Entering interactive session.\r\ndebug1: pledge: id\r\ndebug2: set_control_persist_exit_time: schedule exit in 60 seconds\r\ndebug1: multiplexing control connection\r\ndebug2: fd 6 setting O_NONBLOCK\r\ndebug3: fd 6 is O_NONBLOCK\r\ndebug1: channel 1: new [mux-control]\r\ndebug3: channel_post_mux_listener: new mux channel 1 fd 6\r\ndebug3: mux_master_read_cb: channel 1: hello sent\r\ndebug2: set_control_persist_exit_time: cancel scheduled exit\r\ndebug3: mux_master_read_cb: channel 1 packet type 0x00000001 len 4\r\ndebug2: mux_master_process_hello: channel 1 slave version 4\r\ndebug2: mux_client_hello_exchange: master version 4\r\ndebug3: mux_client_forwards: request forwardings: 0 local, 0 remote\r\ndebug3: mux_client_request_session: entering\r\ndebug3: mux_client_request_alive: entering\r\ndebug3: mux_master_read_cb: channel 1 packet type 0x10000004 len 4\r\ndebug2: mux_master_process_alive_check: channel 1: alive check\r\ndebug3: mux_client_request_alive: done pid = 11827\r\ndebug3: mux_client_request_session: session request sent\r\ndebug3: mux_master_read_cb: channel 1 packet type 0x10000002 len 107\r\ndebug2: mux_master_process_new_session: channel 1: request tty 0, X 0, agent 0, subsys 0, term "xterm-256color", cmd "/bin/sh -c \'echo ~sudoall && sleep 0\'", env 1\r\ndebug3: mux_master_process_new_session: got fds stdin 7, stdout 8, stderr 9\r\ndebug2: fd 8 setting O_NONBLOCK\r\ndebug2: fd 9 setting O_NONBLOCK\r\ndebug1: channel 2: new [client-session]\r\ndebug2: mux_master_process_new_session: channel_new: 2 linked to control channel 1\r\ndebug2: channel 2: send open\r\ndebug3: send packet: type 90\r\ndebug3: receive packet: type 80\r\ndebug1: client_input_global_request: rtype hostkeys-00@openssh.com want_reply 0\r\ndebug3: receive packet: type 91\r\ndebug2: channel_input_open_confirmation: channel 2: callback start\r\ndebug2: client_session2_setup: id 2\r\ndebug1: Sending environment.\r\ndebug1: Sending env LANG = en_US.UTF-8\r\ndebug2: channel 2: request env confirm 0\r\ndebug3: send packet: type 98\r\ndebug1: Sending command: /bin/sh -c \'echo ~sudoall && sleep 0\'\r\ndebug2: channel 2: request exec confirm 1\r\ndebug3: send packet: type 98\r\ndebug3: mux_session_confirm: sending success reply\r\ndebug2: channel_input_open_confirmation: channel 2: callback done\r\ndebug2: channel 2: open confirm rwindow 0 rmax 32768\r\ndebug2: channel 2: rcvd adjust 2097152\r\ndebug3: receive packet: type 99\r\ndebug2: channel_input_status_confirm: type 99 id 2\r\ndebug2: exec request accepted on channel 2\r\ndebug3: receive packet: type 98\r\ndebug1: client_input_channel_req: channel 2 rtype exit-status reply 0\r\ndebug3: mux_exit_message: channel 2: exit message, exitval 0\r\ndebug3: receive packet: type 98\r\ndebug1: client_input_channel_req: channel 2 rtype eow@openssh.com reply 0\r\ndebug2: channel 2: rcvd eow\r\ndebug2: channel 2: chan_shutdown_read (i0 o0 sock -1 wfd 7 efd 9 [write])\r\ndebug2: channel 2: input open -> closed\r\ndebug3: receive packet: type 96\r\ndebug2: channel 2: rcvd eof\r\ndebug2: channel 2: output open -> drain\r\ndebug2: channel 2: obuf empty\r\ndebug2: channel 2: chan_shutdown_write (i3 o1 sock -1 wfd 8 efd 9 [write])\r\ndebug2: channel 2: output drain -> closed\r\ndebug3: receive packet: type 97\r\ndebug2: channel 2: rcvd close\r\ndebug3: channel 2: will not send data after close\r\ndebug2: channel 2: send close\r\ndebug3: send packet: type 97\r\ndebug2: channel 2: is dead\r\ndebug2: channel 2: gc: notify user\r\ndebug3: mux_master_session_cleanup_cb: entering for channel 2\r\ndebug2: channel 1: rcvd close\r\ndebug2: channel 1: output open -> drain\r\ndebug2: channel 1: chan_shutdown_read (i0 o1 sock 6 wfd 6 efd -1 [closed])\r\ndebug2: channel 1: input open -> closed\r\ndebug2: channel 2: gc: user detached\r\ndebug2: channel 2: is dead\r\ndebug2: channel 2: garbage collecting\r\ndebug1: channel 2: free: client-session, nchannels 3\r\ndebug3: channel 2: status: The following connections are open:\r\n  #1 mux-control (t16 nr0 i3/0 o1/16 e[closed]/0 fd 6/6/-1 sock 6 cc -1)\r\n  #2 client-session (t4 r0 i3/0 o3/0 e[write]/0 fd -1/-1/9 sock -1 cc -1)\r\n\r\ndebug2: channel 1: obuf empty\r\ndebug2: channel 1: chan_shutdown_write (i3 o1 sock 6 wfd 6 efd -1 [closed])\r\ndebug2: channel 1: output drain -> closed\r\ndebug2: channel 1: is dead (local)\r\ndebug2: channel 1: gc: notify user\r\ndebug3: mux_master_control_cleanup_cb: entering for channel 1\r\ndebug2: channel 1: gc: user detached\r\ndebug2: channel 1: is dead (local)\r\ndebug2: channel 1: garbage collecting\r\ndebug1: channel 1: free: mux-control, nchannels 2\r\ndebug3: channel 1: status: The following connections are open:\r\n  #1 mux-control (t16 nr0 i3/0 o3/0 e[closed]/0 fd 6/6/-1 sock 6 cc -1)\r\n\r\ndebug2: set_control_persist_exit_time: schedule exit in 60 seconds\r\ndebug3: mux_client_read_packet: read header failed: Broken pipe\r\ndebug2: Received exit status from master 0\r\n')
2020-03-03 12:25:59,835 p=11816 u=mark n=ansible |  11816 1583234759.83352: _low_level_execute_command() done: rc=0, stdout=/home/sudoall
, stderr=OpenSSH_8.0p1, OpenSSL 1.1.1c FIPS  28 May 2019
debug1: Reading configuration data /etc/ssh/ssh_config
debug3: /etc/ssh/ssh_config line 51: Including file /etc/ssh/ssh_config.d/05-redhat.conf depth 0
debug1: Reading configuration data /etc/ssh/ssh_config.d/05-redhat.conf
debug2: checking match for 'final all' host centos7 originally centos7
debug3: /etc/ssh/ssh_config.d/05-redhat.conf line 3: not matched 'final'
debug2: match not found
debug3: /etc/ssh/ssh_config.d/05-redhat.conf line 5: Including file /etc/crypto-policies/back-ends/openssh.config depth 1 (parse only)
debug1: Reading configuration data /etc/crypto-policies/back-ends/openssh.config
debug3: gss kex names ok: [gss-gex-sha1-,gss-group14-sha1-]
debug3: kex names ok: [curve25519-sha256,curve25519-sha256@libssh.org,ecdh-sha2-nistp256,ecdh-sha2-nistp384,ecdh-sha2-nistp521,diffie-hellman-group-exchange-sha256,diffie-hellman-group14-sha256,diffie-hellman-group16-sha512,diffie-hellman-group18-sha512,diffie-hellman-group-exchange-sha1,diffie-hellman-group14-sha1]
debug1: configuration requests final Match pass
debug1: re-parsing configuration
debug1: Reading configuration data /etc/ssh/ssh_config
debug3: /etc/ssh/ssh_config line 51: Including file /etc/ssh/ssh_config.d/05-redhat.conf depth 0
debug1: Reading configuration data /etc/ssh/ssh_config.d/05-redhat.conf
debug2: checking match for 'final all' host centos7 originally centos7
debug3: /etc/ssh/ssh_config.d/05-redhat.conf line 3: matched 'final'
debug2: match found
debug3: /etc/ssh/ssh_config.d/05-redhat.conf line 5: Including file /etc/crypto-policies/back-ends/openssh.config depth 1
debug1: Reading configuration data /etc/crypto-policies/back-ends/openssh.config
debug3: gss kex names ok: [gss-gex-sha1-,gss-group14-sha1-]
debug3: kex names ok: [curve25519-sha256,curve25519-sha256@libssh.org,ecdh-sha2-nistp256,ecdh-sha2-nistp384,ecdh-sha2-nistp521,diffie-hellman-group-exchange-sha256,diffie-hellman-group14-sha256,diffie-hellman-group16-sha512,diffie-hellman-group18-sha512,diffie-hellman-group-exchange-sha1,diffie-hellman-group14-sha1]
debug1: auto-mux: Trying existing master
debug1: Control socket "/home/mark/.ansible/cp/25a6c0e9bc" does not exist
debug2: resolving "centos7" port 22
debug2: ssh_connect_direct
debug1: Connecting to centos7 [10.80.80.122] port 22.
debug2: fd 4 setting O_NONBLOCK
debug1: fd 4 clearing O_NONBLOCK
debug1: Connection established.
debug3: timeout: 9986 ms remain after connect
debug1: identity file /home/mark/.ssh/id_rsa type 0
debug1: identity file /home/mark/.ssh/id_rsa-cert type -1
debug1: identity file /home/mark/.ssh/id_dsa type -1
debug1: identity file /home/mark/.ssh/id_dsa-cert type -1
debug1: identity file /home/mark/.ssh/id_ecdsa type -1
debug1: identity file /home/mark/.ssh/id_ecdsa-cert type -1
debug1: identity file /home/mark/.ssh/id_ed25519 type -1
debug1: identity file /home/mark/.ssh/id_ed25519-cert type -1
debug1: identity file /home/mark/.ssh/id_xmss type -1
debug1: identity file /home/mark/.ssh/id_xmss-cert type -1
debug1: Local version string SSH-2.0-OpenSSH_8.0
debug1: Remote protocol version 2.0, remote software version OpenSSH_7.4
debug1: match: OpenSSH_7.4 pat OpenSSH_7.0*,OpenSSH_7.1*,OpenSSH_7.2*,OpenSSH_7.3*,OpenSSH_7.4*,OpenSSH_7.5*,OpenSSH_7.6*,OpenSSH_7.7* compat 0x04000002
debug2: fd 4 setting O_NONBLOCK
debug1: Authenticating to centos7:22 as 'sudoall'
debug3: hostkeys_foreach: reading file "/home/mark/.ssh/known_hosts"
debug3: record_hostkey: found key type ECDSA in file /home/mark/.ssh/known_hosts:14
debug3: load_hostkeys: loaded 1 keys from centos7
debug3: order_hostkeyalgs: prefer hostkeyalgs: ecdsa-sha2-nistp256-cert-v01@openssh.com,ecdsa-sha2-nistp384-cert-v01@openssh.com,ecdsa-sha2-nistp521-cert-v01@openssh.com,ecdsa-sha2-nistp256,ecdsa-sha2-nistp384,ecdsa-sha2-nistp521
debug3: send packet: type 20
debug1: SSH2_MSG_KEXINIT sent
debug3: receive packet: type 20
debug1: SSH2_MSG_KEXINIT received
debug2: local client KEXINIT proposal
debug2: KEX algorithms: curve25519-sha256,curve25519-sha256@libssh.org,ecdh-sha2-nistp256,ecdh-sha2-nistp384,ecdh-sha2-nistp521,diffie-hellman-group-exchange-sha256,diffie-hellman-group14-sha256,diffie-hellman-group16-sha512,diffie-hellman-group18-sha512,diffie-hellman-group-exchange-sha1,diffie-hellman-group14-sha1,ext-info-c
debug2: host key algorithms: ecdsa-sha2-nistp256-cert-v01@openssh.com,ecdsa-sha2-nistp384-cert-v01@openssh.com,ecdsa-sha2-nistp521-cert-v01@openssh.com,ecdsa-sha2-nistp256,ecdsa-sha2-nistp384,ecdsa-sha2-nistp521,ssh-ed25519-cert-v01@openssh.com,rsa-sha2-512-cert-v01@openssh.com,rsa-sha2-256-cert-v01@openssh.com,ssh-rsa-cert-v01@openssh.com,ssh-ed25519,rsa-sha2-512,rsa-sha2-256,ssh-rsa
debug2: ciphers ctos: aes256-gcm@openssh.com,chacha20-poly1305@openssh.com,aes256-ctr,aes256-cbc,aes128-gcm@openssh.com,aes128-ctr,aes128-cbc
debug2: ciphers stoc: aes256-gcm@openssh.com,chacha20-poly1305@openssh.com,aes256-ctr,aes256-cbc,aes128-gcm@openssh.com,aes128-ctr,aes128-cbc
debug2: MACs ctos: hmac-sha2-256-etm@openssh.com,hmac-sha1-etm@openssh.com,umac-128-etm@openssh.com,hmac-sha2-512-etm@openssh.com,hmac-sha2-256,hmac-sha1,umac-128@openssh.com,hmac-sha2-512
debug2: MACs stoc: hmac-sha2-256-etm@openssh.com,hmac-sha1-etm@openssh.com,umac-128-etm@openssh.com,hmac-sha2-512-etm@openssh.com,hmac-sha2-256,hmac-sha1,umac-128@openssh.com,hmac-sha2-512
debug2: compression ctos: zlib@openssh.com,zlib,none
debug2: compression stoc: zlib@openssh.com,zlib,none
debug2: languages ctos: 
debug2: languages stoc: 
debug2: first_kex_follows 0 
debug2: reserved 0 
debug2: peer server KEXINIT proposal
debug2: KEX algorithms: curve25519-sha256,curve25519-sha256@libssh.org,ecdh-sha2-nistp256,ecdh-sha2-nistp384,ecdh-sha2-nistp521,diffie-hellman-group-exchange-sha256,diffie-hellman-group16-sha512,diffie-hellman-group18-sha512,diffie-hellman-group-exchange-sha1,diffie-hellman-group14-sha256,diffie-hellman-group14-sha1,diffie-hellman-group1-sha1
debug2: host key algorithms: ssh-rsa,rsa-sha2-512,rsa-sha2-256,ecdsa-sha2-nistp256,ssh-ed25519
debug2: ciphers ctos: chacha20-poly1305@openssh.com,aes128-ctr,aes192-ctr,aes256-ctr,aes128-gcm@openssh.com,aes256-gcm@openssh.com,aes128-cbc,aes192-cbc,aes256-cbc,blowfish-cbc,cast128-cbc,3des-cbc
debug2: ciphers stoc: chacha20-poly1305@openssh.com,aes128-ctr,aes192-ctr,aes256-ctr,aes128-gcm@openssh.com,aes256-gcm@openssh.com,aes128-cbc,aes192-cbc,aes256-cbc,blowfish-cbc,cast128-cbc,3des-cbc
debug2: MACs ctos: umac-64-etm@openssh.com,umac-128-etm@openssh.com,hmac-sha2-256-etm@openssh.com,hmac-sha2-512-etm@openssh.com,hmac-sha1-etm@openssh.com,umac-64@openssh.com,umac-128@openssh.com,hmac-sha2-256,hmac-sha2-512,hmac-sha1
debug2: MACs stoc: umac-64-etm@openssh.com,umac-128-etm@openssh.com,hmac-sha2-256-etm@openssh.com,hmac-sha2-512-etm@openssh.com,hmac-sha1-etm@openssh.com,umac-64@openssh.com,umac-128@openssh.com,hmac-sha2-256,hmac-sha2-512,hmac-sha1
debug2: compression ctos: none,zlib@openssh.com
debug2: compression stoc: none,zlib@openssh.com
debug2: languages ctos: 
debug2: languages stoc: 
debug2: first_kex_follows 0 
debug2: reserved 0 
debug1: kex: algorithm: curve25519-sha256
debug1: kex: host key algorithm: ecdsa-sha2-nistp256
debug1: kex: server->client cipher: aes256-gcm@openssh.com MAC: <implicit> compression: zlib@openssh.com
debug1: kex: client->server cipher: aes256-gcm@openssh.com MAC: <implicit> compression: zlib@openssh.com
debug1: kex: curve25519-sha256 need=32 dh_need=32
debug1: kex: curve25519-sha256 need=32 dh_need=32
debug3: send packet: type 30
debug1: expecting SSH2_MSG_KEX_ECDH_REPLY
debug3: receive packet: type 31
debug1: Server host key: ecdsa-sha2-nistp256 SHA256:7U6saXjH7/HFgknHrenMTzw/MCWMgaghuH/KGJSKY0A
debug3: hostkeys_foreach: reading file "/home/mark/.ssh/known_hosts"
debug3: record_hostkey: found key type ECDSA in file /home/mark/.ssh/known_hosts:14
debug3: load_hostkeys: loaded 1 keys from centos7
debug3: hostkeys_foreach: reading file "/home/mark/.ssh/known_hosts"
debug3: record_hostkey: found key type ECDSA in file /home/mark/.ssh/known_hosts:2
debug3: load_hostkeys: loaded 1 keys from 10.80.80.122
debug1: Host 'centos7' is known and matches the ECDSA host key.
debug1: Found key in /home/mark/.ssh/known_hosts:14
debug3: send packet: type 21
debug2: set_newkeys: mode 1
debug1: rekey out after 4294967296 blocks
debug1: SSH2_MSG_NEWKEYS sent
debug1: expecting SSH2_MSG_NEWKEYS
debug3: receive packet: type 21
debug1: SSH2_MSG_NEWKEYS received
debug2: set_newkeys: mode 0
debug1: rekey in after 4294967296 blocks
debug1: Will attempt key: /home/mark/.ssh/id_rsa RSA SHA256:aUPgboo2qcZ7/3oRAQls/UxXvd8kP+xi/72G/L4HSlQ
debug1: Will attempt key: /home/mark/.ssh/id_dsa 
debug1: Will attempt key: /home/mark/.ssh/id_ecdsa 
debug1: Will attempt key: /home/mark/.ssh/id_ed25519 
debug1: Will attempt key: /home/mark/.ssh/id_xmss 
debug2: pubkey_prepare: done
debug3: send packet: type 5
debug3: receive packet: type 7
debug1: SSH2_MSG_EXT_INFO received
debug1: kex_input_ext_info: server-sig-algs=<rsa-sha2-256,rsa-sha2-512>
debug3: receive packet: type 6
debug2: service_accept: ssh-userauth
debug1: SSH2_MSG_SERVICE_ACCEPT received
debug3: send packet: type 50
debug3: receive packet: type 51
debug1: Authentications that can continue: publickey,gssapi-keyex,gssapi-with-mic,password
debug3: start over, passed a different list publickey,gssapi-keyex,gssapi-with-mic,password
debug3: preferred gssapi-with-mic,gssapi-keyex,hostbased,publickey
debug3: authmethod_lookup gssapi-with-mic
debug3: remaining preferred: gssapi-keyex,hostbased,publickey
debug3: authmethod_is_enabled gssapi-with-mic
debug1: Next authentication method: gssapi-with-mic
debug1: Unspecified GSS failure.  Minor code may provide more information
No Kerberos credentials available (default cache: KCM:)


debug1: Unspecified GSS failure.  Minor code may provide more information
No Kerberos credentials available (default cache: KCM:)


debug2: we did not send a packet, disable method
debug3: authmethod_lookup gssapi-keyex
debug3: remaining preferred: hostbased,publickey
debug3: authmethod_lookup publickey
debug3: remaining preferred: ,publickey
debug3: authmethod_is_enabled publickey
debug1: Next authentication method: publickey
debug1: Offering public key: /home/mark/.ssh/id_rsa RSA SHA256:aUPgboo2qcZ7/3oRAQls/UxXvd8kP+xi/72G/L4HSlQ
debug3: send packet: type 50
debug2: we sent a publickey packet, wait for reply
debug3: receive packet: type 60
debug1: Server accepts key: /home/mark/.ssh/id_rsa RSA SHA256:aUPgboo2qcZ7/3oRAQls/UxXvd8kP+xi/72G/L4HSlQ
debug3: sign_and_send_pubkey: RSA SHA256:aUPgboo2qcZ7/3oRAQls/UxXvd8kP+xi/72G/L4HSlQ
debug3: sign_and_send_pubkey: signing using rsa-sha2-256
debug3: send packet: type 50
debug3: receive packet: type 52
debug1: Enabling compression at level 6.
debug1: Authentication succeeded (publickey).
Authenticated to centos7 ([10.80.80.122]:22).
debug1: setting up multiplex master socket
debug3: muxserver_listen: temporary control path /home/mark/.ansible/cp/25a6c0e9bc.KFN645SYwAxuTs8L
debug2: fd 5 setting O_NONBLOCK
debug3: fd 5 is O_NONBLOCK
debug3: fd 5 is O_NONBLOCK
debug1: channel 0: new [/home/mark/.ansible/cp/25a6c0e9bc]
debug3: muxserver_listen: mux listener channel 0 fd 5
debug2: fd 4 setting TCP_NODELAY
debug3: ssh_packet_set_tos: set IP_TOS 0x20
debug1: control_persist_detach: backgrounding master process
debug2: control_persist_detach: background process is 11825
debug2: fd 5 setting O_NONBLOCK
debug1: forking to background
debug1: Entering interactive session.
debug1: pledge: id
debug2: set_control_persist_exit_time: schedule exit in 60 seconds
debug1: multiplexing control connection
debug2: fd 6 setting O_NONBLOCK
debug3: fd 6 is O_NONBLOCK
debug1: channel 1: new [mux-control]
debug3: channel_post_mux_listener: new mux channel 1 fd 6
debug3: mux_master_read_cb: channel 1: hello sent
debug2: set_control_persist_exit_time: cancel scheduled exit
debug3: mux_master_read_cb: channel 1 packet type 0x00000001 len 4
debug2: mux_master_process_hello: channel 1 slave version 4
debug2: mux_client_hello_exchange: master version 4
debug3: mux_client_forwards: request forwardings: 0 local, 0 remote
debug3: mux_client_request_session: entering
debug3: mux_client_request_alive: entering
debug3: mux_master_read_cb: channel 1 packet type 0x10000004 len 4
debug2: mux_master_process_alive_check: channel 1: alive check
debug3: mux_client_request_alive: done pid = 11827
debug3: mux_client_request_session: session request sent
debug3: mux_master_read_cb: channel 1 packet type 0x10000002 len 107
debug2: mux_master_process_new_session: channel 1: request tty 0, X 0, agent 0, subsys 0, term "xterm-256color", cmd "/bin/sh -c 'echo ~sudoall && sleep 0'", env 1
debug3: mux_master_process_new_session: got fds stdin 7, stdout 8, stderr 9
debug2: fd 8 setting O_NONBLOCK
debug2: fd 9 setting O_NONBLOCK
debug1: channel 2: new [client-session]
debug2: mux_master_process_new_session: channel_new: 2 linked to control channel 1
debug2: channel 2: send open
debug3: send packet: type 90
debug3: receive packet: type 80
debug1: client_input_global_request: rtype hostkeys-00@openssh.com want_reply 0
debug3: receive packet: type 91
debug2: channel_input_open_confirmation: channel 2: callback start
debug2: client_session2_setup: id 2
debug1: Sending environment.
debug1: Sending env LANG = en_US.UTF-8
debug2: channel 2: request env confirm 0
debug3: send packet: type 98
debug1: Sending command: /bin/sh -c 'echo ~sudoall && sleep 0'
debug2: channel 2: request exec confirm 1
debug3: send packet: type 98
debug3: mux_session_confirm: sending success reply
debug2: channel_input_open_confirmation: channel 2: callback done
debug2: channel 2: open confirm rwindow 0 rmax 32768
debug2: channel 2: rcvd adjust 2097152
debug3: receive packet: type 99
debug2: channel_input_status_confirm: type 99 id 2
debug2: exec request accepted on channel 2
debug3: receive packet: type 98
debug1: client_input_channel_req: channel 2 rtype exit-status reply 0
debug3: mux_exit_message: channel 2: exit message, exitval 0
debug3: receive packet: type 98
debug1: client_input_channel_req: channel 2 rtype eow@openssh.com reply 0
debug2: channel 2: rcvd eow
debug2: channel 2: chan_shutdown_read (i0 o0 sock -1 wfd 7 efd 9 [write])
debug2: channel 2: input open -> closed
debug3: receive packet: type 96
debug2: channel 2: rcvd eof
debug2: channel 2: output open -> drain
debug2: channel 2: obuf empty
debug2: channel 2: chan_shutdown_write (i3 o1 sock -1 wfd 8 efd 9 [write])
debug2: channel 2: output drain -> closed
debug3: receive packet: type 97
debug2: channel 2: rcvd close
debug3: channel 2: will not send data after close
debug2: channel 2: send close
debug3: send packet: type 97
debug2: channel 2: is dead
debug2: channel 2: gc: notify user
debug3: mux_master_session_cleanup_cb: entering for channel 2
debug2: channel 1: rcvd close
debug2: channel 1: output open -> drain
debug2: channel 1: chan_shutdown_read (i0 o1 sock 6 wfd 6 efd -1 [closed])
debug2: channel 1: input open -> closed
debug2: channel 2: gc: user detached
debug2: channel 2: is dead
debug2: channel 2: garbage collecting
debug1: channel 2: free: client-session, nchannels 3
debug3: channel 2: status: The following connections are open:
  #1 mux-control (t16 nr0 i3/0 o1/16 e[closed]/0 fd 6/6/-1 sock 6 cc -1)
  #2 client-session (t4 r0 i3/0 o3/0 e[write]/0 fd -1/-1/9 sock -1 cc -1)

debug2: channel 1: obuf empty
debug2: channel 1: chan_shutdown_write (i3 o1 sock 6 wfd 6 efd -1 [closed])
debug2: channel 1: output drain -> closed
debug2: channel 1: is dead (local)
debug2: channel 1: gc: notify user
debug3: mux_master_control_cleanup_cb: entering for channel 1
debug2: channel 1: gc: user detached
debug2: channel 1: is dead (local)
debug2: channel 1: garbage collecting
debug1: channel 1: free: mux-control, nchannels 2
debug3: channel 1: status: The following connections are open:
  #1 mux-control (t16 nr0 i3/0 o3/0 e[closed]/0 fd 6/6/-1 sock 6 cc -1)

debug2: set_control_persist_exit_time: schedule exit in 60 seconds
debug3: mux_client_read_packet: read header failed: Broken pipe
debug2: Received exit status from master 0

2020-03-03 12:25:59,835 p=11816 u=mark n=ansible |  11816 1583234759.83559: _low_level_execute_command(): starting
2020-03-03 12:25:59,835 p=11816 u=mark n=ansible |  11816 1583234759.83583: _low_level_execute_command(): executing: /bin/sh -c '( umask 77 && mkdir -p "` echo /home/sudoall/.ansible/tmp/ansible-tmp-1583234758.2094421-191384882685832 `" && echo ansible-tmp-1583234758.2094421-191384882685832="` echo /home/sudoall/.ansible/tmp/ansible-tmp-1583234758.2094421-191384882685832 `" ) && sleep 0'
2020-03-03 12:25:59,836 p=11816 u=mark n=ansible | <centos7> ESTABLISH SSH CONNECTION FOR USER: sudoall
2020-03-03 12:25:59,837 p=11816 u=mark n=ansible | <centos7> SSH: EXEC ssh -vvv -C -o ControlMaster=auto -o ControlPersist=60s -o StrictHostKeyChecking=no -o KbdInteractiveAuthentication=no -o PreferredAuthentications=gssapi-with-mic,gssapi-keyex,hostbased,publickey -o PasswordAuthentication=no -o 'User="sudoall"' -o ConnectTimeout=10 -o ControlPath=/home/mark/.ansible/cp/25a6c0e9bc centos7 '/bin/sh -c '"'"'( umask 77 && mkdir -p "` echo /home/sudoall/.ansible/tmp/ansible-tmp-1583234758.2094421-191384882685832 `" && echo ansible-tmp-1583234758.2094421-191384882685832="` echo /home/sudoall/.ansible/tmp/ansible-tmp-1583234758.2094421-191384882685832 `" ) && sleep 0'"'"''
2020-03-03 12:25:59,845 p=11816 u=mark n=ansible |  11816 1583234759.84571: stderr chunk (state=2):
>>>OpenSSH_8.0p1, OpenSSL 1.1.1c FIPS  28 May 2019
debug1: Reading configuration data /etc/ssh/ssh_config
debug3: /etc/ssh/ssh_config line 51: Including file /etc/ssh/ssh_config.d/05-redhat.conf depth 0
debug1: Reading configuration data /etc/ssh/ssh_config.d/05-redhat.conf
<<<

2020-03-03 12:25:59,846 p=11816 u=mark n=ansible |  11816 1583234759.84622: stderr chunk (state=3):
>>>debug2: checking match for 'final all' host centos7 originally centos7
debug3: /etc/ssh/ssh_config.d/05-redhat.conf line 3: not matched 'final'
debug2: match not found
debug3: /etc/ssh/ssh_config.d/05-redhat.conf line 5: Including file /etc/crypto-policies/back-ends/openssh.config depth 1 (parse only)
debug1: Reading configuration data /etc/crypto-policies/back-ends/openssh.config
debug3: gss kex names ok: [gss-gex-sha1-,gss-group14-sha1-]
debug3: kex names ok: [curve25519-sha256,curve25519-sha256@libssh.org,ecdh-sha2-nistp256,ecdh-sha2-nistp384,ecdh-sha2-nistp521,diffie-hellman-group-exchange-sha256,diffie-hellman-group14-sha256,diffie-hellman-group16-sha512,diffie-hellman-group18-sha512,diffie-hellman-group-exchange-sha1,diffie-hellman-group14-sha1]
debug1: configuration requests final Match pass
debug1: re-parsing configuration
debug1: Reading configuration data /etc/ssh/ssh_config
debug3: /etc/ssh/ssh_config line 51: Including file /etc/ssh/ssh_config.d/05-redhat.conf depth 0
debug1: Reading configuration data /etc/ssh/ssh_config.d/05-redhat.conf
debug2: checking match for 'final all' host centos7 originally centos7
debug3: /etc/ssh/ssh_config.d/05-redhat.conf line 3: matched 'final'
debug2: match found
debug3: /etc/ssh/ssh_config.d/05-redhat.conf line 5: Including file /etc/crypto-policies/back-ends/openssh.config depth 1
debug1: Reading configuration data /etc/crypto-policies/back-ends/openssh.config
debug3: gss kex names ok: [gss-gex-sha1-,gss-group14-sha1-]
debug3: kex names ok: [curve25519-sha256,curve25519-sha256@libssh.org,ecdh-sha2-nistp256,ecdh-sha2-nistp384,ecdh-sha2-nistp521,diffie-hellman-group-exchange-sha256,diffie-hellman-group14-sha256,diffie-hellman-group16-sha512,diffie-hellman-group18-sha512,diffie-hellman-group-exchange-sha1,diffie-hellman-group14-sha1]
debug1: auto-mux: Trying existing master
debug2: fd 4 setting O_NONBLOCK
<<<

2020-03-03 12:25:59,846 p=11816 u=mark n=ansible |  11816 1583234759.84649: stderr chunk (state=3):
>>>debug2: mux_client_hello_exchange: master version 4
debug3: mux_client_forwards: request forwardings: 0 local, 0 remote
debug3: mux_client_request_session: entering
debug3: mux_client_request_alive: entering
debug3: mux_client_request_alive: done pid = 11827
debug3: mux_client_request_session: session request sent
<<<

2020-03-03 12:25:59,874 p=11818 u=mark n=ansible |  11818 1583234759.87405: stdout chunk (state=3):
>>>ansible-tmp-1583234758.2360907-149338061446988=/home/sudoall/.ansible/tmp/ansible-tmp-1583234758.2360907-149338061446988
<<<

2020-03-03 12:25:59,875 p=11818 u=mark n=ansible |  11818 1583234759.87529: stderr chunk (state=3):
>>>debug3: mux_client_read_packet: read header failed: Broken pipe
debug2: Received exit status from master 0
<<<

2020-03-03 12:25:59,876 p=11818 u=mark n=ansible |  11818 1583234759.87601: stderr chunk (state=3):
>>><<<

2020-03-03 12:25:59,876 p=11818 u=mark n=ansible |  11818 1583234759.87649: stdout chunk (state=3):
>>><<<

2020-03-03 12:25:59,877 p=11818 u=mark n=ansible | <fedora31> (0, b'ansible-tmp-1583234758.2360907-149338061446988=/home/sudoall/.ansible/tmp/ansible-tmp-1583234758.2360907-149338061446988\n', b"OpenSSH_8.0p1, OpenSSL 1.1.1c FIPS  28 May 2019\r\ndebug1: Reading configuration data /etc/ssh/ssh_config\r\ndebug3: /etc/ssh/ssh_config line 51: Including file /etc/ssh/ssh_config.d/05-redhat.conf depth 0\r\ndebug1: Reading configuration data /etc/ssh/ssh_config.d/05-redhat.conf\r\ndebug2: checking match for 'final all' host fedora31 originally fedora31\r\ndebug3: /etc/ssh/ssh_config.d/05-redhat.conf line 3: not matched 'final'\r\ndebug2: match not found\r\ndebug3: /etc/ssh/ssh_config.d/05-redhat.conf line 5: Including file /etc/crypto-policies/back-ends/openssh.config depth 1 (parse only)\r\ndebug1: Reading configuration data /etc/crypto-policies/back-ends/openssh.config\r\ndebug3: gss kex names ok: [gss-gex-sha1-,gss-group14-sha1-]\r\ndebug3: kex names ok: [curve25519-sha256,curve25519-sha256@libssh.org,ecdh-sha2-nistp256,ecdh-sha2-nistp384,ecdh-sha2-nistp521,diffie-hellman-group-exchange-sha256,diffie-hellman-group14-sha256,diffie-hellman-group16-sha512,diffie-hellman-group18-sha512,diffie-hellman-group-exchange-sha1,diffie-hellman-group14-sha1]\r\ndebug1: configuration requests final Match pass\r\ndebug1: re-parsing configuration\r\ndebug1: Reading configuration data /etc/ssh/ssh_config\r\ndebug3: /etc/ssh/ssh_config line 51: Including file /etc/ssh/ssh_config.d/05-redhat.conf depth 0\r\ndebug1: Reading configuration data /etc/ssh/ssh_config.d/05-redhat.conf\r\ndebug2: checking match for 'final all' host fedora31 originally fedora31\r\ndebug3: /etc/ssh/ssh_config.d/05-redhat.conf line 3: matched 'final'\r\ndebug2: match found\r\ndebug3: /etc/ssh/ssh_config.d/05-redhat.conf line 5: Including file /etc/crypto-policies/back-ends/openssh.config depth 1\r\ndebug1: Reading configuration data /etc/crypto-policies/back-ends/openssh.config\r\ndebug3: gss kex names ok: [gss-gex-sha1-,gss-group14-sha1-]\r\ndebug3: kex names ok: [curve25519-sha256,curve25519-sha256@libssh.org,ecdh-sha2-nistp256,ecdh-sha2-nistp384,ecdh-sha2-nistp521,diffie-hellman-group-exchange-sha256,diffie-hellman-group14-sha256,diffie-hellman-group16-sha512,diffie-hellman-group18-sha512,diffie-hellman-group-exchange-sha1,diffie-hellman-group14-sha1]\r\ndebug1: auto-mux: Trying existing master\r\ndebug2: fd 4 setting O_NONBLOCK\r\ndebug2: mux_client_hello_exchange: master version 4\r\ndebug3: mux_client_forwards: request forwardings: 0 local, 0 remote\r\ndebug3: mux_client_request_session: entering\r\ndebug3: mux_client_request_alive: entering\r\ndebug3: mux_client_request_alive: done pid = 11833\r\ndebug3: mux_client_request_session: session request sent\r\ndebug3: mux_client_read_packet: read header failed: Broken pipe\r\ndebug2: Received exit status from master 0\r\n")
2020-03-03 12:25:59,877 p=11818 u=mark n=ansible |  11818 1583234759.87743: _low_level_execute_command() done: rc=0, stdout=ansible-tmp-1583234758.2360907-149338061446988=/home/sudoall/.ansible/tmp/ansible-tmp-1583234758.2360907-149338061446988
, stderr=OpenSSH_8.0p1, OpenSSL 1.1.1c FIPS  28 May 2019
debug1: Reading configuration data /etc/ssh/ssh_config
debug3: /etc/ssh/ssh_config line 51: Including file /etc/ssh/ssh_config.d/05-redhat.conf depth 0
debug1: Reading configuration data /etc/ssh/ssh_config.d/05-redhat.conf
debug2: checking match for 'final all' host fedora31 originally fedora31
debug3: /etc/ssh/ssh_config.d/05-redhat.conf line 3: not matched 'final'
debug2: match not found
debug3: /etc/ssh/ssh_config.d/05-redhat.conf line 5: Including file /etc/crypto-policies/back-ends/openssh.config depth 1 (parse only)
debug1: Reading configuration data /etc/crypto-policies/back-ends/openssh.config
debug3: gss kex names ok: [gss-gex-sha1-,gss-group14-sha1-]
debug3: kex names ok: [curve25519-sha256,curve25519-sha256@libssh.org,ecdh-sha2-nistp256,ecdh-sha2-nistp384,ecdh-sha2-nistp521,diffie-hellman-group-exchange-sha256,diffie-hellman-group14-sha256,diffie-hellman-group16-sha512,diffie-hellman-group18-sha512,diffie-hellman-group-exchange-sha1,diffie-hellman-group14-sha1]
debug1: configuration requests final Match pass
debug1: re-parsing configuration
debug1: Reading configuration data /etc/ssh/ssh_config
debug3: /etc/ssh/ssh_config line 51: Including file /etc/ssh/ssh_config.d/05-redhat.conf depth 0
debug1: Reading configuration data /etc/ssh/ssh_config.d/05-redhat.conf
debug2: checking match for 'final all' host fedora31 originally fedora31
debug3: /etc/ssh/ssh_config.d/05-redhat.conf line 3: matched 'final'
debug2: match found
debug3: /etc/ssh/ssh_config.d/05-redhat.conf line 5: Including file /etc/crypto-policies/back-ends/openssh.config depth 1
debug1: Reading configuration data /etc/crypto-policies/back-ends/openssh.config
debug3: gss kex names ok: [gss-gex-sha1-,gss-group14-sha1-]
debug3: kex names ok: [curve25519-sha256,curve25519-sha256@libssh.org,ecdh-sha2-nistp256,ecdh-sha2-nistp384,ecdh-sha2-nistp521,diffie-hellman-group-exchange-sha256,diffie-hellman-group14-sha256,diffie-hellman-group16-sha512,diffie-hellman-group18-sha512,diffie-hellman-group-exchange-sha1,diffie-hellman-group14-sha1]
debug1: auto-mux: Trying existing master
debug2: fd 4 setting O_NONBLOCK
debug2: mux_client_hello_exchange: master version 4
debug3: mux_client_forwards: request forwardings: 0 local, 0 remote
debug3: mux_client_request_session: entering
debug3: mux_client_request_alive: entering
debug3: mux_client_request_alive: done pid = 11833
debug3: mux_client_request_session: session request sent
debug3: mux_client_read_packet: read header failed: Broken pipe
debug2: Received exit status from master 0

2020-03-03 12:25:59,889 p=11816 u=mark n=ansible |  11816 1583234759.88945: stdout chunk (state=3):
>>>ansible-tmp-1583234758.2094421-191384882685832=/home/sudoall/.ansible/tmp/ansible-tmp-1583234758.2094421-191384882685832
<<<

2020-03-03 12:25:59,889 p=11816 u=mark n=ansible |  11816 1583234759.88976: stderr chunk (state=3):
>>>debug3: mux_client_read_packet: read header failed: Broken pipe
debug2: Received exit status from master 0
<<<

2020-03-03 12:25:59,890 p=11816 u=mark n=ansible |  11816 1583234759.89006: stdout chunk (state=3):
>>><<<

2020-03-03 12:25:59,890 p=11816 u=mark n=ansible |  11816 1583234759.89031: stderr chunk (state=3):
>>><<<

2020-03-03 12:25:59,890 p=11816 u=mark n=ansible | <centos7> (0, b'ansible-tmp-1583234758.2094421-191384882685832=/home/sudoall/.ansible/tmp/ansible-tmp-1583234758.2094421-191384882685832\n', b"OpenSSH_8.0p1, OpenSSL 1.1.1c FIPS  28 May 2019\r\ndebug1: Reading configuration data /etc/ssh/ssh_config\r\ndebug3: /etc/ssh/ssh_config line 51: Including file /etc/ssh/ssh_config.d/05-redhat.conf depth 0\r\ndebug1: Reading configuration data /etc/ssh/ssh_config.d/05-redhat.conf\r\ndebug2: checking match for 'final all' host centos7 originally centos7\r\ndebug3: /etc/ssh/ssh_config.d/05-redhat.conf line 3: not matched 'final'\r\ndebug2: match not found\r\ndebug3: /etc/ssh/ssh_config.d/05-redhat.conf line 5: Including file /etc/crypto-policies/back-ends/openssh.config depth 1 (parse only)\r\ndebug1: Reading configuration data /etc/crypto-policies/back-ends/openssh.config\r\ndebug3: gss kex names ok: [gss-gex-sha1-,gss-group14-sha1-]\r\ndebug3: kex names ok: [curve25519-sha256,curve25519-sha256@libssh.org,ecdh-sha2-nistp256,ecdh-sha2-nistp384,ecdh-sha2-nistp521,diffie-hellman-group-exchange-sha256,diffie-hellman-group14-sha256,diffie-hellman-group16-sha512,diffie-hellman-group18-sha512,diffie-hellman-group-exchange-sha1,diffie-hellman-group14-sha1]\r\ndebug1: configuration requests final Match pass\r\ndebug1: re-parsing configuration\r\ndebug1: Reading configuration data /etc/ssh/ssh_config\r\ndebug3: /etc/ssh/ssh_config line 51: Including file /etc/ssh/ssh_config.d/05-redhat.conf depth 0\r\ndebug1: Reading configuration data /etc/ssh/ssh_config.d/05-redhat.conf\r\ndebug2: checking match for 'final all' host centos7 originally centos7\r\ndebug3: /etc/ssh/ssh_config.d/05-redhat.conf line 3: matched 'final'\r\ndebug2: match found\r\ndebug3: /etc/ssh/ssh_config.d/05-redhat.conf line 5: Including file /etc/crypto-policies/back-ends/openssh.config depth 1\r\ndebug1: Reading configuration data /etc/crypto-policies/back-ends/openssh.config\r\ndebug3: gss kex names ok: [gss-gex-sha1-,gss-group14-sha1-]\r\ndebug3: kex names ok: [curve25519-sha256,curve25519-sha256@libssh.org,ecdh-sha2-nistp256,ecdh-sha2-nistp384,ecdh-sha2-nistp521,diffie-hellman-group-exchange-sha256,diffie-hellman-group14-sha256,diffie-hellman-group16-sha512,diffie-hellman-group18-sha512,diffie-hellman-group-exchange-sha1,diffie-hellman-group14-sha1]\r\ndebug1: auto-mux: Trying existing master\r\ndebug2: fd 4 setting O_NONBLOCK\r\ndebug2: mux_client_hello_exchange: master version 4\r\ndebug3: mux_client_forwards: request forwardings: 0 local, 0 remote\r\ndebug3: mux_client_request_session: entering\r\ndebug3: mux_client_request_alive: entering\r\ndebug3: mux_client_request_alive: done pid = 11827\r\ndebug3: mux_client_request_session: session request sent\r\ndebug3: mux_client_read_packet: read header failed: Broken pipe\r\ndebug2: Received exit status from master 0\r\n")
2020-03-03 12:25:59,890 p=11816 u=mark n=ansible |  11816 1583234759.89084: _low_level_execute_command() done: rc=0, stdout=ansible-tmp-1583234758.2094421-191384882685832=/home/sudoall/.ansible/tmp/ansible-tmp-1583234758.2094421-191384882685832
, stderr=OpenSSH_8.0p1, OpenSSL 1.1.1c FIPS  28 May 2019
debug1: Reading configuration data /etc/ssh/ssh_config
debug3: /etc/ssh/ssh_config line 51: Including file /etc/ssh/ssh_config.d/05-redhat.conf depth 0
debug1: Reading configuration data /etc/ssh/ssh_config.d/05-redhat.conf
debug2: checking match for 'final all' host centos7 originally centos7
debug3: /etc/ssh/ssh_config.d/05-redhat.conf line 3: not matched 'final'
debug2: match not found
debug3: /etc/ssh/ssh_config.d/05-redhat.conf line 5: Including file /etc/crypto-policies/back-ends/openssh.config depth 1 (parse only)
debug1: Reading configuration data /etc/crypto-policies/back-ends/openssh.config
debug3: gss kex names ok: [gss-gex-sha1-,gss-group14-sha1-]
debug3: kex names ok: [curve25519-sha256,curve25519-sha256@libssh.org,ecdh-sha2-nistp256,ecdh-sha2-nistp384,ecdh-sha2-nistp521,diffie-hellman-group-exchange-sha256,diffie-hellman-group14-sha256,diffie-hellman-group16-sha512,diffie-hellman-group18-sha512,diffie-hellman-group-exchange-sha1,diffie-hellman-group14-sha1]
debug1: configuration requests final Match pass
debug1: re-parsing configuration
debug1: Reading configuration data /etc/ssh/ssh_config
debug3: /etc/ssh/ssh_config line 51: Including file /etc/ssh/ssh_config.d/05-redhat.conf depth 0
debug1: Reading configuration data /etc/ssh/ssh_config.d/05-redhat.conf
debug2: checking match for 'final all' host centos7 originally centos7
debug3: /etc/ssh/ssh_config.d/05-redhat.conf line 3: matched 'final'
debug2: match found
debug3: /etc/ssh/ssh_config.d/05-redhat.conf line 5: Including file /etc/crypto-policies/back-ends/openssh.config depth 1
debug1: Reading configuration data /etc/crypto-policies/back-ends/openssh.config
debug3: gss kex names ok: [gss-gex-sha1-,gss-group14-sha1-]
debug3: kex names ok: [curve25519-sha256,curve25519-sha256@libssh.org,ecdh-sha2-nistp256,ecdh-sha2-nistp384,ecdh-sha2-nistp521,diffie-hellman-group-exchange-sha256,diffie-hellman-group14-sha256,diffie-hellman-group16-sha512,diffie-hellman-group18-sha512,diffie-hellman-group-exchange-sha1,diffie-hellman-group14-sha1]
debug1: auto-mux: Trying existing master
debug2: fd 4 setting O_NONBLOCK
debug2: mux_client_hello_exchange: master version 4
debug3: mux_client_forwards: request forwardings: 0 local, 0 remote
debug3: mux_client_request_session: entering
debug3: mux_client_request_alive: entering
debug3: mux_client_request_alive: done pid = 11827
debug3: mux_client_request_session: session request sent
debug3: mux_client_read_packet: read header failed: Broken pipe
debug2: Received exit status from master 0

2020-03-03 12:25:59,902 p=11817 u=mark n=ansible | <rhel8> (0, b'/home/sudoall\n', b'OpenSSH_8.0p1, OpenSSL 1.1.1c FIPS  28 May 2019\r\ndebug1: Reading configuration data /etc/ssh/ssh_config\r\ndebug3: /etc/ssh/ssh_config line 51: Including file /etc/ssh/ssh_config.d/05-redhat.conf depth 0\r\ndebug1: Reading configuration data /etc/ssh/ssh_config.d/05-redhat.conf\r\ndebug2: checking match for \'final all\' host rhel8 originally rhel8\r\ndebug3: /etc/ssh/ssh_config.d/05-redhat.conf line 3: not matched \'final\'\r\ndebug2: match not found\r\ndebug3: /etc/ssh/ssh_config.d/05-redhat.conf line 5: Including file /etc/crypto-policies/back-ends/openssh.config depth 1 (parse only)\r\ndebug1: Reading configuration data /etc/crypto-policies/back-ends/openssh.config\r\ndebug3: gss kex names ok: [gss-gex-sha1-,gss-group14-sha1-]\r\ndebug3: kex names ok: [curve25519-sha256,curve25519-sha256@libssh.org,ecdh-sha2-nistp256,ecdh-sha2-nistp384,ecdh-sha2-nistp521,diffie-hellman-group-exchange-sha256,diffie-hellman-group14-sha256,diffie-hellman-group16-sha512,diffie-hellman-group18-sha512,diffie-hellman-group-exchange-sha1,diffie-hellman-group14-sha1]\r\ndebug1: configuration requests final Match pass\r\ndebug1: re-parsing configuration\r\ndebug1: Reading configuration data /etc/ssh/ssh_config\r\ndebug3: /etc/ssh/ssh_config line 51: Including file /etc/ssh/ssh_config.d/05-redhat.conf depth 0\r\ndebug1: Reading configuration data /etc/ssh/ssh_config.d/05-redhat.conf\r\ndebug2: checking match for \'final all\' host rhel8 originally rhel8\r\ndebug3: /etc/ssh/ssh_config.d/05-redhat.conf line 3: matched \'final\'\r\ndebug2: match found\r\ndebug3: /etc/ssh/ssh_config.d/05-redhat.conf line 5: Including file /etc/crypto-policies/back-ends/openssh.config depth 1\r\ndebug1: Reading configuration data /etc/crypto-policies/back-ends/openssh.config\r\ndebug3: gss kex names ok: [gss-gex-sha1-,gss-group14-sha1-]\r\ndebug3: kex names ok: [curve25519-sha256,curve25519-sha256@libssh.org,ecdh-sha2-nistp256,ecdh-sha2-nistp384,ecdh-sha2-nistp521,diffie-hellman-group-exchange-sha256,diffie-hellman-group14-sha256,diffie-hellman-group16-sha512,diffie-hellman-group18-sha512,diffie-hellman-group-exchange-sha1,diffie-hellman-group14-sha1]\r\ndebug1: auto-mux: Trying existing master\r\ndebug1: Control socket "/home/mark/.ansible/cp/c773ad9e8a" does not exist\r\ndebug2: resolving "rhel8" port 22\r\ndebug2: ssh_connect_direct\r\ndebug1: Connecting to rhel8 [10.80.80.108] port 22.\r\ndebug2: fd 4 setting O_NONBLOCK\r\ndebug1: fd 4 clearing O_NONBLOCK\r\ndebug1: Connection established.\r\ndebug3: timeout: 9965 ms remain after connect\r\ndebug1: identity file /home/mark/.ssh/id_rsa type 0\r\ndebug1: identity file /home/mark/.ssh/id_rsa-cert type -1\r\ndebug1: identity file /home/mark/.ssh/id_dsa type -1\r\ndebug1: identity file /home/mark/.ssh/id_dsa-cert type -1\r\ndebug1: identity file /home/mark/.ssh/id_ecdsa type -1\r\ndebug1: identity file /home/mark/.ssh/id_ecdsa-cert type -1\r\ndebug1: identity file /home/mark/.ssh/id_ed25519 type -1\r\ndebug1: identity file /home/mark/.ssh/id_ed25519-cert type -1\r\ndebug1: identity file /home/mark/.ssh/id_xmss type -1\r\ndebug1: identity file /home/mark/.ssh/id_xmss-cert type -1\r\ndebug1: Local version string SSH-2.0-OpenSSH_8.0\r\ndebug1: Remote protocol version 2.0, remote software version OpenSSH_7.8\r\ndebug1: match: OpenSSH_7.8 pat OpenSSH* compat 0x04000000\r\ndebug2: fd 4 setting O_NONBLOCK\r\ndebug1: Authenticating to rhel8:22 as \'sudoall\'\r\ndebug3: hostkeys_foreach: reading file "/home/mark/.ssh/known_hosts"\r\ndebug3: record_hostkey: found key type ECDSA in file /home/mark/.ssh/known_hosts:12\r\ndebug3: load_hostkeys: loaded 1 keys from rhel8\r\ndebug3: order_hostkeyalgs: prefer hostkeyalgs: ecdsa-sha2-nistp256-cert-v01@openssh.com,ecdsa-sha2-nistp384-cert-v01@openssh.com,ecdsa-sha2-nistp521-cert-v01@openssh.com,ecdsa-sha2-nistp256,ecdsa-sha2-nistp384,ecdsa-sha2-nistp521\r\ndebug3: send packet: type 20\r\ndebug1: SSH2_MSG_KEXINIT sent\r\ndebug3: receive packet: type 20\r\ndebug1: SSH2_MSG_KEXINIT received\r\ndebug2: local client KEXINIT proposal\r\ndebug2: KEX algorithms: curve25519-sha256,curve25519-sha256@libssh.org,ecdh-sha2-nistp256,ecdh-sha2-nistp384,ecdh-sha2-nistp521,diffie-hellman-group-exchange-sha256,diffie-hellman-group14-sha256,diffie-hellman-group16-sha512,diffie-hellman-group18-sha512,diffie-hellman-group-exchange-sha1,diffie-hellman-group14-sha1,ext-info-c\r\ndebug2: host key algorithms: ecdsa-sha2-nistp256-cert-v01@openssh.com,ecdsa-sha2-nistp384-cert-v01@openssh.com,ecdsa-sha2-nistp521-cert-v01@openssh.com,ecdsa-sha2-nistp256,ecdsa-sha2-nistp384,ecdsa-sha2-nistp521,ssh-ed25519-cert-v01@openssh.com,rsa-sha2-512-cert-v01@openssh.com,rsa-sha2-256-cert-v01@openssh.com,ssh-rsa-cert-v01@openssh.com,ssh-ed25519,rsa-sha2-512,rsa-sha2-256,ssh-rsa\r\ndebug2: ciphers ctos: aes256-gcm@openssh.com,chacha20-poly1305@openssh.com,aes256-ctr,aes256-cbc,aes128-gcm@openssh.com,aes128-ctr,aes128-cbc\r\ndebug2: ciphers stoc: aes256-gcm@openssh.com,chacha20-poly1305@openssh.com,aes256-ctr,aes256-cbc,aes128-gcm@openssh.com,aes128-ctr,aes128-cbc\r\ndebug2: MACs ctos: hmac-sha2-256-etm@openssh.com,hmac-sha1-etm@openssh.com,umac-128-etm@openssh.com,hmac-sha2-512-etm@openssh.com,hmac-sha2-256,hmac-sha1,umac-128@openssh.com,hmac-sha2-512\r\ndebug2: MACs stoc: hmac-sha2-256-etm@openssh.com,hmac-sha1-etm@openssh.com,umac-128-etm@openssh.com,hmac-sha2-512-etm@openssh.com,hmac-sha2-256,hmac-sha1,umac-128@openssh.com,hmac-sha2-512\r\ndebug2: compression ctos: zlib@openssh.com,zlib,none\r\ndebug2: compression stoc: zlib@openssh.com,zlib,none\r\ndebug2: languages ctos: \r\ndebug2: languages stoc: \r\ndebug2: first_kex_follows 0 \r\ndebug2: reserved 0 \r\ndebug2: peer server KEXINIT proposal\r\ndebug2: KEX algorithms: curve25519-sha256@libssh.org,ecdh-sha2-nistp256,ecdh-sha2-nistp384,ecdh-sha2-nistp521,diffie-hellman-group-exchange-sha256,diffie-hellman-group14-sha256,diffie-hellman-group16-sha512,diffie-hellman-group18-sha512,diffie-hellman-group-exchange-sha1,diffie-hellman-group14-sha1\r\ndebug2: host key algorithms: rsa-sha2-512,rsa-sha2-256,ssh-rsa,ecdsa-sha2-nistp256,ssh-ed25519\r\ndebug2: ciphers ctos: aes256-gcm@openssh.com,chacha20-poly1305@openssh.com,aes256-ctr,aes256-cbc,aes128-gcm@openssh.com,aes128-ctr,aes128-cbc\r\ndebug2: ciphers stoc: aes256-gcm@openssh.com,chacha20-poly1305@openssh.com,aes256-ctr,aes256-cbc,aes128-gcm@openssh.com,aes128-ctr,aes128-cbc\r\ndebug2: MACs ctos: hmac-sha2-256-etm@openssh.com,hmac-sha1-etm@openssh.com,umac-128-etm@openssh.com,hmac-sha2-512-etm@openssh.com,hmac-sha2-256,hmac-sha1,umac-128@openssh.com,hmac-sha2-512\r\ndebug2: MACs stoc: hmac-sha2-256-etm@openssh.com,hmac-sha1-etm@openssh.com,umac-128-etm@openssh.com,hmac-sha2-512-etm@openssh.com,hmac-sha2-256,hmac-sha1,umac-128@openssh.com,hmac-sha2-512\r\ndebug2: compression ctos: none,zlib@openssh.com\r\ndebug2: compression stoc: none,zlib@openssh.com\r\ndebug2: languages ctos: \r\ndebug2: languages stoc: \r\ndebug2: first_kex_follows 0 \r\ndebug2: reserved 0 \r\ndebug1: kex: algorithm: curve25519-sha256@libssh.org\r\ndebug1: kex: host key algorithm: ecdsa-sha2-nistp256\r\ndebug1: kex: server->client cipher: aes256-gcm@openssh.com MAC: <implicit> compression: zlib@openssh.com\r\ndebug1: kex: client->server cipher: aes256-gcm@openssh.com MAC: <implicit> compression: zlib@openssh.com\r\ndebug1: kex: curve25519-sha256@libssh.org need=32 dh_need=32\r\ndebug1: kex: curve25519-sha256@libssh.org need=32 dh_need=32\r\ndebug3: send packet: type 30\r\ndebug1: expecting SSH2_MSG_KEX_ECDH_REPLY\r\ndebug3: receive packet: type 31\r\ndebug1: Server host key: ecdsa-sha2-nistp256 SHA256:jl+7xw8W0bx2o0t/I2ZmlXjNCbw46k5+lg3qOLrdgM0\r\ndebug3: hostkeys_foreach: reading file "/home/mark/.ssh/known_hosts"\r\ndebug3: record_hostkey: found key type ECDSA in file /home/mark/.ssh/known_hosts:12\r\ndebug3: load_hostkeys: loaded 1 keys from rhel8\r\ndebug3: hostkeys_foreach: reading file "/home/mark/.ssh/known_hosts"\r\ndebug3: record_hostkey: found key type ECDSA in file /home/mark/.ssh/known_hosts:4\r\ndebug3: load_hostkeys: loaded 1 keys from 10.80.80.108\r\ndebug1: Host \'rhel8\' is known and matches the ECDSA host key.\r\ndebug1: Found key in /home/mark/.ssh/known_hosts:12\r\ndebug3: send packet: type 21\r\ndebug2: set_newkeys: mode 1\r\ndebug1: rekey out after 4294967296 blocks\r\ndebug1: SSH2_MSG_NEWKEYS sent\r\ndebug1: expecting SSH2_MSG_NEWKEYS\r\ndebug3: receive packet: type 21\r\ndebug1: SSH2_MSG_NEWKEYS received\r\ndebug2: set_newkeys: mode 0\r\ndebug1: rekey in after 4294967296 blocks\r\ndebug1: Will attempt key: /home/mark/.ssh/id_rsa RSA SHA256:aUPgboo2qcZ7/3oRAQls/UxXvd8kP+xi/72G/L4HSlQ\r\ndebug1: Will attempt key: /home/mark/.ssh/id_dsa \r\ndebug1: Will attempt key: /home/mark/.ssh/id_ecdsa \r\ndebug1: Will attempt key: /home/mark/.ssh/id_ed25519 \r\ndebug1: Will attempt key: /home/mark/.ssh/id_xmss \r\ndebug2: pubkey_prepare: done\r\ndebug3: send packet: type 5\r\ndebug3: receive packet: type 7\r\ndebug1: SSH2_MSG_EXT_INFO received\r\ndebug1: kex_input_ext_info: server-sig-algs=<ssh-ed25519,ssh-rsa,rsa-sha2-256,rsa-sha2-512,ssh-dss,ecdsa-sha2-nistp256,ecdsa-sha2-nistp384,ecdsa-sha2-nistp521,null>\r\ndebug3: receive packet: type 6\r\ndebug2: service_accept: ssh-userauth\r\ndebug1: SSH2_MSG_SERVICE_ACCEPT received\r\ndebug3: send packet: type 50\r\ndebug3: receive packet: type 51\r\ndebug1: Authentications that can continue: publickey,gssapi-keyex,gssapi-with-mic,password\r\ndebug3: start over, passed a different list publickey,gssapi-keyex,gssapi-with-mic,password\r\ndebug3: preferred gssapi-with-mic,gssapi-keyex,hostbased,publickey\r\ndebug3: authmethod_lookup gssapi-with-mic\r\ndebug3: remaining preferred: gssapi-keyex,hostbased,publickey\r\ndebug3: authmethod_is_enabled gssapi-with-mic\r\ndebug1: Next authentication method: gssapi-with-mic\r\ndebug1: Unspecified GSS failure.  Minor code may provide more information\nNo Kerberos credentials available (default cache: KCM:)\n\n\r\ndebug1: Unspecified GSS failure.  Minor code may provide more information\nNo Kerberos credentials available (default cache: KCM:)\n\n\r\ndebug2: we did not send a packet, disable method\r\ndebug3: authmethod_lookup gssapi-keyex\r\ndebug3: remaining preferred: hostbased,publickey\r\ndebug3: authmethod_lookup publickey\r\ndebug3: remaining preferred: ,publickey\r\ndebug3: authmethod_is_enabled publickey\r\ndebug1: Next authentication method: publickey\r\ndebug1: Offering public key: /home/mark/.ssh/id_rsa RSA SHA256:aUPgboo2qcZ7/3oRAQls/UxXvd8kP+xi/72G/L4HSlQ\r\ndebug3: send packet: type 50\r\ndebug2: we sent a publickey packet, wait for reply\r\ndebug3: receive packet: type 60\r\ndebug1: Server accepts key: /home/mark/.ssh/id_rsa RSA SHA256:aUPgboo2qcZ7/3oRAQls/UxXvd8kP+xi/72G/L4HSlQ\r\ndebug3: sign_and_send_pubkey: RSA SHA256:aUPgboo2qcZ7/3oRAQls/UxXvd8kP+xi/72G/L4HSlQ\r\ndebug3: sign_and_send_pubkey: signing using rsa-sha2-256\r\ndebug3: send packet: type 50\r\ndebug3: receive packet: type 52\r\ndebug1: Enabling compression at level 6.\r\ndebug1: Authentication succeeded (publickey).\r\nAuthenticated to rhel8 ([10.80.80.108]:22).\r\ndebug1: setting up multiplex master socket\r\ndebug3: muxserver_listen: temporary control path /home/mark/.ansible/cp/c773ad9e8a.KBQzsIaNhWhb2ff1\r\ndebug2: fd 5 setting O_NONBLOCK\r\ndebug3: fd 5 is O_NONBLOCK\r\ndebug3: fd 5 is O_NONBLOCK\r\ndebug1: channel 0: new [/home/mark/.ansible/cp/c773ad9e8a]\r\ndebug3: muxserver_listen: mux listener channel 0 fd 5\r\ndebug2: fd 4 setting TCP_NODELAY\r\ndebug3: ssh_packet_set_tos: set IP_TOS 0x20\r\ndebug1: control_persist_detach: backgrounding master process\r\ndebug2: control_persist_detach: background process is 11837\r\ndebug2: fd 5 setting O_NONBLOCK\r\ndebug1: forking to background\r\ndebug1: Entering interactive session.\r\ndebug1: pledge: id\r\ndebug2: set_control_persist_exit_time: schedule exit in 60 seconds\r\ndebug1: multiplexing control connection\r\ndebug2: fd 6 setting O_NONBLOCK\r\ndebug3: fd 6 is O_NONBLOCK\r\ndebug1: channel 1: new [mux-control]\r\ndebug3: channel_post_mux_listener: new mux channel 1 fd 6\r\ndebug3: mux_master_read_cb: channel 1: hello sent\r\ndebug2: set_control_persist_exit_time: cancel scheduled exit\r\ndebug3: mux_master_read_cb: channel 1 packet type 0x00000001 len 4\r\ndebug2: mux_master_process_hello: channel 1 slave version 4\r\ndebug2: mux_client_hello_exchange: master version 4\r\ndebug3: mux_client_forwards: request forwardings: 0 local, 0 remote\r\ndebug3: mux_client_request_session: entering\r\ndebug3: mux_client_request_alive: entering\r\ndebug3: mux_master_read_cb: channel 1 packet type 0x10000004 len 4\r\ndebug2: mux_master_process_alive_check: channel 1: alive check\r\ndebug3: mux_client_request_alive: done pid = 11839\r\ndebug3: mux_client_request_session: session request sent\r\ndebug3: mux_master_read_cb: channel 1 packet type 0x10000002 len 107\r\ndebug2: mux_master_process_new_session: channel 1: request tty 0, X 0, agent 0, subsys 0, term "xterm-256color", cmd "/bin/sh -c \'echo ~sudoall && sleep 0\'", env 1\r\ndebug3: mux_master_process_new_session: got fds stdin 7, stdout 8, stderr 9\r\ndebug2: fd 8 setting O_NONBLOCK\r\ndebug2: fd 9 setting O_NONBLOCK\r\ndebug1: channel 2: new [client-session]\r\ndebug2: mux_master_process_new_session: channel_new: 2 linked to control channel 1\r\ndebug2: channel 2: send open\r\ndebug3: send packet: type 90\r\ndebug3: receive packet: type 80\r\ndebug1: client_input_global_request: rtype hostkeys-00@openssh.com want_reply 0\r\ndebug3: receive packet: type 4\r\ndebug1: Remote: /home/sudoall/.ssh/authorized_keys:1: key options: agent-forwarding port-forwarding pty user-rc x11-forwarding\r\ndebug3: receive packet: type 4\r\ndebug1: Remote: /home/sudoall/.ssh/authorized_keys:1: key options: agent-forwarding port-forwarding pty user-rc x11-forwarding\r\ndebug3: receive packet: type 91\r\ndebug2: channel_input_open_confirmation: channel 2: callback start\r\ndebug2: client_session2_setup: id 2\r\ndebug1: Sending environment.\r\ndebug1: Sending env LANG = en_US.UTF-8\r\ndebug2: channel 2: request env confirm 0\r\ndebug3: send packet: type 98\r\ndebug1: Sending command: /bin/sh -c \'echo ~sudoall && sleep 0\'\r\ndebug2: channel 2: request exec confirm 1\r\ndebug3: send packet: type 98\r\ndebug3: mux_session_confirm: sending success reply\r\ndebug2: channel_input_open_confirmation: channel 2: callback done\r\ndebug2: channel 2: open confirm rwindow 0 rmax 32768\r\ndebug2: channel 2: rcvd adjust 2097152\r\ndebug3: receive packet: type 99\r\ndebug2: channel_input_status_confirm: type 99 id 2\r\ndebug2: exec request accepted on channel 2\r\ndebug3: receive packet: type 98\r\ndebug1: client_input_channel_req: channel 2 rtype exit-status reply 0\r\ndebug3: mux_exit_message: channel 2: exit message, exitval 0\r\ndebug3: receive packet: type 98\r\ndebug1: client_input_channel_req: channel 2 rtype eow@openssh.com reply 0\r\ndebug2: channel 2: rcvd eow\r\ndebug2: channel 2: chan_shutdown_read (i0 o0 sock -1 wfd 7 efd 9 [write])\r\ndebug2: channel 2: input open -> closed\r\ndebug3: receive packet: type 96\r\ndebug2: channel 2: rcvd eof\r\ndebug2: channel 2: output open -> drain\r\ndebug3: receive packet: type 97\r\ndebug2: channel 2: rcvd close\r\ndebug3: channel 2: will not send data after close\r\ndebug3: channel 2: will not send data after close\r\ndebug2: channel 2: obuf empty\r\ndebug2: channel 2: chan_shutdown_write (i3 o1 sock -1 wfd 8 efd 9 [write])\r\ndebug2: channel 2: output drain -> closed\r\ndebug2: channel 2: send close\r\ndebug3: send packet: type 97\r\ndebug2: channel 2: is dead\r\ndebug2: channel 2: gc: notify user\r\ndebug3: mux_master_session_cleanup_cb: entering for channel 2\r\ndebug2: channel 1: rcvd close\r\ndebug2: channel 1: output open -> drain\r\ndebug2: channel 1: chan_shutdown_read (i0 o1 sock 6 wfd 6 efd -1 [closed])\r\ndebug2: channel 1: input open -> closed\r\ndebug2: channel 2: gc: user detached\r\ndebug2: channel 2: is dead\r\ndebug2: channel 2: garbage collecting\r\ndebug1: channel 2: free: client-session, nchannels 3\r\ndebug3: channel 2: status: The following connections are open:\r\n  #1 mux-control (t16 nr0 i3/0 o1/0 e[closed]/0 fd 6/6/-1 sock 6 cc -1)\r\n  #2 client-session (t4 r0 i3/0 o3/0 e[write]/0 fd -1/-1/9 sock -1 cc -1)\r\n\r\ndebug2: channel 1: obuf empty\r\ndebug2: channel 1: chan_shutdown_write (i3 o1 sock 6 wfd 6 efd -1 [closed])\r\ndebug2: channel 1: output drain -> closed\r\ndebug2: channel 1: is dead (local)\r\ndebug2: channel 1: gc: notify user\r\ndebug3: mux_master_control_cleanup_cb: entering for channel 1\r\ndebug2: channel 1: gc: user detached\r\ndebug2: channel 1: is dead (local)\r\ndebug2: channel 1: garbage collecting\r\ndebug1: channel 1: free: mux-control, nchannels 2\r\ndebug3: channel 1: status: The following connections are open:\r\n  #1 mux-control (t16 nr0 i3/0 o3/0 e[closed]/0 fd 6/6/-1 sock 6 cc -1)\r\n\r\ndebug2: set_control_persist_exit_time: schedule exit in 60 seconds\r\ndebug3: mux_client_read_packet: read header failed: Broken pipe\r\ndebug2: Received exit status from master 0\r\n')
2020-03-03 12:25:59,914 p=11817 u=mark n=ansible |  11817 1583234759.90293: _low_level_execute_command() done: rc=0, stdout=/home/sudoall
, stderr=OpenSSH_8.0p1, OpenSSL 1.1.1c FIPS  28 May 2019
debug1: Reading configuration data /etc/ssh/ssh_config
debug3: /etc/ssh/ssh_config line 51: Including file /etc/ssh/ssh_config.d/05-redhat.conf depth 0
debug1: Reading configuration data /etc/ssh/ssh_config.d/05-redhat.conf
debug2: checking match for 'final all' host rhel8 originally rhel8
debug3: /etc/ssh/ssh_config.d/05-redhat.conf line 3: not matched 'final'
debug2: match not found
debug3: /etc/ssh/ssh_config.d/05-redhat.conf line 5: Including file /etc/crypto-policies/back-ends/openssh.config depth 1 (parse only)
debug1: Reading configuration data /etc/crypto-policies/back-ends/openssh.config
debug3: gss kex names ok: [gss-gex-sha1-,gss-group14-sha1-]
debug3: kex names ok: [curve25519-sha256,curve25519-sha256@libssh.org,ecdh-sha2-nistp256,ecdh-sha2-nistp384,ecdh-sha2-nistp521,diffie-hellman-group-exchange-sha256,diffie-hellman-group14-sha256,diffie-hellman-group16-sha512,diffie-hellman-group18-sha512,diffie-hellman-group-exchange-sha1,diffie-hellman-group14-sha1]
debug1: configuration requests final Match pass
debug1: re-parsing configuration
debug1: Reading configuration data /etc/ssh/ssh_config
debug3: /etc/ssh/ssh_config line 51: Including file /etc/ssh/ssh_config.d/05-redhat.conf depth 0
debug1: Reading configuration data /etc/ssh/ssh_config.d/05-redhat.conf
debug2: checking match for 'final all' host rhel8 originally rhel8
debug3: /etc/ssh/ssh_config.d/05-redhat.conf line 3: matched 'final'
debug2: match found
debug3: /etc/ssh/ssh_config.d/05-redhat.conf line 5: Including file /etc/crypto-policies/back-ends/openssh.config depth 1
debug1: Reading configuration data /etc/crypto-policies/back-ends/openssh.config
debug3: gss kex names ok: [gss-gex-sha1-,gss-group14-sha1-]
debug3: kex names ok: [curve25519-sha256,curve25519-sha256@libssh.org,ecdh-sha2-nistp256,ecdh-sha2-nistp384,ecdh-sha2-nistp521,diffie-hellman-group-exchange-sha256,diffie-hellman-group14-sha256,diffie-hellman-group16-sha512,diffie-hellman-group18-sha512,diffie-hellman-group-exchange-sha1,diffie-hellman-group14-sha1]
debug1: auto-mux: Trying existing master
debug1: Control socket "/home/mark/.ansible/cp/c773ad9e8a" does not exist
debug2: resolving "rhel8" port 22
debug2: ssh_connect_direct
debug1: Connecting to rhel8 [10.80.80.108] port 22.
debug2: fd 4 setting O_NONBLOCK
debug1: fd 4 clearing O_NONBLOCK
debug1: Connection established.
debug3: timeout: 9965 ms remain after connect
debug1: identity file /home/mark/.ssh/id_rsa type 0
debug1: identity file /home/mark/.ssh/id_rsa-cert type -1
debug1: identity file /home/mark/.ssh/id_dsa type -1
debug1: identity file /home/mark/.ssh/id_dsa-cert type -1
debug1: identity file /home/mark/.ssh/id_ecdsa type -1
debug1: identity file /home/mark/.ssh/id_ecdsa-cert type -1
debug1: identity file /home/mark/.ssh/id_ed25519 type -1
debug1: identity file /home/mark/.ssh/id_ed25519-cert type -1
debug1: identity file /home/mark/.ssh/id_xmss type -1
debug1: identity file /home/mark/.ssh/id_xmss-cert type -1
debug1: Local version string SSH-2.0-OpenSSH_8.0
debug1: Remote protocol version 2.0, remote software version OpenSSH_7.8
debug1: match: OpenSSH_7.8 pat OpenSSH* compat 0x04000000
debug2: fd 4 setting O_NONBLOCK
debug1: Authenticating to rhel8:22 as 'sudoall'
debug3: hostkeys_foreach: reading file "/home/mark/.ssh/known_hosts"
debug3: record_hostkey: found key type ECDSA in file /home/mark/.ssh/known_hosts:12
debug3: load_hostkeys: loaded 1 keys from rhel8
debug3: order_hostkeyalgs: prefer hostkeyalgs: ecdsa-sha2-nistp256-cert-v01@openssh.com,ecdsa-sha2-nistp384-cert-v01@openssh.com,ecdsa-sha2-nistp521-cert-v01@openssh.com,ecdsa-sha2-nistp256,ecdsa-sha2-nistp384,ecdsa-sha2-nistp521
debug3: send packet: type 20
debug1: SSH2_MSG_KEXINIT sent
debug3: receive packet: type 20
debug1: SSH2_MSG_KEXINIT received
debug2: local client KEXINIT proposal
debug2: KEX algorithms: curve25519-sha256,curve25519-sha256@libssh.org,ecdh-sha2-nistp256,ecdh-sha2-nistp384,ecdh-sha2-nistp521,diffie-hellman-group-exchange-sha256,diffie-hellman-group14-sha256,diffie-hellman-group16-sha512,diffie-hellman-group18-sha512,diffie-hellman-group-exchange-sha1,diffie-hellman-group14-sha1,ext-info-c
debug2: host key algorithms: ecdsa-sha2-nistp256-cert-v01@openssh.com,ecdsa-sha2-nistp384-cert-v01@openssh.com,ecdsa-sha2-nistp521-cert-v01@openssh.com,ecdsa-sha2-nistp256,ecdsa-sha2-nistp384,ecdsa-sha2-nistp521,ssh-ed25519-cert-v01@openssh.com,rsa-sha2-512-cert-v01@openssh.com,rsa-sha2-256-cert-v01@openssh.com,ssh-rsa-cert-v01@openssh.com,ssh-ed25519,rsa-sha2-512,rsa-sha2-256,ssh-rsa
debug2: ciphers ctos: aes256-gcm@openssh.com,chacha20-poly1305@openssh.com,aes256-ctr,aes256-cbc,aes128-gcm@openssh.com,aes128-ctr,aes128-cbc
debug2: ciphers stoc: aes256-gcm@openssh.com,chacha20-poly1305@openssh.com,aes256-ctr,aes256-cbc,aes128-gcm@openssh.com,aes128-ctr,aes128-cbc
debug2: MACs ctos: hmac-sha2-256-etm@openssh.com,hmac-sha1-etm@openssh.com,umac-128-etm@openssh.com,hmac-sha2-512-etm@openssh.com,hmac-sha2-256,hmac-sha1,umac-128@openssh.com,hmac-sha2-512
debug2: MACs stoc: hmac-sha2-256-etm@openssh.com,hmac-sha1-etm@openssh.com,umac-128-etm@openssh.com,hmac-sha2-512-etm@openssh.com,hmac-sha2-256,hmac-sha1,umac-128@openssh.com,hmac-sha2-512
debug2: compression ctos: zlib@openssh.com,zlib,none
debug2: compression stoc: zlib@openssh.com,zlib,none
debug2: languages ctos: 
debug2: languages stoc: 
debug2: first_kex_follows 0 
debug2: reserved 0 
debug2: peer server KEXINIT proposal
debug2: KEX algorithms: curve25519-sha256@libssh.org,ecdh-sha2-nistp256,ecdh-sha2-nistp384,ecdh-sha2-nistp521,diffie-hellman-group-exchange-sha256,diffie-hellman-group14-sha256,diffie-hellman-group16-sha512,diffie-hellman-group18-sha512,diffie-hellman-group-exchange-sha1,diffie-hellman-group14-sha1
debug2: host key algorithms: rsa-sha2-512,rsa-sha2-256,ssh-rsa,ecdsa-sha2-nistp256,ssh-ed25519
debug2: ciphers ctos: aes256-gcm@openssh.com,chacha20-poly1305@openssh.com,aes256-ctr,aes256-cbc,aes128-gcm@openssh.com,aes128-ctr,aes128-cbc
debug2: ciphers stoc: aes256-gcm@openssh.com,chacha20-poly1305@openssh.com,aes256-ctr,aes256-cbc,aes128-gcm@openssh.com,aes128-ctr,aes128-cbc
debug2: MACs ctos: hmac-sha2-256-etm@openssh.com,hmac-sha1-etm@openssh.com,umac-128-etm@openssh.com,hmac-sha2-512-etm@openssh.com,hmac-sha2-256,hmac-sha1,umac-128@openssh.com,hmac-sha2-512
debug2: MACs stoc: hmac-sha2-256-etm@openssh.com,hmac-sha1-etm@openssh.com,umac-128-etm@openssh.com,hmac-sha2-512-etm@openssh.com,hmac-sha2-256,hmac-sha1,umac-128@openssh.com,hmac-sha2-512
debug2: compression ctos: none,zlib@openssh.com
debug2: compression stoc: none,zlib@openssh.com
debug2: languages ctos: 
debug2: languages stoc: 
debug2: first_kex_follows 0 
debug2: reserved 0 
debug1: kex: algorithm: curve25519-sha256@libssh.org
debug1: kex: host key algorithm: ecdsa-sha2-nistp256
debug1: kex: server->client cipher: aes256-gcm@openssh.com MAC: <implicit> compression: zlib@openssh.com
debug1: kex: client->server cipher: aes256-gcm@openssh.com MAC: <implicit> compression: zlib@openssh.com
debug1: kex: curve25519-sha256@libssh.org need=32 dh_need=32
debug1: kex: curve25519-sha256@libssh.org need=32 dh_need=32
debug3: send packet: type 30
debug1: expecting SSH2_MSG_KEX_ECDH_REPLY
debug3: receive packet: type 31
debug1: Server host key: ecdsa-sha2-nistp256 SHA256:jl+7xw8W0bx2o0t/I2ZmlXjNCbw46k5+lg3qOLrdgM0
debug3: hostkeys_foreach: reading file "/home/mark/.ssh/known_hosts"
debug3: record_hostkey: found key type ECDSA in file /home/mark/.ssh/known_hosts:12
debug3: load_hostkeys: loaded 1 keys from rhel8
debug3: hostkeys_foreach: reading file "/home/mark/.ssh/known_hosts"
debug3: record_hostkey: found key type ECDSA in file /home/mark/.ssh/known_hosts:4
debug3: load_hostkeys: loaded 1 keys from 10.80.80.108
debug1: Host 'rhel8' is known and matches the ECDSA host key.
debug1: Found key in /home/mark/.ssh/known_hosts:12
debug3: send packet: type 21
debug2: set_newkeys: mode 1
debug1: rekey out after 4294967296 blocks
debug1: SSH2_MSG_NEWKEYS sent
debug1: expecting SSH2_MSG_NEWKEYS
debug3: receive packet: type 21
debug1: SSH2_MSG_NEWKEYS received
debug2: set_newkeys: mode 0
debug1: rekey in after 4294967296 blocks
debug1: Will attempt key: /home/mark/.ssh/id_rsa RSA SHA256:aUPgboo2qcZ7/3oRAQls/UxXvd8kP+xi/72G/L4HSlQ
debug1: Will attempt key: /home/mark/.ssh/id_dsa 
debug1: Will attempt key: /home/mark/.ssh/id_ecdsa 
debug1: Will attempt key: /home/mark/.ssh/id_ed25519 
debug1: Will attempt key: /home/mark/.ssh/id_xmss 
debug2: pubkey_prepare: done
debug3: send packet: type 5
debug3: receive packet: type 7
debug1: SSH2_MSG_EXT_INFO received
debug1: kex_input_ext_info: server-sig-algs=<ssh-ed25519,ssh-rsa,rsa-sha2-256,rsa-sha2-512,ssh-dss,ecdsa-sha2-nistp256,ecdsa-sha2-nistp384,ecdsa-sha2-nistp521,null>
debug3: receive packet: type 6
debug2: service_accept: ssh-userauth
debug1: SSH2_MSG_SERVICE_ACCEPT received
debug3: send packet: type 50
debug3: receive packet: type 51
debug1: Authentications that can continue: publickey,gssapi-keyex,gssapi-with-mic,password
debug3: start over, passed a different list publickey,gssapi-keyex,gssapi-with-mic,password
debug3: preferred gssapi-with-mic,gssapi-keyex,hostbased,publickey
debug3: authmethod_lookup gssapi-with-mic
debug3: remaining preferred: gssapi-keyex,hostbased,publickey
debug3: authmethod_is_enabled gssapi-with-mic
debug1: Next authentication method: gssapi-with-mic
debug1: Unspecified GSS failure.  Minor code may provide more information
No Kerberos credentials available (default cache: KCM:)


debug1: Unspecified GSS failure.  Minor code may provide more information
No Kerberos credentials available (default cache: KCM:)


debug2: we did not send a packet, disable method
debug3: authmethod_lookup gssapi-keyex
debug3: remaining preferred: hostbased,publickey
debug3: authmethod_lookup publickey
debug3: remaining preferred: ,publickey
debug3: authmethod_is_enabled publickey
debug1: Next authentication method: publickey
debug1: Offering public key: /home/mark/.ssh/id_rsa RSA SHA256:aUPgboo2qcZ7/3oRAQls/UxXvd8kP+xi/72G/L4HSlQ
debug3: send packet: type 50
debug2: we sent a publickey packet, wait for reply
debug3: receive packet: type 60
debug1: Server accepts key: /home/mark/.ssh/id_rsa RSA SHA256:aUPgboo2qcZ7/3oRAQls/UxXvd8kP+xi/72G/L4HSlQ
debug3: sign_and_send_pubkey: RSA SHA256:aUPgboo2qcZ7/3oRAQls/UxXvd8kP+xi/72G/L4HSlQ
debug3: sign_and_send_pubkey: signing using rsa-sha2-256
debug3: send packet: type 50
debug3: receive packet: type 52
debug1: Enabling compression at level 6.
debug1: Authentication succeeded (publickey).
Authenticated to rhel8 ([10.80.80.108]:22).
debug1: setting up multiplex master socket
debug3: muxserver_listen: temporary control path /home/mark/.ansible/cp/c773ad9e8a.KBQzsIaNhWhb2ff1
debug2: fd 5 setting O_NONBLOCK
debug3: fd 5 is O_NONBLOCK
debug3: fd 5 is O_NONBLOCK
debug1: channel 0: new [/home/mark/.ansible/cp/c773ad9e8a]
debug3: muxserver_listen: mux listener channel 0 fd 5
debug2: fd 4 setting TCP_NODELAY
debug3: ssh_packet_set_tos: set IP_TOS 0x20
debug1: control_persist_detach: backgrounding master process
debug2: control_persist_detach: background process is 11837
debug2: fd 5 setting O_NONBLOCK
debug1: forking to background
debug1: Entering interactive session.
debug1: pledge: id
debug2: set_control_persist_exit_time: schedule exit in 60 seconds
debug1: multiplexing control connection
debug2: fd 6 setting O_NONBLOCK
debug3: fd 6 is O_NONBLOCK
debug1: channel 1: new [mux-control]
debug3: channel_post_mux_listener: new mux channel 1 fd 6
debug3: mux_master_read_cb: channel 1: hello sent
debug2: set_control_persist_exit_time: cancel scheduled exit
debug3: mux_master_read_cb: channel 1 packet type 0x00000001 len 4
debug2: mux_master_process_hello: channel 1 slave version 4
debug2: mux_client_hello_exchange: master version 4
debug3: mux_client_forwards: request forwardings: 0 local, 0 remote
debug3: mux_client_request_session: entering
debug3: mux_client_request_alive: entering
debug3: mux_master_read_cb: channel 1 packet type 0x10000004 len 4
debug2: mux_master_process_alive_check: channel 1: alive check
debug3: mux_client_request_alive: done pid = 11839
debug3: mux_client_request_session: session request sent
debug3: mux_master_read_cb: channel 1 packet type 0x10000002 len 107
debug2: mux_master_process_new_session: channel 1: request tty 0, X 0, agent 0, subsys 0, term "xterm-256color", cmd "/bin/sh -c 'echo ~sudoall && sleep 0'", env 1
debug3: mux_master_process_new_session: got fds stdin 7, stdout 8, stderr 9
debug2: fd 8 setting O_NONBLOCK
debug2: fd 9 setting O_NONBLOCK
debug1: channel 2: new [client-session]
debug2: mux_master_process_new_session: channel_new: 2 linked to control channel 1
debug2: channel 2: send open
debug3: send packet: type 90
debug3: receive packet: type 80
debug1: client_input_global_request: rtype hostkeys-00@openssh.com want_reply 0
debug3: receive packet: type 4
debug1: Remote: /home/sudoall/.ssh/authorized_keys:1: key options: agent-forwarding port-forwarding pty user-rc x11-forwarding
debug3: receive packet: type 4
debug1: Remote: /home/sudoall/.ssh/authorized_keys:1: key options: agent-forwarding port-forwarding pty user-rc x11-forwarding
debug3: receive packet: type 91
debug2: channel_input_open_confirmation: channel 2: callback start
debug2: client_session2_setup: id 2
debug1: Sending environment.
debug1: Sending env LANG = en_US.UTF-8
debug2: channel 2: request env confirm 0
debug3: send packet: type 98
debug1: Sending command: /bin/sh -c 'echo ~sudoall && sleep 0'
debug2: channel 2: request exec confirm 1
debug3: send packet: type 98
debug3: mux_session_confirm: sending success reply
debug2: channel_input_open_confirmation: channel 2: callback done
debug2: channel 2: open confirm rwindow 0 rmax 32768
debug2: channel 2: rcvd adjust 2097152
debug3: receive packet: type 99
debug2: channel_input_status_confirm: type 99 id 2
debug2: exec request accepted on channel 2
debug3: receive packet: type 98
debug1: client_input_channel_req: channel 2 rtype exit-status reply 0
debug3: mux_exit_message: channel 2: exit message, exitval 0
debug3: receive packet: type 98
debug1: client_input_channel_req: channel 2 rtype eow@openssh.com reply 0
debug2: channel 2: rcvd eow
debug2: channel 2: chan_shutdown_read (i0 o0 sock -1 wfd 7 efd 9 [write])
debug2: channel 2: input open -> closed
debug3: receive packet: type 96
debug2: channel 2: rcvd eof
debug2: channel 2: output open -> drain
debug3: receive packet: type 97
debug2: channel 2: rcvd close
debug3: channel 2: will not send data after close
debug3: channel 2: will not send data after close
debug2: channel 2: obuf empty
debug2: channel 2: chan_shutdown_write (i3 o1 sock -1 wfd 8 efd 9 [write])
debug2: channel 2: output drain -> closed
debug2: channel 2: send close
debug3: send packet: type 97
debug2: channel 2: is dead
debug2: channel 2: gc: notify user
debug3: mux_master_session_cleanup_cb: entering for channel 2
debug2: channel 1: rcvd close
debug2: channel 1: output open -> drain
debug2: channel 1: chan_shutdown_read (i0 o1 sock 6 wfd 6 efd -1 [closed])
debug2: channel 1: input open -> closed
debug2: channel 2: gc: user detached
debug2: channel 2: is dead
debug2: channel 2: garbage collecting
debug1: channel 2: free: client-session, nchannels 3
debug3: channel 2: status: The following connections are open:
  #1 mux-control (t16 nr0 i3/0 o1/0 e[closed]/0 fd 6/6/-1 sock 6 cc -1)
  #2 client-session (t4 r0 i3/0 o3/0 e[write]/0 fd -1/-1/9 sock -1 cc -1)

debug2: channel 1: obuf empty
debug2: channel 1: chan_shutdown_write (i3 o1 sock 6 wfd 6 efd -1 [closed])
debug2: channel 1: output drain -> closed
debug2: channel 1: is dead (local)
debug2: channel 1: gc: notify user
debug3: mux_master_control_cleanup_cb: entering for channel 1
debug2: channel 1: gc: user detached
debug2: channel 1: is dead (local)
debug2: channel 1: garbage collecting
debug1: channel 1: free: mux-control, nchannels 2
debug3: channel 1: status: The following connections are open:
  #1 mux-control (t16 nr0 i3/0 o3/0 e[closed]/0 fd 6/6/-1 sock 6 cc -1)

debug2: set_control_persist_exit_time: schedule exit in 60 seconds
debug3: mux_client_read_packet: read header failed: Broken pipe
debug2: Received exit status from master 0

2020-03-03 12:25:59,915 p=11820 u=mark n=ansible |  11820 1583234759.90243: stdout chunk (state=3):
>>>
{"changed": true, "end": "2020-03-03 12:25:59.890358", "stdout": "uid=0(root) gid=0(root) groups=0(root)", "cmd": ["id"], "rc": 0, "start": "2020-03-03 12:25:59.887370", "stderr": "", "delta": "0:00:00.002988", "invocation": {"module_args": {"creates": null, "executable": null, "_uses_shell": false, "strip_empty_ends": true, "_raw_params": "id", "removes": null, "argv": null, "warn": true, "chdir": null, "stdin_add_newline": true, "stdin": null}}}
<<<

2020-03-03 12:25:59,915 p=11820 u=mark n=ansible |  11820 1583234759.91527: stderr chunk (state=3):
>>>debug3: mux_client_read_packet: read header failed: Broken pipe
debug2: Received exit status from master 0
Shared connection to debian closed.
<<<

2020-03-03 12:25:59,915 p=11820 u=mark n=ansible |  11820 1583234759.91561: stdout chunk (state=3):
>>><<<

2020-03-03 12:25:59,915 p=11820 u=mark n=ansible |  11820 1583234759.91583: stderr chunk (state=3):
>>><<<

2020-03-03 12:25:59,916 p=11820 u=mark n=ansible | <debian> (0, b'\r\n\r\n{"changed": true, "end": "2020-03-03 12:25:59.890358", "stdout": "uid=0(root) gid=0(root) groups=0(root)", "cmd": ["id"], "rc": 0, "start": "2020-03-03 12:25:59.887370", "stderr": "", "delta": "0:00:00.002988", "invocation": {"module_args": {"creates": null, "executable": null, "_uses_shell": false, "strip_empty_ends": true, "_raw_params": "id", "removes": null, "argv": null, "warn": true, "chdir": null, "stdin_add_newline": true, "stdin": null}}}\r\n', b"OpenSSH_8.0p1, OpenSSL 1.1.1c FIPS  28 May 2019\r\ndebug1: Reading configuration data /etc/ssh/ssh_config\r\ndebug3: /etc/ssh/ssh_config line 51: Including file /etc/ssh/ssh_config.d/05-redhat.conf depth 0\r\ndebug1: Reading configuration data /etc/ssh/ssh_config.d/05-redhat.conf\r\ndebug2: checking match for 'final all' host debian originally debian\r\ndebug3: /etc/ssh/ssh_config.d/05-redhat.conf line 3: not matched 'final'\r\ndebug2: match not found\r\ndebug3: /etc/ssh/ssh_config.d/05-redhat.conf line 5: Including file /etc/crypto-policies/back-ends/openssh.config depth 1 (parse only)\r\ndebug1: Reading configuration data /etc/crypto-policies/back-ends/openssh.config\r\ndebug3: gss kex names ok: [gss-gex-sha1-,gss-group14-sha1-]\r\ndebug3: kex names ok: [curve25519-sha256,curve25519-sha256@libssh.org,ecdh-sha2-nistp256,ecdh-sha2-nistp384,ecdh-sha2-nistp521,diffie-hellman-group-exchange-sha256,diffie-hellman-group14-sha256,diffie-hellman-group16-sha512,diffie-hellman-group18-sha512,diffie-hellman-group-exchange-sha1,diffie-hellman-group14-sha1]\r\ndebug1: configuration requests final Match pass\r\ndebug1: re-parsing configuration\r\ndebug1: Reading configuration data /etc/ssh/ssh_config\r\ndebug3: /etc/ssh/ssh_config line 51: Including file /etc/ssh/ssh_config.d/05-redhat.conf depth 0\r\ndebug1: Reading configuration data /etc/ssh/ssh_config.d/05-redhat.conf\r\ndebug2: checking match for 'final all' host debian originally debian\r\ndebug3: /etc/ssh/ssh_config.d/05-redhat.conf line 3: matched 'final'\r\ndebug2: match found\r\ndebug3: /etc/ssh/ssh_config.d/05-redhat.conf line 5: Including file /etc/crypto-policies/back-ends/openssh.config depth 1\r\ndebug1: Reading configuration data /etc/crypto-policies/back-ends/openssh.config\r\ndebug3: gss kex names ok: [gss-gex-sha1-,gss-group14-sha1-]\r\ndebug3: kex names ok: [curve25519-sha256,curve25519-sha256@libssh.org,ecdh-sha2-nistp256,ecdh-sha2-nistp384,ecdh-sha2-nistp521,diffie-hellman-group-exchange-sha256,diffie-hellman-group14-sha256,diffie-hellman-group16-sha512,diffie-hellman-group18-sha512,diffie-hellman-group-exchange-sha1,diffie-hellman-group14-sha1]\r\ndebug1: auto-mux: Trying existing master\r\ndebug2: fd 4 setting O_NONBLOCK\r\ndebug2: mux_client_hello_exchange: master version 4\r\ndebug3: mux_client_forwards: request forwardings: 0 local, 0 remote\r\ndebug3: mux_client_request_session: entering\r\ndebug3: mux_client_request_alive: entering\r\ndebug3: mux_client_request_alive: done pid = 11830\r\ndebug3: mux_client_request_session: session request sent\r\ndebug3: mux_client_read_packet: read header failed: Broken pipe\r\ndebug2: Received exit status from master 0\r\nShared connection to debian closed.\r\n")
2020-03-03 12:25:59,916 p=11820 u=mark n=ansible |  11820 1583234759.91653: _low_level_execute_command() done: rc=0, stdout=

{"changed": true, "end": "2020-03-03 12:25:59.890358", "stdout": "uid=0(root) gid=0(root) groups=0(root)", "cmd": ["id"], "rc": 0, "start": "2020-03-03 12:25:59.887370", "stderr": "", "delta": "0:00:00.002988", "invocation": {"module_args": {"creates": null, "executable": null, "_uses_shell": false, "strip_empty_ends": true, "_raw_params": "id", "removes": null, "argv": null, "warn": true, "chdir": null, "stdin_add_newline": true, "stdin": null}}}
, stderr=OpenSSH_8.0p1, OpenSSL 1.1.1c FIPS  28 May 2019
debug1: Reading configuration data /etc/ssh/ssh_config
debug3: /etc/ssh/ssh_config line 51: Including file /etc/ssh/ssh_config.d/05-redhat.conf depth 0
debug1: Reading configuration data /etc/ssh/ssh_config.d/05-redhat.conf
debug2: checking match for 'final all' host debian originally debian
debug3: /etc/ssh/ssh_config.d/05-redhat.conf line 3: not matched 'final'
debug2: match not found
debug3: /etc/ssh/ssh_config.d/05-redhat.conf line 5: Including file /etc/crypto-policies/back-ends/openssh.config depth 1 (parse only)
debug1: Reading configuration data /etc/crypto-policies/back-ends/openssh.config
debug3: gss kex names ok: [gss-gex-sha1-,gss-group14-sha1-]
debug3: kex names ok: [curve25519-sha256,curve25519-sha256@libssh.org,ecdh-sha2-nistp256,ecdh-sha2-nistp384,ecdh-sha2-nistp521,diffie-hellman-group-exchange-sha256,diffie-hellman-group14-sha256,diffie-hellman-group16-sha512,diffie-hellman-group18-sha512,diffie-hellman-group-exchange-sha1,diffie-hellman-group14-sha1]
debug1: configuration requests final Match pass
debug1: re-parsing configuration
debug1: Reading configuration data /etc/ssh/ssh_config
debug3: /etc/ssh/ssh_config line 51: Including file /etc/ssh/ssh_config.d/05-redhat.conf depth 0
debug1: Reading configuration data /etc/ssh/ssh_config.d/05-redhat.conf
debug2: checking match for 'final all' host debian originally debian
debug3: /etc/ssh/ssh_config.d/05-redhat.conf line 3: matched 'final'
debug2: match found
debug3: /etc/ssh/ssh_config.d/05-redhat.conf line 5: Including file /etc/crypto-policies/back-ends/openssh.config depth 1
debug1: Reading configuration data /etc/crypto-policies/back-ends/openssh.config
debug3: gss kex names ok: [gss-gex-sha1-,gss-group14-sha1-]
debug3: kex names ok: [curve25519-sha256,curve25519-sha256@libssh.org,ecdh-sha2-nistp256,ecdh-sha2-nistp384,ecdh-sha2-nistp521,diffie-hellman-group-exchange-sha256,diffie-hellman-group14-sha256,diffie-hellman-group16-sha512,diffie-hellman-group18-sha512,diffie-hellman-group-exchange-sha1,diffie-hellman-group14-sha1]
debug1: auto-mux: Trying existing master
debug2: fd 4 setting O_NONBLOCK
debug2: mux_client_hello_exchange: master version 4
debug3: mux_client_forwards: request forwardings: 0 local, 0 remote
debug3: mux_client_request_session: entering
debug3: mux_client_request_alive: entering
debug3: mux_client_request_alive: done pid = 11830
debug3: mux_client_request_session: session request sent
debug3: mux_client_read_packet: read header failed: Broken pipe
debug2: Received exit status from master 0
Shared connection to debian closed.

2020-03-03 12:25:59,918 p=11820 u=mark n=ansible |  11820 1583234759.91802: done with _execute_module (command, {'_raw_params': 'id', 'warn': True, '_ansible_check_mode': False, '_ansible_no_log': False, '_ansible_debug': True, '_ansible_diff': False, '_ansible_verbosity': 4, '_ansible_version': '2.9.3', '_ansible_module_name': 'command', '_ansible_syslog_facility': 'LOG_USER', '_ansible_selinux_special_fs': ['fuse', 'nfs', 'vboxsf', 'ramfs', '9p', 'vfat'], '_ansible_string_conversion_action': 'warn', '_ansible_socket': None, '_ansible_shell_executable': '/bin/sh', '_ansible_keep_remote_files': False, '_ansible_tmpdir': '/home/sudoall/.ansible/tmp/ansible-tmp-1583234758.2499528-92648812234607/', '_ansible_remote_tmp': '~/.ansible/tmp'})
2020-03-03 12:25:59,918 p=11820 u=mark n=ansible |  11820 1583234759.91831: _low_level_execute_command(): starting
2020-03-03 12:25:59,918 p=11820 u=mark n=ansible |  11820 1583234759.91854: _low_level_execute_command(): executing: /bin/sh -c 'rm -f -r /home/sudoall/.ansible/tmp/ansible-tmp-1583234758.2499528-92648812234607/ > /dev/null 2>&1 && sleep 0'
2020-03-03 12:25:59,918 p=11820 u=mark n=ansible | <debian> ESTABLISH SSH CONNECTION FOR USER: sudoall
2020-03-03 12:25:59,919 p=11820 u=mark n=ansible | <debian> SSH: EXEC ssh -vvv -C -o ControlMaster=auto -o ControlPersist=60s -o StrictHostKeyChecking=no -o KbdInteractiveAuthentication=no -o PreferredAuthentications=gssapi-with-mic,gssapi-keyex,hostbased,publickey -o PasswordAuthentication=no -o 'User="sudoall"' -o ConnectTimeout=10 -o ControlPath=/home/mark/.ansible/cp/64fc45c5ab debian '/bin/sh -c '"'"'rm -f -r /home/sudoall/.ansible/tmp/ansible-tmp-1583234758.2499528-92648812234607/ > /dev/null 2>&1 && sleep 0'"'"''
2020-03-03 12:25:59,921 p=11817 u=mark n=ansible |  11817 1583234759.91488: _low_level_execute_command(): starting
2020-03-03 12:25:59,921 p=11817 u=mark n=ansible |  11817 1583234759.92179: _low_level_execute_command(): executing: /bin/sh -c '( umask 77 && mkdir -p "` echo /home/sudoall/.ansible/tmp/ansible-tmp-1583234758.2386017-163122209093797 `" && echo ansible-tmp-1583234758.2386017-163122209093797="` echo /home/sudoall/.ansible/tmp/ansible-tmp-1583234758.2386017-163122209093797 `" ) && sleep 0'
2020-03-03 12:25:59,922 p=11817 u=mark n=ansible | <rhel8> ESTABLISH SSH CONNECTION FOR USER: sudoall
2020-03-03 12:25:59,922 p=11817 u=mark n=ansible | <rhel8> SSH: EXEC ssh -vvv -C -o ControlMaster=auto -o ControlPersist=60s -o StrictHostKeyChecking=no -o KbdInteractiveAuthentication=no -o PreferredAuthentications=gssapi-with-mic,gssapi-keyex,hostbased,publickey -o PasswordAuthentication=no -o 'User="sudoall"' -o ConnectTimeout=10 -o ControlPath=/home/mark/.ansible/cp/c773ad9e8a rhel8 '/bin/sh -c '"'"'( umask 77 && mkdir -p "` echo /home/sudoall/.ansible/tmp/ansible-tmp-1583234758.2386017-163122209093797 `" && echo ansible-tmp-1583234758.2386017-163122209093797="` echo /home/sudoall/.ansible/tmp/ansible-tmp-1583234758.2386017-163122209093797 `" ) && sleep 0'"'"''
2020-03-03 12:25:59,942 p=11817 u=mark n=ansible |  11817 1583234759.94251: stderr chunk (state=2):
>>>OpenSSH_8.0p1, OpenSSL 1.1.1c FIPS  28 May 2019
debug1: Reading configuration data /etc/ssh/ssh_config
debug3: /etc/ssh/ssh_config line 51: Including file /etc/ssh/ssh_config.d/05-redhat.conf depth 0
debug1: Reading configuration data /etc/ssh/ssh_config.d/05-redhat.conf
debug2: checking match for 'final all' host rhel8 originally rhel8
debug3: /etc/ssh/ssh_config.d/05-redhat.conf line 3: not matched 'final'
debug2: match not found
debug3: /etc/ssh/ssh_config.d/05-redhat.conf line 5: Including file /etc/crypto-policies/back-ends/openssh.config depth 1 (parse only)
debug1: Reading configuration data /etc/crypto-policies/back-ends/openssh.config
debug3: gss kex names ok: [gss-gex-sha1-,gss-group14-sha1-]
debug3: kex names ok: [curve25519-sha256,curve25519-sha256@libssh.org,ecdh-sha2-nistp256,ecdh-sha2-nistp384,ecdh-sha2-nistp521,diffie-hellman-group-exchange-sha256,diffie-hellman-group14-sha256,diffie-hellman-group16-sha512,diffie-hellman-group18-sha512,diffie-hellman-group-exchange-sha1,diffie-hellman-group14-sha1]
debug1: configuration requests final Match pass
debug1: re-parsing configuration
debug1: Reading configuration data /etc/ssh/ssh_config
debug3: /etc/ssh/ssh_config line 51: Including file /etc/ssh/ssh_config.d/05-redhat.conf depth 0
debug1: Reading configuration data /etc/ssh/ssh_config.d/05-redhat.conf
debug2: checking match for 'final all' host rhel8 originally rhel8
debug3: /etc/ssh/ssh_config.d/05-redhat.conf line 3: matched 'final'
debug2: match found
debug3: /etc/ssh/ssh_config.d/05-redhat.conf line 5: Including file /etc/crypto-policies/back-ends/openssh.config depth 1
debug1: Reading configuration data /etc/crypto-policies/back-ends/openssh.config
debug3: gss kex names ok: [gss-gex-sha1-,gss-group14-sha1-]
debug3: kex names ok: [curve25519-sha256,curve25519-sha256@libssh.org,ecdh-sha2-nistp256,ecdh-sha2-nistp384,ecdh-sha2-nistp521,diffie-hellman-group-exchange-sha256,diffie-hellman-group14-sha256,diffie-hellman-group16-sha512,diffie-hellman-group18-sha512,diffie-hellman-group-exchange-sha1,diffie-hellman-group14-sha1]
debug1: auto-mux: Trying existing master
debug2: fd 4 setting O_NONBLOCK
debug2: mux_client_hello_exchange: master version 4
debug3: mux_client_forwards: request forwardings: 0 local, 0 remote
debug3: mux_client_request_session: entering
debug3: mux_client_request_alive: entering
debug3: mux_client_request_alive: done pid = 11839
debug3: mux_client_request_session: session request sent
<<<

2020-03-03 12:25:59,944 p=11818 u=mark n=ansible |  11818 1583234759.94468: trying /usr/share/ansible/plugins/modules
2020-03-03 12:25:59,945 p=11818 u=mark n=ansible |  11818 1583234759.94503: trying /usr/lib/python3.6/site-packages/ansible/modules
2020-03-03 12:25:59,945 p=11818 u=mark n=ansible |  11818 1583234759.94539: trying /usr/lib/python3.6/site-packages/ansible/modules/__pycache__
2020-03-03 12:25:59,945 p=11818 u=mark n=ansible |  11818 1583234759.94558: trying /usr/lib/python3.6/site-packages/ansible/modules/cloud
2020-03-03 12:25:59,946 p=11818 u=mark n=ansible |  11818 1583234759.94601: trying /usr/lib/python3.6/site-packages/ansible/modules/clustering
2020-03-03 12:25:59,946 p=11820 u=mark n=ansible |  11820 1583234759.94649: stderr chunk (state=2):
>>>OpenSSH_8.0p1, OpenSSL 1.1.1c FIPS  28 May 2019
debug1: Reading configuration data /etc/ssh/ssh_config
debug3: /etc/ssh/ssh_config line 51: Including file /etc/ssh/ssh_config.d/05-redhat.conf depth 0
debug1: Reading configuration data /etc/ssh/ssh_config.d/05-redhat.conf
debug2: checking match for 'final all' host debian originally debian
debug3: /etc/ssh/ssh_config.d/05-redhat.conf line 3: not matched 'final'
debug2: match not found
debug3: /etc/ssh/ssh_config.d/05-redhat.conf line 5: Including file /etc/crypto-policies/back-ends/openssh.config depth 1 (parse only)
debug1: Reading configuration data /etc/crypto-policies/back-ends/openssh.config
debug3: gss kex names ok: [gss-gex-sha1-,gss-group14-sha1-]
debug3: kex names ok: [curve25519-sha256,curve25519-sha256@libssh.org,ecdh-sha2-nistp256,ecdh-sha2-nistp384,ecdh-sha2-nistp521,diffie-hellman-group-exchange-sha256,diffie-hellman-group14-sha256,diffie-hellman-group16-sha512,diffie-hellman-group18-sha512,diffie-hellman-group-exchange-sha1,diffie-hellman-group14-sha1]
debug1: configuration requests final Match pass
debug1: re-parsing configuration
debug1: Reading configuration data /etc/ssh/ssh_config
debug3: /etc/ssh/ssh_config line 51: Including file /etc/ssh/ssh_config.d/05-redhat.conf depth 0
debug1: Reading configuration data /etc/ssh/ssh_config.d/05-redhat.conf
debug2: checking match for 'final all' host debian originally debian
debug3: /etc/ssh/ssh_config.d/05-redhat.conf line 3: matched 'final'
debug2: match found
debug3: /etc/ssh/ssh_config.d/05-redhat.conf line 5: Including file /etc/crypto-policies/back-ends/openssh.config depth 1
debug1: Reading configuration data /etc/crypto-policies/back-ends/openssh.config
debug3: gss kex names ok: [gss-gex-sha1-,gss-group14-sha1-]
debug3: kex names ok: [curve25519-sha256,curve25519-sha256@libssh.org,ecdh-sha2-nistp256,ecdh-sha2-nistp384,ecdh-sha2-nistp521,diffie-hellman-group-exchange-sha256,diffie-hellman-group14-sha256,diffie-hellman-group16-sha512,diffie-hellman-group18-sha512,diffie-hellman-group-exchange-sha1,diffie-hellman-group14-sha1]
debug1: auto-mux: Trying existing master
debug2: fd 4 setting O_NONBLOCK
<<<

2020-03-03 12:25:59,947 p=11818 u=mark n=ansible |  11818 1583234759.94716: trying /usr/lib/python3.6/site-packages/ansible/modules/commands
2020-03-03 12:25:59,948 p=11818 u=mark n=ansible |  11818 1583234759.94814: ANSIBALLZ: using cached module: /home/mark/.ansible/tmp/ansible-local-11808ea7n9daf/ansiballz_cache/command-ZIP_DEFLATED
2020-03-03 12:25:59,948 p=11818 u=mark n=ansible | <fedora31> Attempting python interpreter discovery
2020-03-03 12:25:59,949 p=11818 u=mark n=ansible |  11818 1583234759.94895: _low_level_execute_command(): starting
2020-03-03 12:25:59,949 p=11818 u=mark n=ansible |  11818 1583234759.94912: _low_level_execute_command(): executing: /bin/sh -c 'echo PLATFORM; uname; echo FOUND; command -v '"'"'/usr/bin/python'"'"'; command -v '"'"'python3.7'"'"'; command -v '"'"'python3.6'"'"'; command -v '"'"'python3.5'"'"'; command -v '"'"'python2.7'"'"'; command -v '"'"'python2.6'"'"'; command -v '"'"'/usr/libexec/platform-python'"'"'; command -v '"'"'/usr/bin/python3'"'"'; command -v '"'"'python'"'"'; echo ENDFOUND && sleep 0'
2020-03-03 12:25:59,949 p=11818 u=mark n=ansible | <fedora31> ESTABLISH SSH CONNECTION FOR USER: sudoall
2020-03-03 12:25:59,950 p=11818 u=mark n=ansible | <fedora31> SSH: EXEC ssh -vvv -C -o ControlMaster=auto -o ControlPersist=60s -o StrictHostKeyChecking=no -o KbdInteractiveAuthentication=no -o PreferredAuthentications=gssapi-with-mic,gssapi-keyex,hostbased,publickey -o PasswordAuthentication=no -o 'User="sudoall"' -o ConnectTimeout=10 -o ControlPath=/home/mark/.ansible/cp/8ab42c853a fedora31 '/bin/sh -c '"'"'echo PLATFORM; uname; echo FOUND; command -v '"'"'"'"'"'"'"'"'/usr/bin/python'"'"'"'"'"'"'"'"'; command -v '"'"'"'"'"'"'"'"'python3.7'"'"'"'"'"'"'"'"'; command -v '"'"'"'"'"'"'"'"'python3.6'"'"'"'"'"'"'"'"'; command -v '"'"'"'"'"'"'"'"'python3.5'"'"'"'"'"'"'"'"'; command -v '"'"'"'"'"'"'"'"'python2.7'"'"'"'"'"'"'"'"'; command -v '"'"'"'"'"'"'"'"'python2.6'"'"'"'"'"'"'"'"'; command -v '"'"'"'"'"'"'"'"'/usr/libexec/platform-python'"'"'"'"'"'"'"'"'; command -v '"'"'"'"'"'"'"'"'/usr/bin/python3'"'"'"'"'"'"'"'"'; command -v '"'"'"'"'"'"'"'"'python'"'"'"'"'"'"'"'"'; echo ENDFOUND && sleep 0'"'"''
2020-03-03 12:25:59,952 p=11816 u=mark n=ansible |  11816 1583234759.95215: trying /usr/share/ansible/plugins/modules
2020-03-03 12:25:59,952 p=11816 u=mark n=ansible |  11816 1583234759.95252: trying /usr/lib/python3.6/site-packages/ansible/modules
2020-03-03 12:25:59,952 p=11816 u=mark n=ansible |  11816 1583234759.95285: trying /usr/lib/python3.6/site-packages/ansible/modules/__pycache__
2020-03-03 12:25:59,953 p=11816 u=mark n=ansible |  11816 1583234759.95303: trying /usr/lib/python3.6/site-packages/ansible/modules/cloud
2020-03-03 12:25:59,953 p=11816 u=mark n=ansible |  11816 1583234759.95351: trying /usr/lib/python3.6/site-packages/ansible/modules/clustering
2020-03-03 12:25:59,953 p=11816 u=mark n=ansible |  11816 1583234759.95382: trying /usr/lib/python3.6/site-packages/ansible/modules/commands
2020-03-03 12:25:59,955 p=11816 u=mark n=ansible |  11816 1583234759.95507: ANSIBALLZ: using cached module: /home/mark/.ansible/tmp/ansible-local-11808ea7n9daf/ansiballz_cache/command-ZIP_DEFLATED
2020-03-03 12:25:59,956 p=11816 u=mark n=ansible | <centos7> Attempting python interpreter discovery
2020-03-03 12:25:59,956 p=11816 u=mark n=ansible |  11816 1583234759.95634: _low_level_execute_command(): starting
2020-03-03 12:25:59,956 p=11816 u=mark n=ansible |  11816 1583234759.95656: _low_level_execute_command(): executing: /bin/sh -c 'echo PLATFORM; uname; echo FOUND; command -v '"'"'/usr/bin/python'"'"'; command -v '"'"'python3.7'"'"'; command -v '"'"'python3.6'"'"'; command -v '"'"'python3.5'"'"'; command -v '"'"'python2.7'"'"'; command -v '"'"'python2.6'"'"'; command -v '"'"'/usr/libexec/platform-python'"'"'; command -v '"'"'/usr/bin/python3'"'"'; command -v '"'"'python'"'"'; echo ENDFOUND && sleep 0'
2020-03-03 12:25:59,956 p=11816 u=mark n=ansible | <centos7> ESTABLISH SSH CONNECTION FOR USER: sudoall
2020-03-03 12:25:59,957 p=11816 u=mark n=ansible | <centos7> SSH: EXEC ssh -vvv -C -o ControlMaster=auto -o ControlPersist=60s -o StrictHostKeyChecking=no -o KbdInteractiveAuthentication=no -o PreferredAuthentications=gssapi-with-mic,gssapi-keyex,hostbased,publickey -o PasswordAuthentication=no -o 'User="sudoall"' -o ConnectTimeout=10 -o ControlPath=/home/mark/.ansible/cp/25a6c0e9bc centos7 '/bin/sh -c '"'"'echo PLATFORM; uname; echo FOUND; command -v '"'"'"'"'"'"'"'"'/usr/bin/python'"'"'"'"'"'"'"'"'; command -v '"'"'"'"'"'"'"'"'python3.7'"'"'"'"'"'"'"'"'; command -v '"'"'"'"'"'"'"'"'python3.6'"'"'"'"'"'"'"'"'; command -v '"'"'"'"'"'"'"'"'python3.5'"'"'"'"'"'"'"'"'; command -v '"'"'"'"'"'"'"'"'python2.7'"'"'"'"'"'"'"'"'; command -v '"'"'"'"'"'"'"'"'python2.6'"'"'"'"'"'"'"'"'; command -v '"'"'"'"'"'"'"'"'/usr/libexec/platform-python'"'"'"'"'"'"'"'"'; command -v '"'"'"'"'"'"'"'"'/usr/bin/python3'"'"'"'"'"'"'"'"'; command -v '"'"'"'"'"'"'"'"'python'"'"'"'"'"'"'"'"'; echo ENDFOUND && sleep 0'"'"''
2020-03-03 12:25:59,958 p=11818 u=mark n=ansible |  11818 1583234759.95852: stderr chunk (state=2):
>>>OpenSSH_8.0p1, OpenSSL 1.1.1c FIPS  28 May 2019
debug1: Reading configuration data /etc/ssh/ssh_config
debug3: /etc/ssh/ssh_config line 51: Including file /etc/ssh/ssh_config.d/05-redhat.conf depth 0
debug1: Reading configuration data /etc/ssh/ssh_config.d/05-redhat.conf
debug2: checking match for 'final all' host fedora31 originally fedora31
debug3: /etc/ssh/ssh_config.d/05-redhat.conf line 3: not matched 'final'
debug2: match not found
debug3: /etc/ssh/ssh_config.d/05-redhat.conf line 5: Including file /etc/crypto-policies/back-ends/openssh.config depth 1 (parse only)
debug1: Reading configuration data /etc/crypto-policies/back-ends/openssh.config
debug3: gss kex names ok: [gss-gex-sha1-,gss-group14-sha1-]
debug3: kex names ok: [curve25519-sha256,curve25519-sha256@libssh.org,ecdh-sha2-nistp256,ecdh-sha2-nistp384,ecdh-sha2-nistp521,diffie-hellman-group-exchange-sha256,diffie-hellman-group14-sha256,diffie-hellman-group16-sha512,diffie-hellman-group18-sha512,diffie-hellman-group-exchange-sha1,diffie-hellman-group14-sha1]
debug1: configuration requests final Match pass
debug1: re-parsing configuration
debug1: Reading configuration data /etc/ssh/ssh_config
debug3: /etc/ssh/ssh_config line 51: Including file /etc/ssh/ssh_config.d/05-redhat.conf depth 0
debug1: Reading configuration data /etc/ssh/ssh_config.d/05-redhat.conf
debug2: checking match for 'final all' host fedora31 originally fedora31
debug3: /etc/ssh/ssh_config.d/05-redhat.conf line 3: matched 'final'
debug2: match found
debug3: /etc/ssh/ssh_config.d/05-redhat.conf line 5: Including file /etc/crypto-policies/back-ends/openssh.config depth 1
debug1: Reading configuration data /etc/crypto-policies/back-ends/openssh.config
debug3: gss kex names ok: [gss-gex-sha1-,gss-group14-sha1-]
debug3: kex names ok: [curve25519-sha256,curve25519-sha256@libssh.org,ecdh-sha2-nistp256,ecdh-sha2-nistp384,ecdh-sha2-nistp521,diffie-hellman-group-exchange-sha256,diffie-hellman-group14-sha256,diffie-hellman-group16-sha512,diffie-hellman-group18-sha512,diffie-hellman-group-exchange-sha1,diffie-hellman-group14-sha1]
debug1: auto-mux: Trying existing master
debug2: fd 4 setting O_NONBLOCK
<<<

2020-03-03 12:25:59,959 p=11820 u=mark n=ansible |  11820 1583234759.95915: stderr chunk (state=3):
>>>debug2: mux_client_hello_exchange: master version 4
debug3: mux_client_forwards: request forwardings: 0 local, 0 remote
debug3: mux_client_request_session: entering
debug3: mux_client_request_alive: entering
<<<

2020-03-03 12:25:59,960 p=11818 u=mark n=ansible |  11818 1583234759.95990: stderr chunk (state=3):
>>>debug2: mux_client_hello_exchange: master version 4
debug3: mux_client_forwards: request forwardings: 0 local, 0 remote
debug3: mux_client_request_session: entering
debug3: mux_client_request_alive: entering
<<<

2020-03-03 12:25:59,960 p=11820 u=mark n=ansible |  11820 1583234759.96030: stderr chunk (state=3):
>>>debug3: mux_client_request_alive: done pid = 11830
debug3: mux_client_request_session: session request sent
<<<

2020-03-03 12:25:59,961 p=11818 u=mark n=ansible |  11818 1583234759.96100: stderr chunk (state=3):
>>>debug3: mux_client_request_alive: done pid = 11833
debug3: mux_client_request_session: session request sent
<<<

2020-03-03 12:25:59,967 p=11816 u=mark n=ansible |  11816 1583234759.96702: stderr chunk (state=2):
>>>OpenSSH_8.0p1, OpenSSL 1.1.1c FIPS  28 May 2019
debug1: Reading configuration data /etc/ssh/ssh_config
debug3: /etc/ssh/ssh_config line 51: Including file /etc/ssh/ssh_config.d/05-redhat.conf depth 0
debug1: Reading configuration data /etc/ssh/ssh_config.d/05-redhat.conf
<<<

2020-03-03 12:25:59,967 p=11816 u=mark n=ansible |  11816 1583234759.96765: stderr chunk (state=3):
>>>debug2: checking match for 'final all' host centos7 originally centos7
debug3: /etc/ssh/ssh_config.d/05-redhat.conf line 3: not matched 'final'
debug2: match not found
debug3: /etc/ssh/ssh_config.d/05-redhat.conf line 5: Including file /etc/crypto-policies/back-ends/openssh.config depth 1 (parse only)
debug1: Reading configuration data /etc/crypto-policies/back-ends/openssh.config
debug3: gss kex names ok: [gss-gex-sha1-,gss-group14-sha1-]
debug3: kex names ok: [curve25519-sha256,curve25519-sha256@libssh.org,ecdh-sha2-nistp256,ecdh-sha2-nistp384,ecdh-sha2-nistp521,diffie-hellman-group-exchange-sha256,diffie-hellman-group14-sha256,diffie-hellman-group16-sha512,diffie-hellman-group18-sha512,diffie-hellman-group-exchange-sha1,diffie-hellman-group14-sha1]
debug1: configuration requests final Match pass
debug1: re-parsing configuration
debug1: Reading configuration data /etc/ssh/ssh_config
debug3: /etc/ssh/ssh_config line 51: Including file /etc/ssh/ssh_config.d/05-redhat.conf depth 0
debug1: Reading configuration data /etc/ssh/ssh_config.d/05-redhat.conf
debug2: checking match for 'final all' host centos7 originally centos7
debug3: /etc/ssh/ssh_config.d/05-redhat.conf line 3: matched 'final'
debug2: match found
debug3: /etc/ssh/ssh_config.d/05-redhat.conf line 5: Including file /etc/crypto-policies/back-ends/openssh.config depth 1
debug1: Reading configuration data /etc/crypto-policies/back-ends/openssh.config
debug3: gss kex names ok: [gss-gex-sha1-,gss-group14-sha1-]
debug3: kex names ok: [curve25519-sha256,curve25519-sha256@libssh.org,ecdh-sha2-nistp256,ecdh-sha2-nistp384,ecdh-sha2-nistp521,diffie-hellman-group-exchange-sha256,diffie-hellman-group14-sha256,diffie-hellman-group16-sha512,diffie-hellman-group18-sha512,diffie-hellman-group-exchange-sha1,diffie-hellman-group14-sha1]
debug1: auto-mux: Trying existing master
<<<

2020-03-03 12:25:59,967 p=11816 u=mark n=ansible |  11816 1583234759.96793: stderr chunk (state=3):
>>>debug2: fd 4 setting O_NONBLOCK
<<<

2020-03-03 12:25:59,968 p=11816 u=mark n=ansible |  11816 1583234759.96856: stderr chunk (state=3):
>>>debug2: mux_client_hello_exchange: master version 4
debug3: mux_client_forwards: request forwardings: 0 local, 0 remote
debug3: mux_client_request_session: entering
debug3: mux_client_request_alive: entering
<<<

2020-03-03 12:25:59,969 p=11816 u=mark n=ansible |  11816 1583234759.96898: stderr chunk (state=3):
>>>debug3: mux_client_request_alive: done pid = 11827
debug3: mux_client_request_session: session request sent
<<<

2020-03-03 12:25:59,977 p=11820 u=mark n=ansible |  11820 1583234759.97686: stderr chunk (state=3):
>>>debug3: mux_client_read_packet: read header failed: Broken pipe
debug2: Received exit status from master 0
<<<

2020-03-03 12:25:59,977 p=11820 u=mark n=ansible |  11820 1583234759.97759: stderr chunk (state=3):
>>><<<

2020-03-03 12:25:59,978 p=11820 u=mark n=ansible |  11820 1583234759.97802: stdout chunk (state=3):
>>><<<

2020-03-03 12:25:59,978 p=11820 u=mark n=ansible | <debian> (0, b'', b"OpenSSH_8.0p1, OpenSSL 1.1.1c FIPS  28 May 2019\r\ndebug1: Reading configuration data /etc/ssh/ssh_config\r\ndebug3: /etc/ssh/ssh_config line 51: Including file /etc/ssh/ssh_config.d/05-redhat.conf depth 0\r\ndebug1: Reading configuration data /etc/ssh/ssh_config.d/05-redhat.conf\r\ndebug2: checking match for 'final all' host debian originally debian\r\ndebug3: /etc/ssh/ssh_config.d/05-redhat.conf line 3: not matched 'final'\r\ndebug2: match not found\r\ndebug3: /etc/ssh/ssh_config.d/05-redhat.conf line 5: Including file /etc/crypto-policies/back-ends/openssh.config depth 1 (parse only)\r\ndebug1: Reading configuration data /etc/crypto-policies/back-ends/openssh.config\r\ndebug3: gss kex names ok: [gss-gex-sha1-,gss-group14-sha1-]\r\ndebug3: kex names ok: [curve25519-sha256,curve25519-sha256@libssh.org,ecdh-sha2-nistp256,ecdh-sha2-nistp384,ecdh-sha2-nistp521,diffie-hellman-group-exchange-sha256,diffie-hellman-group14-sha256,diffie-hellman-group16-sha512,diffie-hellman-group18-sha512,diffie-hellman-group-exchange-sha1,diffie-hellman-group14-sha1]\r\ndebug1: configuration requests final Match pass\r\ndebug1: re-parsing configuration\r\ndebug1: Reading configuration data /etc/ssh/ssh_config\r\ndebug3: /etc/ssh/ssh_config line 51: Including file /etc/ssh/ssh_config.d/05-redhat.conf depth 0\r\ndebug1: Reading configuration data /etc/ssh/ssh_config.d/05-redhat.conf\r\ndebug2: checking match for 'final all' host debian originally debian\r\ndebug3: /etc/ssh/ssh_config.d/05-redhat.conf line 3: matched 'final'\r\ndebug2: match found\r\ndebug3: /etc/ssh/ssh_config.d/05-redhat.conf line 5: Including file /etc/crypto-policies/back-ends/openssh.config depth 1\r\ndebug1: Reading configuration data /etc/crypto-policies/back-ends/openssh.config\r\ndebug3: gss kex names ok: [gss-gex-sha1-,gss-group14-sha1-]\r\ndebug3: kex names ok: [curve25519-sha256,curve25519-sha256@libssh.org,ecdh-sha2-nistp256,ecdh-sha2-nistp384,ecdh-sha2-nistp521,diffie-hellman-group-exchange-sha256,diffie-hellman-group14-sha256,diffie-hellman-group16-sha512,diffie-hellman-group18-sha512,diffie-hellman-group-exchange-sha1,diffie-hellman-group14-sha1]\r\ndebug1: auto-mux: Trying existing master\r\ndebug2: fd 4 setting O_NONBLOCK\r\ndebug2: mux_client_hello_exchange: master version 4\r\ndebug3: mux_client_forwards: request forwardings: 0 local, 0 remote\r\ndebug3: mux_client_request_session: entering\r\ndebug3: mux_client_request_alive: entering\r\ndebug3: mux_client_request_alive: done pid = 11830\r\ndebug3: mux_client_request_session: session request sent\r\ndebug3: mux_client_read_packet: read header failed: Broken pipe\r\ndebug2: Received exit status from master 0\r\n")
2020-03-03 12:25:59,979 p=11820 u=mark n=ansible |  11820 1583234759.97919: _low_level_execute_command() done: rc=0, stdout=, stderr=OpenSSH_8.0p1, OpenSSL 1.1.1c FIPS  28 May 2019
debug1: Reading configuration data /etc/ssh/ssh_config
debug3: /etc/ssh/ssh_config line 51: Including file /etc/ssh/ssh_config.d/05-redhat.conf depth 0
debug1: Reading configuration data /etc/ssh/ssh_config.d/05-redhat.conf
debug2: checking match for 'final all' host debian originally debian
debug3: /etc/ssh/ssh_config.d/05-redhat.conf line 3: not matched 'final'
debug2: match not found
debug3: /etc/ssh/ssh_config.d/05-redhat.conf line 5: Including file /etc/crypto-policies/back-ends/openssh.config depth 1 (parse only)
debug1: Reading configuration data /etc/crypto-policies/back-ends/openssh.config
debug3: gss kex names ok: [gss-gex-sha1-,gss-group14-sha1-]
debug3: kex names ok: [curve25519-sha256,curve25519-sha256@libssh.org,ecdh-sha2-nistp256,ecdh-sha2-nistp384,ecdh-sha2-nistp521,diffie-hellman-group-exchange-sha256,diffie-hellman-group14-sha256,diffie-hellman-group16-sha512,diffie-hellman-group18-sha512,diffie-hellman-group-exchange-sha1,diffie-hellman-group14-sha1]
debug1: configuration requests final Match pass
debug1: re-parsing configuration
debug1: Reading configuration data /etc/ssh/ssh_config
debug3: /etc/ssh/ssh_config line 51: Including file /etc/ssh/ssh_config.d/05-redhat.conf depth 0
debug1: Reading configuration data /etc/ssh/ssh_config.d/05-redhat.conf
debug2: checking match for 'final all' host debian originally debian
debug3: /etc/ssh/ssh_config.d/05-redhat.conf line 3: matched 'final'
debug2: match found
debug3: /etc/ssh/ssh_config.d/05-redhat.conf line 5: Including file /etc/crypto-policies/back-ends/openssh.config depth 1
debug1: Reading configuration data /etc/crypto-policies/back-ends/openssh.config
debug3: gss kex names ok: [gss-gex-sha1-,gss-group14-sha1-]
debug3: kex names ok: [curve25519-sha256,curve25519-sha256@libssh.org,ecdh-sha2-nistp256,ecdh-sha2-nistp384,ecdh-sha2-nistp521,diffie-hellman-group-exchange-sha256,diffie-hellman-group14-sha256,diffie-hellman-group16-sha512,diffie-hellman-group18-sha512,diffie-hellman-group-exchange-sha1,diffie-hellman-group14-sha1]
debug1: auto-mux: Trying existing master
debug2: fd 4 setting O_NONBLOCK
debug2: mux_client_hello_exchange: master version 4
debug3: mux_client_forwards: request forwardings: 0 local, 0 remote
debug3: mux_client_request_session: entering
debug3: mux_client_request_alive: entering
debug3: mux_client_request_alive: done pid = 11830
debug3: mux_client_request_session: session request sent
debug3: mux_client_read_packet: read header failed: Broken pipe
debug2: Received exit status from master 0

2020-03-03 12:25:59,980 p=11820 u=mark n=ansible |  11820 1583234759.97984: handler run complete
2020-03-03 12:25:59,985 p=11820 u=mark n=ansible |  11820 1583234759.98500: attempt loop complete, returning result
2020-03-03 12:25:59,985 p=11820 u=mark n=ansible |  11820 1583234759.98561: _execute() done
2020-03-03 12:25:59,986 p=11820 u=mark n=ansible |  11820 1583234759.98590: dumping result to json
2020-03-03 12:25:59,986 p=11820 u=mark n=ansible |  11820 1583234759.98617: done dumping result, returning
2020-03-03 12:25:59,986 p=11820 u=mark n=ansible |  11820 1583234759.98670: done running TaskExecutor() for debian/TASK: Run id [525400b2-cc5b-c90d-fc3f-00000000000e]
2020-03-03 12:25:59,987 p=11820 u=mark n=ansible |  11820 1583234759.98715: sending task result for task 525400b2-cc5b-c90d-fc3f-00000000000e
2020-03-03 12:25:59,988 p=11820 u=mark n=ansible |  11820 1583234759.98801: done sending task result for task 525400b2-cc5b-c90d-fc3f-00000000000e
2020-03-03 12:25:59,989 p=11820 u=mark n=ansible |  11820 1583234759.98900: WORKER PROCESS EXITING
2020-03-03 12:25:59,995 p=11808 u=mark n=ansible |  11808 1583234759.99496: worker is 5 (out of 5 available)
2020-03-03 12:25:59,996 p=11808 u=mark n=ansible |  11808 1583234759.99607: exiting _queue_task() for ubuntu16-04/command
2020-03-03 12:25:59,997 p=11861 u=mark n=ansible |  11861 1583234759.99687: running TaskExecutor() for ubuntu16-04/TASK: Run id
2020-03-03 12:25:59,998 p=11861 u=mark n=ansible |  11861 1583234759.99790: in run() - task 525400b2-cc5b-c90d-fc3f-00000000000e
2020-03-03 12:25:59,998 p=11861 u=mark n=ansible |  11861 1583234759.99859: calling self._execute()
2020-03-03 12:26:00,000 p=11808 u=mark n=ansible | [WARNING]: Platform linux on host debian is using the discovered Python interpreter at
/usr/bin/python, but future installation of another Python interpreter could change this. See
https://docs.ansible.com/ansible/2.9/reference_appendices/interpreter_discovery.html for more
information.

2020-03-03 12:26:00,002 p=11861 u=mark n=ansible |  11861 1583234760.00207: trying /usr/share/ansible/plugins/connection
2020-03-03 12:26:00,002 p=11861 u=mark n=ansible |  11861 1583234760.00253: trying /usr/lib/python3.6/site-packages/ansible/plugins/connection
2020-03-03 12:26:00,002 p=11808 u=mark n=ansible | changed: [debian] => {
    "ansible_facts": {
        "discovered_interpreter_python": "/usr/bin/python"
    },
    "changed": true,
    "cmd": [
        "id"
    ],
    "delta": "0:00:00.002988",
    "end": "2020-03-03 12:25:59.890358",
    "invocation": {
        "module_args": {
            "_raw_params": "id",
            "_uses_shell": false,
            "argv": null,
            "chdir": null,
            "creates": null,
            "executable": null,
            "removes": null,
            "stdin": null,
            "stdin_add_newline": true,
            "strip_empty_ends": true,
            "warn": true
        }
    },
    "rc": 0,
    "start": "2020-03-03 12:25:59.887370",
    "stderr": "",
    "stderr_lines": [],
    "stdout": "uid=0(root) gid=0(root) groups=0(root)",
    "stdout_lines": [
        "uid=0(root) gid=0(root) groups=0(root)"
    ]
}
2020-03-03 12:26:00,003 p=11808 u=mark n=ansible |  11808 1583234760.00322: Loading ActionModule 'command' from /usr/lib/python3.6/site-packages/ansible/plugins/action/command.py (searched paths: /usr/share/ansible/plugins/action:/usr/lib/python3.6/site-packages/ansible/plugins/action:/usr/lib/python3.6/site-packages/ansible/plugins/action/__pycache__) (found_in_cache=True, class_only=True)
2020-03-03 12:26:00,003 p=11808 u=mark n=ansible |  11808 1583234760.00356: getting variables
2020-03-03 12:26:00,003 p=11808 u=mark n=ansible |  11808 1583234760.00371: in VariableManager get_vars()
2020-03-03 12:26:00,003 p=11861 u=mark n=ansible |  11861 1583234760.00366: Loading Connection 'ssh' from /usr/lib/python3.6/site-packages/ansible/plugins/connection/ssh.py (searched paths: /usr/share/ansible/plugins/connection:/usr/lib/python3.6/site-packages/ansible/plugins/connection) (found_in_cache=True, class_only=False)
2020-03-03 12:26:00,004 p=11861 u=mark n=ansible |  11861 1583234760.00400: trying /usr/lib/python3.6/site-packages/ansible/plugins/shell
2020-03-03 12:26:00,004 p=11808 u=mark n=ansible |  11808 1583234760.00422: Calling all_inventory to load vars for ubuntu18-04
2020-03-03 12:26:00,004 p=11861 u=mark n=ansible |  11861 1583234760.00448: Loading ShellModule 'sh' from /usr/lib/python3.6/site-packages/ansible/plugins/shell/sh.py (found_in_cache=True, class_only=False)
2020-03-03 12:26:00,004 p=11808 u=mark n=ansible |  11808 1583234760.00455: Calling groups_inventory to load vars for ubuntu18-04
2020-03-03 12:26:00,004 p=11808 u=mark n=ansible |  11808 1583234760.00471: Calling all_plugins_inventory to load vars for ubuntu18-04
2020-03-03 12:26:00,004 p=11861 u=mark n=ansible |  11861 1583234760.00473: Loading ShellModule 'sh' from /usr/lib/python3.6/site-packages/ansible/plugins/shell/sh.py (found_in_cache=True, class_only=False)
2020-03-03 12:26:00,005 p=11861 u=mark n=ansible |  11861 1583234760.00495: trying /usr/share/ansible/plugins/become
2020-03-03 12:26:00,005 p=11861 u=mark n=ansible |  11861 1583234760.00509: trying /usr/lib/python3.6/site-packages/ansible/plugins/become
2020-03-03 12:26:00,005 p=11808 u=mark n=ansible |  11808 1583234760.00518: Loading VarsModule 'host_group_vars' from /usr/lib/python3.6/site-packages/ansible/plugins/vars/host_group_vars.py (found_in_cache=True, class_only=False)
2020-03-03 12:26:00,005 p=11808 u=mark n=ansible |  11808 1583234760.00556: Calling all_plugins_play to load vars for ubuntu18-04
2020-03-03 12:26:00,006 p=11808 u=mark n=ansible |  11808 1583234760.00602: Loading VarsModule 'host_group_vars' from /usr/lib/python3.6/site-packages/ansible/plugins/vars/host_group_vars.py (found_in_cache=True, class_only=False)
2020-03-03 12:26:00,006 p=11816 u=mark n=ansible |  11816 1583234760.00616: stdout chunk (state=3):
>>>PLATFORM
Linux
FOUND
/usr/bin/python
/usr/bin/python2.7
/usr/libexec/platform-python
/usr/bin/python
ENDFOUND
<<<

2020-03-03 12:26:00,006 p=11808 u=mark n=ansible |  11808 1583234760.00657: Calling groups_plugins_inventory to load vars for ubuntu18-04
2020-03-03 12:26:00,007 p=11861 u=mark n=ansible |  11861 1583234760.00704: Loading BecomeModule 'sudo' from /usr/lib/python3.6/site-packages/ansible/plugins/become/sudo.py (searched paths: /usr/share/ansible/plugins/become:/usr/lib/python3.6/site-packages/ansible/plugins/become) (found_in_cache=True, class_only=False)
2020-03-03 12:26:00,007 p=11808 u=mark n=ansible |  11808 1583234760.00716: Loading VarsModule 'host_group_vars' from /usr/lib/python3.6/site-packages/ansible/plugins/vars/host_group_vars.py (found_in_cache=True, class_only=False)
2020-03-03 12:26:00,007 p=11808 u=mark n=ansible |  11808 1583234760.00774: Calling groups_plugins_play to load vars for ubuntu18-04
2020-03-03 12:26:00,008 p=11808 u=mark n=ansible |  11808 1583234760.00825: Loading VarsModule 'host_group_vars' from /usr/lib/python3.6/site-packages/ansible/plugins/vars/host_group_vars.py (found_in_cache=True, class_only=False)
2020-03-03 12:26:00,008 p=11808 u=mark n=ansible |  11808 1583234760.00883: Loading VarsModule 'host_group_vars' from /usr/lib/python3.6/site-packages/ansible/plugins/vars/host_group_vars.py (found_in_cache=True, class_only=False)
2020-03-03 12:26:00,009 p=11808 u=mark n=ansible |  11808 1583234760.00938: Loading VarsModule 'host_group_vars' from /usr/lib/python3.6/site-packages/ansible/plugins/vars/host_group_vars.py (found_in_cache=True, class_only=False)
2020-03-03 12:26:00,010 p=11861 u=mark n=ansible |  11861 1583234760.00993: Loading ActionModule 'command' from /usr/lib/python3.6/site-packages/ansible/plugins/action/command.py (searched paths: /usr/share/ansible/plugins/action:/usr/lib/python3.6/site-packages/ansible/plugins/action:/usr/lib/python3.6/site-packages/ansible/plugins/action/__pycache__) (found_in_cache=True, class_only=False)
2020-03-03 12:26:00,010 p=11861 u=mark n=ansible |  11861 1583234760.01031: starting attempt loop
2020-03-03 12:26:00,010 p=11861 u=mark n=ansible |  11861 1583234760.01058: running the handler
2020-03-03 12:26:00,010 p=11808 u=mark n=ansible |  11808 1583234760.01074: done with get_vars()
2020-03-03 12:26:00,011 p=11861 u=mark n=ansible |  11861 1583234760.01095: _low_level_execute_command(): starting
2020-03-03 12:26:00,011 p=11808 u=mark n=ansible |  11808 1583234760.01124: done getting variables
2020-03-03 12:26:00,011 p=11861 u=mark n=ansible |  11861 1583234760.01123: _low_level_execute_command(): executing: /bin/sh -c 'echo ~sudoall && sleep 0'
2020-03-03 12:26:00,011 p=11808 u=mark n=ansible |  11808 1583234760.01157: entering _queue_task() for ubuntu18-04/command
2020-03-03 12:26:00,011 p=11861 u=mark n=ansible | <ubuntu16-04> ESTABLISH SSH CONNECTION FOR USER: sudoall
2020-03-03 12:26:00,013 p=11861 u=mark n=ansible | <ubuntu16-04> SSH: EXEC ssh -vvv -C -o ControlMaster=auto -o ControlPersist=60s -o StrictHostKeyChecking=no -o KbdInteractiveAuthentication=no -o PreferredAuthentications=gssapi-with-mic,gssapi-keyex,hostbased,publickey -o PasswordAuthentication=no -o 'User="sudoall"' -o ConnectTimeout=10 -o ControlPath=/home/mark/.ansible/cp/4c3d3601da ubuntu16-04 '/bin/sh -c '"'"'echo ~sudoall && sleep 0'"'"''
2020-03-03 12:26:00,013 p=11818 u=mark n=ansible |  11818 1583234760.01355: stdout chunk (state=3):
>>>PLATFORM
Linux
FOUND
/usr/bin/python
/usr/bin/python3.7
/usr/bin/python3
/usr/bin/python
ENDFOUND
<<<

2020-03-03 12:26:00,013 p=11818 u=mark n=ansible |  11818 1583234760.01383: stderr chunk (state=3):
>>>debug3: mux_client_read_packet: read header failed: Broken pipe
debug2: Received exit status from master 0
<<<

2020-03-03 12:26:00,014 p=11818 u=mark n=ansible |  11818 1583234760.01405: stdout chunk (state=3):
>>><<<

2020-03-03 12:26:00,014 p=11818 u=mark n=ansible |  11818 1583234760.01418: stderr chunk (state=3):
>>><<<

2020-03-03 12:26:00,014 p=11818 u=mark n=ansible | <fedora31> (0, b'PLATFORM\nLinux\nFOUND\n/usr/bin/python\n/usr/bin/python3.7\n/usr/bin/python3\n/usr/bin/python\nENDFOUND\n', b"OpenSSH_8.0p1, OpenSSL 1.1.1c FIPS  28 May 2019\r\ndebug1: Reading configuration data /etc/ssh/ssh_config\r\ndebug3: /etc/ssh/ssh_config line 51: Including file /etc/ssh/ssh_config.d/05-redhat.conf depth 0\r\ndebug1: Reading configuration data /etc/ssh/ssh_config.d/05-redhat.conf\r\ndebug2: checking match for 'final all' host fedora31 originally fedora31\r\ndebug3: /etc/ssh/ssh_config.d/05-redhat.conf line 3: not matched 'final'\r\ndebug2: match not found\r\ndebug3: /etc/ssh/ssh_config.d/05-redhat.conf line 5: Including file /etc/crypto-policies/back-ends/openssh.config depth 1 (parse only)\r\ndebug1: Reading configuration data /etc/crypto-policies/back-ends/openssh.config\r\ndebug3: gss kex names ok: [gss-gex-sha1-,gss-group14-sha1-]\r\ndebug3: kex names ok: [curve25519-sha256,curve25519-sha256@libssh.org,ecdh-sha2-nistp256,ecdh-sha2-nistp384,ecdh-sha2-nistp521,diffie-hellman-group-exchange-sha256,diffie-hellman-group14-sha256,diffie-hellman-group16-sha512,diffie-hellman-group18-sha512,diffie-hellman-group-exchange-sha1,diffie-hellman-group14-sha1]\r\ndebug1: configuration requests final Match pass\r\ndebug1: re-parsing configuration\r\ndebug1: Reading configuration data /etc/ssh/ssh_config\r\ndebug3: /etc/ssh/ssh_config line 51: Including file /etc/ssh/ssh_config.d/05-redhat.conf depth 0\r\ndebug1: Reading configuration data /etc/ssh/ssh_config.d/05-redhat.conf\r\ndebug2: checking match for 'final all' host fedora31 originally fedora31\r\ndebug3: /etc/ssh/ssh_config.d/05-redhat.conf line 3: matched 'final'\r\ndebug2: match found\r\ndebug3: /etc/ssh/ssh_config.d/05-redhat.conf line 5: Including file /etc/crypto-policies/back-ends/openssh.config depth 1\r\ndebug1: Reading configuration data /etc/crypto-policies/back-ends/openssh.config\r\ndebug3: gss kex names ok: [gss-gex-sha1-,gss-group14-sha1-]\r\ndebug3: kex names ok: [curve25519-sha256,curve25519-sha256@libssh.org,ecdh-sha2-nistp256,ecdh-sha2-nistp384,ecdh-sha2-nistp521,diffie-hellman-group-exchange-sha256,diffie-hellman-group14-sha256,diffie-hellman-group16-sha512,diffie-hellman-group18-sha512,diffie-hellman-group-exchange-sha1,diffie-hellman-group14-sha1]\r\ndebug1: auto-mux: Trying existing master\r\ndebug2: fd 4 setting O_NONBLOCK\r\ndebug2: mux_client_hello_exchange: master version 4\r\ndebug3: mux_client_forwards: request forwardings: 0 local, 0 remote\r\ndebug3: mux_client_request_session: entering\r\ndebug3: mux_client_request_alive: entering\r\ndebug3: mux_client_request_alive: done pid = 11833\r\ndebug3: mux_client_request_session: session request sent\r\ndebug3: mux_client_read_packet: read header failed: Broken pipe\r\ndebug2: Received exit status from master 0\r\n")
2020-03-03 12:26:00,014 p=11818 u=mark n=ansible |  11818 1583234760.01477: _low_level_execute_command() done: rc=0, stdout=PLATFORM
Linux
FOUND
/usr/bin/python
/usr/bin/python3.7
/usr/bin/python3
/usr/bin/python
ENDFOUND
, stderr=OpenSSH_8.0p1, OpenSSL 1.1.1c FIPS  28 May 2019
debug1: Reading configuration data /etc/ssh/ssh_config
debug3: /etc/ssh/ssh_config line 51: Including file /etc/ssh/ssh_config.d/05-redhat.conf depth 0
debug1: Reading configuration data /etc/ssh/ssh_config.d/05-redhat.conf
debug2: checking match for 'final all' host fedora31 originally fedora31
debug3: /etc/ssh/ssh_config.d/05-redhat.conf line 3: not matched 'final'
debug2: match not found
debug3: /etc/ssh/ssh_config.d/05-redhat.conf line 5: Including file /etc/crypto-policies/back-ends/openssh.config depth 1 (parse only)
debug1: Reading configuration data /etc/crypto-policies/back-ends/openssh.config
debug3: gss kex names ok: [gss-gex-sha1-,gss-group14-sha1-]
debug3: kex names ok: [curve25519-sha256,curve25519-sha256@libssh.org,ecdh-sha2-nistp256,ecdh-sha2-nistp384,ecdh-sha2-nistp521,diffie-hellman-group-exchange-sha256,diffie-hellman-group14-sha256,diffie-hellman-group16-sha512,diffie-hellman-group18-sha512,diffie-hellman-group-exchange-sha1,diffie-hellman-group14-sha1]
debug1: configuration requests final Match pass
debug1: re-parsing configuration
debug1: Reading configuration data /etc/ssh/ssh_config
debug3: /etc/ssh/ssh_config line 51: Including file /etc/ssh/ssh_config.d/05-redhat.conf depth 0
debug1: Reading configuration data /etc/ssh/ssh_config.d/05-redhat.conf
debug2: checking match for 'final all' host fedora31 originally fedora31
debug3: /etc/ssh/ssh_config.d/05-redhat.conf line 3: matched 'final'
debug2: match found
debug3: /etc/ssh/ssh_config.d/05-redhat.conf line 5: Including file /etc/crypto-policies/back-ends/openssh.config depth 1
debug1: Reading configuration data /etc/crypto-policies/back-ends/openssh.config
debug3: gss kex names ok: [gss-gex-sha1-,gss-group14-sha1-]
debug3: kex names ok: [curve25519-sha256,curve25519-sha256@libssh.org,ecdh-sha2-nistp256,ecdh-sha2-nistp384,ecdh-sha2-nistp521,diffie-hellman-group-exchange-sha256,diffie-hellman-group14-sha256,diffie-hellman-group16-sha512,diffie-hellman-group18-sha512,diffie-hellman-group-exchange-sha1,diffie-hellman-group14-sha1]
debug1: auto-mux: Trying existing master
debug2: fd 4 setting O_NONBLOCK
debug2: mux_client_hello_exchange: master version 4
debug3: mux_client_forwards: request forwardings: 0 local, 0 remote
debug3: mux_client_request_session: entering
debug3: mux_client_request_alive: entering
debug3: mux_client_request_alive: done pid = 11833
debug3: mux_client_request_session: session request sent
debug3: mux_client_read_packet: read header failed: Broken pipe
debug2: Received exit status from master 0

2020-03-03 12:26:00,015 p=11818 u=mark n=ansible |  11818 1583234760.01500 [fedora31]: found interpreters: ['/usr/bin/python', '/usr/bin/python3.7', '/usr/bin/python3', '/usr/bin/python']
2020-03-03 12:26:00,015 p=11818 u=mark n=ansible |  11818 1583234760.01576: _low_level_execute_command(): starting
2020-03-03 12:26:00,016 p=11818 u=mark n=ansible |  11818 1583234760.01599: _low_level_execute_command(): executing: /bin/sh -c '/usr/bin/python && sleep 0'
2020-03-03 12:26:00,016 p=11818 u=mark n=ansible | <fedora31> ESTABLISH SSH CONNECTION FOR USER: sudoall
2020-03-03 12:26:00,016 p=11816 u=mark n=ansible |  11816 1583234760.01659: stderr chunk (state=3):
>>>debug3: mux_client_read_packet: read header failed: Broken pipe
debug2: Received exit status from master 0
<<<

2020-03-03 12:26:00,016 p=11816 u=mark n=ansible |  11816 1583234760.01690: stdout chunk (state=3):
>>><<<

2020-03-03 12:26:00,017 p=11818 u=mark n=ansible | <fedora31> SSH: EXEC ssh -vvv -C -o ControlMaster=auto -o ControlPersist=60s -o StrictHostKeyChecking=no -o KbdInteractiveAuthentication=no -o PreferredAuthentications=gssapi-with-mic,gssapi-keyex,hostbased,publickey -o PasswordAuthentication=no -o 'User="sudoall"' -o ConnectTimeout=10 -o ControlPath=/home/mark/.ansible/cp/8ab42c853a fedora31 '/bin/sh -c '"'"'/usr/bin/python && sleep 0'"'"''
2020-03-03 12:26:00,017 p=11816 u=mark n=ansible |  11816 1583234760.01716: stderr chunk (state=3):
>>><<<

2020-03-03 12:26:00,017 p=11816 u=mark n=ansible | <centos7> (0, b'PLATFORM\nLinux\nFOUND\n/usr/bin/python\n/usr/bin/python2.7\n/usr/libexec/platform-python\n/usr/bin/python\nENDFOUND\n', b"OpenSSH_8.0p1, OpenSSL 1.1.1c FIPS  28 May 2019\r\ndebug1: Reading configuration data /etc/ssh/ssh_config\r\ndebug3: /etc/ssh/ssh_config line 51: Including file /etc/ssh/ssh_config.d/05-redhat.conf depth 0\r\ndebug1: Reading configuration data /etc/ssh/ssh_config.d/05-redhat.conf\r\ndebug2: checking match for 'final all' host centos7 originally centos7\r\ndebug3: /etc/ssh/ssh_config.d/05-redhat.conf line 3: not matched 'final'\r\ndebug2: match not found\r\ndebug3: /etc/ssh/ssh_config.d/05-redhat.conf line 5: Including file /etc/crypto-policies/back-ends/openssh.config depth 1 (parse only)\r\ndebug1: Reading configuration data /etc/crypto-policies/back-ends/openssh.config\r\ndebug3: gss kex names ok: [gss-gex-sha1-,gss-group14-sha1-]\r\ndebug3: kex names ok: [curve25519-sha256,curve25519-sha256@libssh.org,ecdh-sha2-nistp256,ecdh-sha2-nistp384,ecdh-sha2-nistp521,diffie-hellman-group-exchange-sha256,diffie-hellman-group14-sha256,diffie-hellman-group16-sha512,diffie-hellman-group18-sha512,diffie-hellman-group-exchange-sha1,diffie-hellman-group14-sha1]\r\ndebug1: configuration requests final Match pass\r\ndebug1: re-parsing configuration\r\ndebug1: Reading configuration data /etc/ssh/ssh_config\r\ndebug3: /etc/ssh/ssh_config line 51: Including file /etc/ssh/ssh_config.d/05-redhat.conf depth 0\r\ndebug1: Reading configuration data /etc/ssh/ssh_config.d/05-redhat.conf\r\ndebug2: checking match for 'final all' host centos7 originally centos7\r\ndebug3: /etc/ssh/ssh_config.d/05-redhat.conf line 3: matched 'final'\r\ndebug2: match found\r\ndebug3: /etc/ssh/ssh_config.d/05-redhat.conf line 5: Including file /etc/crypto-policies/back-ends/openssh.config depth 1\r\ndebug1: Reading configuration data /etc/crypto-policies/back-ends/openssh.config\r\ndebug3: gss kex names ok: [gss-gex-sha1-,gss-group14-sha1-]\r\ndebug3: kex names ok: [curve25519-sha256,curve25519-sha256@libssh.org,ecdh-sha2-nistp256,ecdh-sha2-nistp384,ecdh-sha2-nistp521,diffie-hellman-group-exchange-sha256,diffie-hellman-group14-sha256,diffie-hellman-group16-sha512,diffie-hellman-group18-sha512,diffie-hellman-group-exchange-sha1,diffie-hellman-group14-sha1]\r\ndebug1: auto-mux: Trying existing master\r\ndebug2: fd 4 setting O_NONBLOCK\r\ndebug2: mux_client_hello_exchange: master version 4\r\ndebug3: mux_client_forwards: request forwardings: 0 local, 0 remote\r\ndebug3: mux_client_request_session: entering\r\ndebug3: mux_client_request_alive: entering\r\ndebug3: mux_client_request_alive: done pid = 11827\r\ndebug3: mux_client_request_session: session request sent\r\ndebug3: mux_client_read_packet: read header failed: Broken pipe\r\ndebug2: Received exit status from master 0\r\n")
2020-03-03 12:26:00,017 p=11816 u=mark n=ansible |  11816 1583234760.01782: _low_level_execute_command() done: rc=0, stdout=PLATFORM
Linux
FOUND
/usr/bin/python
/usr/bin/python2.7
/usr/libexec/platform-python
/usr/bin/python
ENDFOUND
, stderr=OpenSSH_8.0p1, OpenSSL 1.1.1c FIPS  28 May 2019
debug1: Reading configuration data /etc/ssh/ssh_config
debug3: /etc/ssh/ssh_config line 51: Including file /etc/ssh/ssh_config.d/05-redhat.conf depth 0
debug1: Reading configuration data /etc/ssh/ssh_config.d/05-redhat.conf
debug2: checking match for 'final all' host centos7 originally centos7
debug3: /etc/ssh/ssh_config.d/05-redhat.conf line 3: not matched 'final'
debug2: match not found
debug3: /etc/ssh/ssh_config.d/05-redhat.conf line 5: Including file /etc/crypto-policies/back-ends/openssh.config depth 1 (parse only)
debug1: Reading configuration data /etc/crypto-policies/back-ends/openssh.config
debug3: gss kex names ok: [gss-gex-sha1-,gss-group14-sha1-]
debug3: kex names ok: [curve25519-sha256,curve25519-sha256@libssh.org,ecdh-sha2-nistp256,ecdh-sha2-nistp384,ecdh-sha2-nistp521,diffie-hellman-group-exchange-sha256,diffie-hellman-group14-sha256,diffie-hellman-group16-sha512,diffie-hellman-group18-sha512,diffie-hellman-group-exchange-sha1,diffie-hellman-group14-sha1]
debug1: configuration requests final Match pass
debug1: re-parsing configuration
debug1: Reading configuration data /etc/ssh/ssh_config
debug3: /etc/ssh/ssh_config line 51: Including file /etc/ssh/ssh_config.d/05-redhat.conf depth 0
debug1: Reading configuration data /etc/ssh/ssh_config.d/05-redhat.conf
debug2: checking match for 'final all' host centos7 originally centos7
debug3: /etc/ssh/ssh_config.d/05-redhat.conf line 3: matched 'final'
debug2: match found
debug3: /etc/ssh/ssh_config.d/05-redhat.conf line 5: Including file /etc/crypto-policies/back-ends/openssh.config depth 1
debug1: Reading configuration data /etc/crypto-policies/back-ends/openssh.config
debug3: gss kex names ok: [gss-gex-sha1-,gss-group14-sha1-]
debug3: kex names ok: [curve25519-sha256,curve25519-sha256@libssh.org,ecdh-sha2-nistp256,ecdh-sha2-nistp384,ecdh-sha2-nistp521,diffie-hellman-group-exchange-sha256,diffie-hellman-group14-sha256,diffie-hellman-group16-sha512,diffie-hellman-group18-sha512,diffie-hellman-group-exchange-sha1,diffie-hellman-group14-sha1]
debug1: auto-mux: Trying existing master
debug2: fd 4 setting O_NONBLOCK
debug2: mux_client_hello_exchange: master version 4
debug3: mux_client_forwards: request forwardings: 0 local, 0 remote
debug3: mux_client_request_session: entering
debug3: mux_client_request_alive: entering
debug3: mux_client_request_alive: done pid = 11827
debug3: mux_client_request_session: session request sent
debug3: mux_client_read_packet: read header failed: Broken pipe
debug2: Received exit status from master 0

2020-03-03 12:26:00,018 p=11816 u=mark n=ansible |  11816 1583234760.01812 [centos7]: found interpreters: ['/usr/bin/python', '/usr/bin/python2.7', '/usr/libexec/platform-python', '/usr/bin/python']
2020-03-03 12:26:00,019 p=11816 u=mark n=ansible |  11816 1583234760.01897: _low_level_execute_command(): starting
2020-03-03 12:26:00,019 p=11816 u=mark n=ansible |  11816 1583234760.01925: _low_level_execute_command(): executing: /bin/sh -c '/usr/bin/python && sleep 0'
2020-03-03 12:26:00,019 p=11816 u=mark n=ansible | <centos7> ESTABLISH SSH CONNECTION FOR USER: sudoall
2020-03-03 12:26:00,021 p=11816 u=mark n=ansible | <centos7> SSH: EXEC ssh -vvv -C -o ControlMaster=auto -o ControlPersist=60s -o StrictHostKeyChecking=no -o KbdInteractiveAuthentication=no -o PreferredAuthentications=gssapi-with-mic,gssapi-keyex,hostbased,publickey -o PasswordAuthentication=no -o 'User="sudoall"' -o ConnectTimeout=10 -o ControlPath=/home/mark/.ansible/cp/25a6c0e9bc centos7 '/bin/sh -c '"'"'/usr/bin/python && sleep 0'"'"''
2020-03-03 12:26:00,024 p=11817 u=mark n=ansible |  11817 1583234760.02143: stdout chunk (state=3):
>>>ansible-tmp-1583234758.2386017-163122209093797=/home/sudoall/.ansible/tmp/ansible-tmp-1583234758.2386017-163122209093797
<<<

2020-03-03 12:26:00,024 p=11817 u=mark n=ansible |  11817 1583234760.02446: stderr chunk (state=3):
>>>debug3: mux_client_read_packet: read header failed: Broken pipe
debug2: Received exit status from master 0
<<<

2020-03-03 12:26:00,024 p=11817 u=mark n=ansible |  11817 1583234760.02476: stdout chunk (state=3):
>>><<<

2020-03-03 12:26:00,025 p=11817 u=mark n=ansible |  11817 1583234760.02493: stderr chunk (state=3):
>>><<<

2020-03-03 12:26:00,025 p=11817 u=mark n=ansible | <rhel8> (0, b'ansible-tmp-1583234758.2386017-163122209093797=/home/sudoall/.ansible/tmp/ansible-tmp-1583234758.2386017-163122209093797\n', b"OpenSSH_8.0p1, OpenSSL 1.1.1c FIPS  28 May 2019\r\ndebug1: Reading configuration data /etc/ssh/ssh_config\r\ndebug3: /etc/ssh/ssh_config line 51: Including file /etc/ssh/ssh_config.d/05-redhat.conf depth 0\r\ndebug1: Reading configuration data /etc/ssh/ssh_config.d/05-redhat.conf\r\ndebug2: checking match for 'final all' host rhel8 originally rhel8\r\ndebug3: /etc/ssh/ssh_config.d/05-redhat.conf line 3: not matched 'final'\r\ndebug2: match not found\r\ndebug3: /etc/ssh/ssh_config.d/05-redhat.conf line 5: Including file /etc/crypto-policies/back-ends/openssh.config depth 1 (parse only)\r\ndebug1: Reading configuration data /etc/crypto-policies/back-ends/openssh.config\r\ndebug3: gss kex names ok: [gss-gex-sha1-,gss-group14-sha1-]\r\ndebug3: kex names ok: [curve25519-sha256,curve25519-sha256@libssh.org,ecdh-sha2-nistp256,ecdh-sha2-nistp384,ecdh-sha2-nistp521,diffie-hellman-group-exchange-sha256,diffie-hellman-group14-sha256,diffie-hellman-group16-sha512,diffie-hellman-group18-sha512,diffie-hellman-group-exchange-sha1,diffie-hellman-group14-sha1]\r\ndebug1: configuration requests final Match pass\r\ndebug1: re-parsing configuration\r\ndebug1: Reading configuration data /etc/ssh/ssh_config\r\ndebug3: /etc/ssh/ssh_config line 51: Including file /etc/ssh/ssh_config.d/05-redhat.conf depth 0\r\ndebug1: Reading configuration data /etc/ssh/ssh_config.d/05-redhat.conf\r\ndebug2: checking match for 'final all' host rhel8 originally rhel8\r\ndebug3: /etc/ssh/ssh_config.d/05-redhat.conf line 3: matched 'final'\r\ndebug2: match found\r\ndebug3: /etc/ssh/ssh_config.d/05-redhat.conf line 5: Including file /etc/crypto-policies/back-ends/openssh.config depth 1\r\ndebug1: Reading configuration data /etc/crypto-policies/back-ends/openssh.config\r\ndebug3: gss kex names ok: [gss-gex-sha1-,gss-group14-sha1-]\r\ndebug3: kex names ok: [curve25519-sha256,curve25519-sha256@libssh.org,ecdh-sha2-nistp256,ecdh-sha2-nistp384,ecdh-sha2-nistp521,diffie-hellman-group-exchange-sha256,diffie-hellman-group14-sha256,diffie-hellman-group16-sha512,diffie-hellman-group18-sha512,diffie-hellman-group-exchange-sha1,diffie-hellman-group14-sha1]\r\ndebug1: auto-mux: Trying existing master\r\ndebug2: fd 4 setting O_NONBLOCK\r\ndebug2: mux_client_hello_exchange: master version 4\r\ndebug3: mux_client_forwards: request forwardings: 0 local, 0 remote\r\ndebug3: mux_client_request_session: entering\r\ndebug3: mux_client_request_alive: entering\r\ndebug3: mux_client_request_alive: done pid = 11839\r\ndebug3: mux_client_request_session: session request sent\r\ndebug3: mux_client_read_packet: read header failed: Broken pipe\r\ndebug2: Received exit status from master 0\r\n")
2020-03-03 12:26:00,025 p=11817 u=mark n=ansible |  11817 1583234760.02553: _low_level_execute_command() done: rc=0, stdout=ansible-tmp-1583234758.2386017-163122209093797=/home/sudoall/.ansible/tmp/ansible-tmp-1583234758.2386017-163122209093797
, stderr=OpenSSH_8.0p1, OpenSSL 1.1.1c FIPS  28 May 2019
debug1: Reading configuration data /etc/ssh/ssh_config
debug3: /etc/ssh/ssh_config line 51: Including file /etc/ssh/ssh_config.d/05-redhat.conf depth 0
debug1: Reading configuration data /etc/ssh/ssh_config.d/05-redhat.conf
debug2: checking match for 'final all' host rhel8 originally rhel8
debug3: /etc/ssh/ssh_config.d/05-redhat.conf line 3: not matched 'final'
debug2: match not found
debug3: /etc/ssh/ssh_config.d/05-redhat.conf line 5: Including file /etc/crypto-policies/back-ends/openssh.config depth 1 (parse only)
debug1: Reading configuration data /etc/crypto-policies/back-ends/openssh.config
debug3: gss kex names ok: [gss-gex-sha1-,gss-group14-sha1-]
debug3: kex names ok: [curve25519-sha256,curve25519-sha256@libssh.org,ecdh-sha2-nistp256,ecdh-sha2-nistp384,ecdh-sha2-nistp521,diffie-hellman-group-exchange-sha256,diffie-hellman-group14-sha256,diffie-hellman-group16-sha512,diffie-hellman-group18-sha512,diffie-hellman-group-exchange-sha1,diffie-hellman-group14-sha1]
debug1: configuration requests final Match pass
debug1: re-parsing configuration
debug1: Reading configuration data /etc/ssh/ssh_config
debug3: /etc/ssh/ssh_config line 51: Including file /etc/ssh/ssh_config.d/05-redhat.conf depth 0
debug1: Reading configuration data /etc/ssh/ssh_config.d/05-redhat.conf
debug2: checking match for 'final all' host rhel8 originally rhel8
debug3: /etc/ssh/ssh_config.d/05-redhat.conf line 3: matched 'final'
debug2: match found
debug3: /etc/ssh/ssh_config.d/05-redhat.conf line 5: Including file /etc/crypto-policies/back-ends/openssh.config depth 1
debug1: Reading configuration data /etc/crypto-policies/back-ends/openssh.config
debug3: gss kex names ok: [gss-gex-sha1-,gss-group14-sha1-]
debug3: kex names ok: [curve25519-sha256,curve25519-sha256@libssh.org,ecdh-sha2-nistp256,ecdh-sha2-nistp384,ecdh-sha2-nistp521,diffie-hellman-group-exchange-sha256,diffie-hellman-group14-sha256,diffie-hellman-group16-sha512,diffie-hellman-group18-sha512,diffie-hellman-group-exchange-sha1,diffie-hellman-group14-sha1]
debug1: auto-mux: Trying existing master
debug2: fd 4 setting O_NONBLOCK
debug2: mux_client_hello_exchange: master version 4
debug3: mux_client_forwards: request forwardings: 0 local, 0 remote
debug3: mux_client_request_session: entering
debug3: mux_client_request_alive: entering
debug3: mux_client_request_alive: done pid = 11839
debug3: mux_client_request_session: session request sent
debug3: mux_client_read_packet: read header failed: Broken pipe
debug2: Received exit status from master 0

2020-03-03 12:26:00,033 p=11861 u=mark n=ansible |  11861 1583234760.03292: stderr chunk (state=2):
>>>OpenSSH_8.0p1, OpenSSL 1.1.1c FIPS  28 May 2019
debug1: Reading configuration data /etc/ssh/ssh_config
debug3: /etc/ssh/ssh_config line 51: Including file /etc/ssh/ssh_config.d/05-redhat.conf depth 0
debug1: Reading configuration data /etc/ssh/ssh_config.d/05-redhat.conf
debug2: checking match for 'final all' host ubuntu16-04 originally ubuntu16-04
debug3: /etc/ssh/ssh_config.d/05-redhat.conf line 3: not matched 'final'
debug2: match not found
debug3: /etc/ssh/ssh_config.d/05-redhat.conf line 5: Including file /etc/crypto-policies/back-ends/openssh.config depth 1 (parse only)
debug1: Reading configuration data /etc/crypto-policies/back-ends/openssh.config
debug3: gss kex names ok: [gss-gex-sha1-,gss-group14-sha1-]
debug3: kex names ok: [curve25519-sha256,curve25519-sha256@libssh.org,ecdh-sha2-nistp256,ecdh-sha2-nistp384,ecdh-sha2-nistp521,diffie-hellman-group-exchange-sha256,diffie-hellman-group14-sha256,diffie-hellman-group16-sha512,diffie-hellman-group18-sha512,diffie-hellman-group-exchange-sha1,diffie-hellman-group14-sha1]
debug1: configuration requests final Match pass
debug1: re-parsing configuration
debug1: Reading configuration data /etc/ssh/ssh_config
debug3: /etc/ssh/ssh_config line 51: Including file /etc/ssh/ssh_config.d/05-redhat.conf depth 0
debug1: Reading configuration data /etc/ssh/ssh_config.d/05-redhat.conf
debug2: checking match for 'final all' host ubuntu16-04 originally ubuntu16-04
debug3: /etc/ssh/ssh_config.d/05-redhat.conf line 3: matched 'final'
debug2: match found
debug3: /etc/ssh/ssh_config.d/05-redhat.conf line 5: Including file /etc/crypto-policies/back-ends/openssh.config depth 1
debug1: Reading configuration data /etc/crypto-policies/back-ends/openssh.config
debug3: gss kex names ok: [gss-gex-sha1-,gss-group14-sha1-]
debug3: kex names ok: [curve25519-sha256,curve25519-sha256@libssh.org,ecdh-sha2-nistp256,ecdh-sha2-nistp384,ecdh-sha2-nistp521,diffie-hellman-group-exchange-sha256,diffie-hellman-group14-sha256,diffie-hellman-group16-sha512,diffie-hellman-group18-sha512,diffie-hellman-group-exchange-sha1,diffie-hellman-group14-sha1]
debug1: auto-mux: Trying existing master
debug1: Control socket "/home/mark/.ansible/cp/4c3d3601da" does not exist
debug2: resolving "ubuntu16-04" port 22
debug2: ssh_connect_direct
debug1: Connecting to ubuntu16-04 [10.80.80.144] port 22.
debug2: fd 4 setting O_NONBLOCK
<<<

2020-03-03 12:26:00,037 p=11818 u=mark n=ansible |  11818 1583234760.03696: Sending initial data
2020-03-03 12:26:00,037 p=11818 u=mark n=ansible |  11818 1583234760.03762: Sent initial data (1234 bytes)
2020-03-03 12:26:00,040 p=11861 u=mark n=ansible |  11861 1583234760.03991: stderr chunk (state=3):
>>>debug1: fd 4 clearing O_NONBLOCK
debug1: Connection established.
debug3: timeout: 9993 ms remain after connect
debug1: identity file /home/mark/.ssh/id_rsa type 0
debug1: identity file /home/mark/.ssh/id_rsa-cert type -1
debug1: identity file /home/mark/.ssh/id_dsa type -1
debug1: identity file /home/mark/.ssh/id_dsa-cert type -1
debug1: identity file /home/mark/.ssh/id_ecdsa type -1
debug1: identity file /home/mark/.ssh/id_ecdsa-cert type -1
debug1: identity file /home/mark/.ssh/id_ed25519 type -1
debug1: identity file /home/mark/.ssh/id_ed25519-cert type -1
debug1: identity file /home/mark/.ssh/id_xmss type -1
debug1: identity file /home/mark/.ssh/id_xmss-cert type -1
debug1: Local version string SSH-2.0-OpenSSH_8.0
debug1: Remote protocol version 2.0, remote software version OpenSSH_7.2p2 Ubuntu-4ubuntu2.8
debug1: match: OpenSSH_7.2p2 Ubuntu-4ubuntu2.8 pat OpenSSH_7.0*,OpenSSH_7.1*,OpenSSH_7.2*,OpenSSH_7.3*,OpenSSH_7.4*,OpenSSH_7.5*,OpenSSH_7.6*,OpenSSH_7.7* compat 0x04000002
debug2: fd 4 setting O_NONBLOCK
debug1: Authenticating to ubuntu16-04:22 as 'sudoall'
debug3: hostkeys_foreach: reading file "/home/mark/.ssh/known_hosts"
debug3: record_hostkey: found key type ECDSA in file /home/mark/.ssh/known_hosts:15
debug3: load_hostkeys: loaded 1 keys from ubuntu16-04
debug3: order_hostkeyalgs: prefer hostkeyalgs: ecdsa-sha2-nistp256-cert-v01@openssh.com,ecdsa-sha2-nistp384-cert-v01@openssh.com,ecdsa-sha2-nistp521-cert-v01@openssh.com,ecdsa-sha2-nistp256,ecdsa-sha2-nistp384,ecdsa-sha2-nistp521
debug3: send packet: type 20
debug1: SSH2_MSG_KEXINIT sent
<<<

2020-03-03 12:26:00,043 p=11818 u=mark n=ansible |  11818 1583234760.04344: stderr chunk (state=3):
>>>OpenSSH_8.0p1, OpenSSL 1.1.1c FIPS  28 May 2019
debug1: Reading configuration data /etc/ssh/ssh_config
debug3: /etc/ssh/ssh_config line 51: Including file /etc/ssh/ssh_config.d/05-redhat.conf depth 0
debug1: Reading configuration data /etc/ssh/ssh_config.d/05-redhat.conf
debug2: checking match for 'final all' host fedora31 originally fedora31
debug3: /etc/ssh/ssh_config.d/05-redhat.conf line 3: not matched 'final'
debug2: match not found
debug3: /etc/ssh/ssh_config.d/05-redhat.conf line 5: Including file /etc/crypto-policies/back-ends/openssh.config depth 1 (parse only)
debug1: Reading configuration data /etc/crypto-policies/back-ends/openssh.config
debug3: gss kex names ok: [gss-gex-sha1-,gss-group14-sha1-]
debug3: kex names ok: [curve25519-sha256,curve25519-sha256@libssh.org,ecdh-sha2-nistp256,ecdh-sha2-nistp384,ecdh-sha2-nistp521,diffie-hellman-group-exchange-sha256,diffie-hellman-group14-sha256,diffie-hellman-group16-sha512,diffie-hellman-group18-sha512,diffie-hellman-group-exchange-sha1,diffie-hellman-group14-sha1]
debug1: configuration requests final Match pass
debug1: re-parsing configuration
debug1: Reading configuration data /etc/ssh/ssh_config
debug3: /etc/ssh/ssh_config line 51: Including file /etc/ssh/ssh_config.d/05-redhat.conf depth 0
debug1: Reading configuration data /etc/ssh/ssh_config.d/05-redhat.conf
debug2: checking match for 'final all' host fedora31 originally fedora31
debug3: /etc/ssh/ssh_config.d/05-redhat.conf line 3: matched 'final'
debug2: match found
debug3: /etc/ssh/ssh_config.d/05-redhat.conf line 5: Including file /etc/crypto-policies/back-ends/openssh.config depth 1
debug1: Reading configuration data /etc/crypto-policies/back-ends/openssh.config
debug3: gss kex names ok: [gss-gex-sha1-,gss-group14-sha1-]
debug3: kex names ok: [curve25519-sha256,curve25519-sha256@libssh.org,ecdh-sha2-nistp256,ecdh-sha2-nistp384,ecdh-sha2-nistp521,diffie-hellman-group-exchange-sha256,diffie-hellman-group14-sha256,diffie-hellman-group16-sha512,diffie-hellman-group18-sha512,diffie-hellman-group-exchange-sha1,diffie-hellman-group14-sha1]
debug1: auto-mux: Trying existing master
debug2: fd 4 setting O_NONBLOCK
<<<

2020-03-03 12:26:00,043 p=11816 u=mark n=ansible |  11816 1583234760.04353: Sending initial data
2020-03-03 12:26:00,044 p=11816 u=mark n=ansible |  11816 1583234760.04426: Sent initial data (1234 bytes)
2020-03-03 12:26:00,044 p=11861 u=mark n=ansible |  11861 1583234760.04442: stderr chunk (state=3):
>>>debug3: receive packet: type 20
debug1: SSH2_MSG_KEXINIT received
debug2: local client KEXINIT proposal
debug2: KEX algorithms: curve25519-sha256,curve25519-sha256@libssh.org,ecdh-sha2-nistp256,ecdh-sha2-nistp384,ecdh-sha2-nistp521,diffie-hellman-group-exchange-sha256,diffie-hellman-group14-sha256,diffie-hellman-group16-sha512,diffie-hellman-group18-sha512,diffie-hellman-group-exchange-sha1,diffie-hellman-group14-sha1,ext-info-c
debug2: host key algorithms: ecdsa-sha2-nistp256-cert-v01@openssh.com,ecdsa-sha2-nistp384-cert-v01@openssh.com,ecdsa-sha2-nistp521-cert-v01@openssh.com,ecdsa-sha2-nistp256,ecdsa-sha2-nistp384,ecdsa-sha2-nistp521,ssh-ed25519-cert-v01@openssh.com,rsa-sha2-512-cert-v01@openssh.com,rsa-sha2-256-cert-v01@openssh.com,ssh-rsa-cert-v01@openssh.com,ssh-ed25519,rsa-sha2-512,rsa-sha2-256,ssh-rsa
debug2: ciphers ctos: aes256-gcm@openssh.com,chacha20-poly1305@openssh.com,aes256-ctr,aes256-cbc,aes128-gcm@openssh.com,aes128-ctr,aes128-cbc
debug2: ciphers stoc: aes256-gcm@openssh.com,chacha20-poly1305@openssh.com,aes256-ctr,aes256-cbc,aes128-gcm@openssh.com,aes128-ctr,aes128-cbc
debug2: MACs ctos: hmac-sha2-256-etm@openssh.com,hmac-sha1-etm@openssh.com,umac-128-etm@openssh.com,hmac-sha2-512-etm@openssh.com,hmac-sha2-256,hmac-sha1,umac-128@openssh.com,hmac-sha2-512
debug2: MACs stoc: hmac-sha2-256-etm@openssh.com,hmac-sha1-etm@openssh.com,umac-128-etm@openssh.com,hmac-sha2-512-etm@openssh.com,hmac-sha2-256,hmac-sha1,umac-128@openssh.com,hmac-sha2-512
debug2: compression ctos: zlib@openssh.com,zlib,none
debug2: compression stoc: zlib@openssh.com,zlib,none
debug2: languages ctos: 
debug2: languages stoc: 
debug2: first_kex_follows 0 
debug2: reserved 0 
debug2: peer server KEXINIT proposal
debug2: KEX algorithms: curve25519-sha256@libssh.org,ecdh-sha2-nistp256,ecdh-sha2-nistp384,ecdh-sha2-nistp521,diffie-hellman-group-exchange-sha256,diffie-hellman-group14-sha1
debug2: host key algorithms: ssh-rsa,rsa-sha2-512,rsa-sha2-256,ecdsa-sha2-nistp256,ssh-ed25519
debug2: ciphers ctos: chacha20-poly1305@openssh.com,aes128-ctr,aes192-ctr,aes256-ctr,aes128-gcm@openssh.com,aes256-gcm@openssh.com
debug2: ciphers stoc: chacha20-poly1305@openssh.com,aes128-ctr,aes192-ctr,aes256-ctr,aes128-gcm@openssh.com,aes256-gcm@openssh.com
debug2: MACs ctos: umac-64-etm@openssh.com,umac-128-etm@openssh.com,hmac-sha2-256-etm@openssh.com,hmac-sha2-512-etm@openssh.com,hmac-sha1-etm@openssh.com,umac-64@openssh.com,umac-128@openssh.com,hmac-sha2-256,hmac-sha2-512,hmac-sha1
debug2: MACs stoc: umac-64-etm@openssh.com,umac-128-etm@openssh.com,hmac-sha2-256-etm@openssh.com,hmac-sha2-512-etm@openssh.com,hmac-sha1-etm@openssh.com,umac-64@openssh.com,umac-128@openssh.com,hmac-sha2-256,hmac-sha2-512,hmac-sha1
debug2: compression ctos: none,zlib@openssh.com
debug2: compression stoc: none,zlib@openssh.com
debug2: languages ctos: 
debug2: languages stoc: 
debug2: first_kex_follows 0 
debug2: reserved 0 
debug1: kex: algorithm: curve25519-sha256@libssh.org
debug1: kex: host key algorithm: ecdsa-sha2-nistp256
debug1: kex: server->client cipher: aes256-gcm@openssh.com MAC: <implicit> compression: zlib@openssh.com
debug1: kex: client->server cipher: aes256-gcm@openssh.com MAC: <implicit> compression: zlib@openssh.com
debug1: kex: curve25519-sha256@libssh.org need=32 dh_need=32
debug1: kex: curve25519-sha256@libssh.org need=32 dh_need=32
debug3: send packet: type 30
debug1: expecting SSH2_MSG_KEX_ECDH_REPLY
<<<

2020-03-03 12:26:00,044 p=11816 u=mark n=ansible |  11816 1583234760.04475: stderr chunk (state=3):
>>>OpenSSH_8.0p1, OpenSSL 1.1.1c FIPS  28 May 2019
debug1: Reading configuration data /etc/ssh/ssh_config
debug3: /etc/ssh/ssh_config line 51: Including file /etc/ssh/ssh_config.d/05-redhat.conf depth 0
debug1: Reading configuration data /etc/ssh/ssh_config.d/05-redhat.conf
debug2: checking match for 'final all' host centos7 originally centos7
debug3: /etc/ssh/ssh_config.d/05-redhat.conf line 3: not matched 'final'
debug2: match not found
debug3: /etc/ssh/ssh_config.d/05-redhat.conf line 5: Including file /etc/crypto-policies/back-ends/openssh.config depth 1 (parse only)
debug1: Reading configuration data /etc/crypto-policies/back-ends/openssh.config
debug3: gss kex names ok: [gss-gex-sha1-,gss-group14-sha1-]
debug3: kex names ok: [curve25519-sha256,curve25519-sha256@libssh.org,ecdh-sha2-nistp256,ecdh-sha2-nistp384,ecdh-sha2-nistp521,diffie-hellman-group-exchange-sha256,diffie-hellman-group14-sha256,diffie-hellman-group16-sha512,diffie-hellman-group18-sha512,diffie-hellman-group-exchange-sha1,diffie-hellman-group14-sha1]
debug1: configuration requests final Match pass
debug1: re-parsing configuration
debug1: Reading configuration data /etc/ssh/ssh_config
debug3: /etc/ssh/ssh_config line 51: Including file /etc/ssh/ssh_config.d/05-redhat.conf depth 0
debug1: Reading configuration data /etc/ssh/ssh_config.d/05-redhat.conf
debug2: checking match for 'final all' host centos7 originally centos7
debug3: /etc/ssh/ssh_config.d/05-redhat.conf line 3: matched 'final'
debug2: match found
debug3: /etc/ssh/ssh_config.d/05-redhat.conf line 5: Including file /etc/crypto-policies/back-ends/openssh.config depth 1
debug1: Reading configuration data /etc/crypto-policies/back-ends/openssh.config
debug3: gss kex names ok: [gss-gex-sha1-,gss-group14-sha1-]
debug3: kex names ok: [curve25519-sha256,curve25519-sha256@libssh.org,ecdh-sha2-nistp256,ecdh-sha2-nistp384,ecdh-sha2-nistp521,diffie-hellman-group-exchange-sha256,diffie-hellman-group14-sha256,diffie-hellman-group16-sha512,diffie-hellman-group18-sha512,diffie-hellman-group-exchange-sha1,diffie-hellman-group14-sha1]
debug1: auto-mux: Trying existing master
debug2: fd 4 setting O_NONBLOCK
debug2: mux_client_hello_exchange: master version 4
debug3: mux_client_forwards: request forwardings: 0 local, 0 remote
debug3: mux_client_request_session: entering
debug3: mux_client_request_alive: entering
debug3: mux_client_request_alive: done pid = 11827
debug3: mux_client_request_session: session request sent
<<<

2020-03-03 12:26:00,054 p=11861 u=mark n=ansible |  11861 1583234760.05385: stderr chunk (state=3):
>>>debug3: receive packet: type 31
debug1: Server host key: ecdsa-sha2-nistp256 SHA256:Ib+SlZ8MH6hK5UwpylGQK6yhkghcAzlnVjNWDKVEI58
debug3: hostkeys_foreach: reading file "/home/mark/.ssh/known_hosts"
debug3: record_hostkey: found key type ECDSA in file /home/mark/.ssh/known_hosts:15
debug3: load_hostkeys: loaded 1 keys from ubuntu16-04
debug3: hostkeys_foreach: reading file "/home/mark/.ssh/known_hosts"
debug3: record_hostkey: found key type ECDSA in file /home/mark/.ssh/known_hosts:7
debug3: load_hostkeys: loaded 1 keys from 10.80.80.144
debug1: Host 'ubuntu16-04' is known and matches the ECDSA host key.
debug1: Found key in /home/mark/.ssh/known_hosts:15
debug3: send packet: type 21
debug2: set_newkeys: mode 1
debug1: rekey out after 4294967296 blocks
debug1: SSH2_MSG_NEWKEYS sent
debug1: expecting SSH2_MSG_NEWKEYS
debug3: receive packet: type 21
debug1: SSH2_MSG_NEWKEYS received
debug2: set_newkeys: mode 0
debug1: rekey in after 4294967296 blocks
debug1: Will attempt key: /home/mark/.ssh/id_rsa RSA SHA256:aUPgboo2qcZ7/3oRAQls/UxXvd8kP+xi/72G/L4HSlQ
debug1: Will attempt key: /home/mark/.ssh/id_dsa 
debug1: Will attempt key: /home/mark/.ssh/id_ecdsa 
debug1: Will attempt key: /home/mark/.ssh/id_ed25519 
debug1: Will attempt key: /home/mark/.ssh/id_xmss 
debug2: pubkey_prepare: done
debug3: send packet: type 5
debug3: receive packet: type 7
debug1: SSH2_MSG_EXT_INFO received
debug1: kex_input_ext_info: server-sig-algs=<rsa-sha2-256,rsa-sha2-512>
<<<

2020-03-03 12:26:00,057 p=11818 u=mark n=ansible |  11818 1583234760.05670: stderr chunk (state=3):
>>>debug2: mux_client_hello_exchange: master version 4
debug3: mux_client_forwards: request forwardings: 0 local, 0 remote
debug3: mux_client_request_session: entering
debug3: mux_client_request_alive: entering
debug3: mux_client_request_alive: done pid = 11833
debug3: mux_client_request_session: session request sent
<<<

2020-03-03 12:26:00,070 p=11817 u=mark n=ansible |  11817 1583234760.07018: trying /usr/share/ansible/plugins/modules
2020-03-03 12:26:00,070 p=11817 u=mark n=ansible |  11817 1583234760.07055: trying /usr/lib/python3.6/site-packages/ansible/modules
2020-03-03 12:26:00,070 p=11817 u=mark n=ansible |  11817 1583234760.07087: trying /usr/lib/python3.6/site-packages/ansible/modules/__pycache__
2020-03-03 12:26:00,071 p=11817 u=mark n=ansible |  11817 1583234760.07104: trying /usr/lib/python3.6/site-packages/ansible/modules/cloud
2020-03-03 12:26:00,071 p=11817 u=mark n=ansible |  11817 1583234760.07161: trying /usr/lib/python3.6/site-packages/ansible/modules/clustering
2020-03-03 12:26:00,072 p=11817 u=mark n=ansible |  11817 1583234760.07196: trying /usr/lib/python3.6/site-packages/ansible/modules/commands
2020-03-03 12:26:00,072 p=11817 u=mark n=ansible |  11817 1583234760.07270: ANSIBALLZ: using cached module: /home/mark/.ansible/tmp/ansible-local-11808ea7n9daf/ansiballz_cache/command-ZIP_DEFLATED
2020-03-03 12:26:00,073 p=11817 u=mark n=ansible | <rhel8> Attempting python interpreter discovery
2020-03-03 12:26:00,073 p=11817 u=mark n=ansible |  11817 1583234760.07362: _low_level_execute_command(): starting
2020-03-03 12:26:00,073 p=11817 u=mark n=ansible |  11817 1583234760.07379: _low_level_execute_command(): executing: /bin/sh -c 'echo PLATFORM; uname; echo FOUND; command -v '"'"'/usr/bin/python'"'"'; command -v '"'"'python3.7'"'"'; command -v '"'"'python3.6'"'"'; command -v '"'"'python3.5'"'"'; command -v '"'"'python2.7'"'"'; command -v '"'"'python2.6'"'"'; command -v '"'"'/usr/libexec/platform-python'"'"'; command -v '"'"'/usr/bin/python3'"'"'; command -v '"'"'python'"'"'; echo ENDFOUND && sleep 0'
2020-03-03 12:26:00,073 p=11817 u=mark n=ansible | <rhel8> ESTABLISH SSH CONNECTION FOR USER: sudoall
2020-03-03 12:26:00,074 p=11817 u=mark n=ansible | <rhel8> SSH: EXEC ssh -vvv -C -o ControlMaster=auto -o ControlPersist=60s -o StrictHostKeyChecking=no -o KbdInteractiveAuthentication=no -o PreferredAuthentications=gssapi-with-mic,gssapi-keyex,hostbased,publickey -o PasswordAuthentication=no -o 'User="sudoall"' -o ConnectTimeout=10 -o ControlPath=/home/mark/.ansible/cp/c773ad9e8a rhel8 '/bin/sh -c '"'"'echo PLATFORM; uname; echo FOUND; command -v '"'"'"'"'"'"'"'"'/usr/bin/python'"'"'"'"'"'"'"'"'; command -v '"'"'"'"'"'"'"'"'python3.7'"'"'"'"'"'"'"'"'; command -v '"'"'"'"'"'"'"'"'python3.6'"'"'"'"'"'"'"'"'; command -v '"'"'"'"'"'"'"'"'python3.5'"'"'"'"'"'"'"'"'; command -v '"'"'"'"'"'"'"'"'python2.7'"'"'"'"'"'"'"'"'; command -v '"'"'"'"'"'"'"'"'python2.6'"'"'"'"'"'"'"'"'; command -v '"'"'"'"'"'"'"'"'/usr/libexec/platform-python'"'"'"'"'"'"'"'"'; command -v '"'"'"'"'"'"'"'"'/usr/bin/python3'"'"'"'"'"'"'"'"'; command -v '"'"'"'"'"'"'"'"'python'"'"'"'"'"'"'"'"'; echo ENDFOUND && sleep 0'"'"''
2020-03-03 12:26:00,084 p=11817 u=mark n=ansible |  11817 1583234760.08405: stderr chunk (state=2):
>>>OpenSSH_8.0p1, OpenSSL 1.1.1c FIPS  28 May 2019
debug1: Reading configuration data /etc/ssh/ssh_config
debug3: /etc/ssh/ssh_config line 51: Including file /etc/ssh/ssh_config.d/05-redhat.conf depth 0
debug1: Reading configuration data /etc/ssh/ssh_config.d/05-redhat.conf
<<<

2020-03-03 12:26:00,084 p=11817 u=mark n=ansible |  11817 1583234760.08470: stderr chunk (state=3):
>>>debug2: checking match for 'final all' host rhel8 originally rhel8
debug3: /etc/ssh/ssh_config.d/05-redhat.conf line 3: not matched 'final'
debug2: match not found
debug3: /etc/ssh/ssh_config.d/05-redhat.conf line 5: Including file /etc/crypto-policies/back-ends/openssh.config depth 1 (parse only)
debug1: Reading configuration data /etc/crypto-policies/back-ends/openssh.config
debug3: gss kex names ok: [gss-gex-sha1-,gss-group14-sha1-]
debug3: kex names ok: [curve25519-sha256,curve25519-sha256@libssh.org,ecdh-sha2-nistp256,ecdh-sha2-nistp384,ecdh-sha2-nistp521,diffie-hellman-group-exchange-sha256,diffie-hellman-group14-sha256,diffie-hellman-group16-sha512,diffie-hellman-group18-sha512,diffie-hellman-group-exchange-sha1,diffie-hellman-group14-sha1]
debug1: configuration requests final Match pass
debug1: re-parsing configuration
debug1: Reading configuration data /etc/ssh/ssh_config
debug3: /etc/ssh/ssh_config line 51: Including file /etc/ssh/ssh_config.d/05-redhat.conf depth 0
debug1: Reading configuration data /etc/ssh/ssh_config.d/05-redhat.conf
debug2: checking match for 'final all' host rhel8 originally rhel8
debug3: /etc/ssh/ssh_config.d/05-redhat.conf line 3: matched 'final'
debug2: match found
debug3: /etc/ssh/ssh_config.d/05-redhat.conf line 5: Including file /etc/crypto-policies/back-ends/openssh.config depth 1
debug1: Reading configuration data /etc/crypto-policies/back-ends/openssh.config
debug3: gss kex names ok: [gss-gex-sha1-,gss-group14-sha1-]
debug3: kex names ok: [curve25519-sha256,curve25519-sha256@libssh.org,ecdh-sha2-nistp256,ecdh-sha2-nistp384,ecdh-sha2-nistp521,diffie-hellman-group-exchange-sha256,diffie-hellman-group14-sha256,diffie-hellman-group16-sha512,diffie-hellman-group18-sha512,diffie-hellman-group-exchange-sha1,diffie-hellman-group14-sha1]
debug1: auto-mux: Trying existing master
<<<

2020-03-03 12:26:00,085 p=11817 u=mark n=ansible |  11817 1583234760.08501: stderr chunk (state=3):
>>>debug2: fd 4 setting O_NONBLOCK
<<<

2020-03-03 12:26:00,086 p=11817 u=mark n=ansible |  11817 1583234760.08596: stderr chunk (state=3):
>>>debug2: mux_client_hello_exchange: master version 4
debug3: mux_client_forwards: request forwardings: 0 local, 0 remote
debug3: mux_client_request_session: entering
debug3: mux_client_request_alive: entering
debug3: mux_client_request_alive: done pid = 11839
debug3: mux_client_request_session: session request sent
<<<

2020-03-03 12:26:00,094 p=11861 u=mark n=ansible |  11861 1583234760.09450: stderr chunk (state=3):
>>>debug3: receive packet: type 6
debug2: service_accept: ssh-userauth
debug1: SSH2_MSG_SERVICE_ACCEPT received
debug3: send packet: type 50
<<<

2020-03-03 12:26:00,098 p=11861 u=mark n=ansible |  11861 1583234760.09847: stderr chunk (state=3):
>>>debug3: receive packet: type 51
debug1: Authentications that can continue: publickey,password
debug3: start over, passed a different list publickey,password
debug3: preferred gssapi-with-mic,gssapi-keyex,hostbased,publickey
debug3: authmethod_lookup publickey
debug3: remaining preferred: ,gssapi-keyex,hostbased,publickey
debug3: authmethod_is_enabled publickey
debug1: Next authentication method: publickey
debug1: Offering public key: /home/mark/.ssh/id_rsa RSA SHA256:aUPgboo2qcZ7/3oRAQls/UxXvd8kP+xi/72G/L4HSlQ
debug3: send packet: type 50
debug2: we sent a publickey packet, wait for reply
<<<

2020-03-03 12:26:00,106 p=11861 u=mark n=ansible |  11861 1583234760.10623: stderr chunk (state=3):
>>>debug3: receive packet: type 60
debug1: Server accepts key: /home/mark/.ssh/id_rsa RSA SHA256:aUPgboo2qcZ7/3oRAQls/UxXvd8kP+xi/72G/L4HSlQ
debug3: sign_and_send_pubkey: RSA SHA256:aUPgboo2qcZ7/3oRAQls/UxXvd8kP+xi/72G/L4HSlQ
debug3: sign_and_send_pubkey: signing using rsa-sha2-256
debug3: send packet: type 50
<<<

2020-03-03 12:26:00,110 p=11861 u=mark n=ansible |  11861 1583234760.11016: stderr chunk (state=3):
>>>debug3: receive packet: type 52
debug1: Enabling compression at level 6.
debug1: Authentication succeeded (publickey).
Authenticated to ubuntu16-04 ([10.80.80.144]:22).
debug1: setting up multiplex master socket
debug3: muxserver_listen: temporary control path /home/mark/.ansible/cp/4c3d3601da.nek7dvTzzHGCE3ZQ
debug2: fd 5 setting O_NONBLOCK
debug3: fd 5 is O_NONBLOCK
debug3: fd 5 is O_NONBLOCK
debug1: channel 0: new [/home/mark/.ansible/cp/4c3d3601da]
debug3: muxserver_listen: mux listener channel 0 fd 5
debug2: fd 4 setting TCP_NODELAY
debug3: ssh_packet_set_tos: set IP_TOS 0x20
debug1: control_persist_detach: backgrounding master process
debug2: control_persist_detach: background process is 11866
debug2: fd 5 setting O_NONBLOCK
<<<

2020-03-03 12:26:00,111 p=11861 u=mark n=ansible |  11861 1583234760.11147: stderr chunk (state=3):
>>>debug1: forking to background
debug1: Entering interactive session.
debug1: pledge: id
debug2: set_control_persist_exit_time: schedule exit in 60 seconds
debug1: multiplexing control connection
<<<

2020-03-03 12:26:00,112 p=11861 u=mark n=ansible |  11861 1583234760.11198: stderr chunk (state=3):
>>>debug2: fd 6 setting O_NONBLOCK
debug3: fd 6 is O_NONBLOCK
debug1: channel 1: new [mux-control]
debug3: channel_post_mux_listener: new mux channel 1 fd 6
debug3: mux_master_read_cb: channel 1: hello sent
debug2: set_control_persist_exit_time: cancel scheduled exit
debug3: mux_master_read_cb: channel 1 packet type 0x00000001 len 4
debug2: mux_master_process_hello: channel 1 slave version 4
<<<

2020-03-03 12:26:00,112 p=11861 u=mark n=ansible |  11861 1583234760.11254: stderr chunk (state=3):
>>>debug2: mux_client_hello_exchange: master version 4
debug3: mux_client_forwards: request forwardings: 0 local, 0 remote
debug3: mux_client_request_session: entering
debug3: mux_client_request_alive: entering
<<<

2020-03-03 12:26:00,113 p=11861 u=mark n=ansible |  11861 1583234760.11301: stderr chunk (state=3):
>>>debug3: mux_master_read_cb: channel 1 packet type 0x10000004 len 4
debug2: mux_master_process_alive_check: channel 1: alive check
<<<

2020-03-03 12:26:00,114 p=11861 u=mark n=ansible |  11861 1583234760.11373: stderr chunk (state=3):
>>>debug3: mux_client_request_alive: done pid = 11868
debug3: mux_client_request_session: session request sent
<<<

2020-03-03 12:26:00,114 p=11861 u=mark n=ansible |  11861 1583234760.11443: stderr chunk (state=3):
>>>debug3: mux_master_read_cb: channel 1 packet type 0x10000002 len 107
debug2: mux_master_process_new_session: channel 1: request tty 0, X 0, agent 0, subsys 0, term "xterm-256color", cmd "/bin/sh -c 'echo ~sudoall && sleep 0'", env 1
debug3: mux_master_process_new_session: got fds stdin 7, stdout 8, stderr 9
debug2: fd 8 setting O_NONBLOCK
debug2: fd 9 setting O_NONBLOCK
debug1: channel 2: new [client-session]
debug2: mux_master_process_new_session: channel_new: 2 linked to control channel 1
debug2: channel 2: send open
debug3: send packet: type 90
<<<

2020-03-03 12:26:00,118 p=11816 u=mark n=ansible |  11816 1583234760.11845: stdout chunk (state=3):
>>>{"osrelease_content": "NAME=\"CentOS Linux\"\nVERSION=\"7 (Core)\"\nID=\"centos\"\nID_LIKE=\"rhel fedora\"\nVERSION_ID=\"7\"\nPRETTY_NAME=\"CentOS Linux 7 (Core)\"\nANSI_COLOR=\"0;31\"\nCPE_NAME=\"cpe:/o:centos:centos:7\"\nHOME_URL=\"https://www.centos.org/\"\nBUG_REPORT_URL=\"https://bugs.centos.org/\"\n\nCENTOS_MANTISBT_PROJECT=\"CentOS-7\"\nCENTOS_MANTISBT_PROJECT_VERSION=\"7\"\nREDHAT_SUPPORT_PRODUCT=\"centos\"\nREDHAT_SUPPORT_PRODUCT_VERSION=\"7\"\n\n", "platform_dist_result": ["centos", "7.7.1908", "Core"]}
<<<

2020-03-03 12:26:00,120 p=11817 u=mark n=ansible |  11817 1583234760.12006: stdout chunk (state=3):
>>>PLATFORM
<<<

2020-03-03 12:26:00,120 p=11816 u=mark n=ansible |  11816 1583234760.12065: stderr chunk (state=3):
>>>debug3: mux_client_read_packet: read header failed: Broken pipe
debug2: Received exit status from master 0
<<<

2020-03-03 12:26:00,121 p=11816 u=mark n=ansible |  11816 1583234760.12140: stderr chunk (state=3):
>>><<<

2020-03-03 12:26:00,122 p=11816 u=mark n=ansible |  11816 1583234760.12202: stdout chunk (state=3):
>>><<<

2020-03-03 12:26:00,122 p=11817 u=mark n=ansible |  11817 1583234760.12209: stdout chunk (state=3):
>>>Linux
<<<

2020-03-03 12:26:00,122 p=11816 u=mark n=ansible | <centos7> (0, b'{"osrelease_content": "NAME=\\"CentOS Linux\\"\\nVERSION=\\"7 (Core)\\"\\nID=\\"centos\\"\\nID_LIKE=\\"rhel fedora\\"\\nVERSION_ID=\\"7\\"\\nPRETTY_NAME=\\"CentOS Linux 7 (Core)\\"\\nANSI_COLOR=\\"0;31\\"\\nCPE_NAME=\\"cpe:/o:centos:centos:7\\"\\nHOME_URL=\\"https://www.centos.org/\\"\\nBUG_REPORT_URL=\\"https://bugs.centos.org/\\"\\n\\nCENTOS_MANTISBT_PROJECT=\\"CentOS-7\\"\\nCENTOS_MANTISBT_PROJECT_VERSION=\\"7\\"\\nREDHAT_SUPPORT_PRODUCT=\\"centos\\"\\nREDHAT_SUPPORT_PRODUCT_VERSION=\\"7\\"\\n\\n", "platform_dist_result": ["centos", "7.7.1908", "Core"]}\n', b"OpenSSH_8.0p1, OpenSSL 1.1.1c FIPS  28 May 2019\r\ndebug1: Reading configuration data /etc/ssh/ssh_config\r\ndebug3: /etc/ssh/ssh_config line 51: Including file /etc/ssh/ssh_config.d/05-redhat.conf depth 0\r\ndebug1: Reading configuration data /etc/ssh/ssh_config.d/05-redhat.conf\r\ndebug2: checking match for 'final all' host centos7 originally centos7\r\ndebug3: /etc/ssh/ssh_config.d/05-redhat.conf line 3: not matched 'final'\r\ndebug2: match not found\r\ndebug3: /etc/ssh/ssh_config.d/05-redhat.conf line 5: Including file /etc/crypto-policies/back-ends/openssh.config depth 1 (parse only)\r\ndebug1: Reading configuration data /etc/crypto-policies/back-ends/openssh.config\r\ndebug3: gss kex names ok: [gss-gex-sha1-,gss-group14-sha1-]\r\ndebug3: kex names ok: [curve25519-sha256,curve25519-sha256@libssh.org,ecdh-sha2-nistp256,ecdh-sha2-nistp384,ecdh-sha2-nistp521,diffie-hellman-group-exchange-sha256,diffie-hellman-group14-sha256,diffie-hellman-group16-sha512,diffie-hellman-group18-sha512,diffie-hellman-group-exchange-sha1,diffie-hellman-group14-sha1]\r\ndebug1: configuration requests final Match pass\r\ndebug1: re-parsing configuration\r\ndebug1: Reading configuration data /etc/ssh/ssh_config\r\ndebug3: /etc/ssh/ssh_config line 51: Including file /etc/ssh/ssh_config.d/05-redhat.conf depth 0\r\ndebug1: Reading configuration data /etc/ssh/ssh_config.d/05-redhat.conf\r\ndebug2: checking match for 'final all' host centos7 originally centos7\r\ndebug3: /etc/ssh/ssh_config.d/05-redhat.conf line 3: matched 'final'\r\ndebug2: match found\r\ndebug3: /etc/ssh/ssh_config.d/05-redhat.conf line 5: Including file /etc/crypto-policies/back-ends/openssh.config depth 1\r\ndebug1: Reading configuration data /etc/crypto-policies/back-ends/openssh.config\r\ndebug3: gss kex names ok: [gss-gex-sha1-,gss-group14-sha1-]\r\ndebug3: kex names ok: [curve25519-sha256,curve25519-sha256@libssh.org,ecdh-sha2-nistp256,ecdh-sha2-nistp384,ecdh-sha2-nistp521,diffie-hellman-group-exchange-sha256,diffie-hellman-group14-sha256,diffie-hellman-group16-sha512,diffie-hellman-group18-sha512,diffie-hellman-group-exchange-sha1,diffie-hellman-group14-sha1]\r\ndebug1: auto-mux: Trying existing master\r\ndebug2: fd 4 setting O_NONBLOCK\r\ndebug2: mux_client_hello_exchange: master version 4\r\ndebug3: mux_client_forwards: request forwardings: 0 local, 0 remote\r\ndebug3: mux_client_request_session: entering\r\ndebug3: mux_client_request_alive: entering\r\ndebug3: mux_client_request_alive: done pid = 11827\r\ndebug3: mux_client_request_session: session request sent\r\ndebug3: mux_client_read_packet: read header failed: Broken pipe\r\ndebug2: Received exit status from master 0\r\n")
2020-03-03 12:26:00,123 p=11817 u=mark n=ansible |  11817 1583234760.12285: stdout chunk (state=3):
>>>FOUND
/usr/libexec/platform-python
ENDFOUND
<<<

2020-03-03 12:26:00,123 p=11816 u=mark n=ansible |  11816 1583234760.12320: _low_level_execute_command() done: rc=0, stdout={"osrelease_content": "NAME=\"CentOS Linux\"\nVERSION=\"7 (Core)\"\nID=\"centos\"\nID_LIKE=\"rhel fedora\"\nVERSION_ID=\"7\"\nPRETTY_NAME=\"CentOS Linux 7 (Core)\"\nANSI_COLOR=\"0;31\"\nCPE_NAME=\"cpe:/o:centos:centos:7\"\nHOME_URL=\"https://www.centos.org/\"\nBUG_REPORT_URL=\"https://bugs.centos.org/\"\n\nCENTOS_MANTISBT_PROJECT=\"CentOS-7\"\nCENTOS_MANTISBT_PROJECT_VERSION=\"7\"\nREDHAT_SUPPORT_PRODUCT=\"centos\"\nREDHAT_SUPPORT_PRODUCT_VERSION=\"7\"\n\n", "platform_dist_result": ["centos", "7.7.1908", "Core"]}
, stderr=OpenSSH_8.0p1, OpenSSL 1.1.1c FIPS  28 May 2019
debug1: Reading configuration data /etc/ssh/ssh_config
debug3: /etc/ssh/ssh_config line 51: Including file /etc/ssh/ssh_config.d/05-redhat.conf depth 0
debug1: Reading configuration data /etc/ssh/ssh_config.d/05-redhat.conf
debug2: checking match for 'final all' host centos7 originally centos7
debug3: /etc/ssh/ssh_config.d/05-redhat.conf line 3: not matched 'final'
debug2: match not found
debug3: /etc/ssh/ssh_config.d/05-redhat.conf line 5: Including file /etc/crypto-policies/back-ends/openssh.config depth 1 (parse only)
debug1: Reading configuration data /etc/crypto-policies/back-ends/openssh.config
debug3: gss kex names ok: [gss-gex-sha1-,gss-group14-sha1-]
debug3: kex names ok: [curve25519-sha256,curve25519-sha256@libssh.org,ecdh-sha2-nistp256,ecdh-sha2-nistp384,ecdh-sha2-nistp521,diffie-hellman-group-exchange-sha256,diffie-hellman-group14-sha256,diffie-hellman-group16-sha512,diffie-hellman-group18-sha512,diffie-hellman-group-exchange-sha1,diffie-hellman-group14-sha1]
debug1: configuration requests final Match pass
debug1: re-parsing configuration
debug1: Reading configuration data /etc/ssh/ssh_config
debug3: /etc/ssh/ssh_config line 51: Including file /etc/ssh/ssh_config.d/05-redhat.conf depth 0
debug1: Reading configuration data /etc/ssh/ssh_config.d/05-redhat.conf
debug2: checking match for 'final all' host centos7 originally centos7
debug3: /etc/ssh/ssh_config.d/05-redhat.conf line 3: matched 'final'
debug2: match found
debug3: /etc/ssh/ssh_config.d/05-redhat.conf line 5: Including file /etc/crypto-policies/back-ends/openssh.config depth 1
debug1: Reading configuration data /etc/crypto-policies/back-ends/openssh.config
debug3: gss kex names ok: [gss-gex-sha1-,gss-group14-sha1-]
debug3: kex names ok: [curve25519-sha256,curve25519-sha256@libssh.org,ecdh-sha2-nistp256,ecdh-sha2-nistp384,ecdh-sha2-nistp521,diffie-hellman-group-exchange-sha256,diffie-hellman-group14-sha256,diffie-hellman-group16-sha512,diffie-hellman-group18-sha512,diffie-hellman-group-exchange-sha1,diffie-hellman-group14-sha1]
debug1: auto-mux: Trying existing master
debug2: fd 4 setting O_NONBLOCK
debug2: mux_client_hello_exchange: master version 4
debug3: mux_client_forwards: request forwardings: 0 local, 0 remote
debug3: mux_client_request_session: entering
debug3: mux_client_request_alive: entering
debug3: mux_client_request_alive: done pid = 11827
debug3: mux_client_request_session: session request sent
debug3: mux_client_read_packet: read header failed: Broken pipe
debug2: Received exit status from master 0

2020-03-03 12:26:00,124 p=11816 u=mark n=ansible |  11816 1583234760.12439: ANSIBALLZ: using cached module: /home/mark/.ansible/tmp/ansible-local-11808ea7n9daf/ansiballz_cache/command-ZIP_DEFLATED
2020-03-03 12:26:00,125 p=11816 u=mark n=ansible | Using module file /usr/lib/python3.6/site-packages/ansible/modules/commands/command.py
2020-03-03 12:26:00,125 p=11816 u=mark n=ansible |  11816 1583234760.12582: transferring module to remote /home/sudoall/.ansible/tmp/ansible-tmp-1583234758.2094421-191384882685832/AnsiballZ_command.py
2020-03-03 12:26:00,126 p=11817 u=mark n=ansible |  11817 1583234760.12596: stderr chunk (state=3):
>>>debug3: mux_client_read_packet: read header failed: Broken pipe
debug2: Received exit status from master 0
<<<

2020-03-03 12:26:00,126 p=11817 u=mark n=ansible |  11817 1583234760.12631: stdout chunk (state=3):
>>><<<

2020-03-03 12:26:00,126 p=11817 u=mark n=ansible |  11817 1583234760.12678: stderr chunk (state=3):
>>><<<

2020-03-03 12:26:00,127 p=11817 u=mark n=ansible | <rhel8> (0, b'PLATFORM\nLinux\nFOUND\n/usr/libexec/platform-python\nENDFOUND\n', b"OpenSSH_8.0p1, OpenSSL 1.1.1c FIPS  28 May 2019\r\ndebug1: Reading configuration data /etc/ssh/ssh_config\r\ndebug3: /etc/ssh/ssh_config line 51: Including file /etc/ssh/ssh_config.d/05-redhat.conf depth 0\r\ndebug1: Reading configuration data /etc/ssh/ssh_config.d/05-redhat.conf\r\ndebug2: checking match for 'final all' host rhel8 originally rhel8\r\ndebug3: /etc/ssh/ssh_config.d/05-redhat.conf line 3: not matched 'final'\r\ndebug2: match not found\r\ndebug3: /etc/ssh/ssh_config.d/05-redhat.conf line 5: Including file /etc/crypto-policies/back-ends/openssh.config depth 1 (parse only)\r\ndebug1: Reading configuration data /etc/crypto-policies/back-ends/openssh.config\r\ndebug3: gss kex names ok: [gss-gex-sha1-,gss-group14-sha1-]\r\ndebug3: kex names ok: [curve25519-sha256,curve25519-sha256@libssh.org,ecdh-sha2-nistp256,ecdh-sha2-nistp384,ecdh-sha2-nistp521,diffie-hellman-group-exchange-sha256,diffie-hellman-group14-sha256,diffie-hellman-group16-sha512,diffie-hellman-group18-sha512,diffie-hellman-group-exchange-sha1,diffie-hellman-group14-sha1]\r\ndebug1: configuration requests final Match pass\r\ndebug1: re-parsing configuration\r\ndebug1: Reading configuration data /etc/ssh/ssh_config\r\ndebug3: /etc/ssh/ssh_config line 51: Including file /etc/ssh/ssh_config.d/05-redhat.conf depth 0\r\ndebug1: Reading configuration data /etc/ssh/ssh_config.d/05-redhat.conf\r\ndebug2: checking match for 'final all' host rhel8 originally rhel8\r\ndebug3: /etc/ssh/ssh_config.d/05-redhat.conf line 3: matched 'final'\r\ndebug2: match found\r\ndebug3: /etc/ssh/ssh_config.d/05-redhat.conf line 5: Including file /etc/crypto-policies/back-ends/openssh.config depth 1\r\ndebug1: Reading configuration data /etc/crypto-policies/back-ends/openssh.config\r\ndebug3: gss kex names ok: [gss-gex-sha1-,gss-group14-sha1-]\r\ndebug3: kex names ok: [curve25519-sha256,curve25519-sha256@libssh.org,ecdh-sha2-nistp256,ecdh-sha2-nistp384,ecdh-sha2-nistp521,diffie-hellman-group-exchange-sha256,diffie-hellman-group14-sha256,diffie-hellman-group16-sha512,diffie-hellman-group18-sha512,diffie-hellman-group-exchange-sha1,diffie-hellman-group14-sha1]\r\ndebug1: auto-mux: Trying existing master\r\ndebug2: fd 4 setting O_NONBLOCK\r\ndebug2: mux_client_hello_exchange: master version 4\r\ndebug3: mux_client_forwards: request forwardings: 0 local, 0 remote\r\ndebug3: mux_client_request_session: entering\r\ndebug3: mux_client_request_alive: entering\r\ndebug3: mux_client_request_alive: done pid = 11839\r\ndebug3: mux_client_request_session: session request sent\r\ndebug3: mux_client_read_packet: read header failed: Broken pipe\r\ndebug2: Received exit status from master 0\r\n")
2020-03-03 12:26:00,127 p=11817 u=mark n=ansible |  11817 1583234760.12745: _low_level_execute_command() done: rc=0, stdout=PLATFORM
Linux
FOUND
/usr/libexec/platform-python
ENDFOUND
, stderr=OpenSSH_8.0p1, OpenSSL 1.1.1c FIPS  28 May 2019
debug1: Reading configuration data /etc/ssh/ssh_config
debug3: /etc/ssh/ssh_config line 51: Including file /etc/ssh/ssh_config.d/05-redhat.conf depth 0
debug1: Reading configuration data /etc/ssh/ssh_config.d/05-redhat.conf
debug2: checking match for 'final all' host rhel8 originally rhel8
debug3: /etc/ssh/ssh_config.d/05-redhat.conf line 3: not matched 'final'
debug2: match not found
debug3: /etc/ssh/ssh_config.d/05-redhat.conf line 5: Including file /etc/crypto-policies/back-ends/openssh.config depth 1 (parse only)
debug1: Reading configuration data /etc/crypto-policies/back-ends/openssh.config
debug3: gss kex names ok: [gss-gex-sha1-,gss-group14-sha1-]
debug3: kex names ok: [curve25519-sha256,curve25519-sha256@libssh.org,ecdh-sha2-nistp256,ecdh-sha2-nistp384,ecdh-sha2-nistp521,diffie-hellman-group-exchange-sha256,diffie-hellman-group14-sha256,diffie-hellman-group16-sha512,diffie-hellman-group18-sha512,diffie-hellman-group-exchange-sha1,diffie-hellman-group14-sha1]
debug1: configuration requests final Match pass
debug1: re-parsing configuration
debug1: Reading configuration data /etc/ssh/ssh_config
debug3: /etc/ssh/ssh_config line 51: Including file /etc/ssh/ssh_config.d/05-redhat.conf depth 0
debug1: Reading configuration data /etc/ssh/ssh_config.d/05-redhat.conf
debug2: checking match for 'final all' host rhel8 originally rhel8
debug3: /etc/ssh/ssh_config.d/05-redhat.conf line 3: matched 'final'
debug2: match found
debug3: /etc/ssh/ssh_config.d/05-redhat.conf line 5: Including file /etc/crypto-policies/back-ends/openssh.config depth 1
debug1: Reading configuration data /etc/crypto-policies/back-ends/openssh.config
debug3: gss kex names ok: [gss-gex-sha1-,gss-group14-sha1-]
debug3: kex names ok: [curve25519-sha256,curve25519-sha256@libssh.org,ecdh-sha2-nistp256,ecdh-sha2-nistp384,ecdh-sha2-nistp521,diffie-hellman-group-exchange-sha256,diffie-hellman-group14-sha256,diffie-hellman-group16-sha512,diffie-hellman-group18-sha512,diffie-hellman-group-exchange-sha1,diffie-hellman-group14-sha1]
debug1: auto-mux: Trying existing master
debug2: fd 4 setting O_NONBLOCK
debug2: mux_client_hello_exchange: master version 4
debug3: mux_client_forwards: request forwardings: 0 local, 0 remote
debug3: mux_client_request_session: entering
debug3: mux_client_request_alive: entering
debug3: mux_client_request_alive: done pid = 11839
debug3: mux_client_request_session: session request sent
debug3: mux_client_read_packet: read header failed: Broken pipe
debug2: Received exit status from master 0

2020-03-03 12:26:00,127 p=11817 u=mark n=ansible |  11817 1583234760.12771 [rhel8]: found interpreters: ['/usr/libexec/platform-python']
2020-03-03 12:26:00,127 p=11816 u=mark n=ansible | <centos7> PUT /home/mark/.ansible/tmp/ansible-local-11808ea7n9daf/tmpkrk0j6ie TO /home/sudoall/.ansible/tmp/ansible-tmp-1583234758.2094421-191384882685832/AnsiballZ_command.py
2020-03-03 12:26:00,128 p=11817 u=mark n=ansible |  11817 1583234760.12855: _low_level_execute_command(): starting
2020-03-03 12:26:00,128 p=11817 u=mark n=ansible |  11817 1583234760.12885: _low_level_execute_command(): executing: /bin/sh -c '/usr/libexec/platform-python && sleep 0'
2020-03-03 12:26:00,128 p=11816 u=mark n=ansible | <centos7> SSH: EXEC sftp -b - -vvv -C -o ControlMaster=auto -o ControlPersist=60s -o StrictHostKeyChecking=no -o KbdInteractiveAuthentication=no -o PreferredAuthentications=gssapi-with-mic,gssapi-keyex,hostbased,publickey -o PasswordAuthentication=no -o 'User="sudoall"' -o ConnectTimeout=10 -o ControlPath=/home/mark/.ansible/cp/25a6c0e9bc '[centos7]'
2020-03-03 12:26:00,129 p=11817 u=mark n=ansible | <rhel8> ESTABLISH SSH CONNECTION FOR USER: sudoall
2020-03-03 12:26:00,130 p=11817 u=mark n=ansible | <rhel8> SSH: EXEC ssh -vvv -C -o ControlMaster=auto -o ControlPersist=60s -o StrictHostKeyChecking=no -o KbdInteractiveAuthentication=no -o PreferredAuthentications=gssapi-with-mic,gssapi-keyex,hostbased,publickey -o PasswordAuthentication=no -o 'User="sudoall"' -o ConnectTimeout=10 -o ControlPath=/home/mark/.ansible/cp/c773ad9e8a rhel8 '/bin/sh -c '"'"'/usr/libexec/platform-python && sleep 0'"'"''
2020-03-03 12:26:00,134 p=11816 u=mark n=ansible |  11816 1583234760.13467: Sending initial data
2020-03-03 12:26:00,135 p=11816 u=mark n=ansible |  11816 1583234760.13514: Sent initial data (163 bytes)
2020-03-03 12:26:00,141 p=11817 u=mark n=ansible |  11817 1583234760.14171: Sending initial data
2020-03-03 12:26:00,142 p=11817 u=mark n=ansible |  11817 1583234760.14222: Sent initial data (1234 bytes)
2020-03-03 12:26:00,142 p=11816 u=mark n=ansible |  11816 1583234760.14239: stderr chunk (state=3):
>>>OpenSSH_8.0p1, OpenSSL 1.1.1c FIPS  28 May 2019
debug1: Reading configuration data /etc/ssh/ssh_config
debug3: /etc/ssh/ssh_config line 51: Including file /etc/ssh/ssh_config.d/05-redhat.conf depth 0
debug1: Reading configuration data /etc/ssh/ssh_config.d/05-redhat.conf
debug2: checking match for 'final all' host centos7 originally centos7
debug3: /etc/ssh/ssh_config.d/05-redhat.conf line 3: not matched 'final'
debug2: match not found
debug3: /etc/ssh/ssh_config.d/05-redhat.conf line 5: Including file /etc/crypto-policies/back-ends/openssh.config depth 1 (parse only)
debug1: Reading configuration data /etc/crypto-policies/back-ends/openssh.config
debug3: gss kex names ok: [gss-gex-sha1-,gss-group14-sha1-]
debug3: kex names ok: [curve25519-sha256,curve25519-sha256@libssh.org,ecdh-sha2-nistp256,ecdh-sha2-nistp384,ecdh-sha2-nistp521,diffie-hellman-group-exchange-sha256,diffie-hellman-group14-sha256,diffie-hellman-group16-sha512,diffie-hellman-group18-sha512,diffie-hellman-group-exchange-sha1,diffie-hellman-group14-sha1]
debug1: configuration requests final Match pass
debug1: re-parsing configuration
debug1: Reading configuration data /etc/ssh/ssh_config
debug3: /etc/ssh/ssh_config line 51: Including file /etc/ssh/ssh_config.d/05-redhat.conf depth 0
debug1: Reading configuration data /etc/ssh/ssh_config.d/05-redhat.conf
debug2: checking match for 'final all' host centos7 originally centos7
debug3: /etc/ssh/ssh_config.d/05-redhat.conf line 3: matched 'final'
debug2: match found
debug3: /etc/ssh/ssh_config.d/05-redhat.conf line 5: Including file /etc/crypto-policies/back-ends/openssh.config depth 1
debug1: Reading configuration data /etc/crypto-policies/back-ends/openssh.config
debug3: gss kex names ok: [gss-gex-sha1-,gss-group14-sha1-]
debug3: kex names ok: [curve25519-sha256,curve25519-sha256@libssh.org,ecdh-sha2-nistp256,ecdh-sha2-nistp384,ecdh-sha2-nistp521,diffie-hellman-group-exchange-sha256,diffie-hellman-group14-sha256,diffie-hellman-group16-sha512,diffie-hellman-group18-sha512,diffie-hellman-group-exchange-sha1,diffie-hellman-group14-sha1]
debug1: auto-mux: Trying existing master
debug2: fd 4 setting O_NONBLOCK
<<<

2020-03-03 12:26:00,142 p=11817 u=mark n=ansible |  11817 1583234760.14258: stderr chunk (state=3):
>>>OpenSSH_8.0p1, OpenSSL 1.1.1c FIPS  28 May 2019
debug1: Reading configuration data /etc/ssh/ssh_config
debug3: /etc/ssh/ssh_config line 51: Including file /etc/ssh/ssh_config.d/05-redhat.conf depth 0
debug1: Reading configuration data /etc/ssh/ssh_config.d/05-redhat.conf
debug2: checking match for 'final all' host rhel8 originally rhel8
debug3: /etc/ssh/ssh_config.d/05-redhat.conf line 3: not matched 'final'
debug2: match not found
debug3: /etc/ssh/ssh_config.d/05-redhat.conf line 5: Including file /etc/crypto-policies/back-ends/openssh.config depth 1 (parse only)
debug1: Reading configuration data /etc/crypto-policies/back-ends/openssh.config
debug3: gss kex names ok: [gss-gex-sha1-,gss-group14-sha1-]
debug3: kex names ok: [curve25519-sha256,curve25519-sha256@libssh.org,ecdh-sha2-nistp256,ecdh-sha2-nistp384,ecdh-sha2-nistp521,diffie-hellman-group-exchange-sha256,diffie-hellman-group14-sha256,diffie-hellman-group16-sha512,diffie-hellman-group18-sha512,diffie-hellman-group-exchange-sha1,diffie-hellman-group14-sha1]
debug1: configuration requests final Match pass
debug1: re-parsing configuration
debug1: Reading configuration data /etc/ssh/ssh_config
debug3: /etc/ssh/ssh_config line 51: Including file /etc/ssh/ssh_config.d/05-redhat.conf depth 0
debug1: Reading configuration data /etc/ssh/ssh_config.d/05-redhat.conf
debug2: checking match for 'final all' host rhel8 originally rhel8
debug3: /etc/ssh/ssh_config.d/05-redhat.conf line 3: matched 'final'
debug2: match found
debug3: /etc/ssh/ssh_config.d/05-redhat.conf line 5: Including file /etc/crypto-policies/back-ends/openssh.config depth 1
debug1: Reading configuration data /etc/crypto-policies/back-ends/openssh.config
debug3: gss kex names ok: [gss-gex-sha1-,gss-group14-sha1-]
debug3: kex names ok: [curve25519-sha256,curve25519-sha256@libssh.org,ecdh-sha2-nistp256,ecdh-sha2-nistp384,ecdh-sha2-nistp521,diffie-hellman-group-exchange-sha256,diffie-hellman-group14-sha256,diffie-hellman-group16-sha512,diffie-hellman-group18-sha512,diffie-hellman-group-exchange-sha1,diffie-hellman-group14-sha1]
debug1: auto-mux: Trying existing master
debug2: fd 4 setting O_NONBLOCK
<<<

2020-03-03 12:26:00,143 p=11816 u=mark n=ansible |  11816 1583234760.14303: stderr chunk (state=3):
>>>debug2: mux_client_hello_exchange: master version 4
debug3: mux_client_forwards: request forwardings: 0 local, 0 remote
debug3: mux_client_request_session: entering
debug3: mux_client_request_alive: entering
<<<

2020-03-03 12:26:00,143 p=11817 u=mark n=ansible |  11817 1583234760.14302: stderr chunk (state=3):
>>>debug2: mux_client_hello_exchange: master version 4
debug3: mux_client_forwards: request forwardings: 0 local, 0 remote
debug3: mux_client_request_session: entering
debug3: mux_client_request_alive: entering
<<<

2020-03-03 12:26:00,144 p=11816 u=mark n=ansible |  11816 1583234760.14387: stderr chunk (state=3):
>>>debug3: mux_client_request_alive: done pid = 11827
debug3: mux_client_request_session: session request sent
<<<

2020-03-03 12:26:00,145 p=11817 u=mark n=ansible |  11817 1583234760.14481: stderr chunk (state=3):
>>>debug3: mux_client_request_alive: done pid = 11839
debug3: mux_client_request_session: session request sent
<<<

2020-03-03 12:26:00,170 p=11816 u=mark n=ansible |  11816 1583234760.17030: stderr chunk (state=3):
>>>debug2: Remote version: 3
debug2: Server supports extension "posix-rename@openssh.com" revision 1
debug2: Server supports extension "statvfs@openssh.com" revision 2
debug2: Server supports extension "fstatvfs@openssh.com" revision 2
debug2: Server supports extension "hardlink@openssh.com" revision 1
debug2: Server supports extension "fsync@openssh.com" revision 1
debug3: Sent message fd 3 T:16 I:1
<<<

2020-03-03 12:26:00,171 p=11816 u=mark n=ansible |  11816 1583234760.17119: stderr chunk (state=3):
>>>debug3: SSH_FXP_REALPATH . -> /home/sudoall size 0
debug3: Looking up /home/mark/.ansible/tmp/ansible-local-11808ea7n9daf/tmpkrk0j6ie
<<<

2020-03-03 12:26:00,171 p=11816 u=mark n=ansible |  11816 1583234760.17163: stderr chunk (state=3):
>>>debug3: Sent message fd 3 T:17 I:2
<<<

2020-03-03 12:26:00,172 p=11816 u=mark n=ansible |  11816 1583234760.17200: stdout chunk (state=3):
>>>sftp> put /home/mark/.ansible/tmp/ansible-local-11808ea7n9daf/tmpkrk0j6ie /home/sudoall/.ansible/tmp/ansible-tmp-1583234758.2094421-191384882685832/AnsiballZ_command.py
<<<

2020-03-03 12:26:00,172 p=11818 u=mark n=ansible |  11818 1583234760.17270: stdout chunk (state=3):
>>>{"platform_dist_result": ["fedora", "31", "Thirty One"], "osrelease_content": "NAME=Fedora\nVERSION=\"31 (Server Edition)\"\nID=fedora\nVERSION_ID=31\nVERSION_CODENAME=\"\"\nPLATFORM_ID=\"platform:f31\"\nPRETTY_NAME=\"Fedora 31 (Server Edition)\"\nANSI_COLOR=\"0;34\"\nLOGO=fedora-logo-icon\nCPE_NAME=\"cpe:/o:fedoraproject:fedora:31\"\nHOME_URL=\"https://fedoraproject.org/\"\nDOCUMENTATION_URL=\"https://docs.fedoraproject.org/en-US/fedora/f31/system-administrators-guide/\"\nSUPPORT_URL=\"https://fedoraproject.org/wiki/Communicating_and_getting_help\"\nBUG_REPORT_URL=\"https://bugzilla.redhat.com/\"\nREDHAT_BUGZILLA_PRODUCT=\"Fedora\"\nREDHAT_BUGZILLA_PRODUCT_VERSION=31\nREDHAT_SUPPORT_PRODUCT=\"Fedora\"\nREDHAT_SUPPORT_PRODUCT_VERSION=31\nPRIVACY_POLICY_URL=\"https://fedoraproject.org/wiki/Legal:PrivacyPolicy\"\nVARIANT=\"Server Edition\"\nVARIANT_ID=server\n"}
<<<

2020-03-03 12:26:00,173 p=11818 u=mark n=ansible |  11818 1583234760.17314: stderr chunk (state=3):
>>><stdin>:29: DeprecationWarning: dist() and linux_distribution() functions are deprecated in Python 3.5
debug3: mux_client_read_packet: read header failed: Broken pipe
debug2: Received exit status from master 0
<<<

2020-03-03 12:26:00,173 p=11818 u=mark n=ansible |  11818 1583234760.17361: stdout chunk (state=3):
>>><<<

2020-03-03 12:26:00,173 p=11818 u=mark n=ansible |  11818 1583234760.17383: stderr chunk (state=3):
>>><<<

2020-03-03 12:26:00,174 p=11818 u=mark n=ansible | <fedora31> (0, b'{"platform_dist_result": ["fedora", "31", "Thirty One"], "osrelease_content": "NAME=Fedora\\nVERSION=\\"31 (Server Edition)\\"\\nID=fedora\\nVERSION_ID=31\\nVERSION_CODENAME=\\"\\"\\nPLATFORM_ID=\\"platform:f31\\"\\nPRETTY_NAME=\\"Fedora 31 (Server Edition)\\"\\nANSI_COLOR=\\"0;34\\"\\nLOGO=fedora-logo-icon\\nCPE_NAME=\\"cpe:/o:fedoraproject:fedora:31\\"\\nHOME_URL=\\"https://fedoraproject.org/\\"\\nDOCUMENTATION_URL=\\"https://docs.fedoraproject.org/en-US/fedora/f31/system-administrators-guide/\\"\\nSUPPORT_URL=\\"https://fedoraproject.org/wiki/Communicating_and_getting_help\\"\\nBUG_REPORT_URL=\\"https://bugzilla.redhat.com/\\"\\nREDHAT_BUGZILLA_PRODUCT=\\"Fedora\\"\\nREDHAT_BUGZILLA_PRODUCT_VERSION=31\\nREDHAT_SUPPORT_PRODUCT=\\"Fedora\\"\\nREDHAT_SUPPORT_PRODUCT_VERSION=31\\nPRIVACY_POLICY_URL=\\"https://fedoraproject.org/wiki/Legal:PrivacyPolicy\\"\\nVARIANT=\\"Server Edition\\"\\nVARIANT_ID=server\\n"}\n', b"OpenSSH_8.0p1, OpenSSL 1.1.1c FIPS  28 May 2019\r\ndebug1: Reading configuration data /etc/ssh/ssh_config\r\ndebug3: /etc/ssh/ssh_config line 51: Including file /etc/ssh/ssh_config.d/05-redhat.conf depth 0\r\ndebug1: Reading configuration data /etc/ssh/ssh_config.d/05-redhat.conf\r\ndebug2: checking match for 'final all' host fedora31 originally fedora31\r\ndebug3: /etc/ssh/ssh_config.d/05-redhat.conf line 3: not matched 'final'\r\ndebug2: match not found\r\ndebug3: /etc/ssh/ssh_config.d/05-redhat.conf line 5: Including file /etc/crypto-policies/back-ends/openssh.config depth 1 (parse only)\r\ndebug1: Reading configuration data /etc/crypto-policies/back-ends/openssh.config\r\ndebug3: gss kex names ok: [gss-gex-sha1-,gss-group14-sha1-]\r\ndebug3: kex names ok: [curve25519-sha256,curve25519-sha256@libssh.org,ecdh-sha2-nistp256,ecdh-sha2-nistp384,ecdh-sha2-nistp521,diffie-hellman-group-exchange-sha256,diffie-hellman-group14-sha256,diffie-hellman-group16-sha512,diffie-hellman-group18-sha512,diffie-hellman-group-exchange-sha1,diffie-hellman-group14-sha1]\r\ndebug1: configuration requests final Match pass\r\ndebug1: re-parsing configuration\r\ndebug1: Reading configuration data /etc/ssh/ssh_config\r\ndebug3: /etc/ssh/ssh_config line 51: Including file /etc/ssh/ssh_config.d/05-redhat.conf depth 0\r\ndebug1: Reading configuration data /etc/ssh/ssh_config.d/05-redhat.conf\r\ndebug2: checking match for 'final all' host fedora31 originally fedora31\r\ndebug3: /etc/ssh/ssh_config.d/05-redhat.conf line 3: matched 'final'\r\ndebug2: match found\r\ndebug3: /etc/ssh/ssh_config.d/05-redhat.conf line 5: Including file /etc/crypto-policies/back-ends/openssh.config depth 1\r\ndebug1: Reading configuration data /etc/crypto-policies/back-ends/openssh.config\r\ndebug3: gss kex names ok: [gss-gex-sha1-,gss-group14-sha1-]\r\ndebug3: kex names ok: [curve25519-sha256,curve25519-sha256@libssh.org,ecdh-sha2-nistp256,ecdh-sha2-nistp384,ecdh-sha2-nistp521,diffie-hellman-group-exchange-sha256,diffie-hellman-group14-sha256,diffie-hellman-group16-sha512,diffie-hellman-group18-sha512,diffie-hellman-group-exchange-sha1,diffie-hellman-group14-sha1]\r\ndebug1: auto-mux: Trying existing master\r\ndebug2: fd 4 setting O_NONBLOCK\r\ndebug2: mux_client_hello_exchange: master version 4\r\ndebug3: mux_client_forwards: request forwardings: 0 local, 0 remote\r\ndebug3: mux_client_request_session: entering\r\ndebug3: mux_client_request_alive: entering\r\ndebug3: mux_client_request_alive: done pid = 11833\r\ndebug3: mux_client_request_session: session request sent\r\n<stdin>:29: DeprecationWarning: dist() and linux_distribution() functions are deprecated in Python 3.5\ndebug3: mux_client_read_packet: read header failed: Broken pipe\r\ndebug2: Received exit status from master 0\r\n")
2020-03-03 12:26:00,174 p=11818 u=mark n=ansible |  11818 1583234760.17439: _low_level_execute_command() done: rc=0, stdout={"platform_dist_result": ["fedora", "31", "Thirty One"], "osrelease_content": "NAME=Fedora\nVERSION=\"31 (Server Edition)\"\nID=fedora\nVERSION_ID=31\nVERSION_CODENAME=\"\"\nPLATFORM_ID=\"platform:f31\"\nPRETTY_NAME=\"Fedora 31 (Server Edition)\"\nANSI_COLOR=\"0;34\"\nLOGO=fedora-logo-icon\nCPE_NAME=\"cpe:/o:fedoraproject:fedora:31\"\nHOME_URL=\"https://fedoraproject.org/\"\nDOCUMENTATION_URL=\"https://docs.fedoraproject.org/en-US/fedora/f31/system-administrators-guide/\"\nSUPPORT_URL=\"https://fedoraproject.org/wiki/Communicating_and_getting_help\"\nBUG_REPORT_URL=\"https://bugzilla.redhat.com/\"\nREDHAT_BUGZILLA_PRODUCT=\"Fedora\"\nREDHAT_BUGZILLA_PRODUCT_VERSION=31\nREDHAT_SUPPORT_PRODUCT=\"Fedora\"\nREDHAT_SUPPORT_PRODUCT_VERSION=31\nPRIVACY_POLICY_URL=\"https://fedoraproject.org/wiki/Legal:PrivacyPolicy\"\nVARIANT=\"Server Edition\"\nVARIANT_ID=server\n"}
, stderr=OpenSSH_8.0p1, OpenSSL 1.1.1c FIPS  28 May 2019
debug1: Reading configuration data /etc/ssh/ssh_config
debug3: /etc/ssh/ssh_config line 51: Including file /etc/ssh/ssh_config.d/05-redhat.conf depth 0
debug1: Reading configuration data /etc/ssh/ssh_config.d/05-redhat.conf
debug2: checking match for 'final all' host fedora31 originally fedora31
debug3: /etc/ssh/ssh_config.d/05-redhat.conf line 3: not matched 'final'
debug2: match not found
debug3: /etc/ssh/ssh_config.d/05-redhat.conf line 5: Including file /etc/crypto-policies/back-ends/openssh.config depth 1 (parse only)
debug1: Reading configuration data /etc/crypto-policies/back-ends/openssh.config
debug3: gss kex names ok: [gss-gex-sha1-,gss-group14-sha1-]
debug3: kex names ok: [curve25519-sha256,curve25519-sha256@libssh.org,ecdh-sha2-nistp256,ecdh-sha2-nistp384,ecdh-sha2-nistp521,diffie-hellman-group-exchange-sha256,diffie-hellman-group14-sha256,diffie-hellman-group16-sha512,diffie-hellman-group18-sha512,diffie-hellman-group-exchange-sha1,diffie-hellman-group14-sha1]
debug1: configuration requests final Match pass
debug1: re-parsing configuration
debug1: Reading configuration data /etc/ssh/ssh_config
debug3: /etc/ssh/ssh_config line 51: Including file /etc/ssh/ssh_config.d/05-redhat.conf depth 0
debug1: Reading configuration data /etc/ssh/ssh_config.d/05-redhat.conf
debug2: checking match for 'final all' host fedora31 originally fedora31
debug3: /etc/ssh/ssh_config.d/05-redhat.conf line 3: matched 'final'
debug2: match found
debug3: /etc/ssh/ssh_config.d/05-redhat.conf line 5: Including file /etc/crypto-policies/back-ends/openssh.config depth 1
debug1: Reading configuration data /etc/crypto-policies/back-ends/openssh.config
debug3: gss kex names ok: [gss-gex-sha1-,gss-group14-sha1-]
debug3: kex names ok: [curve25519-sha256,curve25519-sha256@libssh.org,ecdh-sha2-nistp256,ecdh-sha2-nistp384,ecdh-sha2-nistp521,diffie-hellman-group-exchange-sha256,diffie-hellman-group14-sha256,diffie-hellman-group16-sha512,diffie-hellman-group18-sha512,diffie-hellman-group-exchange-sha1,diffie-hellman-group14-sha1]
debug1: auto-mux: Trying existing master
debug2: fd 4 setting O_NONBLOCK
debug2: mux_client_hello_exchange: master version 4
debug3: mux_client_forwards: request forwardings: 0 local, 0 remote
debug3: mux_client_request_session: entering
debug3: mux_client_request_alive: entering
debug3: mux_client_request_alive: done pid = 11833
debug3: mux_client_request_session: session request sent
<stdin>:29: DeprecationWarning: dist() and linux_distribution() functions are deprecated in Python 3.5
debug3: mux_client_read_packet: read header failed: Broken pipe
debug2: Received exit status from master 0

2020-03-03 12:26:00,175 p=11818 u=mark n=ansible |  11818 1583234760.17557: ANSIBALLZ: using cached module: /home/mark/.ansible/tmp/ansible-local-11808ea7n9daf/ansiballz_cache/command-ZIP_DEFLATED
2020-03-03 12:26:00,176 p=11818 u=mark n=ansible | Using module file /usr/lib/python3.6/site-packages/ansible/modules/commands/command.py
2020-03-03 12:26:00,176 p=11818 u=mark n=ansible |  11818 1583234760.17667: transferring module to remote /home/sudoall/.ansible/tmp/ansible-tmp-1583234758.2360907-149338061446988/AnsiballZ_command.py
2020-03-03 12:26:00,178 p=11818 u=mark n=ansible | <fedora31> PUT /home/mark/.ansible/tmp/ansible-local-11808ea7n9daf/tmp3rsfqkx5 TO /home/sudoall/.ansible/tmp/ansible-tmp-1583234758.2360907-149338061446988/AnsiballZ_command.py
2020-03-03 12:26:00,179 p=11818 u=mark n=ansible | <fedora31> SSH: EXEC sftp -b - -vvv -C -o ControlMaster=auto -o ControlPersist=60s -o StrictHostKeyChecking=no -o KbdInteractiveAuthentication=no -o PreferredAuthentications=gssapi-with-mic,gssapi-keyex,hostbased,publickey -o PasswordAuthentication=no -o 'User="sudoall"' -o ConnectTimeout=10 -o ControlPath=/home/mark/.ansible/cp/8ab42c853a '[fedora31]'
2020-03-03 12:26:00,187 p=11818 u=mark n=ansible |  11818 1583234760.18770: Sending initial data
2020-03-03 12:26:00,188 p=11818 u=mark n=ansible |  11818 1583234760.18818: Sent initial data (163 bytes)
2020-03-03 12:26:00,189 p=11816 u=mark n=ansible |  11816 1583234760.18896: stderr chunk (state=3):
>>>debug3: Received stat reply T:101 I:2
debug1: Couldn't stat remote file: No such file or directory
debug3: Sent message SSH2_FXP_OPEN I:3 P:/home/sudoall/.ansible/tmp/ansible-tmp-1583234758.2094421-191384882685832/AnsiballZ_command.py
<<<

2020-03-03 12:26:00,193 p=11816 u=mark n=ansible |  11816 1583234760.19353: stderr chunk (state=3):
>>>debug3: Sent message SSH2_FXP_WRITE I:4 O:0 S:32768
<<<

2020-03-03 12:26:00,194 p=11818 u=mark n=ansible |  11818 1583234760.19431: stderr chunk (state=3):
>>>OpenSSH_8.0p1, OpenSSL 1.1.1c FIPS  28 May 2019
debug1: Reading configuration data /etc/ssh/ssh_config
debug3: /etc/ssh/ssh_config line 51: Including file /etc/ssh/ssh_config.d/05-redhat.conf depth 0
debug1: Reading configuration data /etc/ssh/ssh_config.d/05-redhat.conf
debug2: checking match for 'final all' host fedora31 originally fedora31
debug3: /etc/ssh/ssh_config.d/05-redhat.conf line 3: not matched 'final'
debug2: match not found
debug3: /etc/ssh/ssh_config.d/05-redhat.conf line 5: Including file /etc/crypto-policies/back-ends/openssh.config depth 1 (parse only)
<<<

2020-03-03 12:26:00,194 p=11818 u=mark n=ansible |  11818 1583234760.19486: stderr chunk (state=3):
>>>debug1: Reading configuration data /etc/crypto-policies/back-ends/openssh.config
debug3: gss kex names ok: [gss-gex-sha1-,gss-group14-sha1-]
debug3: kex names ok: [curve25519-sha256,curve25519-sha256@libssh.org,ecdh-sha2-nistp256,ecdh-sha2-nistp384,ecdh-sha2-nistp521,diffie-hellman-group-exchange-sha256,diffie-hellman-group14-sha256,diffie-hellman-group16-sha512,diffie-hellman-group18-sha512,diffie-hellman-group-exchange-sha1,diffie-hellman-group14-sha1]
debug1: configuration requests final Match pass
debug1: re-parsing configuration
debug1: Reading configuration data /etc/ssh/ssh_config
debug3: /etc/ssh/ssh_config line 51: Including file /etc/ssh/ssh_config.d/05-redhat.conf depth 0
debug1: Reading configuration data /etc/ssh/ssh_config.d/05-redhat.conf
debug2: checking match for 'final all' host fedora31 originally fedora31
debug3: /etc/ssh/ssh_config.d/05-redhat.conf line 3: matched 'final'
debug2: match found
debug3: /etc/ssh/ssh_config.d/05-redhat.conf line 5: Including file /etc/crypto-policies/back-ends/openssh.config depth 1
debug1: Reading configuration data /etc/crypto-policies/back-ends/openssh.config
debug3: gss kex names ok: [gss-gex-sha1-,gss-group14-sha1-]
debug3: kex names ok: [curve25519-sha256,curve25519-sha256@libssh.org,ecdh-sha2-nistp256,ecdh-sha2-nistp384,ecdh-sha2-nistp521,diffie-hellman-group-exchange-sha256,diffie-hellman-group14-sha256,diffie-hellman-group16-sha512,diffie-hellman-group18-sha512,diffie-hellman-group-exchange-sha1,diffie-hellman-group14-sha1]
debug1: auto-mux: Trying existing master
debug2: fd 4 setting O_NONBLOCK
<<<

2020-03-03 12:26:00,195 p=11818 u=mark n=ansible |  11818 1583234760.19512: stderr chunk (state=3):
>>>debug2: mux_client_hello_exchange: master version 4
debug3: mux_client_forwards: request forwardings: 0 local, 0 remote
debug3: mux_client_request_session: entering
debug3: mux_client_request_alive: entering
debug3: mux_client_request_alive: done pid = 11833
debug3: mux_client_request_session: session request sent
<<<

2020-03-03 12:26:00,196 p=11816 u=mark n=ansible |  11816 1583234760.19604: stderr chunk (state=3):
>>>debug3: SSH2_FXP_STATUS 0
debug3: In write loop, ack for 4 32768 bytes at 0
debug3: Sent message SSH2_FXP_WRITE I:5 O:32768 S:32768
debug3: Sent message SSH2_FXP_WRITE I:6 O:65536 S:32768
debug3: Sent message SSH2_FXP_WRITE I:7 O:98304 S:9571
<<<

2020-03-03 12:26:00,202 p=11816 u=mark n=ansible |  11816 1583234760.20246: stderr chunk (state=3):
>>>debug3: SSH2_FXP_STATUS 0
debug3: In write loop, ack for 5 32768 bytes at 32768
<<<

2020-03-03 12:26:00,204 p=11816 u=mark n=ansible |  11816 1583234760.20381: stderr chunk (state=3):
>>>debug3: SSH2_FXP_STATUS 0
debug3: In write loop, ack for 6 32768 bytes at 65536
debug3: SSH2_FXP_STATUS 0
debug3: In write loop, ack for 7 9571 bytes at 98304
debug3: Sent message SSH2_FXP_CLOSE I:4
<<<

2020-03-03 12:26:00,205 p=11816 u=mark n=ansible |  11816 1583234760.20505: stderr chunk (state=3):
>>>debug3: SSH2_FXP_STATUS 0
<<<

2020-03-03 12:26:00,207 p=11816 u=mark n=ansible |  11816 1583234760.20687: stderr chunk (state=3):
>>>debug3: mux_client_read_packet: read header failed: Broken pipe
debug2: Received exit status from master 0
<<<

2020-03-03 12:26:00,208 p=11816 u=mark n=ansible |  11816 1583234760.20845: stderr chunk (state=3):
>>><<<

2020-03-03 12:26:00,209 p=11816 u=mark n=ansible |  11816 1583234760.20892: stdout chunk (state=3):
>>><<<

2020-03-03 12:26:00,209 p=11816 u=mark n=ansible | <centos7> (0, b'sftp> put /home/mark/.ansible/tmp/ansible-local-11808ea7n9daf/tmpkrk0j6ie /home/sudoall/.ansible/tmp/ansible-tmp-1583234758.2094421-191384882685832/AnsiballZ_command.py\n', b'OpenSSH_8.0p1, OpenSSL 1.1.1c FIPS  28 May 2019\r\ndebug1: Reading configuration data /etc/ssh/ssh_config\r\ndebug3: /etc/ssh/ssh_config line 51: Including file /etc/ssh/ssh_config.d/05-redhat.conf depth 0\r\ndebug1: Reading configuration data /etc/ssh/ssh_config.d/05-redhat.conf\r\ndebug2: checking match for \'final all\' host centos7 originally centos7\r\ndebug3: /etc/ssh/ssh_config.d/05-redhat.conf line 3: not matched \'final\'\r\ndebug2: match not found\r\ndebug3: /etc/ssh/ssh_config.d/05-redhat.conf line 5: Including file /etc/crypto-policies/back-ends/openssh.config depth 1 (parse only)\r\ndebug1: Reading configuration data /etc/crypto-policies/back-ends/openssh.config\r\ndebug3: gss kex names ok: [gss-gex-sha1-,gss-group14-sha1-]\r\ndebug3: kex names ok: [curve25519-sha256,curve25519-sha256@libssh.org,ecdh-sha2-nistp256,ecdh-sha2-nistp384,ecdh-sha2-nistp521,diffie-hellman-group-exchange-sha256,diffie-hellman-group14-sha256,diffie-hellman-group16-sha512,diffie-hellman-group18-sha512,diffie-hellman-group-exchange-sha1,diffie-hellman-group14-sha1]\r\ndebug1: configuration requests final Match pass\r\ndebug1: re-parsing configuration\r\ndebug1: Reading configuration data /etc/ssh/ssh_config\r\ndebug3: /etc/ssh/ssh_config line 51: Including file /etc/ssh/ssh_config.d/05-redhat.conf depth 0\r\ndebug1: Reading configuration data /etc/ssh/ssh_config.d/05-redhat.conf\r\ndebug2: checking match for \'final all\' host centos7 originally centos7\r\ndebug3: /etc/ssh/ssh_config.d/05-redhat.conf line 3: matched \'final\'\r\ndebug2: match found\r\ndebug3: /etc/ssh/ssh_config.d/05-redhat.conf line 5: Including file /etc/crypto-policies/back-ends/openssh.config depth 1\r\ndebug1: Reading configuration data /etc/crypto-policies/back-ends/openssh.config\r\ndebug3: gss kex names ok: [gss-gex-sha1-,gss-group14-sha1-]\r\ndebug3: kex names ok: [curve25519-sha256,curve25519-sha256@libssh.org,ecdh-sha2-nistp256,ecdh-sha2-nistp384,ecdh-sha2-nistp521,diffie-hellman-group-exchange-sha256,diffie-hellman-group14-sha256,diffie-hellman-group16-sha512,diffie-hellman-group18-sha512,diffie-hellman-group-exchange-sha1,diffie-hellman-group14-sha1]\r\ndebug1: auto-mux: Trying existing master\r\ndebug2: fd 4 setting O_NONBLOCK\r\ndebug2: mux_client_hello_exchange: master version 4\r\ndebug3: mux_client_forwards: request forwardings: 0 local, 0 remote\r\ndebug3: mux_client_request_session: entering\r\ndebug3: mux_client_request_alive: entering\r\ndebug3: mux_client_request_alive: done pid = 11827\r\ndebug3: mux_client_request_session: session request sent\r\ndebug2: Remote version: 3\r\ndebug2: Server supports extension "posix-rename@openssh.com" revision 1\r\ndebug2: Server supports extension "statvfs@openssh.com" revision 2\r\ndebug2: Server supports extension "fstatvfs@openssh.com" revision 2\r\ndebug2: Server supports extension "hardlink@openssh.com" revision 1\r\ndebug2: Server supports extension "fsync@openssh.com" revision 1\r\ndebug3: Sent message fd 3 T:16 I:1\r\ndebug3: SSH_FXP_REALPATH . -> /home/sudoall size 0\r\ndebug3: Looking up /home/mark/.ansible/tmp/ansible-local-11808ea7n9daf/tmpkrk0j6ie\r\ndebug3: Sent message fd 3 T:17 I:2\r\ndebug3: Received stat reply T:101 I:2\r\ndebug1: Couldn\'t stat remote file: No such file or directory\r\ndebug3: Sent message SSH2_FXP_OPEN I:3 P:/home/sudoall/.ansible/tmp/ansible-tmp-1583234758.2094421-191384882685832/AnsiballZ_command.py\r\ndebug3: Sent message SSH2_FXP_WRITE I:4 O:0 S:32768\r\ndebug3: SSH2_FXP_STATUS 0\r\ndebug3: In write loop, ack for 4 32768 bytes at 0\r\ndebug3: Sent message SSH2_FXP_WRITE I:5 O:32768 S:32768\r\ndebug3: Sent message SSH2_FXP_WRITE I:6 O:65536 S:32768\r\ndebug3: Sent message SSH2_FXP_WRITE I:7 O:98304 S:9571\r\ndebug3: SSH2_FXP_STATUS 0\r\ndebug3: In write loop, ack for 5 32768 bytes at 32768\r\ndebug3: SSH2_FXP_STATUS 0\r\ndebug3: In write loop, ack for 6 32768 bytes at 65536\r\ndebug3: SSH2_FXP_STATUS 0\r\ndebug3: In write loop, ack for 7 9571 bytes at 98304\r\ndebug3: Sent message SSH2_FXP_CLOSE I:4\r\ndebug3: SSH2_FXP_STATUS 0\r\ndebug3: mux_client_read_packet: read header failed: Broken pipe\r\ndebug2: Received exit status from master 0\r\n')
2020-03-03 12:26:00,210 p=11816 u=mark n=ansible |  11816 1583234760.21004: done transferring module to remote
2020-03-03 12:26:00,210 p=11816 u=mark n=ansible |  11816 1583234760.21044: _low_level_execute_command(): starting
2020-03-03 12:26:00,210 p=11816 u=mark n=ansible |  11816 1583234760.21064: _low_level_execute_command(): executing: /bin/sh -c 'chmod u+x /home/sudoall/.ansible/tmp/ansible-tmp-1583234758.2094421-191384882685832/ /home/sudoall/.ansible/tmp/ansible-tmp-1583234758.2094421-191384882685832/AnsiballZ_command.py && sleep 0'
2020-03-03 12:26:00,210 p=11816 u=mark n=ansible | <centos7> ESTABLISH SSH CONNECTION FOR USER: sudoall
2020-03-03 12:26:00,211 p=11816 u=mark n=ansible | <centos7> SSH: EXEC ssh -vvv -C -o ControlMaster=auto -o ControlPersist=60s -o StrictHostKeyChecking=no -o KbdInteractiveAuthentication=no -o PreferredAuthentications=gssapi-with-mic,gssapi-keyex,hostbased,publickey -o PasswordAuthentication=no -o 'User="sudoall"' -o ConnectTimeout=10 -o ControlPath=/home/mark/.ansible/cp/25a6c0e9bc centos7 '/bin/sh -c '"'"'chmod u+x /home/sudoall/.ansible/tmp/ansible-tmp-1583234758.2094421-191384882685832/ /home/sudoall/.ansible/tmp/ansible-tmp-1583234758.2094421-191384882685832/AnsiballZ_command.py && sleep 0'"'"''
2020-03-03 12:26:00,221 p=11816 u=mark n=ansible |  11816 1583234760.22150: stderr chunk (state=2):
>>>OpenSSH_8.0p1, OpenSSL 1.1.1c FIPS  28 May 2019
debug1: Reading configuration data /etc/ssh/ssh_config
debug3: /etc/ssh/ssh_config line 51: Including file /etc/ssh/ssh_config.d/05-redhat.conf depth 0
debug1: Reading configuration data /etc/ssh/ssh_config.d/05-redhat.conf
<<<

2020-03-03 12:26:00,222 p=11816 u=mark n=ansible |  11816 1583234760.22250: stderr chunk (state=3):
>>>debug2: checking match for 'final all' host centos7 originally centos7
debug3: /etc/ssh/ssh_config.d/05-redhat.conf line 3: not matched 'final'
debug2: match not found
debug3: /etc/ssh/ssh_config.d/05-redhat.conf line 5: Including file /etc/crypto-policies/back-ends/openssh.config depth 1 (parse only)
debug1: Reading configuration data /etc/crypto-policies/back-ends/openssh.config
debug3: gss kex names ok: [gss-gex-sha1-,gss-group14-sha1-]
debug3: kex names ok: [curve25519-sha256,curve25519-sha256@libssh.org,ecdh-sha2-nistp256,ecdh-sha2-nistp384,ecdh-sha2-nistp521,diffie-hellman-group-exchange-sha256,diffie-hellman-group14-sha256,diffie-hellman-group16-sha512,diffie-hellman-group18-sha512,diffie-hellman-group-exchange-sha1,diffie-hellman-group14-sha1]
debug1: configuration requests final Match pass
debug1: re-parsing configuration
debug1: Reading configuration data /etc/ssh/ssh_config
debug3: /etc/ssh/ssh_config line 51: Including file /etc/ssh/ssh_config.d/05-redhat.conf depth 0
debug1: Reading configuration data /etc/ssh/ssh_config.d/05-redhat.conf
debug2: checking match for 'final all' host centos7 originally centos7
debug3: /etc/ssh/ssh_config.d/05-redhat.conf line 3: matched 'final'
debug2: match found
debug3: /etc/ssh/ssh_config.d/05-redhat.conf line 5: Including file /etc/crypto-policies/back-ends/openssh.config depth 1
debug1: Reading configuration data /etc/crypto-policies/back-ends/openssh.config
debug3: gss kex names ok: [gss-gex-sha1-,gss-group14-sha1-]
debug3: kex names ok: [curve25519-sha256,curve25519-sha256@libssh.org,ecdh-sha2-nistp256,ecdh-sha2-nistp384,ecdh-sha2-nistp521,diffie-hellman-group-exchange-sha256,diffie-hellman-group14-sha256,diffie-hellman-group16-sha512,diffie-hellman-group18-sha512,diffie-hellman-group-exchange-sha1,diffie-hellman-group14-sha1]
debug1: auto-mux: Trying existing master
debug2: fd 4 setting O_NONBLOCK
debug2: mux_client_hello_exchange: master version 4
debug3: mux_client_forwards: request forwardings: 0 local, 0 remote
debug3: mux_client_request_session: entering
debug3: mux_client_request_alive: entering
<<<

2020-03-03 12:26:00,223 p=11816 u=mark n=ansible |  11816 1583234760.22316: stderr chunk (state=3):
>>>debug3: mux_client_request_alive: done pid = 11827
debug3: mux_client_request_session: session request sent
<<<

2020-03-03 12:26:00,232 p=11818 u=mark n=ansible |  11818 1583234760.23188: stderr chunk (state=3):
>>>debug2: Remote version: 3
debug2: Server supports extension "posix-rename@openssh.com" revision 1
debug2: Server supports extension "statvfs@openssh.com" revision 2
debug2: Server supports extension "fstatvfs@openssh.com" revision 2
debug2: Server supports extension "hardlink@openssh.com" revision 1
debug2: Server supports extension "fsync@openssh.com" revision 1
debug2: Server supports extension "lsetstat@openssh.com" revision 1
debug3: Sent message fd 3 T:16 I:1
<<<

2020-03-03 12:26:00,233 p=11818 u=mark n=ansible |  11818 1583234760.23314: stderr chunk (state=3):
>>>debug3: SSH_FXP_REALPATH . -> /home/sudoall size 0
debug3: Looking up /home/mark/.ansible/tmp/ansible-local-11808ea7n9daf/tmp3rsfqkx5
debug3: Sent message fd 3 T:17 I:2
<<<

2020-03-03 12:26:00,233 p=11818 u=mark n=ansible |  11818 1583234760.23372: stdout chunk (state=3):
>>>sftp> put /home/mark/.ansible/tmp/ansible-local-11808ea7n9daf/tmp3rsfqkx5 /home/sudoall/.ansible/tmp/ansible-tmp-1583234758.2360907-149338061446988/AnsiballZ_command.py
<<<

2020-03-03 12:26:00,234 p=11818 u=mark n=ansible |  11818 1583234760.23456: stderr chunk (state=3):
>>>debug3: Received stat reply T:101 I:2
debug1: Couldn't stat remote file: No such file or directory
debug3: Sent message SSH2_FXP_OPEN I:3 P:/home/sudoall/.ansible/tmp/ansible-tmp-1583234758.2360907-149338061446988/AnsiballZ_command.py
<<<

2020-03-03 12:26:00,236 p=11818 u=mark n=ansible |  11818 1583234760.23594: stderr chunk (state=3):
>>>debug3: Sent message SSH2_FXP_WRITE I:4 O:0 S:32768
<<<

2020-03-03 12:26:00,240 p=11818 u=mark n=ansible |  11818 1583234760.23988: stderr chunk (state=3):
>>>debug3: SSH2_FXP_STATUS 0
debug3: In write loop, ack for 4 32768 bytes at 0
debug3: Sent message SSH2_FXP_WRITE I:5 O:32768 S:32768
debug3: Sent message SSH2_FXP_WRITE I:6 O:65536 S:32768
debug3: Sent message SSH2_FXP_WRITE I:7 O:98304 S:9571
<<<

2020-03-03 12:26:00,246 p=11818 u=mark n=ansible |  11818 1583234760.24616: stderr chunk (state=3):
>>>debug3: SSH2_FXP_STATUS 0
debug3: In write loop, ack for 5 32768 bytes at 32768
<<<

2020-03-03 12:26:00,248 p=11818 u=mark n=ansible |  11818 1583234760.24816: stderr chunk (state=3):
>>>debug3: SSH2_FXP_STATUS 0
debug3: In write loop, ack for 6 32768 bytes at 65536
debug3: SSH2_FXP_STATUS 0
debug3: In write loop, ack for 7 9571 bytes at 98304
debug3: Sent message SSH2_FXP_CLOSE I:4
<<<

2020-03-03 12:26:00,249 p=11818 u=mark n=ansible |  11818 1583234760.24974: stderr chunk (state=3):
>>>debug3: SSH2_FXP_STATUS 0
<<<

2020-03-03 12:26:00,252 p=11818 u=mark n=ansible |  11818 1583234760.25257: stderr chunk (state=3):
>>>debug3: mux_client_read_packet: read header failed: Broken pipe
debug2: Received exit status from master 0
<<<

2020-03-03 12:26:00,253 p=11818 u=mark n=ansible |  11818 1583234760.25296: stdout chunk (state=3):
>>><<<

2020-03-03 12:26:00,253 p=11818 u=mark n=ansible |  11818 1583234760.25339: stderr chunk (state=3):
>>><<<

2020-03-03 12:26:00,253 p=11818 u=mark n=ansible | <fedora31> (0, b'sftp> put /home/mark/.ansible/tmp/ansible-local-11808ea7n9daf/tmp3rsfqkx5 /home/sudoall/.ansible/tmp/ansible-tmp-1583234758.2360907-149338061446988/AnsiballZ_command.py\n', b'OpenSSH_8.0p1, OpenSSL 1.1.1c FIPS  28 May 2019\r\ndebug1: Reading configuration data /etc/ssh/ssh_config\r\ndebug3: /etc/ssh/ssh_config line 51: Including file /etc/ssh/ssh_config.d/05-redhat.conf depth 0\r\ndebug1: Reading configuration data /etc/ssh/ssh_config.d/05-redhat.conf\r\ndebug2: checking match for \'final all\' host fedora31 originally fedora31\r\ndebug3: /etc/ssh/ssh_config.d/05-redhat.conf line 3: not matched \'final\'\r\ndebug2: match not found\r\ndebug3: /etc/ssh/ssh_config.d/05-redhat.conf line 5: Including file /etc/crypto-policies/back-ends/openssh.config depth 1 (parse only)\r\ndebug1: Reading configuration data /etc/crypto-policies/back-ends/openssh.config\r\ndebug3: gss kex names ok: [gss-gex-sha1-,gss-group14-sha1-]\r\ndebug3: kex names ok: [curve25519-sha256,curve25519-sha256@libssh.org,ecdh-sha2-nistp256,ecdh-sha2-nistp384,ecdh-sha2-nistp521,diffie-hellman-group-exchange-sha256,diffie-hellman-group14-sha256,diffie-hellman-group16-sha512,diffie-hellman-group18-sha512,diffie-hellman-group-exchange-sha1,diffie-hellman-group14-sha1]\r\ndebug1: configuration requests final Match pass\r\ndebug1: re-parsing configuration\r\ndebug1: Reading configuration data /etc/ssh/ssh_config\r\ndebug3: /etc/ssh/ssh_config line 51: Including file /etc/ssh/ssh_config.d/05-redhat.conf depth 0\r\ndebug1: Reading configuration data /etc/ssh/ssh_config.d/05-redhat.conf\r\ndebug2: checking match for \'final all\' host fedora31 originally fedora31\r\ndebug3: /etc/ssh/ssh_config.d/05-redhat.conf line 3: matched \'final\'\r\ndebug2: match found\r\ndebug3: /etc/ssh/ssh_config.d/05-redhat.conf line 5: Including file /etc/crypto-policies/back-ends/openssh.config depth 1\r\ndebug1: Reading configuration data /etc/crypto-policies/back-ends/openssh.config\r\ndebug3: gss kex names ok: [gss-gex-sha1-,gss-group14-sha1-]\r\ndebug3: kex names ok: [curve25519-sha256,curve25519-sha256@libssh.org,ecdh-sha2-nistp256,ecdh-sha2-nistp384,ecdh-sha2-nistp521,diffie-hellman-group-exchange-sha256,diffie-hellman-group14-sha256,diffie-hellman-group16-sha512,diffie-hellman-group18-sha512,diffie-hellman-group-exchange-sha1,diffie-hellman-group14-sha1]\r\ndebug1: auto-mux: Trying existing master\r\ndebug2: fd 4 setting O_NONBLOCK\r\ndebug2: mux_client_hello_exchange: master version 4\r\ndebug3: mux_client_forwards: request forwardings: 0 local, 0 remote\r\ndebug3: mux_client_request_session: entering\r\ndebug3: mux_client_request_alive: entering\r\ndebug3: mux_client_request_alive: done pid = 11833\r\ndebug3: mux_client_request_session: session request sent\r\ndebug2: Remote version: 3\r\ndebug2: Server supports extension "posix-rename@openssh.com" revision 1\r\ndebug2: Server supports extension "statvfs@openssh.com" revision 2\r\ndebug2: Server supports extension "fstatvfs@openssh.com" revision 2\r\ndebug2: Server supports extension "hardlink@openssh.com" revision 1\r\ndebug2: Server supports extension "fsync@openssh.com" revision 1\r\ndebug2: Server supports extension "lsetstat@openssh.com" revision 1\r\ndebug3: Sent message fd 3 T:16 I:1\r\ndebug3: SSH_FXP_REALPATH . -> /home/sudoall size 0\r\ndebug3: Looking up /home/mark/.ansible/tmp/ansible-local-11808ea7n9daf/tmp3rsfqkx5\r\ndebug3: Sent message fd 3 T:17 I:2\r\ndebug3: Received stat reply T:101 I:2\r\ndebug1: Couldn\'t stat remote file: No such file or directory\r\ndebug3: Sent message SSH2_FXP_OPEN I:3 P:/home/sudoall/.ansible/tmp/ansible-tmp-1583234758.2360907-149338061446988/AnsiballZ_command.py\r\ndebug3: Sent message SSH2_FXP_WRITE I:4 O:0 S:32768\r\ndebug3: SSH2_FXP_STATUS 0\r\ndebug3: In write loop, ack for 4 32768 bytes at 0\r\ndebug3: Sent message SSH2_FXP_WRITE I:5 O:32768 S:32768\r\ndebug3: Sent message SSH2_FXP_WRITE I:6 O:65536 S:32768\r\ndebug3: Sent message SSH2_FXP_WRITE I:7 O:98304 S:9571\r\ndebug3: SSH2_FXP_STATUS 0\r\ndebug3: In write loop, ack for 5 32768 bytes at 32768\r\ndebug3: SSH2_FXP_STATUS 0\r\ndebug3: In write loop, ack for 6 32768 bytes at 65536\r\ndebug3: SSH2_FXP_STATUS 0\r\ndebug3: In write loop, ack for 7 9571 bytes at 98304\r\ndebug3: Sent message SSH2_FXP_CLOSE I:4\r\ndebug3: SSH2_FXP_STATUS 0\r\ndebug3: mux_client_read_packet: read header failed: Broken pipe\r\ndebug2: Received exit status from master 0\r\n')
2020-03-03 12:26:00,254 p=11818 u=mark n=ansible |  11818 1583234760.25422: done transferring module to remote
2020-03-03 12:26:00,254 p=11818 u=mark n=ansible |  11818 1583234760.25474: _low_level_execute_command(): starting
2020-03-03 12:26:00,255 p=11818 u=mark n=ansible |  11818 1583234760.25500: _low_level_execute_command(): executing: /bin/sh -c 'chmod u+x /home/sudoall/.ansible/tmp/ansible-tmp-1583234758.2360907-149338061446988/ /home/sudoall/.ansible/tmp/ansible-tmp-1583234758.2360907-149338061446988/AnsiballZ_command.py && sleep 0'
2020-03-03 12:26:00,255 p=11818 u=mark n=ansible | <fedora31> ESTABLISH SSH CONNECTION FOR USER: sudoall
2020-03-03 12:26:00,256 p=11818 u=mark n=ansible | <fedora31> SSH: EXEC ssh -vvv -C -o ControlMaster=auto -o ControlPersist=60s -o StrictHostKeyChecking=no -o KbdInteractiveAuthentication=no -o PreferredAuthentications=gssapi-with-mic,gssapi-keyex,hostbased,publickey -o PasswordAuthentication=no -o 'User="sudoall"' -o ConnectTimeout=10 -o ControlPath=/home/mark/.ansible/cp/8ab42c853a fedora31 '/bin/sh -c '"'"'chmod u+x /home/sudoall/.ansible/tmp/ansible-tmp-1583234758.2360907-149338061446988/ /home/sudoall/.ansible/tmp/ansible-tmp-1583234758.2360907-149338061446988/AnsiballZ_command.py && sleep 0'"'"''
2020-03-03 12:26:00,258 p=11816 u=mark n=ansible |  11816 1583234760.25846: stderr chunk (state=3):
>>>debug3: mux_client_read_packet: read header failed: Broken pipe
debug2: Received exit status from master 0
<<<

2020-03-03 12:26:00,259 p=11816 u=mark n=ansible |  11816 1583234760.25905: stdout chunk (state=3):
>>><<<

2020-03-03 12:26:00,259 p=11816 u=mark n=ansible |  11816 1583234760.25961: stderr chunk (state=3):
>>><<<

2020-03-03 12:26:00,260 p=11816 u=mark n=ansible | <centos7> (0, b'', b"OpenSSH_8.0p1, OpenSSL 1.1.1c FIPS  28 May 2019\r\ndebug1: Reading configuration data /etc/ssh/ssh_config\r\ndebug3: /etc/ssh/ssh_config line 51: Including file /etc/ssh/ssh_config.d/05-redhat.conf depth 0\r\ndebug1: Reading configuration data /etc/ssh/ssh_config.d/05-redhat.conf\r\ndebug2: checking match for 'final all' host centos7 originally centos7\r\ndebug3: /etc/ssh/ssh_config.d/05-redhat.conf line 3: not matched 'final'\r\ndebug2: match not found\r\ndebug3: /etc/ssh/ssh_config.d/05-redhat.conf line 5: Including file /etc/crypto-policies/back-ends/openssh.config depth 1 (parse only)\r\ndebug1: Reading configuration data /etc/crypto-policies/back-ends/openssh.config\r\ndebug3: gss kex names ok: [gss-gex-sha1-,gss-group14-sha1-]\r\ndebug3: kex names ok: [curve25519-sha256,curve25519-sha256@libssh.org,ecdh-sha2-nistp256,ecdh-sha2-nistp384,ecdh-sha2-nistp521,diffie-hellman-group-exchange-sha256,diffie-hellman-group14-sha256,diffie-hellman-group16-sha512,diffie-hellman-group18-sha512,diffie-hellman-group-exchange-sha1,diffie-hellman-group14-sha1]\r\ndebug1: configuration requests final Match pass\r\ndebug1: re-parsing configuration\r\ndebug1: Reading configuration data /etc/ssh/ssh_config\r\ndebug3: /etc/ssh/ssh_config line 51: Including file /etc/ssh/ssh_config.d/05-redhat.conf depth 0\r\ndebug1: Reading configuration data /etc/ssh/ssh_config.d/05-redhat.conf\r\ndebug2: checking match for 'final all' host centos7 originally centos7\r\ndebug3: /etc/ssh/ssh_config.d/05-redhat.conf line 3: matched 'final'\r\ndebug2: match found\r\ndebug3: /etc/ssh/ssh_config.d/05-redhat.conf line 5: Including file /etc/crypto-policies/back-ends/openssh.config depth 1\r\ndebug1: Reading configuration data /etc/crypto-policies/back-ends/openssh.config\r\ndebug3: gss kex names ok: [gss-gex-sha1-,gss-group14-sha1-]\r\ndebug3: kex names ok: [curve25519-sha256,curve25519-sha256@libssh.org,ecdh-sha2-nistp256,ecdh-sha2-nistp384,ecdh-sha2-nistp521,diffie-hellman-group-exchange-sha256,diffie-hellman-group14-sha256,diffie-hellman-group16-sha512,diffie-hellman-group18-sha512,diffie-hellman-group-exchange-sha1,diffie-hellman-group14-sha1]\r\ndebug1: auto-mux: Trying existing master\r\ndebug2: fd 4 setting O_NONBLOCK\r\ndebug2: mux_client_hello_exchange: master version 4\r\ndebug3: mux_client_forwards: request forwardings: 0 local, 0 remote\r\ndebug3: mux_client_request_session: entering\r\ndebug3: mux_client_request_alive: entering\r\ndebug3: mux_client_request_alive: done pid = 11827\r\ndebug3: mux_client_request_session: session request sent\r\ndebug3: mux_client_read_packet: read header failed: Broken pipe\r\ndebug2: Received exit status from master 0\r\n")
2020-03-03 12:26:00,260 p=11816 u=mark n=ansible |  11816 1583234760.26023: _low_level_execute_command() done: rc=0, stdout=, stderr=OpenSSH_8.0p1, OpenSSL 1.1.1c FIPS  28 May 2019
debug1: Reading configuration data /etc/ssh/ssh_config
debug3: /etc/ssh/ssh_config line 51: Including file /etc/ssh/ssh_config.d/05-redhat.conf depth 0
debug1: Reading configuration data /etc/ssh/ssh_config.d/05-redhat.conf
debug2: checking match for 'final all' host centos7 originally centos7
debug3: /etc/ssh/ssh_config.d/05-redhat.conf line 3: not matched 'final'
debug2: match not found
debug3: /etc/ssh/ssh_config.d/05-redhat.conf line 5: Including file /etc/crypto-policies/back-ends/openssh.config depth 1 (parse only)
debug1: Reading configuration data /etc/crypto-policies/back-ends/openssh.config
debug3: gss kex names ok: [gss-gex-sha1-,gss-group14-sha1-]
debug3: kex names ok: [curve25519-sha256,curve25519-sha256@libssh.org,ecdh-sha2-nistp256,ecdh-sha2-nistp384,ecdh-sha2-nistp521,diffie-hellman-group-exchange-sha256,diffie-hellman-group14-sha256,diffie-hellman-group16-sha512,diffie-hellman-group18-sha512,diffie-hellman-group-exchange-sha1,diffie-hellman-group14-sha1]
debug1: configuration requests final Match pass
debug1: re-parsing configuration
debug1: Reading configuration data /etc/ssh/ssh_config
debug3: /etc/ssh/ssh_config line 51: Including file /etc/ssh/ssh_config.d/05-redhat.conf depth 0
debug1: Reading configuration data /etc/ssh/ssh_config.d/05-redhat.conf
debug2: checking match for 'final all' host centos7 originally centos7
debug3: /etc/ssh/ssh_config.d/05-redhat.conf line 3: matched 'final'
debug2: match found
debug3: /etc/ssh/ssh_config.d/05-redhat.conf line 5: Including file /etc/crypto-policies/back-ends/openssh.config depth 1
debug1: Reading configuration data /etc/crypto-policies/back-ends/openssh.config
debug3: gss kex names ok: [gss-gex-sha1-,gss-group14-sha1-]
debug3: kex names ok: [curve25519-sha256,curve25519-sha256@libssh.org,ecdh-sha2-nistp256,ecdh-sha2-nistp384,ecdh-sha2-nistp521,diffie-hellman-group-exchange-sha256,diffie-hellman-group14-sha256,diffie-hellman-group16-sha512,diffie-hellman-group18-sha512,diffie-hellman-group-exchange-sha1,diffie-hellman-group14-sha1]
debug1: auto-mux: Trying existing master
debug2: fd 4 setting O_NONBLOCK
debug2: mux_client_hello_exchange: master version 4
debug3: mux_client_forwards: request forwardings: 0 local, 0 remote
debug3: mux_client_request_session: entering
debug3: mux_client_request_alive: entering
debug3: mux_client_request_alive: done pid = 11827
debug3: mux_client_request_session: session request sent
debug3: mux_client_read_packet: read header failed: Broken pipe
debug2: Received exit status from master 0

2020-03-03 12:26:00,260 p=11816 u=mark n=ansible |  11816 1583234760.26055: _low_level_execute_command(): starting
2020-03-03 12:26:00,260 p=11816 u=mark n=ansible |  11816 1583234760.26073: _low_level_execute_command(): using become for this command
2020-03-03 12:26:00,261 p=11816 u=mark n=ansible |  11816 1583234760.26104: _low_level_execute_command(): executing: /bin/sh -c 'sudo -H -S  -p "[sudo via ansible, key=jdhqwpccwjtmecrlccaksrhmjrjoebkc] password:" -u root /bin/sh -c '"'"'echo BECOME-SUCCESS-jdhqwpccwjtmecrlccaksrhmjrjoebkc ; /usr/bin/python /home/sudoall/.ansible/tmp/ansible-tmp-1583234758.2094421-191384882685832/AnsiballZ_command.py'"'"' && sleep 0'
2020-03-03 12:26:00,261 p=11816 u=mark n=ansible | <centos7> ESTABLISH SSH CONNECTION FOR USER: sudoall
2020-03-03 12:26:00,262 p=11816 u=mark n=ansible | <centos7> SSH: EXEC ssh -vvv -C -o ControlMaster=auto -o ControlPersist=60s -o StrictHostKeyChecking=no -o KbdInteractiveAuthentication=no -o PreferredAuthentications=gssapi-with-mic,gssapi-keyex,hostbased,publickey -o PasswordAuthentication=no -o 'User="sudoall"' -o ConnectTimeout=10 -o ControlPath=/home/mark/.ansible/cp/25a6c0e9bc -tt centos7 '/bin/sh -c '"'"'sudo -H -S  -p "[sudo via ansible, key=jdhqwpccwjtmecrlccaksrhmjrjoebkc] password:" -u root /bin/sh -c '"'"'"'"'"'"'"'"'echo BECOME-SUCCESS-jdhqwpccwjtmecrlccaksrhmjrjoebkc ; /usr/bin/python /home/sudoall/.ansible/tmp/ansible-tmp-1583234758.2094421-191384882685832/AnsiballZ_command.py'"'"'"'"'"'"'"'"' && sleep 0'"'"''
2020-03-03 12:26:00,267 p=11816 u=mark n=ansible |  11816 1583234760.26760: Initial state: awaiting_prompt: [sudo via ansible, key=jdhqwpccwjtmecrlccaksrhmjrjoebkc] password:
2020-03-03 12:26:00,269 p=11818 u=mark n=ansible |  11818 1583234760.26888: stderr chunk (state=2):
>>>OpenSSH_8.0p1, OpenSSL 1.1.1c FIPS  28 May 2019
debug1: Reading configuration data /etc/ssh/ssh_config
debug3: /etc/ssh/ssh_config line 51: Including file /etc/ssh/ssh_config.d/05-redhat.conf depth 0
debug1: Reading configuration data /etc/ssh/ssh_config.d/05-redhat.conf
debug2: checking match for 'final all' host fedora31 originally fedora31
debug3: /etc/ssh/ssh_config.d/05-redhat.conf line 3: not matched 'final'
debug2: match not found
debug3: /etc/ssh/ssh_config.d/05-redhat.conf line 5: Including file /etc/crypto-policies/back-ends/openssh.config depth 1 (parse only)
debug1: Reading configuration data /etc/crypto-policies/back-ends/openssh.config
debug3: gss kex names ok: [gss-gex-sha1-,gss-group14-sha1-]
debug3: kex names ok: [curve25519-sha256,curve25519-sha256@libssh.org,ecdh-sha2-nistp256,ecdh-sha2-nistp384,ecdh-sha2-nistp521,diffie-hellman-group-exchange-sha256,diffie-hellman-group14-sha256,diffie-hellman-group16-sha512,diffie-hellman-group18-sha512,diffie-hellman-group-exchange-sha1,diffie-hellman-group14-sha1]
debug1: configuration requests final Match pass
debug1: re-parsing configuration
debug1: Reading configuration data /etc/ssh/ssh_config
debug3: /etc/ssh/ssh_config line 51: Including file /etc/ssh/ssh_config.d/05-redhat.conf depth 0
debug1: Reading configuration data /etc/ssh/ssh_config.d/05-redhat.conf
debug2: checking match for 'final all' host fedora31 originally fedora31
debug3: /etc/ssh/ssh_config.d/05-redhat.conf line 3: matched 'final'
debug2: match found
debug3: /etc/ssh/ssh_config.d/05-redhat.conf line 5: Including file /etc/crypto-policies/back-ends/openssh.config depth 1
debug1: Reading configuration data /etc/crypto-policies/back-ends/openssh.config
debug3: gss kex names ok: [gss-gex-sha1-,gss-group14-sha1-]
debug3: kex names ok: [curve25519-sha256,curve25519-sha256@libssh.org,ecdh-sha2-nistp256,ecdh-sha2-nistp384,ecdh-sha2-nistp521,diffie-hellman-group-exchange-sha256,diffie-hellman-group14-sha256,diffie-hellman-group16-sha512,diffie-hellman-group18-sha512,diffie-hellman-group-exchange-sha1,diffie-hellman-group14-sha1]
debug1: auto-mux: Trying existing master
debug2: fd 4 setting O_NONBLOCK
debug2: mux_client_hello_exchange: master version 4
debug3: mux_client_forwards: request forwardings: 0 local, 0 remote
debug3: mux_client_request_session: entering
debug3: mux_client_request_alive: entering
debug3: mux_client_request_alive: done pid = 11833
debug3: mux_client_request_session: session request sent
<<<

2020-03-03 12:26:00,270 p=11816 u=mark n=ansible |  11816 1583234760.27079: stderr chunk (state=0):
>>>OpenSSH_8.0p1, OpenSSL 1.1.1c FIPS  28 May 2019
debug1: Reading configuration data /etc/ssh/ssh_config
debug3: /etc/ssh/ssh_config line 51: Including file /etc/ssh/ssh_config.d/05-redhat.conf depth 0
debug1: Reading configuration data /etc/ssh/ssh_config.d/05-redhat.conf
<<<

2020-03-03 12:26:00,273 p=11816 u=mark n=ansible |  11816 1583234760.27307: stderr chunk (state=0):
>>>debug2: checking match for 'final all' host centos7 originally centos7
debug3: /etc/ssh/ssh_config.d/05-redhat.conf line 3: not matched 'final'
debug2: match not found
debug3: /etc/ssh/ssh_config.d/05-redhat.conf line 5: Including file /etc/crypto-policies/back-ends/openssh.config depth 1 (parse only)
debug1: Reading configuration data /etc/crypto-policies/back-ends/openssh.config
debug3: gss kex names ok: [gss-gex-sha1-,gss-group14-sha1-]
debug3: kex names ok: [curve25519-sha256,curve25519-sha256@libssh.org,ecdh-sha2-nistp256,ecdh-sha2-nistp384,ecdh-sha2-nistp521,diffie-hellman-group-exchange-sha256,diffie-hellman-group14-sha256,diffie-hellman-group16-sha512,diffie-hellman-group18-sha512,diffie-hellman-group-exchange-sha1,diffie-hellman-group14-sha1]
debug1: configuration requests final Match pass
debug1: re-parsing configuration
debug1: Reading configuration data /etc/ssh/ssh_config
debug3: /etc/ssh/ssh_config line 51: Including file /etc/ssh/ssh_config.d/05-redhat.conf depth 0
debug1: Reading configuration data /etc/ssh/ssh_config.d/05-redhat.conf
debug2: checking match for 'final all' host centos7 originally centos7
debug3: /etc/ssh/ssh_config.d/05-redhat.conf line 3: matched 'final'
debug2: match found
debug3: /etc/ssh/ssh_config.d/05-redhat.conf line 5: Including file /etc/crypto-policies/back-ends/openssh.config depth 1
debug1: Reading configuration data /etc/crypto-policies/back-ends/openssh.config
debug3: gss kex names ok: [gss-gex-sha1-,gss-group14-sha1-]
debug3: kex names ok: [curve25519-sha256,curve25519-sha256@libssh.org,ecdh-sha2-nistp256,ecdh-sha2-nistp384,ecdh-sha2-nistp521,diffie-hellman-group-exchange-sha256,diffie-hellman-group14-sha256,diffie-hellman-group16-sha512,diffie-hellman-group18-sha512,diffie-hellman-group-exchange-sha1,diffie-hellman-group14-sha1]
debug1: auto-mux: Trying existing master
debug2: fd 4 setting O_NONBLOCK
<<<

2020-03-03 12:26:00,283 p=11816 u=mark n=ansible |  11816 1583234760.28277: stderr chunk (state=0):
>>>debug2: mux_client_hello_exchange: master version 4
debug3: mux_client_forwards: request forwardings: 0 local, 0 remote
debug3: mux_client_request_session: entering
debug3: mux_client_request_alive: entering
debug3: mux_client_request_alive: done pid = 11827
debug3: mux_client_request_session: session request sent
<<<

2020-03-03 12:26:00,291 p=11817 u=mark n=ansible |  11817 1583234760.29083: stdout chunk (state=3):
>>>{"platform_dist_result": ["redhat", "8.0", "Ootpa"], "osrelease_content": "NAME=\"Red Hat Enterprise Linux\"\nVERSION=\"8.0 (Ootpa)\"\nID=\"rhel\"\nID_LIKE=\"fedora\"\nVERSION_ID=\"8.0\"\nPLATFORM_ID=\"platform:el8\"\nPRETTY_NAME=\"Red Hat Enterprise Linux 8.0 (Ootpa)\"\nANSI_COLOR=\"0;31\"\nCPE_NAME=\"cpe:/o:redhat:enterprise_linux:8.0:GA\"\nHOME_URL=\"https://www.redhat.com/\"\nBUG_REPORT_URL=\"https://bugzilla.redhat.com/\"\n\nREDHAT_BUGZILLA_PRODUCT=\"Red Hat Enterprise Linux 8\"\nREDHAT_BUGZILLA_PRODUCT_VERSION=8.0\nREDHAT_SUPPORT_PRODUCT=\"Red Hat Enterprise Linux\"\nREDHAT_SUPPORT_PRODUCT_VERSION=\"8.0\"\n"}
<<<

2020-03-03 12:26:00,293 p=11817 u=mark n=ansible |  11817 1583234760.29321: stderr chunk (state=3):
>>>debug3: mux_client_read_packet: read header failed: Broken pipe
debug2: Received exit status from master 0
<<<

2020-03-03 12:26:00,294 p=11817 u=mark n=ansible |  11817 1583234760.29398: stderr chunk (state=3):
>>><<<

2020-03-03 12:26:00,294 p=11817 u=mark n=ansible |  11817 1583234760.29454: stdout chunk (state=3):
>>><<<

2020-03-03 12:26:00,295 p=11817 u=mark n=ansible | <rhel8> (0, b'{"platform_dist_result": ["redhat", "8.0", "Ootpa"], "osrelease_content": "NAME=\\"Red Hat Enterprise Linux\\"\\nVERSION=\\"8.0 (Ootpa)\\"\\nID=\\"rhel\\"\\nID_LIKE=\\"fedora\\"\\nVERSION_ID=\\"8.0\\"\\nPLATFORM_ID=\\"platform:el8\\"\\nPRETTY_NAME=\\"Red Hat Enterprise Linux 8.0 (Ootpa)\\"\\nANSI_COLOR=\\"0;31\\"\\nCPE_NAME=\\"cpe:/o:redhat:enterprise_linux:8.0:GA\\"\\nHOME_URL=\\"https://www.redhat.com/\\"\\nBUG_REPORT_URL=\\"https://bugzilla.redhat.com/\\"\\n\\nREDHAT_BUGZILLA_PRODUCT=\\"Red Hat Enterprise Linux 8\\"\\nREDHAT_BUGZILLA_PRODUCT_VERSION=8.0\\nREDHAT_SUPPORT_PRODUCT=\\"Red Hat Enterprise Linux\\"\\nREDHAT_SUPPORT_PRODUCT_VERSION=\\"8.0\\"\\n"}\n', b"OpenSSH_8.0p1, OpenSSL 1.1.1c FIPS  28 May 2019\r\ndebug1: Reading configuration data /etc/ssh/ssh_config\r\ndebug3: /etc/ssh/ssh_config line 51: Including file /etc/ssh/ssh_config.d/05-redhat.conf depth 0\r\ndebug1: Reading configuration data /etc/ssh/ssh_config.d/05-redhat.conf\r\ndebug2: checking match for 'final all' host rhel8 originally rhel8\r\ndebug3: /etc/ssh/ssh_config.d/05-redhat.conf line 3: not matched 'final'\r\ndebug2: match not found\r\ndebug3: /etc/ssh/ssh_config.d/05-redhat.conf line 5: Including file /etc/crypto-policies/back-ends/openssh.config depth 1 (parse only)\r\ndebug1: Reading configuration data /etc/crypto-policies/back-ends/openssh.config\r\ndebug3: gss kex names ok: [gss-gex-sha1-,gss-group14-sha1-]\r\ndebug3: kex names ok: [curve25519-sha256,curve25519-sha256@libssh.org,ecdh-sha2-nistp256,ecdh-sha2-nistp384,ecdh-sha2-nistp521,diffie-hellman-group-exchange-sha256,diffie-hellman-group14-sha256,diffie-hellman-group16-sha512,diffie-hellman-group18-sha512,diffie-hellman-group-exchange-sha1,diffie-hellman-group14-sha1]\r\ndebug1: configuration requests final Match pass\r\ndebug1: re-parsing configuration\r\ndebug1: Reading configuration data /etc/ssh/ssh_config\r\ndebug3: /etc/ssh/ssh_config line 51: Including file /etc/ssh/ssh_config.d/05-redhat.conf depth 0\r\ndebug1: Reading configuration data /etc/ssh/ssh_config.d/05-redhat.conf\r\ndebug2: checking match for 'final all' host rhel8 originally rhel8\r\ndebug3: /etc/ssh/ssh_config.d/05-redhat.conf line 3: matched 'final'\r\ndebug2: match found\r\ndebug3: /etc/ssh/ssh_config.d/05-redhat.conf line 5: Including file /etc/crypto-policies/back-ends/openssh.config depth 1\r\ndebug1: Reading configuration data /etc/crypto-policies/back-ends/openssh.config\r\ndebug3: gss kex names ok: [gss-gex-sha1-,gss-group14-sha1-]\r\ndebug3: kex names ok: [curve25519-sha256,curve25519-sha256@libssh.org,ecdh-sha2-nistp256,ecdh-sha2-nistp384,ecdh-sha2-nistp521,diffie-hellman-group-exchange-sha256,diffie-hellman-group14-sha256,diffie-hellman-group16-sha512,diffie-hellman-group18-sha512,diffie-hellman-group-exchange-sha1,diffie-hellman-group14-sha1]\r\ndebug1: auto-mux: Trying existing master\r\ndebug2: fd 4 setting O_NONBLOCK\r\ndebug2: mux_client_hello_exchange: master version 4\r\ndebug3: mux_client_forwards: request forwardings: 0 local, 0 remote\r\ndebug3: mux_client_request_session: entering\r\ndebug3: mux_client_request_alive: entering\r\ndebug3: mux_client_request_alive: done pid = 11839\r\ndebug3: mux_client_request_session: session request sent\r\ndebug3: mux_client_read_packet: read header failed: Broken pipe\r\ndebug2: Received exit status from master 0\r\n")
2020-03-03 12:26:00,295 p=11817 u=mark n=ansible |  11817 1583234760.29562: _low_level_execute_command() done: rc=0, stdout={"platform_dist_result": ["redhat", "8.0", "Ootpa"], "osrelease_content": "NAME=\"Red Hat Enterprise Linux\"\nVERSION=\"8.0 (Ootpa)\"\nID=\"rhel\"\nID_LIKE=\"fedora\"\nVERSION_ID=\"8.0\"\nPLATFORM_ID=\"platform:el8\"\nPRETTY_NAME=\"Red Hat Enterprise Linux 8.0 (Ootpa)\"\nANSI_COLOR=\"0;31\"\nCPE_NAME=\"cpe:/o:redhat:enterprise_linux:8.0:GA\"\nHOME_URL=\"https://www.redhat.com/\"\nBUG_REPORT_URL=\"https://bugzilla.redhat.com/\"\n\nREDHAT_BUGZILLA_PRODUCT=\"Red Hat Enterprise Linux 8\"\nREDHAT_BUGZILLA_PRODUCT_VERSION=8.0\nREDHAT_SUPPORT_PRODUCT=\"Red Hat Enterprise Linux\"\nREDHAT_SUPPORT_PRODUCT_VERSION=\"8.0\"\n"}
, stderr=OpenSSH_8.0p1, OpenSSL 1.1.1c FIPS  28 May 2019
debug1: Reading configuration data /etc/ssh/ssh_config
debug3: /etc/ssh/ssh_config line 51: Including file /etc/ssh/ssh_config.d/05-redhat.conf depth 0
debug1: Reading configuration data /etc/ssh/ssh_config.d/05-redhat.conf
debug2: checking match for 'final all' host rhel8 originally rhel8
debug3: /etc/ssh/ssh_config.d/05-redhat.conf line 3: not matched 'final'
debug2: match not found
debug3: /etc/ssh/ssh_config.d/05-redhat.conf line 5: Including file /etc/crypto-policies/back-ends/openssh.config depth 1 (parse only)
debug1: Reading configuration data /etc/crypto-policies/back-ends/openssh.config
debug3: gss kex names ok: [gss-gex-sha1-,gss-group14-sha1-]
debug3: kex names ok: [curve25519-sha256,curve25519-sha256@libssh.org,ecdh-sha2-nistp256,ecdh-sha2-nistp384,ecdh-sha2-nistp521,diffie-hellman-group-exchange-sha256,diffie-hellman-group14-sha256,diffie-hellman-group16-sha512,diffie-hellman-group18-sha512,diffie-hellman-group-exchange-sha1,diffie-hellman-group14-sha1]
debug1: configuration requests final Match pass
debug1: re-parsing configuration
debug1: Reading configuration data /etc/ssh/ssh_config
debug3: /etc/ssh/ssh_config line 51: Including file /etc/ssh/ssh_config.d/05-redhat.conf depth 0
debug1: Reading configuration data /etc/ssh/ssh_config.d/05-redhat.conf
debug2: checking match for 'final all' host rhel8 originally rhel8
debug3: /etc/ssh/ssh_config.d/05-redhat.conf line 3: matched 'final'
debug2: match found
debug3: /etc/ssh/ssh_config.d/05-redhat.conf line 5: Including file /etc/crypto-policies/back-ends/openssh.config depth 1
debug1: Reading configuration data /etc/crypto-policies/back-ends/openssh.config
debug3: gss kex names ok: [gss-gex-sha1-,gss-group14-sha1-]
debug3: kex names ok: [curve25519-sha256,curve25519-sha256@libssh.org,ecdh-sha2-nistp256,ecdh-sha2-nistp384,ecdh-sha2-nistp521,diffie-hellman-group-exchange-sha256,diffie-hellman-group14-sha256,diffie-hellman-group16-sha512,diffie-hellman-group18-sha512,diffie-hellman-group-exchange-sha1,diffie-hellman-group14-sha1]
debug1: auto-mux: Trying existing master
debug2: fd 4 setting O_NONBLOCK
debug2: mux_client_hello_exchange: master version 4
debug3: mux_client_forwards: request forwardings: 0 local, 0 remote
debug3: mux_client_request_session: entering
debug3: mux_client_request_alive: entering
debug3: mux_client_request_alive: done pid = 11839
debug3: mux_client_request_session: session request sent
debug3: mux_client_read_packet: read header failed: Broken pipe
debug2: Received exit status from master 0

2020-03-03 12:26:00,297 p=11817 u=mark n=ansible |  11817 1583234760.29687: ANSIBALLZ: using cached module: /home/mark/.ansible/tmp/ansible-local-11808ea7n9daf/ansiballz_cache/command-ZIP_DEFLATED
2020-03-03 12:26:00,298 p=11817 u=mark n=ansible | Using module file /usr/lib/python3.6/site-packages/ansible/modules/commands/command.py
2020-03-03 12:26:00,298 p=11817 u=mark n=ansible |  11817 1583234760.29821: transferring module to remote /home/sudoall/.ansible/tmp/ansible-tmp-1583234758.2386017-163122209093797/AnsiballZ_command.py
2020-03-03 12:26:00,300 p=11817 u=mark n=ansible | <rhel8> PUT /home/mark/.ansible/tmp/ansible-local-11808ea7n9daf/tmpyb_j1_r4 TO /home/sudoall/.ansible/tmp/ansible-tmp-1583234758.2386017-163122209093797/AnsiballZ_command.py
2020-03-03 12:26:00,301 p=11817 u=mark n=ansible | <rhel8> SSH: EXEC sftp -b - -vvv -C -o ControlMaster=auto -o ControlPersist=60s -o StrictHostKeyChecking=no -o KbdInteractiveAuthentication=no -o PreferredAuthentications=gssapi-with-mic,gssapi-keyex,hostbased,publickey -o PasswordAuthentication=no -o 'User="sudoall"' -o ConnectTimeout=10 -o ControlPath=/home/mark/.ansible/cp/c773ad9e8a '[rhel8]'
2020-03-03 12:26:00,306 p=11817 u=mark n=ansible |  11817 1583234760.30587: Sending initial data
2020-03-03 12:26:00,306 p=11817 u=mark n=ansible |  11817 1583234760.30658: Sent initial data (163 bytes)
2020-03-03 12:26:00,308 p=11818 u=mark n=ansible |  11818 1583234760.30820: stderr chunk (state=3):
>>>debug3: mux_client_read_packet: read header failed: Broken pipe
debug2: Received exit status from master 0
<<<

2020-03-03 12:26:00,308 p=11818 u=mark n=ansible |  11818 1583234760.30858: stdout chunk (state=3):
>>><<<

2020-03-03 12:26:00,308 p=11818 u=mark n=ansible |  11818 1583234760.30882: stderr chunk (state=3):
>>><<<

2020-03-03 12:26:00,309 p=11818 u=mark n=ansible | <fedora31> (0, b'', b"OpenSSH_8.0p1, OpenSSL 1.1.1c FIPS  28 May 2019\r\ndebug1: Reading configuration data /etc/ssh/ssh_config\r\ndebug3: /etc/ssh/ssh_config line 51: Including file /etc/ssh/ssh_config.d/05-redhat.conf depth 0\r\ndebug1: Reading configuration data /etc/ssh/ssh_config.d/05-redhat.conf\r\ndebug2: checking match for 'final all' host fedora31 originally fedora31\r\ndebug3: /etc/ssh/ssh_config.d/05-redhat.conf line 3: not matched 'final'\r\ndebug2: match not found\r\ndebug3: /etc/ssh/ssh_config.d/05-redhat.conf line 5: Including file /etc/crypto-policies/back-ends/openssh.config depth 1 (parse only)\r\ndebug1: Reading configuration data /etc/crypto-policies/back-ends/openssh.config\r\ndebug3: gss kex names ok: [gss-gex-sha1-,gss-group14-sha1-]\r\ndebug3: kex names ok: [curve25519-sha256,curve25519-sha256@libssh.org,ecdh-sha2-nistp256,ecdh-sha2-nistp384,ecdh-sha2-nistp521,diffie-hellman-group-exchange-sha256,diffie-hellman-group14-sha256,diffie-hellman-group16-sha512,diffie-hellman-group18-sha512,diffie-hellman-group-exchange-sha1,diffie-hellman-group14-sha1]\r\ndebug1: configuration requests final Match pass\r\ndebug1: re-parsing configuration\r\ndebug1: Reading configuration data /etc/ssh/ssh_config\r\ndebug3: /etc/ssh/ssh_config line 51: Including file /etc/ssh/ssh_config.d/05-redhat.conf depth 0\r\ndebug1: Reading configuration data /etc/ssh/ssh_config.d/05-redhat.conf\r\ndebug2: checking match for 'final all' host fedora31 originally fedora31\r\ndebug3: /etc/ssh/ssh_config.d/05-redhat.conf line 3: matched 'final'\r\ndebug2: match found\r\ndebug3: /etc/ssh/ssh_config.d/05-redhat.conf line 5: Including file /etc/crypto-policies/back-ends/openssh.config depth 1\r\ndebug1: Reading configuration data /etc/crypto-policies/back-ends/openssh.config\r\ndebug3: gss kex names ok: [gss-gex-sha1-,gss-group14-sha1-]\r\ndebug3: kex names ok: [curve25519-sha256,curve25519-sha256@libssh.org,ecdh-sha2-nistp256,ecdh-sha2-nistp384,ecdh-sha2-nistp521,diffie-hellman-group-exchange-sha256,diffie-hellman-group14-sha256,diffie-hellman-group16-sha512,diffie-hellman-group18-sha512,diffie-hellman-group-exchange-sha1,diffie-hellman-group14-sha1]\r\ndebug1: auto-mux: Trying existing master\r\ndebug2: fd 4 setting O_NONBLOCK\r\ndebug2: mux_client_hello_exchange: master version 4\r\ndebug3: mux_client_forwards: request forwardings: 0 local, 0 remote\r\ndebug3: mux_client_request_session: entering\r\ndebug3: mux_client_request_alive: entering\r\ndebug3: mux_client_request_alive: done pid = 11833\r\ndebug3: mux_client_request_session: session request sent\r\ndebug3: mux_client_read_packet: read header failed: Broken pipe\r\ndebug2: Received exit status from master 0\r\n")
2020-03-03 12:26:00,309 p=11818 u=mark n=ansible |  11818 1583234760.30926: _low_level_execute_command() done: rc=0, stdout=, stderr=OpenSSH_8.0p1, OpenSSL 1.1.1c FIPS  28 May 2019
debug1: Reading configuration data /etc/ssh/ssh_config
debug3: /etc/ssh/ssh_config line 51: Including file /etc/ssh/ssh_config.d/05-redhat.conf depth 0
debug1: Reading configuration data /etc/ssh/ssh_config.d/05-redhat.conf
debug2: checking match for 'final all' host fedora31 originally fedora31
debug3: /etc/ssh/ssh_config.d/05-redhat.conf line 3: not matched 'final'
debug2: match not found
debug3: /etc/ssh/ssh_config.d/05-redhat.conf line 5: Including file /etc/crypto-policies/back-ends/openssh.config depth 1 (parse only)
debug1: Reading configuration data /etc/crypto-policies/back-ends/openssh.config
debug3: gss kex names ok: [gss-gex-sha1-,gss-group14-sha1-]
debug3: kex names ok: [curve25519-sha256,curve25519-sha256@libssh.org,ecdh-sha2-nistp256,ecdh-sha2-nistp384,ecdh-sha2-nistp521,diffie-hellman-group-exchange-sha256,diffie-hellman-group14-sha256,diffie-hellman-group16-sha512,diffie-hellman-group18-sha512,diffie-hellman-group-exchange-sha1,diffie-hellman-group14-sha1]
debug1: configuration requests final Match pass
debug1: re-parsing configuration
debug1: Reading configuration data /etc/ssh/ssh_config
debug3: /etc/ssh/ssh_config line 51: Including file /etc/ssh/ssh_config.d/05-redhat.conf depth 0
debug1: Reading configuration data /etc/ssh/ssh_config.d/05-redhat.conf
debug2: checking match for 'final all' host fedora31 originally fedora31
debug3: /etc/ssh/ssh_config.d/05-redhat.conf line 3: matched 'final'
debug2: match found
debug3: /etc/ssh/ssh_config.d/05-redhat.conf line 5: Including file /etc/crypto-policies/back-ends/openssh.config depth 1
debug1: Reading configuration data /etc/crypto-policies/back-ends/openssh.config
debug3: gss kex names ok: [gss-gex-sha1-,gss-group14-sha1-]
debug3: kex names ok: [curve25519-sha256,curve25519-sha256@libssh.org,ecdh-sha2-nistp256,ecdh-sha2-nistp384,ecdh-sha2-nistp521,diffie-hellman-group-exchange-sha256,diffie-hellman-group14-sha256,diffie-hellman-group16-sha512,diffie-hellman-group18-sha512,diffie-hellman-group-exchange-sha1,diffie-hellman-group14-sha1]
debug1: auto-mux: Trying existing master
debug2: fd 4 setting O_NONBLOCK
debug2: mux_client_hello_exchange: master version 4
debug3: mux_client_forwards: request forwardings: 0 local, 0 remote
debug3: mux_client_request_session: entering
debug3: mux_client_request_alive: entering
debug3: mux_client_request_alive: done pid = 11833
debug3: mux_client_request_session: session request sent
debug3: mux_client_read_packet: read header failed: Broken pipe
debug2: Received exit status from master 0

2020-03-03 12:26:00,309 p=11818 u=mark n=ansible |  11818 1583234760.30957: _low_level_execute_command(): starting
2020-03-03 12:26:00,309 p=11818 u=mark n=ansible |  11818 1583234760.30973: _low_level_execute_command(): using become for this command
2020-03-03 12:26:00,310 p=11818 u=mark n=ansible |  11818 1583234760.31002: _low_level_execute_command(): executing: /bin/sh -c 'sudo -H -S  -p "[sudo via ansible, key=jwwpxdfgqcrqpfnvxdhtpwxxibidhhcw] password:" -u root /bin/sh -c '"'"'echo BECOME-SUCCESS-jwwpxdfgqcrqpfnvxdhtpwxxibidhhcw ; /usr/bin/python /home/sudoall/.ansible/tmp/ansible-tmp-1583234758.2360907-149338061446988/AnsiballZ_command.py'"'"' && sleep 0'
2020-03-03 12:26:00,310 p=11818 u=mark n=ansible | <fedora31> ESTABLISH SSH CONNECTION FOR USER: sudoall
2020-03-03 12:26:00,311 p=11818 u=mark n=ansible | <fedora31> SSH: EXEC ssh -vvv -C -o ControlMaster=auto -o ControlPersist=60s -o StrictHostKeyChecking=no -o KbdInteractiveAuthentication=no -o PreferredAuthentications=gssapi-with-mic,gssapi-keyex,hostbased,publickey -o PasswordAuthentication=no -o 'User="sudoall"' -o ConnectTimeout=10 -o ControlPath=/home/mark/.ansible/cp/8ab42c853a -tt fedora31 '/bin/sh -c '"'"'sudo -H -S  -p "[sudo via ansible, key=jwwpxdfgqcrqpfnvxdhtpwxxibidhhcw] password:" -u root /bin/sh -c '"'"'"'"'"'"'"'"'echo BECOME-SUCCESS-jwwpxdfgqcrqpfnvxdhtpwxxibidhhcw ; /usr/bin/python /home/sudoall/.ansible/tmp/ansible-tmp-1583234758.2360907-149338061446988/AnsiballZ_command.py'"'"'"'"'"'"'"'"' && sleep 0'"'"''
2020-03-03 12:26:00,319 p=11818 u=mark n=ansible |  11818 1583234760.31967: Initial state: awaiting_prompt: [sudo via ansible, key=jwwpxdfgqcrqpfnvxdhtpwxxibidhhcw] password:
2020-03-03 12:26:00,320 p=11818 u=mark n=ansible |  11818 1583234760.32049: stderr chunk (state=0):
>>>OpenSSH_8.0p1, OpenSSL 1.1.1c FIPS  28 May 2019
debug1: Reading configuration data /etc/ssh/ssh_config
<<<

2020-03-03 12:26:00,321 p=11817 u=mark n=ansible |  11817 1583234760.32144: stderr chunk (state=3):
>>>OpenSSH_8.0p1, OpenSSL 1.1.1c FIPS  28 May 2019
debug1: Reading configuration data /etc/ssh/ssh_config
debug3: /etc/ssh/ssh_config line 51: Including file /etc/ssh/ssh_config.d/05-redhat.conf depth 0
debug1: Reading configuration data /etc/ssh/ssh_config.d/05-redhat.conf
debug2: checking match for 'final all' host rhel8 originally rhel8
debug3: /etc/ssh/ssh_config.d/05-redhat.conf line 3: not matched 'final'
debug2: match not found
debug3: /etc/ssh/ssh_config.d/05-redhat.conf line 5: Including file /etc/crypto-policies/back-ends/openssh.config depth 1 (parse only)
debug1: Reading configuration data /etc/crypto-policies/back-ends/openssh.config
debug3: gss kex names ok: [gss-gex-sha1-,gss-group14-sha1-]
debug3: kex names ok: [curve25519-sha256,curve25519-sha256@libssh.org,ecdh-sha2-nistp256,ecdh-sha2-nistp384,ecdh-sha2-nistp521,diffie-hellman-group-exchange-sha256,diffie-hellman-group14-sha256,diffie-hellman-group16-sha512,diffie-hellman-group18-sha512,diffie-hellman-group-exchange-sha1,diffie-hellman-group14-sha1]
debug1: configuration requests final Match pass
debug1: re-parsing configuration
debug1: Reading configuration data /etc/ssh/ssh_config
debug3: /etc/ssh/ssh_config line 51: Including file /etc/ssh/ssh_config.d/05-redhat.conf depth 0
debug1: Reading configuration data /etc/ssh/ssh_config.d/05-redhat.conf
debug2: checking match for 'final all' host rhel8 originally rhel8
debug3: /etc/ssh/ssh_config.d/05-redhat.conf line 3: matched 'final'
debug2: match found
debug3: /etc/ssh/ssh_config.d/05-redhat.conf line 5: Including file /etc/crypto-policies/back-ends/openssh.config depth 1
debug1: Reading configuration data /etc/crypto-policies/back-ends/openssh.config
debug3: gss kex names ok: [gss-gex-sha1-,gss-group14-sha1-]
debug3: kex names ok: [curve25519-sha256,curve25519-sha256@libssh.org,ecdh-sha2-nistp256,ecdh-sha2-nistp384,ecdh-sha2-nistp521,diffie-hellman-group-exchange-sha256,diffie-hellman-group14-sha256,diffie-hellman-group16-sha512,diffie-hellman-group18-sha512,diffie-hellman-group-exchange-sha1,diffie-hellman-group14-sha1]
debug1: auto-mux: Trying existing master
debug2: fd 4 setting O_NONBLOCK
debug2: mux_client_hello_exchange: master version 4
debug3: mux_client_forwards: request forwardings: 0 local, 0 remote
debug3: mux_client_request_session: entering
debug3: mux_client_request_alive: entering
debug3: mux_client_request_alive: done pid = 11839
debug3: mux_client_request_session: session request sent
<<<

2020-03-03 12:26:00,322 p=11818 u=mark n=ansible |  11818 1583234760.32188: stderr chunk (state=0):
>>>debug3: /etc/ssh/ssh_config line 51: Including file /etc/ssh/ssh_config.d/05-redhat.conf depth 0
debug1: Reading configuration data /etc/ssh/ssh_config.d/05-redhat.conf
debug2: checking match for 'final all' host fedora31 originally fedora31
debug3: /etc/ssh/ssh_config.d/05-redhat.conf line 3: not matched 'final'
debug2: match not found
debug3: /etc/ssh/ssh_config.d/05-redhat.conf line 5: Including file /etc/crypto-policies/back-ends/openssh.config depth 1 (parse only)
debug1: Reading configuration data /etc/crypto-policies/back-ends/openssh.config
debug3: gss kex names ok: [gss-gex-sha1-,gss-group14-sha1-]
debug3: kex names ok: [curve25519-sha256,curve25519-sha256@libssh.org,ecdh-sha2-nistp256,ecdh-sha2-nistp384,ecdh-sha2-nistp521,diffie-hellman-group-exchange-sha256,diffie-hellman-group14-sha256,diffie-hellman-group16-sha512,diffie-hellman-group18-sha512,diffie-hellman-group-exchange-sha1,diffie-hellman-group14-sha1]
debug1: configuration requests final Match pass
debug1: re-parsing configuration
debug1: Reading configuration data /etc/ssh/ssh_config
debug3: /etc/ssh/ssh_config line 51: Including file /etc/ssh/ssh_config.d/05-redhat.conf depth 0
debug1: Reading configuration data /etc/ssh/ssh_config.d/05-redhat.conf
debug2: checking match for 'final all' host fedora31 originally fedora31
debug3: /etc/ssh/ssh_config.d/05-redhat.conf line 3: matched 'final'
debug2: match found
debug3: /etc/ssh/ssh_config.d/05-redhat.conf line 5: Including file /etc/crypto-policies/back-ends/openssh.config depth 1
debug1: Reading configuration data /etc/crypto-policies/back-ends/openssh.config
debug3: gss kex names ok: [gss-gex-sha1-,gss-group14-sha1-]
debug3: kex names ok: [curve25519-sha256,curve25519-sha256@libssh.org,ecdh-sha2-nistp256,ecdh-sha2-nistp384,ecdh-sha2-nistp521,diffie-hellman-group-exchange-sha256,diffie-hellman-group14-sha256,diffie-hellman-group16-sha512,diffie-hellman-group18-sha512,diffie-hellman-group-exchange-sha1,diffie-hellman-group14-sha1]
debug1: auto-mux: Trying existing master
debug2: fd 4 setting O_NONBLOCK
<<<

2020-03-03 12:26:00,327 p=11816 u=mark n=ansible |  11816 1583234760.32725: stdout chunk (state=0):
>>>7[r[999;999H[6n<<<

2020-03-03 12:26:00,330 p=11818 u=mark n=ansible |  11818 1583234760.33013: stderr chunk (state=0):
>>>debug2: mux_client_hello_exchange: master version 4
debug3: mux_client_forwards: request forwardings: 0 local, 0 remote
debug3: mux_client_request_session: entering
debug3: mux_client_request_alive: entering
debug3: mux_client_request_alive: done pid = 11833
debug3: mux_client_request_session: session request sent
<<<

2020-03-03 12:26:00,350 p=11817 u=mark n=ansible |  11817 1583234760.35004: stderr chunk (state=3):
>>>debug2: Remote version: 3
debug2: Server supports extension "posix-rename@openssh.com" revision 1
debug2: Server supports extension "statvfs@openssh.com" revision 2
debug2: Server supports extension "fstatvfs@openssh.com" revision 2
debug2: Server supports extension "hardlink@openssh.com" revision 1
debug2: Server supports extension "fsync@openssh.com" revision 1
debug3: Sent message fd 3 T:16 I:1
<<<

2020-03-03 12:26:00,352 p=11817 u=mark n=ansible |  11817 1583234760.35185: stderr chunk (state=3):
>>>debug3: SSH_FXP_REALPATH . -> /home/sudoall size 0
debug3: Looking up /home/mark/.ansible/tmp/ansible-local-11808ea7n9daf/tmpyb_j1_r4
debug3: Sent message fd 3 T:17 I:2
<<<

2020-03-03 12:26:00,352 p=11817 u=mark n=ansible |  11817 1583234760.35220: stdout chunk (state=3):
>>>sftp> put /home/mark/.ansible/tmp/ansible-local-11808ea7n9daf/tmpyb_j1_r4 /home/sudoall/.ansible/tmp/ansible-tmp-1583234758.2386017-163122209093797/AnsiballZ_command.py
<<<

2020-03-03 12:26:00,353 p=11817 u=mark n=ansible |  11817 1583234760.35305: stderr chunk (state=3):
>>>debug3: Received stat reply T:101 I:2
debug1: Couldn't stat remote file: No such file or directory
debug3: Sent message SSH2_FXP_OPEN I:3 P:/home/sudoall/.ansible/tmp/ansible-tmp-1583234758.2386017-163122209093797/AnsiballZ_command.py
<<<

2020-03-03 12:26:00,354 p=11817 u=mark n=ansible |  11817 1583234760.35455: stderr chunk (state=3):
>>>debug3: Sent message SSH2_FXP_WRITE I:4 O:0 S:32768
<<<

2020-03-03 12:26:00,358 p=11817 u=mark n=ansible |  11817 1583234760.35874: stderr chunk (state=3):
>>>debug3: SSH2_FXP_STATUS 0
debug3: In write loop, ack for 4 32768 bytes at 0
debug3: Sent message SSH2_FXP_WRITE I:5 O:32768 S:32768
debug3: Sent message SSH2_FXP_WRITE I:6 O:65536 S:32768
debug3: Sent message SSH2_FXP_WRITE I:7 O:98304 S:9584
<<<

2020-03-03 12:26:00,364 p=11817 u=mark n=ansible |  11817 1583234760.36418: stderr chunk (state=3):
>>>debug3: SSH2_FXP_STATUS 0
debug3: In write loop, ack for 5 32768 bytes at 32768
<<<

2020-03-03 12:26:00,365 p=11817 u=mark n=ansible |  11817 1583234760.36526: stderr chunk (state=3):
>>>debug3: SSH2_FXP_STATUS 0
debug3: In write loop, ack for 6 32768 bytes at 65536
debug3: SSH2_FXP_STATUS 0
debug3: In write loop, ack for 7 9584 bytes at 98304
debug3: Sent message SSH2_FXP_CLOSE I:4
<<<

2020-03-03 12:26:00,366 p=11817 u=mark n=ansible |  11817 1583234760.36606: stderr chunk (state=3):
>>>debug3: SSH2_FXP_STATUS 0
<<<

2020-03-03 12:26:00,367 p=11817 u=mark n=ansible |  11817 1583234760.36760: stderr chunk (state=3):
>>>debug3: mux_client_read_packet: read header failed: Broken pipe
debug2: Received exit status from master 0
<<<

2020-03-03 12:26:00,368 p=11817 u=mark n=ansible |  11817 1583234760.36882: stderr chunk (state=3):
>>><<<

2020-03-03 12:26:00,369 p=11817 u=mark n=ansible |  11817 1583234760.36915: stdout chunk (state=3):
>>><<<

2020-03-03 12:26:00,369 p=11817 u=mark n=ansible | <rhel8> (0, b'sftp> put /home/mark/.ansible/tmp/ansible-local-11808ea7n9daf/tmpyb_j1_r4 /home/sudoall/.ansible/tmp/ansible-tmp-1583234758.2386017-163122209093797/AnsiballZ_command.py\n', b'OpenSSH_8.0p1, OpenSSL 1.1.1c FIPS  28 May 2019\r\ndebug1: Reading configuration data /etc/ssh/ssh_config\r\ndebug3: /etc/ssh/ssh_config line 51: Including file /etc/ssh/ssh_config.d/05-redhat.conf depth 0\r\ndebug1: Reading configuration data /etc/ssh/ssh_config.d/05-redhat.conf\r\ndebug2: checking match for \'final all\' host rhel8 originally rhel8\r\ndebug3: /etc/ssh/ssh_config.d/05-redhat.conf line 3: not matched \'final\'\r\ndebug2: match not found\r\ndebug3: /etc/ssh/ssh_config.d/05-redhat.conf line 5: Including file /etc/crypto-policies/back-ends/openssh.config depth 1 (parse only)\r\ndebug1: Reading configuration data /etc/crypto-policies/back-ends/openssh.config\r\ndebug3: gss kex names ok: [gss-gex-sha1-,gss-group14-sha1-]\r\ndebug3: kex names ok: [curve25519-sha256,curve25519-sha256@libssh.org,ecdh-sha2-nistp256,ecdh-sha2-nistp384,ecdh-sha2-nistp521,diffie-hellman-group-exchange-sha256,diffie-hellman-group14-sha256,diffie-hellman-group16-sha512,diffie-hellman-group18-sha512,diffie-hellman-group-exchange-sha1,diffie-hellman-group14-sha1]\r\ndebug1: configuration requests final Match pass\r\ndebug1: re-parsing configuration\r\ndebug1: Reading configuration data /etc/ssh/ssh_config\r\ndebug3: /etc/ssh/ssh_config line 51: Including file /etc/ssh/ssh_config.d/05-redhat.conf depth 0\r\ndebug1: Reading configuration data /etc/ssh/ssh_config.d/05-redhat.conf\r\ndebug2: checking match for \'final all\' host rhel8 originally rhel8\r\ndebug3: /etc/ssh/ssh_config.d/05-redhat.conf line 3: matched \'final\'\r\ndebug2: match found\r\ndebug3: /etc/ssh/ssh_config.d/05-redhat.conf line 5: Including file /etc/crypto-policies/back-ends/openssh.config depth 1\r\ndebug1: Reading configuration data /etc/crypto-policies/back-ends/openssh.config\r\ndebug3: gss kex names ok: [gss-gex-sha1-,gss-group14-sha1-]\r\ndebug3: kex names ok: [curve25519-sha256,curve25519-sha256@libssh.org,ecdh-sha2-nistp256,ecdh-sha2-nistp384,ecdh-sha2-nistp521,diffie-hellman-group-exchange-sha256,diffie-hellman-group14-sha256,diffie-hellman-group16-sha512,diffie-hellman-group18-sha512,diffie-hellman-group-exchange-sha1,diffie-hellman-group14-sha1]\r\ndebug1: auto-mux: Trying existing master\r\ndebug2: fd 4 setting O_NONBLOCK\r\ndebug2: mux_client_hello_exchange: master version 4\r\ndebug3: mux_client_forwards: request forwardings: 0 local, 0 remote\r\ndebug3: mux_client_request_session: entering\r\ndebug3: mux_client_request_alive: entering\r\ndebug3: mux_client_request_alive: done pid = 11839\r\ndebug3: mux_client_request_session: session request sent\r\ndebug2: Remote version: 3\r\ndebug2: Server supports extension "posix-rename@openssh.com" revision 1\r\ndebug2: Server supports extension "statvfs@openssh.com" revision 2\r\ndebug2: Server supports extension "fstatvfs@openssh.com" revision 2\r\ndebug2: Server supports extension "hardlink@openssh.com" revision 1\r\ndebug2: Server supports extension "fsync@openssh.com" revision 1\r\ndebug3: Sent message fd 3 T:16 I:1\r\ndebug3: SSH_FXP_REALPATH . -> /home/sudoall size 0\r\ndebug3: Looking up /home/mark/.ansible/tmp/ansible-local-11808ea7n9daf/tmpyb_j1_r4\r\ndebug3: Sent message fd 3 T:17 I:2\r\ndebug3: Received stat reply T:101 I:2\r\ndebug1: Couldn\'t stat remote file: No such file or directory\r\ndebug3: Sent message SSH2_FXP_OPEN I:3 P:/home/sudoall/.ansible/tmp/ansible-tmp-1583234758.2386017-163122209093797/AnsiballZ_command.py\r\ndebug3: Sent message SSH2_FXP_WRITE I:4 O:0 S:32768\r\ndebug3: SSH2_FXP_STATUS 0\r\ndebug3: In write loop, ack for 4 32768 bytes at 0\r\ndebug3: Sent message SSH2_FXP_WRITE I:5 O:32768 S:32768\r\ndebug3: Sent message SSH2_FXP_WRITE I:6 O:65536 S:32768\r\ndebug3: Sent message SSH2_FXP_WRITE I:7 O:98304 S:9584\r\ndebug3: SSH2_FXP_STATUS 0\r\ndebug3: In write loop, ack for 5 32768 bytes at 32768\r\ndebug3: SSH2_FXP_STATUS 0\r\ndebug3: In write loop, ack for 6 32768 bytes at 65536\r\ndebug3: SSH2_FXP_STATUS 0\r\ndebug3: In write loop, ack for 7 9584 bytes at 98304\r\ndebug3: Sent message SSH2_FXP_CLOSE I:4\r\ndebug3: SSH2_FXP_STATUS 0\r\ndebug3: mux_client_read_packet: read header failed: Broken pipe\r\ndebug2: Received exit status from master 0\r\n')
2020-03-03 12:26:00,370 p=11817 u=mark n=ansible |  11817 1583234760.37024: done transferring module to remote
2020-03-03 12:26:00,370 p=11817 u=mark n=ansible |  11817 1583234760.37078: _low_level_execute_command(): starting
2020-03-03 12:26:00,371 p=11817 u=mark n=ansible |  11817 1583234760.37099: _low_level_execute_command(): executing: /bin/sh -c 'chmod u+x /home/sudoall/.ansible/tmp/ansible-tmp-1583234758.2386017-163122209093797/ /home/sudoall/.ansible/tmp/ansible-tmp-1583234758.2386017-163122209093797/AnsiballZ_command.py && sleep 0'
2020-03-03 12:26:00,371 p=11817 u=mark n=ansible | <rhel8> ESTABLISH SSH CONNECTION FOR USER: sudoall
2020-03-03 12:26:00,372 p=11817 u=mark n=ansible | <rhel8> SSH: EXEC ssh -vvv -C -o ControlMaster=auto -o ControlPersist=60s -o StrictHostKeyChecking=no -o KbdInteractiveAuthentication=no -o PreferredAuthentications=gssapi-with-mic,gssapi-keyex,hostbased,publickey -o PasswordAuthentication=no -o 'User="sudoall"' -o ConnectTimeout=10 -o ControlPath=/home/mark/.ansible/cp/c773ad9e8a rhel8 '/bin/sh -c '"'"'chmod u+x /home/sudoall/.ansible/tmp/ansible-tmp-1583234758.2386017-163122209093797/ /home/sudoall/.ansible/tmp/ansible-tmp-1583234758.2386017-163122209093797/AnsiballZ_command.py && sleep 0'"'"''
2020-03-03 12:26:00,380 p=11817 u=mark n=ansible |  11817 1583234760.38018: stderr chunk (state=2):
>>>OpenSSH_8.0p1, OpenSSL 1.1.1c FIPS  28 May 2019
debug1: Reading configuration data /etc/ssh/ssh_config
debug3: /etc/ssh/ssh_config line 51: Including file /etc/ssh/ssh_config.d/05-redhat.conf depth 0
debug1: Reading configuration data /etc/ssh/ssh_config.d/05-redhat.conf
<<<

2020-03-03 12:26:00,380 p=11818 u=mark n=ansible |  11818 1583234760.38047: stdout chunk (state=0):
>>>7[r[9999;9999H[6n<<<

2020-03-03 12:26:00,380 p=11817 u=mark n=ansible |  11817 1583234760.38074: stderr chunk (state=3):
>>>debug2: checking match for 'final all' host rhel8 originally rhel8
debug3: /etc/ssh/ssh_config.d/05-redhat.conf line 3: not matched 'final'
debug2: match not found
debug3: /etc/ssh/ssh_config.d/05-redhat.conf line 5: Including file /etc/crypto-policies/back-ends/openssh.config depth 1 (parse only)
debug1: Reading configuration data /etc/crypto-policies/back-ends/openssh.config
debug3: gss kex names ok: [gss-gex-sha1-,gss-group14-sha1-]
debug3: kex names ok: [curve25519-sha256,curve25519-sha256@libssh.org,ecdh-sha2-nistp256,ecdh-sha2-nistp384,ecdh-sha2-nistp521,diffie-hellman-group-exchange-sha256,diffie-hellman-group14-sha256,diffie-hellman-group16-sha512,diffie-hellman-group18-sha512,diffie-hellman-group-exchange-sha1,diffie-hellman-group14-sha1]
<<<

2020-03-03 12:26:00,381 p=11817 u=mark n=ansible |  11817 1583234760.38148: stderr chunk (state=3):
>>>debug1: configuration requests final Match pass
debug1: re-parsing configuration
debug1: Reading configuration data /etc/ssh/ssh_config
debug3: /etc/ssh/ssh_config line 51: Including file /etc/ssh/ssh_config.d/05-redhat.conf depth 0
debug1: Reading configuration data /etc/ssh/ssh_config.d/05-redhat.conf
debug2: checking match for 'final all' host rhel8 originally rhel8
debug3: /etc/ssh/ssh_config.d/05-redhat.conf line 3: matched 'final'
debug2: match found
<<<

2020-03-03 12:26:00,382 p=11817 u=mark n=ansible |  11817 1583234760.38191: stderr chunk (state=3):
>>>debug3: /etc/ssh/ssh_config.d/05-redhat.conf line 5: Including file /etc/crypto-policies/back-ends/openssh.config depth 1
debug1: Reading configuration data /etc/crypto-policies/back-ends/openssh.config
debug3: gss kex names ok: [gss-gex-sha1-,gss-group14-sha1-]
debug3: kex names ok: [curve25519-sha256,curve25519-sha256@libssh.org,ecdh-sha2-nistp256,ecdh-sha2-nistp384,ecdh-sha2-nistp521,diffie-hellman-group-exchange-sha256,diffie-hellman-group14-sha256,diffie-hellman-group16-sha512,diffie-hellman-group18-sha512,diffie-hellman-group-exchange-sha1,diffie-hellman-group14-sha1]
debug1: auto-mux: Trying existing master
debug2: fd 4 setting O_NONBLOCK
<<<

2020-03-03 12:26:00,382 p=11817 u=mark n=ansible |  11817 1583234760.38226: stderr chunk (state=3):
>>>debug2: mux_client_hello_exchange: master version 4
debug3: mux_client_forwards: request forwardings: 0 local, 0 remote
debug3: mux_client_request_session: entering
debug3: mux_client_request_alive: entering
debug3: mux_client_request_alive: done pid = 11839
debug3: mux_client_request_session: session request sent
<<<

2020-03-03 12:26:00,405 p=11861 u=mark n=ansible |  11861 1583234760.40489: stderr chunk (state=3):
>>>debug3: receive packet: type 80
debug1: client_input_global_request: rtype hostkeys-00@openssh.com want_reply 0
<<<

2020-03-03 12:26:00,413 p=11817 u=mark n=ansible |  11817 1583234760.41311: stderr chunk (state=3):
>>>debug3: mux_client_read_packet: read header failed: Broken pipe
debug2: Received exit status from master 0
<<<

2020-03-03 12:26:00,414 p=11817 u=mark n=ansible |  11817 1583234760.41390: stderr chunk (state=3):
>>><<<

2020-03-03 12:26:00,414 p=11817 u=mark n=ansible |  11817 1583234760.41422: stdout chunk (state=3):
>>><<<

2020-03-03 12:26:00,414 p=11817 u=mark n=ansible | <rhel8> (0, b'', b"OpenSSH_8.0p1, OpenSSL 1.1.1c FIPS  28 May 2019\r\ndebug1: Reading configuration data /etc/ssh/ssh_config\r\ndebug3: /etc/ssh/ssh_config line 51: Including file /etc/ssh/ssh_config.d/05-redhat.conf depth 0\r\ndebug1: Reading configuration data /etc/ssh/ssh_config.d/05-redhat.conf\r\ndebug2: checking match for 'final all' host rhel8 originally rhel8\r\ndebug3: /etc/ssh/ssh_config.d/05-redhat.conf line 3: not matched 'final'\r\ndebug2: match not found\r\ndebug3: /etc/ssh/ssh_config.d/05-redhat.conf line 5: Including file /etc/crypto-policies/back-ends/openssh.config depth 1 (parse only)\r\ndebug1: Reading configuration data /etc/crypto-policies/back-ends/openssh.config\r\ndebug3: gss kex names ok: [gss-gex-sha1-,gss-group14-sha1-]\r\ndebug3: kex names ok: [curve25519-sha256,curve25519-sha256@libssh.org,ecdh-sha2-nistp256,ecdh-sha2-nistp384,ecdh-sha2-nistp521,diffie-hellman-group-exchange-sha256,diffie-hellman-group14-sha256,diffie-hellman-group16-sha512,diffie-hellman-group18-sha512,diffie-hellman-group-exchange-sha1,diffie-hellman-group14-sha1]\r\ndebug1: configuration requests final Match pass\r\ndebug1: re-parsing configuration\r\ndebug1: Reading configuration data /etc/ssh/ssh_config\r\ndebug3: /etc/ssh/ssh_config line 51: Including file /etc/ssh/ssh_config.d/05-redhat.conf depth 0\r\ndebug1: Reading configuration data /etc/ssh/ssh_config.d/05-redhat.conf\r\ndebug2: checking match for 'final all' host rhel8 originally rhel8\r\ndebug3: /etc/ssh/ssh_config.d/05-redhat.conf line 3: matched 'final'\r\ndebug2: match found\r\ndebug3: /etc/ssh/ssh_config.d/05-redhat.conf line 5: Including file /etc/crypto-policies/back-ends/openssh.config depth 1\r\ndebug1: Reading configuration data /etc/crypto-policies/back-ends/openssh.config\r\ndebug3: gss kex names ok: [gss-gex-sha1-,gss-group14-sha1-]\r\ndebug3: kex names ok: [curve25519-sha256,curve25519-sha256@libssh.org,ecdh-sha2-nistp256,ecdh-sha2-nistp384,ecdh-sha2-nistp521,diffie-hellman-group-exchange-sha256,diffie-hellman-group14-sha256,diffie-hellman-group16-sha512,diffie-hellman-group18-sha512,diffie-hellman-group-exchange-sha1,diffie-hellman-group14-sha1]\r\ndebug1: auto-mux: Trying existing master\r\ndebug2: fd 4 setting O_NONBLOCK\r\ndebug2: mux_client_hello_exchange: master version 4\r\ndebug3: mux_client_forwards: request forwardings: 0 local, 0 remote\r\ndebug3: mux_client_request_session: entering\r\ndebug3: mux_client_request_alive: entering\r\ndebug3: mux_client_request_alive: done pid = 11839\r\ndebug3: mux_client_request_session: session request sent\r\ndebug3: mux_client_read_packet: read header failed: Broken pipe\r\ndebug2: Received exit status from master 0\r\n")
2020-03-03 12:26:00,415 p=11817 u=mark n=ansible |  11817 1583234760.41499: _low_level_execute_command() done: rc=0, stdout=, stderr=OpenSSH_8.0p1, OpenSSL 1.1.1c FIPS  28 May 2019
debug1: Reading configuration data /etc/ssh/ssh_config
debug3: /etc/ssh/ssh_config line 51: Including file /etc/ssh/ssh_config.d/05-redhat.conf depth 0
debug1: Reading configuration data /etc/ssh/ssh_config.d/05-redhat.conf
debug2: checking match for 'final all' host rhel8 originally rhel8
debug3: /etc/ssh/ssh_config.d/05-redhat.conf line 3: not matched 'final'
debug2: match not found
debug3: /etc/ssh/ssh_config.d/05-redhat.conf line 5: Including file /etc/crypto-policies/back-ends/openssh.config depth 1 (parse only)
debug1: Reading configuration data /etc/crypto-policies/back-ends/openssh.config
debug3: gss kex names ok: [gss-gex-sha1-,gss-group14-sha1-]
debug3: kex names ok: [curve25519-sha256,curve25519-sha256@libssh.org,ecdh-sha2-nistp256,ecdh-sha2-nistp384,ecdh-sha2-nistp521,diffie-hellman-group-exchange-sha256,diffie-hellman-group14-sha256,diffie-hellman-group16-sha512,diffie-hellman-group18-sha512,diffie-hellman-group-exchange-sha1,diffie-hellman-group14-sha1]
debug1: configuration requests final Match pass
debug1: re-parsing configuration
debug1: Reading configuration data /etc/ssh/ssh_config
debug3: /etc/ssh/ssh_config line 51: Including file /etc/ssh/ssh_config.d/05-redhat.conf depth 0
debug1: Reading configuration data /etc/ssh/ssh_config.d/05-redhat.conf
debug2: checking match for 'final all' host rhel8 originally rhel8
debug3: /etc/ssh/ssh_config.d/05-redhat.conf line 3: matched 'final'
debug2: match found
debug3: /etc/ssh/ssh_config.d/05-redhat.conf line 5: Including file /etc/crypto-policies/back-ends/openssh.config depth 1
debug1: Reading configuration data /etc/crypto-policies/back-ends/openssh.config
debug3: gss kex names ok: [gss-gex-sha1-,gss-group14-sha1-]
debug3: kex names ok: [curve25519-sha256,curve25519-sha256@libssh.org,ecdh-sha2-nistp256,ecdh-sha2-nistp384,ecdh-sha2-nistp521,diffie-hellman-group-exchange-sha256,diffie-hellman-group14-sha256,diffie-hellman-group16-sha512,diffie-hellman-group18-sha512,diffie-hellman-group-exchange-sha1,diffie-hellman-group14-sha1]
debug1: auto-mux: Trying existing master
debug2: fd 4 setting O_NONBLOCK
debug2: mux_client_hello_exchange: master version 4
debug3: mux_client_forwards: request forwardings: 0 local, 0 remote
debug3: mux_client_request_session: entering
debug3: mux_client_request_alive: entering
debug3: mux_client_request_alive: done pid = 11839
debug3: mux_client_request_session: session request sent
debug3: mux_client_read_packet: read header failed: Broken pipe
debug2: Received exit status from master 0

2020-03-03 12:26:00,415 p=11817 u=mark n=ansible |  11817 1583234760.41520: _low_level_execute_command(): starting
2020-03-03 12:26:00,415 p=11817 u=mark n=ansible |  11817 1583234760.41539: _low_level_execute_command(): using become for this command
2020-03-03 12:26:00,415 p=11817 u=mark n=ansible |  11817 1583234760.41572: _low_level_execute_command(): executing: /bin/sh -c 'sudo -H -S  -p "[sudo via ansible, key=msmcsimitrnwwfciauvwvolhkgwvzlvm] password:" -u root /bin/sh -c '"'"'echo BECOME-SUCCESS-msmcsimitrnwwfciauvwvolhkgwvzlvm ; /usr/libexec/platform-python /home/sudoall/.ansible/tmp/ansible-tmp-1583234758.2386017-163122209093797/AnsiballZ_command.py'"'"' && sleep 0'
2020-03-03 12:26:00,415 p=11817 u=mark n=ansible | <rhel8> ESTABLISH SSH CONNECTION FOR USER: sudoall
2020-03-03 12:26:00,416 p=11817 u=mark n=ansible | <rhel8> SSH: EXEC ssh -vvv -C -o ControlMaster=auto -o ControlPersist=60s -o StrictHostKeyChecking=no -o KbdInteractiveAuthentication=no -o PreferredAuthentications=gssapi-with-mic,gssapi-keyex,hostbased,publickey -o PasswordAuthentication=no -o 'User="sudoall"' -o ConnectTimeout=10 -o ControlPath=/home/mark/.ansible/cp/c773ad9e8a -tt rhel8 '/bin/sh -c '"'"'sudo -H -S  -p "[sudo via ansible, key=msmcsimitrnwwfciauvwvolhkgwvzlvm] password:" -u root /bin/sh -c '"'"'"'"'"'"'"'"'echo BECOME-SUCCESS-msmcsimitrnwwfciauvwvolhkgwvzlvm ; /usr/libexec/platform-python /home/sudoall/.ansible/tmp/ansible-tmp-1583234758.2386017-163122209093797/AnsiballZ_command.py'"'"'"'"'"'"'"'"' && sleep 0'"'"''
2020-03-03 12:26:00,421 p=11817 u=mark n=ansible |  11817 1583234760.42076: Initial state: awaiting_prompt: [sudo via ansible, key=msmcsimitrnwwfciauvwvolhkgwvzlvm] password:
2020-03-03 12:26:00,425 p=11817 u=mark n=ansible |  11817 1583234760.42567: stderr chunk (state=0):
>>>OpenSSH_8.0p1, OpenSSL 1.1.1c FIPS  28 May 2019
debug1: Reading configuration data /etc/ssh/ssh_config
debug3: /etc/ssh/ssh_config line 51: Including file /etc/ssh/ssh_config.d/05-redhat.conf depth 0
debug1: Reading configuration data /etc/ssh/ssh_config.d/05-redhat.conf
<<<

2020-03-03 12:26:00,427 p=11817 u=mark n=ansible |  11817 1583234760.42727: stderr chunk (state=0):
>>>debug2: checking match for 'final all' host rhel8 originally rhel8
debug3: /etc/ssh/ssh_config.d/05-redhat.conf line 3: not matched 'final'
debug2: match not found
debug3: /etc/ssh/ssh_config.d/05-redhat.conf line 5: Including file /etc/crypto-policies/back-ends/openssh.config depth 1 (parse only)
debug1: Reading configuration data /etc/crypto-policies/back-ends/openssh.config
debug3: gss kex names ok: [gss-gex-sha1-,gss-group14-sha1-]
debug3: kex names ok: [curve25519-sha256,curve25519-sha256@libssh.org,ecdh-sha2-nistp256,ecdh-sha2-nistp384,ecdh-sha2-nistp521,diffie-hellman-group-exchange-sha256,diffie-hellman-group14-sha256,diffie-hellman-group16-sha512,diffie-hellman-group18-sha512,diffie-hellman-group-exchange-sha1,diffie-hellman-group14-sha1]
debug1: configuration requests final Match pass
debug1: re-parsing configuration
debug1: Reading configuration data /etc/ssh/ssh_config
debug3: /etc/ssh/ssh_config line 51: Including file /etc/ssh/ssh_config.d/05-redhat.conf depth 0
debug1: Reading configuration data /etc/ssh/ssh_config.d/05-redhat.conf
debug2: checking match for 'final all' host rhel8 originally rhel8
debug3: /etc/ssh/ssh_config.d/05-redhat.conf line 3: matched 'final'
debug2: match found
debug3: /etc/ssh/ssh_config.d/05-redhat.conf line 5: Including file /etc/crypto-policies/back-ends/openssh.config depth 1
debug1: Reading configuration data /etc/crypto-policies/back-ends/openssh.config
debug3: gss kex names ok: [gss-gex-sha1-,gss-group14-sha1-]
debug3: kex names ok: [curve25519-sha256,curve25519-sha256@libssh.org,ecdh-sha2-nistp256,ecdh-sha2-nistp384,ecdh-sha2-nistp521,diffie-hellman-group-exchange-sha256,diffie-hellman-group14-sha256,diffie-hellman-group16-sha512,diffie-hellman-group18-sha512,diffie-hellman-group-exchange-sha1,diffie-hellman-group14-sha1]
debug1: auto-mux: Trying existing master
debug2: fd 4 setting O_NONBLOCK
debug2: mux_client_hello_exchange: master version 4
debug3: mux_client_forwards: request forwardings: 0 local, 0 remote
debug3: mux_client_request_session: entering
debug3: mux_client_request_alive: entering
debug3: mux_client_request_alive: done pid = 11839
debug3: mux_client_request_session: session request sent
<<<

2020-03-03 12:26:00,446 p=11861 u=mark n=ansible |  11861 1583234760.44628: stderr chunk (state=3):
>>>debug3: receive packet: type 91
debug2: channel_input_open_confirmation: channel 2: callback start
debug2: client_session2_setup: id 2
debug1: Sending environment.
debug1: Sending env LANG = en_US.UTF-8
debug2: channel 2: request env confirm 0
debug3: send packet: type 98
debug1: Sending command: /bin/sh -c 'echo ~sudoall && sleep 0'
<<<

2020-03-03 12:26:00,446 p=11861 u=mark n=ansible |  11861 1583234760.44681: stderr chunk (state=3):
>>>debug2: channel 2: request exec confirm 1
debug3: send packet: type 98
debug3: mux_session_confirm: sending success reply
debug2: channel_input_open_confirmation: channel 2: callback done
debug2: channel 2: open confirm rwindow 0 rmax 32768
<<<

2020-03-03 12:26:00,448 p=11861 u=mark n=ansible |  11861 1583234760.44791: stderr chunk (state=3):
>>>debug2: channel 2: rcvd adjust 2097152
debug3: receive packet: type 99
debug2: channel_input_status_confirm: type 99 id 2
debug2: exec request accepted on channel 2
<<<

2020-03-03 12:26:00,451 p=11861 u=mark n=ansible |  11861 1583234760.45168: stdout chunk (state=3):
>>>/home/sudoall
<<<

2020-03-03 12:26:00,452 p=11861 u=mark n=ansible |  11861 1583234760.45244: stderr chunk (state=3):
>>>debug3: receive packet: type 98
debug1: client_input_channel_req: channel 2 rtype exit-status reply 0
debug3: mux_exit_message: channel 2: exit message, exitval 0
debug3: receive packet: type 98
debug1: client_input_channel_req: channel 2 rtype eow@openssh.com reply 0
debug2: channel 2: rcvd eow
debug2: channel 2: chan_shutdown_read (i0 o0 sock -1 wfd 7 efd 9 [write])
debug2: channel 2: input open -> closed
debug3: receive packet: type 96
debug2: channel 2: rcvd eof
debug2: channel 2: output open -> drain
debug2: channel 2: obuf empty
debug2: channel 2: chan_shutdown_write (i3 o1 sock -1 wfd 8 efd 9 [write])
debug2: channel 2: output drain -> closed
debug3: receive packet: type 97
debug2: channel 2: rcvd close
debug3: channel 2: will not send data after close
debug2: channel 2: send close
debug3: send packet: type 97
<<<

2020-03-03 12:26:00,452 p=11861 u=mark n=ansible |  11861 1583234760.45284: stderr chunk (state=3):
>>>debug2: channel 2: is dead
debug2: channel 2: gc: notify user
debug3: mux_master_session_cleanup_cb: entering for channel 2
debug2: channel 1: rcvd close
debug2: channel 1: output open -> drain
debug2: channel 1: chan_shutdown_read (i0 o1 sock 6 wfd 6 efd -1 [closed])
debug2: channel 1: input open -> closed
debug2: channel 2: gc: user detached
debug2: channel 2: is dead
debug2: channel 2: garbage collecting
debug1: channel 2: free: client-session, nchannels 3
debug3: channel 2: status: The following connections are open:
  #1 mux-control (t16 nr0 i3/0 o1/16 e[closed]/0 fd 6/6/-1 sock 6 cc -1)
  #2 client-session (t4 r0 i3/0 o3/0 e[write]/0 fd -1/-1/9 sock -1 cc -1)

debug2: channel 1: obuf empty
debug2: channel 1: chan_shutdown_write (i3 o1 sock 6 wfd 6 efd -1 [closed])
debug2: channel 1: output drain -> closed
debug2: channel 1: is dead (local)
debug2: channel 1: gc: notify user
debug3: mux_master_control_cleanup_cb: entering for channel 1
debug2: channel 1: gc: user detached
debug2: channel 1: is dead (local)
debug2: channel 1: garbage collecting
debug1: channel 1: free: mux-control, nchannels 2
debug3: channel 1: status: The following connections are open:
  #1 mux-control (t16 nr0 i3/0 o3/0 e[closed]/0 fd 6/6/-1 sock 6 cc -1)

debug2: set_control_persist_exit_time: schedule exit in 60 seconds
debug3: mux_client_read_packet: read header failed: Broken pipe
debug2: Received exit status from master 0
<<<

2020-03-03 12:26:00,453 p=11861 u=mark n=ansible |  11861 1583234760.45349: stdout chunk (state=3):
>>><<<

2020-03-03 12:26:00,462 p=11817 u=mark n=ansible |  11817 1583234760.46239: stdout chunk (state=0):
>>>7[r[9999;9999H[6n<<<

2020-03-03 12:26:01,454 p=11861 u=mark n=ansible | <ubuntu16-04> (0, b'/home/sudoall\n', b'OpenSSH_8.0p1, OpenSSL 1.1.1c FIPS  28 May 2019\r\ndebug1: Reading configuration data /etc/ssh/ssh_config\r\ndebug3: /etc/ssh/ssh_config line 51: Including file /etc/ssh/ssh_config.d/05-redhat.conf depth 0\r\ndebug1: Reading configuration data /etc/ssh/ssh_config.d/05-redhat.conf\r\ndebug2: checking match for \'final all\' host ubuntu16-04 originally ubuntu16-04\r\ndebug3: /etc/ssh/ssh_config.d/05-redhat.conf line 3: not matched \'final\'\r\ndebug2: match not found\r\ndebug3: /etc/ssh/ssh_config.d/05-redhat.conf line 5: Including file /etc/crypto-policies/back-ends/openssh.config depth 1 (parse only)\r\ndebug1: Reading configuration data /etc/crypto-policies/back-ends/openssh.config\r\ndebug3: gss kex names ok: [gss-gex-sha1-,gss-group14-sha1-]\r\ndebug3: kex names ok: [curve25519-sha256,curve25519-sha256@libssh.org,ecdh-sha2-nistp256,ecdh-sha2-nistp384,ecdh-sha2-nistp521,diffie-hellman-group-exchange-sha256,diffie-hellman-group14-sha256,diffie-hellman-group16-sha512,diffie-hellman-group18-sha512,diffie-hellman-group-exchange-sha1,diffie-hellman-group14-sha1]\r\ndebug1: configuration requests final Match pass\r\ndebug1: re-parsing configuration\r\ndebug1: Reading configuration data /etc/ssh/ssh_config\r\ndebug3: /etc/ssh/ssh_config line 51: Including file /etc/ssh/ssh_config.d/05-redhat.conf depth 0\r\ndebug1: Reading configuration data /etc/ssh/ssh_config.d/05-redhat.conf\r\ndebug2: checking match for \'final all\' host ubuntu16-04 originally ubuntu16-04\r\ndebug3: /etc/ssh/ssh_config.d/05-redhat.conf line 3: matched \'final\'\r\ndebug2: match found\r\ndebug3: /etc/ssh/ssh_config.d/05-redhat.conf line 5: Including file /etc/crypto-policies/back-ends/openssh.config depth 1\r\ndebug1: Reading configuration data /etc/crypto-policies/back-ends/openssh.config\r\ndebug3: gss kex names ok: [gss-gex-sha1-,gss-group14-sha1-]\r\ndebug3: kex names ok: [curve25519-sha256,curve25519-sha256@libssh.org,ecdh-sha2-nistp256,ecdh-sha2-nistp384,ecdh-sha2-nistp521,diffie-hellman-group-exchange-sha256,diffie-hellman-group14-sha256,diffie-hellman-group16-sha512,diffie-hellman-group18-sha512,diffie-hellman-group-exchange-sha1,diffie-hellman-group14-sha1]\r\ndebug1: auto-mux: Trying existing master\r\ndebug1: Control socket "/home/mark/.ansible/cp/4c3d3601da" does not exist\r\ndebug2: resolving "ubuntu16-04" port 22\r\ndebug2: ssh_connect_direct\r\ndebug1: Connecting to ubuntu16-04 [10.80.80.144] port 22.\r\ndebug2: fd 4 setting O_NONBLOCK\r\ndebug1: fd 4 clearing O_NONBLOCK\r\ndebug1: Connection established.\r\ndebug3: timeout: 9993 ms remain after connect\r\ndebug1: identity file /home/mark/.ssh/id_rsa type 0\r\ndebug1: identity file /home/mark/.ssh/id_rsa-cert type -1\r\ndebug1: identity file /home/mark/.ssh/id_dsa type -1\r\ndebug1: identity file /home/mark/.ssh/id_dsa-cert type -1\r\ndebug1: identity file /home/mark/.ssh/id_ecdsa type -1\r\ndebug1: identity file /home/mark/.ssh/id_ecdsa-cert type -1\r\ndebug1: identity file /home/mark/.ssh/id_ed25519 type -1\r\ndebug1: identity file /home/mark/.ssh/id_ed25519-cert type -1\r\ndebug1: identity file /home/mark/.ssh/id_xmss type -1\r\ndebug1: identity file /home/mark/.ssh/id_xmss-cert type -1\r\ndebug1: Local version string SSH-2.0-OpenSSH_8.0\r\ndebug1: Remote protocol version 2.0, remote software version OpenSSH_7.2p2 Ubuntu-4ubuntu2.8\r\ndebug1: match: OpenSSH_7.2p2 Ubuntu-4ubuntu2.8 pat OpenSSH_7.0*,OpenSSH_7.1*,OpenSSH_7.2*,OpenSSH_7.3*,OpenSSH_7.4*,OpenSSH_7.5*,OpenSSH_7.6*,OpenSSH_7.7* compat 0x04000002\r\ndebug2: fd 4 setting O_NONBLOCK\r\ndebug1: Authenticating to ubuntu16-04:22 as \'sudoall\'\r\ndebug3: hostkeys_foreach: reading file "/home/mark/.ssh/known_hosts"\r\ndebug3: record_hostkey: found key type ECDSA in file /home/mark/.ssh/known_hosts:15\r\ndebug3: load_hostkeys: loaded 1 keys from ubuntu16-04\r\ndebug3: order_hostkeyalgs: prefer hostkeyalgs: ecdsa-sha2-nistp256-cert-v01@openssh.com,ecdsa-sha2-nistp384-cert-v01@openssh.com,ecdsa-sha2-nistp521-cert-v01@openssh.com,ecdsa-sha2-nistp256,ecdsa-sha2-nistp384,ecdsa-sha2-nistp521\r\ndebug3: send packet: type 20\r\ndebug1: SSH2_MSG_KEXINIT sent\r\ndebug3: receive packet: type 20\r\ndebug1: SSH2_MSG_KEXINIT received\r\ndebug2: local client KEXINIT proposal\r\ndebug2: KEX algorithms: curve25519-sha256,curve25519-sha256@libssh.org,ecdh-sha2-nistp256,ecdh-sha2-nistp384,ecdh-sha2-nistp521,diffie-hellman-group-exchange-sha256,diffie-hellman-group14-sha256,diffie-hellman-group16-sha512,diffie-hellman-group18-sha512,diffie-hellman-group-exchange-sha1,diffie-hellman-group14-sha1,ext-info-c\r\ndebug2: host key algorithms: ecdsa-sha2-nistp256-cert-v01@openssh.com,ecdsa-sha2-nistp384-cert-v01@openssh.com,ecdsa-sha2-nistp521-cert-v01@openssh.com,ecdsa-sha2-nistp256,ecdsa-sha2-nistp384,ecdsa-sha2-nistp521,ssh-ed25519-cert-v01@openssh.com,rsa-sha2-512-cert-v01@openssh.com,rsa-sha2-256-cert-v01@openssh.com,ssh-rsa-cert-v01@openssh.com,ssh-ed25519,rsa-sha2-512,rsa-sha2-256,ssh-rsa\r\ndebug2: ciphers ctos: aes256-gcm@openssh.com,chacha20-poly1305@openssh.com,aes256-ctr,aes256-cbc,aes128-gcm@openssh.com,aes128-ctr,aes128-cbc\r\ndebug2: ciphers stoc: aes256-gcm@openssh.com,chacha20-poly1305@openssh.com,aes256-ctr,aes256-cbc,aes128-gcm@openssh.com,aes128-ctr,aes128-cbc\r\ndebug2: MACs ctos: hmac-sha2-256-etm@openssh.com,hmac-sha1-etm@openssh.com,umac-128-etm@openssh.com,hmac-sha2-512-etm@openssh.com,hmac-sha2-256,hmac-sha1,umac-128@openssh.com,hmac-sha2-512\r\ndebug2: MACs stoc: hmac-sha2-256-etm@openssh.com,hmac-sha1-etm@openssh.com,umac-128-etm@openssh.com,hmac-sha2-512-etm@openssh.com,hmac-sha2-256,hmac-sha1,umac-128@openssh.com,hmac-sha2-512\r\ndebug2: compression ctos: zlib@openssh.com,zlib,none\r\ndebug2: compression stoc: zlib@openssh.com,zlib,none\r\ndebug2: languages ctos: \r\ndebug2: languages stoc: \r\ndebug2: first_kex_follows 0 \r\ndebug2: reserved 0 \r\ndebug2: peer server KEXINIT proposal\r\ndebug2: KEX algorithms: curve25519-sha256@libssh.org,ecdh-sha2-nistp256,ecdh-sha2-nistp384,ecdh-sha2-nistp521,diffie-hellman-group-exchange-sha256,diffie-hellman-group14-sha1\r\ndebug2: host key algorithms: ssh-rsa,rsa-sha2-512,rsa-sha2-256,ecdsa-sha2-nistp256,ssh-ed25519\r\ndebug2: ciphers ctos: chacha20-poly1305@openssh.com,aes128-ctr,aes192-ctr,aes256-ctr,aes128-gcm@openssh.com,aes256-gcm@openssh.com\r\ndebug2: ciphers stoc: chacha20-poly1305@openssh.com,aes128-ctr,aes192-ctr,aes256-ctr,aes128-gcm@openssh.com,aes256-gcm@openssh.com\r\ndebug2: MACs ctos: umac-64-etm@openssh.com,umac-128-etm@openssh.com,hmac-sha2-256-etm@openssh.com,hmac-sha2-512-etm@openssh.com,hmac-sha1-etm@openssh.com,umac-64@openssh.com,umac-128@openssh.com,hmac-sha2-256,hmac-sha2-512,hmac-sha1\r\ndebug2: MACs stoc: umac-64-etm@openssh.com,umac-128-etm@openssh.com,hmac-sha2-256-etm@openssh.com,hmac-sha2-512-etm@openssh.com,hmac-sha1-etm@openssh.com,umac-64@openssh.com,umac-128@openssh.com,hmac-sha2-256,hmac-sha2-512,hmac-sha1\r\ndebug2: compression ctos: none,zlib@openssh.com\r\ndebug2: compression stoc: none,zlib@openssh.com\r\ndebug2: languages ctos: \r\ndebug2: languages stoc: \r\ndebug2: first_kex_follows 0 \r\ndebug2: reserved 0 \r\ndebug1: kex: algorithm: curve25519-sha256@libssh.org\r\ndebug1: kex: host key algorithm: ecdsa-sha2-nistp256\r\ndebug1: kex: server->client cipher: aes256-gcm@openssh.com MAC: <implicit> compression: zlib@openssh.com\r\ndebug1: kex: client->server cipher: aes256-gcm@openssh.com MAC: <implicit> compression: zlib@openssh.com\r\ndebug1: kex: curve25519-sha256@libssh.org need=32 dh_need=32\r\ndebug1: kex: curve25519-sha256@libssh.org need=32 dh_need=32\r\ndebug3: send packet: type 30\r\ndebug1: expecting SSH2_MSG_KEX_ECDH_REPLY\r\ndebug3: receive packet: type 31\r\ndebug1: Server host key: ecdsa-sha2-nistp256 SHA256:Ib+SlZ8MH6hK5UwpylGQK6yhkghcAzlnVjNWDKVEI58\r\ndebug3: hostkeys_foreach: reading file "/home/mark/.ssh/known_hosts"\r\ndebug3: record_hostkey: found key type ECDSA in file /home/mark/.ssh/known_hosts:15\r\ndebug3: load_hostkeys: loaded 1 keys from ubuntu16-04\r\ndebug3: hostkeys_foreach: reading file "/home/mark/.ssh/known_hosts"\r\ndebug3: record_hostkey: found key type ECDSA in file /home/mark/.ssh/known_hosts:7\r\ndebug3: load_hostkeys: loaded 1 keys from 10.80.80.144\r\ndebug1: Host \'ubuntu16-04\' is known and matches the ECDSA host key.\r\ndebug1: Found key in /home/mark/.ssh/known_hosts:15\r\ndebug3: send packet: type 21\r\ndebug2: set_newkeys: mode 1\r\ndebug1: rekey out after 4294967296 blocks\r\ndebug1: SSH2_MSG_NEWKEYS sent\r\ndebug1: expecting SSH2_MSG_NEWKEYS\r\ndebug3: receive packet: type 21\r\ndebug1: SSH2_MSG_NEWKEYS received\r\ndebug2: set_newkeys: mode 0\r\ndebug1: rekey in after 4294967296 blocks\r\ndebug1: Will attempt key: /home/mark/.ssh/id_rsa RSA SHA256:aUPgboo2qcZ7/3oRAQls/UxXvd8kP+xi/72G/L4HSlQ\r\ndebug1: Will attempt key: /home/mark/.ssh/id_dsa \r\ndebug1: Will attempt key: /home/mark/.ssh/id_ecdsa \r\ndebug1: Will attempt key: /home/mark/.ssh/id_ed25519 \r\ndebug1: Will attempt key: /home/mark/.ssh/id_xmss \r\ndebug2: pubkey_prepare: done\r\ndebug3: send packet: type 5\r\ndebug3: receive packet: type 7\r\ndebug1: SSH2_MSG_EXT_INFO received\r\ndebug1: kex_input_ext_info: server-sig-algs=<rsa-sha2-256,rsa-sha2-512>\r\ndebug3: receive packet: type 6\r\ndebug2: service_accept: ssh-userauth\r\ndebug1: SSH2_MSG_SERVICE_ACCEPT received\r\ndebug3: send packet: type 50\r\ndebug3: receive packet: type 51\r\ndebug1: Authentications that can continue: publickey,password\r\ndebug3: start over, passed a different list publickey,password\r\ndebug3: preferred gssapi-with-mic,gssapi-keyex,hostbased,publickey\r\ndebug3: authmethod_lookup publickey\r\ndebug3: remaining preferred: ,gssapi-keyex,hostbased,publickey\r\ndebug3: authmethod_is_enabled publickey\r\ndebug1: Next authentication method: publickey\r\ndebug1: Offering public key: /home/mark/.ssh/id_rsa RSA SHA256:aUPgboo2qcZ7/3oRAQls/UxXvd8kP+xi/72G/L4HSlQ\r\ndebug3: send packet: type 50\r\ndebug2: we sent a publickey packet, wait for reply\r\ndebug3: receive packet: type 60\r\ndebug1: Server accepts key: /home/mark/.ssh/id_rsa RSA SHA256:aUPgboo2qcZ7/3oRAQls/UxXvd8kP+xi/72G/L4HSlQ\r\ndebug3: sign_and_send_pubkey: RSA SHA256:aUPgboo2qcZ7/3oRAQls/UxXvd8kP+xi/72G/L4HSlQ\r\ndebug3: sign_and_send_pubkey: signing using rsa-sha2-256\r\ndebug3: send packet: type 50\r\ndebug3: receive packet: type 52\r\ndebug1: Enabling compression at level 6.\r\ndebug1: Authentication succeeded (publickey).\r\nAuthenticated to ubuntu16-04 ([10.80.80.144]:22).\r\ndebug1: setting up multiplex master socket\r\ndebug3: muxserver_listen: temporary control path /home/mark/.ansible/cp/4c3d3601da.nek7dvTzzHGCE3ZQ\r\ndebug2: fd 5 setting O_NONBLOCK\r\ndebug3: fd 5 is O_NONBLOCK\r\ndebug3: fd 5 is O_NONBLOCK\r\ndebug1: channel 0: new [/home/mark/.ansible/cp/4c3d3601da]\r\ndebug3: muxserver_listen: mux listener channel 0 fd 5\r\ndebug2: fd 4 setting TCP_NODELAY\r\ndebug3: ssh_packet_set_tos: set IP_TOS 0x20\r\ndebug1: control_persist_detach: backgrounding master process\r\ndebug2: control_persist_detach: background process is 11866\r\ndebug2: fd 5 setting O_NONBLOCK\r\ndebug1: forking to background\r\ndebug1: Entering interactive session.\r\ndebug1: pledge: id\r\ndebug2: set_control_persist_exit_time: schedule exit in 60 seconds\r\ndebug1: multiplexing control connection\r\ndebug2: fd 6 setting O_NONBLOCK\r\ndebug3: fd 6 is O_NONBLOCK\r\ndebug1: channel 1: new [mux-control]\r\ndebug3: channel_post_mux_listener: new mux channel 1 fd 6\r\ndebug3: mux_master_read_cb: channel 1: hello sent\r\ndebug2: set_control_persist_exit_time: cancel scheduled exit\r\ndebug3: mux_master_read_cb: channel 1 packet type 0x00000001 len 4\r\ndebug2: mux_master_process_hello: channel 1 slave version 4\r\ndebug2: mux_client_hello_exchange: master version 4\r\ndebug3: mux_client_forwards: request forwardings: 0 local, 0 remote\r\ndebug3: mux_client_request_session: entering\r\ndebug3: mux_client_request_alive: entering\r\ndebug3: mux_master_read_cb: channel 1 packet type 0x10000004 len 4\r\ndebug2: mux_master_process_alive_check: channel 1: alive check\r\ndebug3: mux_client_request_alive: done pid = 11868\r\ndebug3: mux_client_request_session: session request sent\r\ndebug3: mux_master_read_cb: channel 1 packet type 0x10000002 len 107\r\ndebug2: mux_master_process_new_session: channel 1: request tty 0, X 0, agent 0, subsys 0, term "xterm-256color", cmd "/bin/sh -c \'echo ~sudoall && sleep 0\'", env 1\r\ndebug3: mux_master_process_new_session: got fds stdin 7, stdout 8, stderr 9\r\ndebug2: fd 8 setting O_NONBLOCK\r\ndebug2: fd 9 setting O_NONBLOCK\r\ndebug1: channel 2: new [client-session]\r\ndebug2: mux_master_process_new_session: channel_new: 2 linked to control channel 1\r\ndebug2: channel 2: send open\r\ndebug3: send packet: type 90\r\ndebug3: receive packet: type 80\r\ndebug1: client_input_global_request: rtype hostkeys-00@openssh.com want_reply 0\r\ndebug3: receive packet: type 91\r\ndebug2: channel_input_open_confirmation: channel 2: callback start\r\ndebug2: client_session2_setup: id 2\r\ndebug1: Sending environment.\r\ndebug1: Sending env LANG = en_US.UTF-8\r\ndebug2: channel 2: request env confirm 0\r\ndebug3: send packet: type 98\r\ndebug1: Sending command: /bin/sh -c \'echo ~sudoall && sleep 0\'\r\ndebug2: channel 2: request exec confirm 1\r\ndebug3: send packet: type 98\r\ndebug3: mux_session_confirm: sending success reply\r\ndebug2: channel_input_open_confirmation: channel 2: callback done\r\ndebug2: channel 2: open confirm rwindow 0 rmax 32768\r\ndebug2: channel 2: rcvd adjust 2097152\r\ndebug3: receive packet: type 99\r\ndebug2: channel_input_status_confirm: type 99 id 2\r\ndebug2: exec request accepted on channel 2\r\ndebug3: receive packet: type 98\r\ndebug1: client_input_channel_req: channel 2 rtype exit-status reply 0\r\ndebug3: mux_exit_message: channel 2: exit message, exitval 0\r\ndebug3: receive packet: type 98\r\ndebug1: client_input_channel_req: channel 2 rtype eow@openssh.com reply 0\r\ndebug2: channel 2: rcvd eow\r\ndebug2: channel 2: chan_shutdown_read (i0 o0 sock -1 wfd 7 efd 9 [write])\r\ndebug2: channel 2: input open -> closed\r\ndebug3: receive packet: type 96\r\ndebug2: channel 2: rcvd eof\r\ndebug2: channel 2: output open -> drain\r\ndebug2: channel 2: obuf empty\r\ndebug2: channel 2: chan_shutdown_write (i3 o1 sock -1 wfd 8 efd 9 [write])\r\ndebug2: channel 2: output drain -> closed\r\ndebug3: receive packet: type 97\r\ndebug2: channel 2: rcvd close\r\ndebug3: channel 2: will not send data after close\r\ndebug2: channel 2: send close\r\ndebug3: send packet: type 97\r\ndebug2: channel 2: is dead\r\ndebug2: channel 2: gc: notify user\r\ndebug3: mux_master_session_cleanup_cb: entering for channel 2\r\ndebug2: channel 1: rcvd close\r\ndebug2: channel 1: output open -> drain\r\ndebug2: channel 1: chan_shutdown_read (i0 o1 sock 6 wfd 6 efd -1 [closed])\r\ndebug2: channel 1: input open -> closed\r\ndebug2: channel 2: gc: user detached\r\ndebug2: channel 2: is dead\r\ndebug2: channel 2: garbage collecting\r\ndebug1: channel 2: free: client-session, nchannels 3\r\ndebug3: channel 2: status: The following connections are open:\r\n  #1 mux-control (t16 nr0 i3/0 o1/16 e[closed]/0 fd 6/6/-1 sock 6 cc -1)\r\n  #2 client-session (t4 r0 i3/0 o3/0 e[write]/0 fd -1/-1/9 sock -1 cc -1)\r\n\r\ndebug2: channel 1: obuf empty\r\ndebug2: channel 1: chan_shutdown_write (i3 o1 sock 6 wfd 6 efd -1 [closed])\r\ndebug2: channel 1: output drain -> closed\r\ndebug2: channel 1: is dead (local)\r\ndebug2: channel 1: gc: notify user\r\ndebug3: mux_master_control_cleanup_cb: entering for channel 1\r\ndebug2: channel 1: gc: user detached\r\ndebug2: channel 1: is dead (local)\r\ndebug2: channel 1: garbage collecting\r\ndebug1: channel 1: free: mux-control, nchannels 2\r\ndebug3: channel 1: status: The following connections are open:\r\n  #1 mux-control (t16 nr0 i3/0 o3/0 e[closed]/0 fd 6/6/-1 sock 6 cc -1)\r\n\r\ndebug2: set_control_persist_exit_time: schedule exit in 60 seconds\r\ndebug3: mux_client_read_packet: read header failed: Broken pipe\r\ndebug2: Received exit status from master 0\r\n')
2020-03-03 12:26:01,455 p=11861 u=mark n=ansible |  11861 1583234761.45491: _low_level_execute_command() done: rc=0, stdout=/home/sudoall
, stderr=OpenSSH_8.0p1, OpenSSL 1.1.1c FIPS  28 May 2019
debug1: Reading configuration data /etc/ssh/ssh_config
debug3: /etc/ssh/ssh_config line 51: Including file /etc/ssh/ssh_config.d/05-redhat.conf depth 0
debug1: Reading configuration data /etc/ssh/ssh_config.d/05-redhat.conf
debug2: checking match for 'final all' host ubuntu16-04 originally ubuntu16-04
debug3: /etc/ssh/ssh_config.d/05-redhat.conf line 3: not matched 'final'
debug2: match not found
debug3: /etc/ssh/ssh_config.d/05-redhat.conf line 5: Including file /etc/crypto-policies/back-ends/openssh.config depth 1 (parse only)
debug1: Reading configuration data /etc/crypto-policies/back-ends/openssh.config
debug3: gss kex names ok: [gss-gex-sha1-,gss-group14-sha1-]
debug3: kex names ok: [curve25519-sha256,curve25519-sha256@libssh.org,ecdh-sha2-nistp256,ecdh-sha2-nistp384,ecdh-sha2-nistp521,diffie-hellman-group-exchange-sha256,diffie-hellman-group14-sha256,diffie-hellman-group16-sha512,diffie-hellman-group18-sha512,diffie-hellman-group-exchange-sha1,diffie-hellman-group14-sha1]
debug1: configuration requests final Match pass
debug1: re-parsing configuration
debug1: Reading configuration data /etc/ssh/ssh_config
debug3: /etc/ssh/ssh_config line 51: Including file /etc/ssh/ssh_config.d/05-redhat.conf depth 0
debug1: Reading configuration data /etc/ssh/ssh_config.d/05-redhat.conf
debug2: checking match for 'final all' host ubuntu16-04 originally ubuntu16-04
debug3: /etc/ssh/ssh_config.d/05-redhat.conf line 3: matched 'final'
debug2: match found
debug3: /etc/ssh/ssh_config.d/05-redhat.conf line 5: Including file /etc/crypto-policies/back-ends/openssh.config depth 1
debug1: Reading configuration data /etc/crypto-policies/back-ends/openssh.config
debug3: gss kex names ok: [gss-gex-sha1-,gss-group14-sha1-]
debug3: kex names ok: [curve25519-sha256,curve25519-sha256@libssh.org,ecdh-sha2-nistp256,ecdh-sha2-nistp384,ecdh-sha2-nistp521,diffie-hellman-group-exchange-sha256,diffie-hellman-group14-sha256,diffie-hellman-group16-sha512,diffie-hellman-group18-sha512,diffie-hellman-group-exchange-sha1,diffie-hellman-group14-sha1]
debug1: auto-mux: Trying existing master
debug1: Control socket "/home/mark/.ansible/cp/4c3d3601da" does not exist
debug2: resolving "ubuntu16-04" port 22
debug2: ssh_connect_direct
debug1: Connecting to ubuntu16-04 [10.80.80.144] port 22.
debug2: fd 4 setting O_NONBLOCK
debug1: fd 4 clearing O_NONBLOCK
debug1: Connection established.
debug3: timeout: 9993 ms remain after connect
debug1: identity file /home/mark/.ssh/id_rsa type 0
debug1: identity file /home/mark/.ssh/id_rsa-cert type -1
debug1: identity file /home/mark/.ssh/id_dsa type -1
debug1: identity file /home/mark/.ssh/id_dsa-cert type -1
debug1: identity file /home/mark/.ssh/id_ecdsa type -1
debug1: identity file /home/mark/.ssh/id_ecdsa-cert type -1
debug1: identity file /home/mark/.ssh/id_ed25519 type -1
debug1: identity file /home/mark/.ssh/id_ed25519-cert type -1
debug1: identity file /home/mark/.ssh/id_xmss type -1
debug1: identity file /home/mark/.ssh/id_xmss-cert type -1
debug1: Local version string SSH-2.0-OpenSSH_8.0
debug1: Remote protocol version 2.0, remote software version OpenSSH_7.2p2 Ubuntu-4ubuntu2.8
debug1: match: OpenSSH_7.2p2 Ubuntu-4ubuntu2.8 pat OpenSSH_7.0*,OpenSSH_7.1*,OpenSSH_7.2*,OpenSSH_7.3*,OpenSSH_7.4*,OpenSSH_7.5*,OpenSSH_7.6*,OpenSSH_7.7* compat 0x04000002
debug2: fd 4 setting O_NONBLOCK
debug1: Authenticating to ubuntu16-04:22 as 'sudoall'
debug3: hostkeys_foreach: reading file "/home/mark/.ssh/known_hosts"
debug3: record_hostkey: found key type ECDSA in file /home/mark/.ssh/known_hosts:15
debug3: load_hostkeys: loaded 1 keys from ubuntu16-04
debug3: order_hostkeyalgs: prefer hostkeyalgs: ecdsa-sha2-nistp256-cert-v01@openssh.com,ecdsa-sha2-nistp384-cert-v01@openssh.com,ecdsa-sha2-nistp521-cert-v01@openssh.com,ecdsa-sha2-nistp256,ecdsa-sha2-nistp384,ecdsa-sha2-nistp521
debug3: send packet: type 20
debug1: SSH2_MSG_KEXINIT sent
debug3: receive packet: type 20
debug1: SSH2_MSG_KEXINIT received
debug2: local client KEXINIT proposal
debug2: KEX algorithms: curve25519-sha256,curve25519-sha256@libssh.org,ecdh-sha2-nistp256,ecdh-sha2-nistp384,ecdh-sha2-nistp521,diffie-hellman-group-exchange-sha256,diffie-hellman-group14-sha256,diffie-hellman-group16-sha512,diffie-hellman-group18-sha512,diffie-hellman-group-exchange-sha1,diffie-hellman-group14-sha1,ext-info-c
debug2: host key algorithms: ecdsa-sha2-nistp256-cert-v01@openssh.com,ecdsa-sha2-nistp384-cert-v01@openssh.com,ecdsa-sha2-nistp521-cert-v01@openssh.com,ecdsa-sha2-nistp256,ecdsa-sha2-nistp384,ecdsa-sha2-nistp521,ssh-ed25519-cert-v01@openssh.com,rsa-sha2-512-cert-v01@openssh.com,rsa-sha2-256-cert-v01@openssh.com,ssh-rsa-cert-v01@openssh.com,ssh-ed25519,rsa-sha2-512,rsa-sha2-256,ssh-rsa
debug2: ciphers ctos: aes256-gcm@openssh.com,chacha20-poly1305@openssh.com,aes256-ctr,aes256-cbc,aes128-gcm@openssh.com,aes128-ctr,aes128-cbc
debug2: ciphers stoc: aes256-gcm@openssh.com,chacha20-poly1305@openssh.com,aes256-ctr,aes256-cbc,aes128-gcm@openssh.com,aes128-ctr,aes128-cbc
debug2: MACs ctos: hmac-sha2-256-etm@openssh.com,hmac-sha1-etm@openssh.com,umac-128-etm@openssh.com,hmac-sha2-512-etm@openssh.com,hmac-sha2-256,hmac-sha1,umac-128@openssh.com,hmac-sha2-512
debug2: MACs stoc: hmac-sha2-256-etm@openssh.com,hmac-sha1-etm@openssh.com,umac-128-etm@openssh.com,hmac-sha2-512-etm@openssh.com,hmac-sha2-256,hmac-sha1,umac-128@openssh.com,hmac-sha2-512
debug2: compression ctos: zlib@openssh.com,zlib,none
debug2: compression stoc: zlib@openssh.com,zlib,none
debug2: languages ctos: 
debug2: languages stoc: 
debug2: first_kex_follows 0 
debug2: reserved 0 
debug2: peer server KEXINIT proposal
debug2: KEX algorithms: curve25519-sha256@libssh.org,ecdh-sha2-nistp256,ecdh-sha2-nistp384,ecdh-sha2-nistp521,diffie-hellman-group-exchange-sha256,diffie-hellman-group14-sha1
debug2: host key algorithms: ssh-rsa,rsa-sha2-512,rsa-sha2-256,ecdsa-sha2-nistp256,ssh-ed25519
debug2: ciphers ctos: chacha20-poly1305@openssh.com,aes128-ctr,aes192-ctr,aes256-ctr,aes128-gcm@openssh.com,aes256-gcm@openssh.com
debug2: ciphers stoc: chacha20-poly1305@openssh.com,aes128-ctr,aes192-ctr,aes256-ctr,aes128-gcm@openssh.com,aes256-gcm@openssh.com
debug2: MACs ctos: umac-64-etm@openssh.com,umac-128-etm@openssh.com,hmac-sha2-256-etm@openssh.com,hmac-sha2-512-etm@openssh.com,hmac-sha1-etm@openssh.com,umac-64@openssh.com,umac-128@openssh.com,hmac-sha2-256,hmac-sha2-512,hmac-sha1
debug2: MACs stoc: umac-64-etm@openssh.com,umac-128-etm@openssh.com,hmac-sha2-256-etm@openssh.com,hmac-sha2-512-etm@openssh.com,hmac-sha1-etm@openssh.com,umac-64@openssh.com,umac-128@openssh.com,hmac-sha2-256,hmac-sha2-512,hmac-sha1
debug2: compression ctos: none,zlib@openssh.com
debug2: compression stoc: none,zlib@openssh.com
debug2: languages ctos: 
debug2: languages stoc: 
debug2: first_kex_follows 0 
debug2: reserved 0 
debug1: kex: algorithm: curve25519-sha256@libssh.org
debug1: kex: host key algorithm: ecdsa-sha2-nistp256
debug1: kex: server->client cipher: aes256-gcm@openssh.com MAC: <implicit> compression: zlib@openssh.com
debug1: kex: client->server cipher: aes256-gcm@openssh.com MAC: <implicit> compression: zlib@openssh.com
debug1: kex: curve25519-sha256@libssh.org need=32 dh_need=32
debug1: kex: curve25519-sha256@libssh.org need=32 dh_need=32
debug3: send packet: type 30
debug1: expecting SSH2_MSG_KEX_ECDH_REPLY
debug3: receive packet: type 31
debug1: Server host key: ecdsa-sha2-nistp256 SHA256:Ib+SlZ8MH6hK5UwpylGQK6yhkghcAzlnVjNWDKVEI58
debug3: hostkeys_foreach: reading file "/home/mark/.ssh/known_hosts"
debug3: record_hostkey: found key type ECDSA in file /home/mark/.ssh/known_hosts:15
debug3: load_hostkeys: loaded 1 keys from ubuntu16-04
debug3: hostkeys_foreach: reading file "/home/mark/.ssh/known_hosts"
debug3: record_hostkey: found key type ECDSA in file /home/mark/.ssh/known_hosts:7
debug3: load_hostkeys: loaded 1 keys from 10.80.80.144
debug1: Host 'ubuntu16-04' is known and matches the ECDSA host key.
debug1: Found key in /home/mark/.ssh/known_hosts:15
debug3: send packet: type 21
debug2: set_newkeys: mode 1
debug1: rekey out after 4294967296 blocks
debug1: SSH2_MSG_NEWKEYS sent
debug1: expecting SSH2_MSG_NEWKEYS
debug3: receive packet: type 21
debug1: SSH2_MSG_NEWKEYS received
debug2: set_newkeys: mode 0
debug1: rekey in after 4294967296 blocks
debug1: Will attempt key: /home/mark/.ssh/id_rsa RSA SHA256:aUPgboo2qcZ7/3oRAQls/UxXvd8kP+xi/72G/L4HSlQ
debug1: Will attempt key: /home/mark/.ssh/id_dsa 
debug1: Will attempt key: /home/mark/.ssh/id_ecdsa 
debug1: Will attempt key: /home/mark/.ssh/id_ed25519 
debug1: Will attempt key: /home/mark/.ssh/id_xmss 
debug2: pubkey_prepare: done
debug3: send packet: type 5
debug3: receive packet: type 7
debug1: SSH2_MSG_EXT_INFO received
debug1: kex_input_ext_info: server-sig-algs=<rsa-sha2-256,rsa-sha2-512>
debug3: receive packet: type 6
debug2: service_accept: ssh-userauth
debug1: SSH2_MSG_SERVICE_ACCEPT received
debug3: send packet: type 50
debug3: receive packet: type 51
debug1: Authentications that can continue: publickey,password
debug3: start over, passed a different list publickey,password
debug3: preferred gssapi-with-mic,gssapi-keyex,hostbased,publickey
debug3: authmethod_lookup publickey
debug3: remaining preferred: ,gssapi-keyex,hostbased,publickey
debug3: authmethod_is_enabled publickey
debug1: Next authentication method: publickey
debug1: Offering public key: /home/mark/.ssh/id_rsa RSA SHA256:aUPgboo2qcZ7/3oRAQls/UxXvd8kP+xi/72G/L4HSlQ
debug3: send packet: type 50
debug2: we sent a publickey packet, wait for reply
debug3: receive packet: type 60
debug1: Server accepts key: /home/mark/.ssh/id_rsa RSA SHA256:aUPgboo2qcZ7/3oRAQls/UxXvd8kP+xi/72G/L4HSlQ
debug3: sign_and_send_pubkey: RSA SHA256:aUPgboo2qcZ7/3oRAQls/UxXvd8kP+xi/72G/L4HSlQ
debug3: sign_and_send_pubkey: signing using rsa-sha2-256
debug3: send packet: type 50
debug3: receive packet: type 52
debug1: Enabling compression at level 6.
debug1: Authentication succeeded (publickey).
Authenticated to ubuntu16-04 ([10.80.80.144]:22).
debug1: setting up multiplex master socket
debug3: muxserver_listen: temporary control path /home/mark/.ansible/cp/4c3d3601da.nek7dvTzzHGCE3ZQ
debug2: fd 5 setting O_NONBLOCK
debug3: fd 5 is O_NONBLOCK
debug3: fd 5 is O_NONBLOCK
debug1: channel 0: new [/home/mark/.ansible/cp/4c3d3601da]
debug3: muxserver_listen: mux listener channel 0 fd 5
debug2: fd 4 setting TCP_NODELAY
debug3: ssh_packet_set_tos: set IP_TOS 0x20
debug1: control_persist_detach: backgrounding master process
debug2: control_persist_detach: background process is 11866
debug2: fd 5 setting O_NONBLOCK
debug1: forking to background
debug1: Entering interactive session.
debug1: pledge: id
debug2: set_control_persist_exit_time: schedule exit in 60 seconds
debug1: multiplexing control connection
debug2: fd 6 setting O_NONBLOCK
debug3: fd 6 is O_NONBLOCK
debug1: channel 1: new [mux-control]
debug3: channel_post_mux_listener: new mux channel 1 fd 6
debug3: mux_master_read_cb: channel 1: hello sent
debug2: set_control_persist_exit_time: cancel scheduled exit
debug3: mux_master_read_cb: channel 1 packet type 0x00000001 len 4
debug2: mux_master_process_hello: channel 1 slave version 4
debug2: mux_client_hello_exchange: master version 4
debug3: mux_client_forwards: request forwardings: 0 local, 0 remote
debug3: mux_client_request_session: entering
debug3: mux_client_request_alive: entering
debug3: mux_master_read_cb: channel 1 packet type 0x10000004 len 4
debug2: mux_master_process_alive_check: channel 1: alive check
debug3: mux_client_request_alive: done pid = 11868
debug3: mux_client_request_session: session request sent
debug3: mux_master_read_cb: channel 1 packet type 0x10000002 len 107
debug2: mux_master_process_new_session: channel 1: request tty 0, X 0, agent 0, subsys 0, term "xterm-256color", cmd "/bin/sh -c 'echo ~sudoall && sleep 0'", env 1
debug3: mux_master_process_new_session: got fds stdin 7, stdout 8, stderr 9
debug2: fd 8 setting O_NONBLOCK
debug2: fd 9 setting O_NONBLOCK
debug1: channel 2: new [client-session]
debug2: mux_master_process_new_session: channel_new: 2 linked to control channel 1
debug2: channel 2: send open
debug3: send packet: type 90
debug3: receive packet: type 80
debug1: client_input_global_request: rtype hostkeys-00@openssh.com want_reply 0
debug3: receive packet: type 91
debug2: channel_input_open_confirmation: channel 2: callback start
debug2: client_session2_setup: id 2
debug1: Sending environment.
debug1: Sending env LANG = en_US.UTF-8
debug2: channel 2: request env confirm 0
debug3: send packet: type 98
debug1: Sending command: /bin/sh -c 'echo ~sudoall && sleep 0'
debug2: channel 2: request exec confirm 1
debug3: send packet: type 98
debug3: mux_session_confirm: sending success reply
debug2: channel_input_open_confirmation: channel 2: callback done
debug2: channel 2: open confirm rwindow 0 rmax 32768
debug2: channel 2: rcvd adjust 2097152
debug3: receive packet: type 99
debug2: channel_input_status_confirm: type 99 id 2
debug2: exec request accepted on channel 2
debug3: receive packet: type 98
debug1: client_input_channel_req: channel 2 rtype exit-status reply 0
debug3: mux_exit_message: channel 2: exit message, exitval 0
debug3: receive packet: type 98
debug1: client_input_channel_req: channel 2 rtype eow@openssh.com reply 0
debug2: channel 2: rcvd eow
debug2: channel 2: chan_shutdown_read (i0 o0 sock -1 wfd 7 efd 9 [write])
debug2: channel 2: input open -> closed
debug3: receive packet: type 96
debug2: channel 2: rcvd eof
debug2: channel 2: output open -> drain
debug2: channel 2: obuf empty
debug2: channel 2: chan_shutdown_write (i3 o1 sock -1 wfd 8 efd 9 [write])
debug2: channel 2: output drain -> closed
debug3: receive packet: type 97
debug2: channel 2: rcvd close
debug3: channel 2: will not send data after close
debug2: channel 2: send close
debug3: send packet: type 97
debug2: channel 2: is dead
debug2: channel 2: gc: notify user
debug3: mux_master_session_cleanup_cb: entering for channel 2
debug2: channel 1: rcvd close
debug2: channel 1: output open -> drain
debug2: channel 1: chan_shutdown_read (i0 o1 sock 6 wfd 6 efd -1 [closed])
debug2: channel 1: input open -> closed
debug2: channel 2: gc: user detached
debug2: channel 2: is dead
debug2: channel 2: garbage collecting
debug1: channel 2: free: client-session, nchannels 3
debug3: channel 2: status: The following connections are open:
  #1 mux-control (t16 nr0 i3/0 o1/16 e[closed]/0 fd 6/6/-1 sock 6 cc -1)
  #2 client-session (t4 r0 i3/0 o3/0 e[write]/0 fd -1/-1/9 sock -1 cc -1)

debug2: channel 1: obuf empty
debug2: channel 1: chan_shutdown_write (i3 o1 sock 6 wfd 6 efd -1 [closed])
debug2: channel 1: output drain -> closed
debug2: channel 1: is dead (local)
debug2: channel 1: gc: notify user
debug3: mux_master_control_cleanup_cb: entering for channel 1
debug2: channel 1: gc: user detached
debug2: channel 1: is dead (local)
debug2: channel 1: garbage collecting
debug1: channel 1: free: mux-control, nchannels 2
debug3: channel 1: status: The following connections are open:
  #1 mux-control (t16 nr0 i3/0 o3/0 e[closed]/0 fd 6/6/-1 sock 6 cc -1)

debug2: set_control_persist_exit_time: schedule exit in 60 seconds
debug3: mux_client_read_packet: read header failed: Broken pipe
debug2: Received exit status from master 0

2020-03-03 12:26:01,455 p=11861 u=mark n=ansible |  11861 1583234761.45572: _low_level_execute_command(): starting
2020-03-03 12:26:01,456 p=11861 u=mark n=ansible |  11861 1583234761.45594: _low_level_execute_command(): executing: /bin/sh -c '( umask 77 && mkdir -p "` echo /home/sudoall/.ansible/tmp/ansible-tmp-1583234760.010854-6876754822995 `" && echo ansible-tmp-1583234760.010854-6876754822995="` echo /home/sudoall/.ansible/tmp/ansible-tmp-1583234760.010854-6876754822995 `" ) && sleep 0'
2020-03-03 12:26:01,456 p=11861 u=mark n=ansible | <ubuntu16-04> ESTABLISH SSH CONNECTION FOR USER: sudoall
2020-03-03 12:26:01,456 p=11861 u=mark n=ansible | <ubuntu16-04> SSH: EXEC ssh -vvv -C -o ControlMaster=auto -o ControlPersist=60s -o StrictHostKeyChecking=no -o KbdInteractiveAuthentication=no -o PreferredAuthentications=gssapi-with-mic,gssapi-keyex,hostbased,publickey -o PasswordAuthentication=no -o 'User="sudoall"' -o ConnectTimeout=10 -o ControlPath=/home/mark/.ansible/cp/4c3d3601da ubuntu16-04 '/bin/sh -c '"'"'( umask 77 && mkdir -p "` echo /home/sudoall/.ansible/tmp/ansible-tmp-1583234760.010854-6876754822995 `" && echo ansible-tmp-1583234760.010854-6876754822995="` echo /home/sudoall/.ansible/tmp/ansible-tmp-1583234760.010854-6876754822995 `" ) && sleep 0'"'"''
2020-03-03 12:26:01,463 p=11861 u=mark n=ansible |  11861 1583234761.46333: stderr chunk (state=2):
>>>OpenSSH_8.0p1, OpenSSL 1.1.1c FIPS  28 May 2019
debug1: Reading configuration data /etc/ssh/ssh_config
debug3: /etc/ssh/ssh_config line 51: Including file /etc/ssh/ssh_config.d/05-redhat.conf depth 0
debug1: Reading configuration data /etc/ssh/ssh_config.d/05-redhat.conf
debug2: checking match for 'final all' host ubuntu16-04 originally ubuntu16-04
debug3: /etc/ssh/ssh_config.d/05-redhat.conf line 3: not matched 'final'
debug2: match not found
debug3: /etc/ssh/ssh_config.d/05-redhat.conf line 5: Including file /etc/crypto-policies/back-ends/openssh.config depth 1 (parse only)
debug1: Reading configuration data /etc/crypto-policies/back-ends/openssh.config
debug3: gss kex names ok: [gss-gex-sha1-,gss-group14-sha1-]
debug3: kex names ok: [curve25519-sha256,curve25519-sha256@libssh.org,ecdh-sha2-nistp256,ecdh-sha2-nistp384,ecdh-sha2-nistp521,diffie-hellman-group-exchange-sha256,diffie-hellman-group14-sha256,diffie-hellman-group16-sha512,diffie-hellman-group18-sha512,diffie-hellman-group-exchange-sha1,diffie-hellman-group14-sha1]
debug1: configuration requests final Match pass
debug1: re-parsing configuration
debug1: Reading configuration data /etc/ssh/ssh_config
debug3: /etc/ssh/ssh_config line 51: Including file /etc/ssh/ssh_config.d/05-redhat.conf depth 0
debug1: Reading configuration data /etc/ssh/ssh_config.d/05-redhat.conf
debug2: checking match for 'final all' host ubuntu16-04 originally ubuntu16-04
debug3: /etc/ssh/ssh_config.d/05-redhat.conf line 3: matched 'final'
debug2: match found
debug3: /etc/ssh/ssh_config.d/05-redhat.conf line 5: Including file /etc/crypto-policies/back-ends/openssh.config depth 1
debug1: Reading configuration data /etc/crypto-policies/back-ends/openssh.config
debug3: gss kex names ok: [gss-gex-sha1-,gss-group14-sha1-]
debug3: kex names ok: [curve25519-sha256,curve25519-sha256@libssh.org,ecdh-sha2-nistp256,ecdh-sha2-nistp384,ecdh-sha2-nistp521,diffie-hellman-group-exchange-sha256,diffie-hellman-group14-sha256,diffie-hellman-group16-sha512,diffie-hellman-group18-sha512,diffie-hellman-group-exchange-sha1,diffie-hellman-group14-sha1]
debug1: auto-mux: Trying existing master
debug2: fd 4 setting O_NONBLOCK
<<<

2020-03-03 12:26:01,463 p=11861 u=mark n=ansible |  11861 1583234761.46382: stderr chunk (state=3):
>>>debug2: mux_client_hello_exchange: master version 4
debug3: mux_client_forwards: request forwardings: 0 local, 0 remote
debug3: mux_client_request_session: entering
debug3: mux_client_request_alive: entering
<<<

2020-03-03 12:26:01,464 p=11861 u=mark n=ansible |  11861 1583234761.46407: stderr chunk (state=3):
>>>debug3: mux_client_request_alive: done pid = 11868
debug3: mux_client_request_session: session request sent
<<<

2020-03-03 12:26:01,475 p=11861 u=mark n=ansible |  11861 1583234761.47501: stdout chunk (state=3):
>>>ansible-tmp-1583234760.010854-6876754822995=/home/sudoall/.ansible/tmp/ansible-tmp-1583234760.010854-6876754822995
<<<

2020-03-03 12:26:01,477 p=11861 u=mark n=ansible |  11861 1583234761.47774: stderr chunk (state=3):
>>>debug3: mux_client_read_packet: read header failed: Broken pipe
debug2: Received exit status from master 0
<<<

2020-03-03 12:26:01,478 p=11861 u=mark n=ansible |  11861 1583234761.47820: stdout chunk (state=3):
>>><<<

2020-03-03 12:26:01,478 p=11861 u=mark n=ansible |  11861 1583234761.47868: stderr chunk (state=3):
>>><<<

2020-03-03 12:26:01,479 p=11861 u=mark n=ansible | <ubuntu16-04> (0, b'ansible-tmp-1583234760.010854-6876754822995=/home/sudoall/.ansible/tmp/ansible-tmp-1583234760.010854-6876754822995\n', b"OpenSSH_8.0p1, OpenSSL 1.1.1c FIPS  28 May 2019\r\ndebug1: Reading configuration data /etc/ssh/ssh_config\r\ndebug3: /etc/ssh/ssh_config line 51: Including file /etc/ssh/ssh_config.d/05-redhat.conf depth 0\r\ndebug1: Reading configuration data /etc/ssh/ssh_config.d/05-redhat.conf\r\ndebug2: checking match for 'final all' host ubuntu16-04 originally ubuntu16-04\r\ndebug3: /etc/ssh/ssh_config.d/05-redhat.conf line 3: not matched 'final'\r\ndebug2: match not found\r\ndebug3: /etc/ssh/ssh_config.d/05-redhat.conf line 5: Including file /etc/crypto-policies/back-ends/openssh.config depth 1 (parse only)\r\ndebug1: Reading configuration data /etc/crypto-policies/back-ends/openssh.config\r\ndebug3: gss kex names ok: [gss-gex-sha1-,gss-group14-sha1-]\r\ndebug3: kex names ok: [curve25519-sha256,curve25519-sha256@libssh.org,ecdh-sha2-nistp256,ecdh-sha2-nistp384,ecdh-sha2-nistp521,diffie-hellman-group-exchange-sha256,diffie-hellman-group14-sha256,diffie-hellman-group16-sha512,diffie-hellman-group18-sha512,diffie-hellman-group-exchange-sha1,diffie-hellman-group14-sha1]\r\ndebug1: configuration requests final Match pass\r\ndebug1: re-parsing configuration\r\ndebug1: Reading configuration data /etc/ssh/ssh_config\r\ndebug3: /etc/ssh/ssh_config line 51: Including file /etc/ssh/ssh_config.d/05-redhat.conf depth 0\r\ndebug1: Reading configuration data /etc/ssh/ssh_config.d/05-redhat.conf\r\ndebug2: checking match for 'final all' host ubuntu16-04 originally ubuntu16-04\r\ndebug3: /etc/ssh/ssh_config.d/05-redhat.conf line 3: matched 'final'\r\ndebug2: match found\r\ndebug3: /etc/ssh/ssh_config.d/05-redhat.conf line 5: Including file /etc/crypto-policies/back-ends/openssh.config depth 1\r\ndebug1: Reading configuration data /etc/crypto-policies/back-ends/openssh.config\r\ndebug3: gss kex names ok: [gss-gex-sha1-,gss-group14-sha1-]\r\ndebug3: kex names ok: [curve25519-sha256,curve25519-sha256@libssh.org,ecdh-sha2-nistp256,ecdh-sha2-nistp384,ecdh-sha2-nistp521,diffie-hellman-group-exchange-sha256,diffie-hellman-group14-sha256,diffie-hellman-group16-sha512,diffie-hellman-group18-sha512,diffie-hellman-group-exchange-sha1,diffie-hellman-group14-sha1]\r\ndebug1: auto-mux: Trying existing master\r\ndebug2: fd 4 setting O_NONBLOCK\r\ndebug2: mux_client_hello_exchange: master version 4\r\ndebug3: mux_client_forwards: request forwardings: 0 local, 0 remote\r\ndebug3: mux_client_request_session: entering\r\ndebug3: mux_client_request_alive: entering\r\ndebug3: mux_client_request_alive: done pid = 11868\r\ndebug3: mux_client_request_session: session request sent\r\ndebug3: mux_client_read_packet: read header failed: Broken pipe\r\ndebug2: Received exit status from master 0\r\n")
2020-03-03 12:26:01,479 p=11861 u=mark n=ansible |  11861 1583234761.47966: _low_level_execute_command() done: rc=0, stdout=ansible-tmp-1583234760.010854-6876754822995=/home/sudoall/.ansible/tmp/ansible-tmp-1583234760.010854-6876754822995
, stderr=OpenSSH_8.0p1, OpenSSL 1.1.1c FIPS  28 May 2019
debug1: Reading configuration data /etc/ssh/ssh_config
debug3: /etc/ssh/ssh_config line 51: Including file /etc/ssh/ssh_config.d/05-redhat.conf depth 0
debug1: Reading configuration data /etc/ssh/ssh_config.d/05-redhat.conf
debug2: checking match for 'final all' host ubuntu16-04 originally ubuntu16-04
debug3: /etc/ssh/ssh_config.d/05-redhat.conf line 3: not matched 'final'
debug2: match not found
debug3: /etc/ssh/ssh_config.d/05-redhat.conf line 5: Including file /etc/crypto-policies/back-ends/openssh.config depth 1 (parse only)
debug1: Reading configuration data /etc/crypto-policies/back-ends/openssh.config
debug3: gss kex names ok: [gss-gex-sha1-,gss-group14-sha1-]
debug3: kex names ok: [curve25519-sha256,curve25519-sha256@libssh.org,ecdh-sha2-nistp256,ecdh-sha2-nistp384,ecdh-sha2-nistp521,diffie-hellman-group-exchange-sha256,diffie-hellman-group14-sha256,diffie-hellman-group16-sha512,diffie-hellman-group18-sha512,diffie-hellman-group-exchange-sha1,diffie-hellman-group14-sha1]
debug1: configuration requests final Match pass
debug1: re-parsing configuration
debug1: Reading configuration data /etc/ssh/ssh_config
debug3: /etc/ssh/ssh_config line 51: Including file /etc/ssh/ssh_config.d/05-redhat.conf depth 0
debug1: Reading configuration data /etc/ssh/ssh_config.d/05-redhat.conf
debug2: checking match for 'final all' host ubuntu16-04 originally ubuntu16-04
debug3: /etc/ssh/ssh_config.d/05-redhat.conf line 3: matched 'final'
debug2: match found
debug3: /etc/ssh/ssh_config.d/05-redhat.conf line 5: Including file /etc/crypto-policies/back-ends/openssh.config depth 1
debug1: Reading configuration data /etc/crypto-policies/back-ends/openssh.config
debug3: gss kex names ok: [gss-gex-sha1-,gss-group14-sha1-]
debug3: kex names ok: [curve25519-sha256,curve25519-sha256@libssh.org,ecdh-sha2-nistp256,ecdh-sha2-nistp384,ecdh-sha2-nistp521,diffie-hellman-group-exchange-sha256,diffie-hellman-group14-sha256,diffie-hellman-group16-sha512,diffie-hellman-group18-sha512,diffie-hellman-group-exchange-sha1,diffie-hellman-group14-sha1]
debug1: auto-mux: Trying existing master
debug2: fd 4 setting O_NONBLOCK
debug2: mux_client_hello_exchange: master version 4
debug3: mux_client_forwards: request forwardings: 0 local, 0 remote
debug3: mux_client_request_session: entering
debug3: mux_client_request_alive: entering
debug3: mux_client_request_alive: done pid = 11868
debug3: mux_client_request_session: session request sent
debug3: mux_client_read_packet: read header failed: Broken pipe
debug2: Received exit status from master 0

2020-03-03 12:26:01,537 p=11861 u=mark n=ansible |  11861 1583234761.53746: trying /usr/share/ansible/plugins/modules
2020-03-03 12:26:01,537 p=11861 u=mark n=ansible |  11861 1583234761.53788: trying /usr/lib/python3.6/site-packages/ansible/modules
2020-03-03 12:26:01,538 p=11861 u=mark n=ansible |  11861 1583234761.53856: trying /usr/lib/python3.6/site-packages/ansible/modules/__pycache__
2020-03-03 12:26:01,538 p=11861 u=mark n=ansible |  11861 1583234761.53888: trying /usr/lib/python3.6/site-packages/ansible/modules/cloud
2020-03-03 12:26:01,539 p=11861 u=mark n=ansible |  11861 1583234761.53976: trying /usr/lib/python3.6/site-packages/ansible/modules/clustering
2020-03-03 12:26:01,540 p=11861 u=mark n=ansible |  11861 1583234761.54034: trying /usr/lib/python3.6/site-packages/ansible/modules/commands
2020-03-03 12:26:01,541 p=11861 u=mark n=ansible |  11861 1583234761.54153: ANSIBALLZ: using cached module: /home/mark/.ansible/tmp/ansible-local-11808ea7n9daf/ansiballz_cache/command-ZIP_DEFLATED
2020-03-03 12:26:01,542 p=11861 u=mark n=ansible | <ubuntu16-04> Attempting python interpreter discovery
2020-03-03 12:26:01,542 p=11861 u=mark n=ansible |  11861 1583234761.54258: _low_level_execute_command(): starting
2020-03-03 12:26:01,542 p=11861 u=mark n=ansible |  11861 1583234761.54281: _low_level_execute_command(): executing: /bin/sh -c 'echo PLATFORM; uname; echo FOUND; command -v '"'"'/usr/bin/python'"'"'; command -v '"'"'python3.7'"'"'; command -v '"'"'python3.6'"'"'; command -v '"'"'python3.5'"'"'; command -v '"'"'python2.7'"'"'; command -v '"'"'python2.6'"'"'; command -v '"'"'/usr/libexec/platform-python'"'"'; command -v '"'"'/usr/bin/python3'"'"'; command -v '"'"'python'"'"'; echo ENDFOUND && sleep 0'
2020-03-03 12:26:01,543 p=11861 u=mark n=ansible | <ubuntu16-04> ESTABLISH SSH CONNECTION FOR USER: sudoall
2020-03-03 12:26:01,544 p=11861 u=mark n=ansible | <ubuntu16-04> SSH: EXEC ssh -vvv -C -o ControlMaster=auto -o ControlPersist=60s -o StrictHostKeyChecking=no -o KbdInteractiveAuthentication=no -o PreferredAuthentications=gssapi-with-mic,gssapi-keyex,hostbased,publickey -o PasswordAuthentication=no -o 'User="sudoall"' -o ConnectTimeout=10 -o ControlPath=/home/mark/.ansible/cp/4c3d3601da ubuntu16-04 '/bin/sh -c '"'"'echo PLATFORM; uname; echo FOUND; command -v '"'"'"'"'"'"'"'"'/usr/bin/python'"'"'"'"'"'"'"'"'; command -v '"'"'"'"'"'"'"'"'python3.7'"'"'"'"'"'"'"'"'; command -v '"'"'"'"'"'"'"'"'python3.6'"'"'"'"'"'"'"'"'; command -v '"'"'"'"'"'"'"'"'python3.5'"'"'"'"'"'"'"'"'; command -v '"'"'"'"'"'"'"'"'python2.7'"'"'"'"'"'"'"'"'; command -v '"'"'"'"'"'"'"'"'python2.6'"'"'"'"'"'"'"'"'; command -v '"'"'"'"'"'"'"'"'/usr/libexec/platform-python'"'"'"'"'"'"'"'"'; command -v '"'"'"'"'"'"'"'"'/usr/bin/python3'"'"'"'"'"'"'"'"'; command -v '"'"'"'"'"'"'"'"'python'"'"'"'"'"'"'"'"'; echo ENDFOUND && sleep 0'"'"''
2020-03-03 12:26:01,555 p=11861 u=mark n=ansible |  11861 1583234761.55530: stderr chunk (state=2):
>>>OpenSSH_8.0p1, OpenSSL 1.1.1c FIPS  28 May 2019
debug1: Reading configuration data /etc/ssh/ssh_config
<<<

2020-03-03 12:26:01,555 p=11861 u=mark n=ansible |  11861 1583234761.55572: stderr chunk (state=3):
>>>debug3: /etc/ssh/ssh_config line 51: Including file /etc/ssh/ssh_config.d/05-redhat.conf depth 0
debug1: Reading configuration data /etc/ssh/ssh_config.d/05-redhat.conf
debug2: checking match for 'final all' host ubuntu16-04 originally ubuntu16-04
debug3: /etc/ssh/ssh_config.d/05-redhat.conf line 3: not matched 'final'
debug2: match not found
debug3: /etc/ssh/ssh_config.d/05-redhat.conf line 5: Including file /etc/crypto-policies/back-ends/openssh.config depth 1 (parse only)
debug1: Reading configuration data /etc/crypto-policies/back-ends/openssh.config
debug3: gss kex names ok: [gss-gex-sha1-,gss-group14-sha1-]
debug3: kex names ok: [curve25519-sha256,curve25519-sha256@libssh.org,ecdh-sha2-nistp256,ecdh-sha2-nistp384,ecdh-sha2-nistp521,diffie-hellman-group-exchange-sha256,diffie-hellman-group14-sha256,diffie-hellman-group16-sha512,diffie-hellman-group18-sha512,diffie-hellman-group-exchange-sha1,diffie-hellman-group14-sha1]
<<<

2020-03-03 12:26:01,555 p=11861 u=mark n=ansible |  11861 1583234761.55588: stderr chunk (state=3):
>>>debug1: configuration requests final Match pass
debug1: re-parsing configuration
debug1: Reading configuration data /etc/ssh/ssh_config
debug3: /etc/ssh/ssh_config line 51: Including file /etc/ssh/ssh_config.d/05-redhat.conf depth 0
debug1: Reading configuration data /etc/ssh/ssh_config.d/05-redhat.conf
debug2: checking match for 'final all' host ubuntu16-04 originally ubuntu16-04
debug3: /etc/ssh/ssh_config.d/05-redhat.conf line 3: matched 'final'
debug2: match found
debug3: /etc/ssh/ssh_config.d/05-redhat.conf line 5: Including file /etc/crypto-policies/back-ends/openssh.config depth 1
debug1: Reading configuration data /etc/crypto-policies/back-ends/openssh.config
debug3: gss kex names ok: [gss-gex-sha1-,gss-group14-sha1-]
debug3: kex names ok: [curve25519-sha256,curve25519-sha256@libssh.org,ecdh-sha2-nistp256,ecdh-sha2-nistp384,ecdh-sha2-nistp521,diffie-hellman-group-exchange-sha256,diffie-hellman-group14-sha256,diffie-hellman-group16-sha512,diffie-hellman-group18-sha512,diffie-hellman-group-exchange-sha1,diffie-hellman-group14-sha1]
<<<

2020-03-03 12:26:01,556 p=11861 u=mark n=ansible |  11861 1583234761.55632: stderr chunk (state=3):
>>>debug1: auto-mux: Trying existing master
debug2: fd 4 setting O_NONBLOCK
<<<

2020-03-03 12:26:01,556 p=11861 u=mark n=ansible |  11861 1583234761.55679: stderr chunk (state=3):
>>>debug2: mux_client_hello_exchange: master version 4
debug3: mux_client_forwards: request forwardings: 0 local, 0 remote
debug3: mux_client_request_session: entering
debug3: mux_client_request_alive: entering
<<<

2020-03-03 12:26:01,557 p=11861 u=mark n=ansible |  11861 1583234761.55703: stderr chunk (state=3):
>>>debug3: mux_client_request_alive: done pid = 11868
debug3: mux_client_request_session: session request sent
<<<

2020-03-03 12:26:01,563 p=11861 u=mark n=ansible |  11861 1583234761.56313: stdout chunk (state=3):
>>>PLATFORM
<<<

2020-03-03 12:26:01,564 p=11861 u=mark n=ansible |  11861 1583234761.56426: stdout chunk (state=3):
>>>Linux
<<<

2020-03-03 12:26:01,564 p=11861 u=mark n=ansible |  11861 1583234761.56487: stdout chunk (state=3):
>>>FOUND
/usr/bin/python3.5
/usr/bin/python3
ENDFOUND
<<<

2020-03-03 12:26:01,566 p=11861 u=mark n=ansible |  11861 1583234761.56652: stderr chunk (state=3):
>>>debug3: mux_client_read_packet: read header failed: Broken pipe
debug2: Received exit status from master 0
<<<

2020-03-03 12:26:01,567 p=11861 u=mark n=ansible |  11861 1583234761.56711: stderr chunk (state=3):
>>><<<

2020-03-03 12:26:01,567 p=11861 u=mark n=ansible |  11861 1583234761.56727: stdout chunk (state=3):
>>><<<

2020-03-03 12:26:01,567 p=11861 u=mark n=ansible | <ubuntu16-04> (0, b'PLATFORM\nLinux\nFOUND\n/usr/bin/python3.5\n/usr/bin/python3\nENDFOUND\n', b"OpenSSH_8.0p1, OpenSSL 1.1.1c FIPS  28 May 2019\r\ndebug1: Reading configuration data /etc/ssh/ssh_config\r\ndebug3: /etc/ssh/ssh_config line 51: Including file /etc/ssh/ssh_config.d/05-redhat.conf depth 0\r\ndebug1: Reading configuration data /etc/ssh/ssh_config.d/05-redhat.conf\r\ndebug2: checking match for 'final all' host ubuntu16-04 originally ubuntu16-04\r\ndebug3: /etc/ssh/ssh_config.d/05-redhat.conf line 3: not matched 'final'\r\ndebug2: match not found\r\ndebug3: /etc/ssh/ssh_config.d/05-redhat.conf line 5: Including file /etc/crypto-policies/back-ends/openssh.config depth 1 (parse only)\r\ndebug1: Reading configuration data /etc/crypto-policies/back-ends/openssh.config\r\ndebug3: gss kex names ok: [gss-gex-sha1-,gss-group14-sha1-]\r\ndebug3: kex names ok: [curve25519-sha256,curve25519-sha256@libssh.org,ecdh-sha2-nistp256,ecdh-sha2-nistp384,ecdh-sha2-nistp521,diffie-hellman-group-exchange-sha256,diffie-hellman-group14-sha256,diffie-hellman-group16-sha512,diffie-hellman-group18-sha512,diffie-hellman-group-exchange-sha1,diffie-hellman-group14-sha1]\r\ndebug1: configuration requests final Match pass\r\ndebug1: re-parsing configuration\r\ndebug1: Reading configuration data /etc/ssh/ssh_config\r\ndebug3: /etc/ssh/ssh_config line 51: Including file /etc/ssh/ssh_config.d/05-redhat.conf depth 0\r\ndebug1: Reading configuration data /etc/ssh/ssh_config.d/05-redhat.conf\r\ndebug2: checking match for 'final all' host ubuntu16-04 originally ubuntu16-04\r\ndebug3: /etc/ssh/ssh_config.d/05-redhat.conf line 3: matched 'final'\r\ndebug2: match found\r\ndebug3: /etc/ssh/ssh_config.d/05-redhat.conf line 5: Including file /etc/crypto-policies/back-ends/openssh.config depth 1\r\ndebug1: Reading configuration data /etc/crypto-policies/back-ends/openssh.config\r\ndebug3: gss kex names ok: [gss-gex-sha1-,gss-group14-sha1-]\r\ndebug3: kex names ok: [curve25519-sha256,curve25519-sha256@libssh.org,ecdh-sha2-nistp256,ecdh-sha2-nistp384,ecdh-sha2-nistp521,diffie-hellman-group-exchange-sha256,diffie-hellman-group14-sha256,diffie-hellman-group16-sha512,diffie-hellman-group18-sha512,diffie-hellman-group-exchange-sha1,diffie-hellman-group14-sha1]\r\ndebug1: auto-mux: Trying existing master\r\ndebug2: fd 4 setting O_NONBLOCK\r\ndebug2: mux_client_hello_exchange: master version 4\r\ndebug3: mux_client_forwards: request forwardings: 0 local, 0 remote\r\ndebug3: mux_client_request_session: entering\r\ndebug3: mux_client_request_alive: entering\r\ndebug3: mux_client_request_alive: done pid = 11868\r\ndebug3: mux_client_request_session: session request sent\r\ndebug3: mux_client_read_packet: read header failed: Broken pipe\r\ndebug2: Received exit status from master 0\r\n")
2020-03-03 12:26:01,567 p=11861 u=mark n=ansible |  11861 1583234761.56778: _low_level_execute_command() done: rc=0, stdout=PLATFORM
Linux
FOUND
/usr/bin/python3.5
/usr/bin/python3
ENDFOUND
, stderr=OpenSSH_8.0p1, OpenSSL 1.1.1c FIPS  28 May 2019
debug1: Reading configuration data /etc/ssh/ssh_config
debug3: /etc/ssh/ssh_config line 51: Including file /etc/ssh/ssh_config.d/05-redhat.conf depth 0
debug1: Reading configuration data /etc/ssh/ssh_config.d/05-redhat.conf
debug2: checking match for 'final all' host ubuntu16-04 originally ubuntu16-04
debug3: /etc/ssh/ssh_config.d/05-redhat.conf line 3: not matched 'final'
debug2: match not found
debug3: /etc/ssh/ssh_config.d/05-redhat.conf line 5: Including file /etc/crypto-policies/back-ends/openssh.config depth 1 (parse only)
debug1: Reading configuration data /etc/crypto-policies/back-ends/openssh.config
debug3: gss kex names ok: [gss-gex-sha1-,gss-group14-sha1-]
debug3: kex names ok: [curve25519-sha256,curve25519-sha256@libssh.org,ecdh-sha2-nistp256,ecdh-sha2-nistp384,ecdh-sha2-nistp521,diffie-hellman-group-exchange-sha256,diffie-hellman-group14-sha256,diffie-hellman-group16-sha512,diffie-hellman-group18-sha512,diffie-hellman-group-exchange-sha1,diffie-hellman-group14-sha1]
debug1: configuration requests final Match pass
debug1: re-parsing configuration
debug1: Reading configuration data /etc/ssh/ssh_config
debug3: /etc/ssh/ssh_config line 51: Including file /etc/ssh/ssh_config.d/05-redhat.conf depth 0
debug1: Reading configuration data /etc/ssh/ssh_config.d/05-redhat.conf
debug2: checking match for 'final all' host ubuntu16-04 originally ubuntu16-04
debug3: /etc/ssh/ssh_config.d/05-redhat.conf line 3: matched 'final'
debug2: match found
debug3: /etc/ssh/ssh_config.d/05-redhat.conf line 5: Including file /etc/crypto-policies/back-ends/openssh.config depth 1
debug1: Reading configuration data /etc/crypto-policies/back-ends/openssh.config
debug3: gss kex names ok: [gss-gex-sha1-,gss-group14-sha1-]
debug3: kex names ok: [curve25519-sha256,curve25519-sha256@libssh.org,ecdh-sha2-nistp256,ecdh-sha2-nistp384,ecdh-sha2-nistp521,diffie-hellman-group-exchange-sha256,diffie-hellman-group14-sha256,diffie-hellman-group16-sha512,diffie-hellman-group18-sha512,diffie-hellman-group-exchange-sha1,diffie-hellman-group14-sha1]
debug1: auto-mux: Trying existing master
debug2: fd 4 setting O_NONBLOCK
debug2: mux_client_hello_exchange: master version 4
debug3: mux_client_forwards: request forwardings: 0 local, 0 remote
debug3: mux_client_request_session: entering
debug3: mux_client_request_alive: entering
debug3: mux_client_request_alive: done pid = 11868
debug3: mux_client_request_session: session request sent
debug3: mux_client_read_packet: read header failed: Broken pipe
debug2: Received exit status from master 0

2020-03-03 12:26:01,568 p=11861 u=mark n=ansible |  11861 1583234761.56800 [ubuntu16-04]: found interpreters: ['/usr/bin/python3.5', '/usr/bin/python3']
2020-03-03 12:26:01,568 p=11861 u=mark n=ansible |  11861 1583234761.56866: _low_level_execute_command(): starting
2020-03-03 12:26:01,568 p=11861 u=mark n=ansible |  11861 1583234761.56886: _low_level_execute_command(): executing: /bin/sh -c '/usr/bin/python3.5 && sleep 0'
2020-03-03 12:26:01,569 p=11861 u=mark n=ansible | <ubuntu16-04> ESTABLISH SSH CONNECTION FOR USER: sudoall
2020-03-03 12:26:01,569 p=11861 u=mark n=ansible | <ubuntu16-04> SSH: EXEC ssh -vvv -C -o ControlMaster=auto -o ControlPersist=60s -o StrictHostKeyChecking=no -o KbdInteractiveAuthentication=no -o PreferredAuthentications=gssapi-with-mic,gssapi-keyex,hostbased,publickey -o PasswordAuthentication=no -o 'User="sudoall"' -o ConnectTimeout=10 -o ControlPath=/home/mark/.ansible/cp/4c3d3601da ubuntu16-04 '/bin/sh -c '"'"'/usr/bin/python3.5 && sleep 0'"'"''
2020-03-03 12:26:01,573 p=11861 u=mark n=ansible |  11861 1583234761.57309: Sending initial data
2020-03-03 12:26:01,573 p=11861 u=mark n=ansible |  11861 1583234761.57349: Sent initial data (1234 bytes)
2020-03-03 12:26:01,578 p=11861 u=mark n=ansible |  11861 1583234761.57850: stderr chunk (state=3):
>>>OpenSSH_8.0p1, OpenSSL 1.1.1c FIPS  28 May 2019
debug1: Reading configuration data /etc/ssh/ssh_config
<<<

2020-03-03 12:26:01,578 p=11861 u=mark n=ansible |  11861 1583234761.57874: stderr chunk (state=3):
>>>debug3: /etc/ssh/ssh_config line 51: Including file /etc/ssh/ssh_config.d/05-redhat.conf depth 0
debug1: Reading configuration data /etc/ssh/ssh_config.d/05-redhat.conf
debug2: checking match for 'final all' host ubuntu16-04 originally ubuntu16-04
debug3: /etc/ssh/ssh_config.d/05-redhat.conf line 3: not matched 'final'
debug2: match not found
debug3: /etc/ssh/ssh_config.d/05-redhat.conf line 5: Including file /etc/crypto-policies/back-ends/openssh.config depth 1 (parse only)
<<<

2020-03-03 12:26:01,578 p=11861 u=mark n=ansible |  11861 1583234761.57887: stderr chunk (state=3):
>>>debug1: Reading configuration data /etc/crypto-policies/back-ends/openssh.config
debug3: gss kex names ok: [gss-gex-sha1-,gss-group14-sha1-]
debug3: kex names ok: [curve25519-sha256,curve25519-sha256@libssh.org,ecdh-sha2-nistp256,ecdh-sha2-nistp384,ecdh-sha2-nistp521,diffie-hellman-group-exchange-sha256,diffie-hellman-group14-sha256,diffie-hellman-group16-sha512,diffie-hellman-group18-sha512,diffie-hellman-group-exchange-sha1,diffie-hellman-group14-sha1]
debug1: configuration requests final Match pass
debug1: re-parsing configuration
debug1: Reading configuration data /etc/ssh/ssh_config
debug3: /etc/ssh/ssh_config line 51: Including file /etc/ssh/ssh_config.d/05-redhat.conf depth 0
debug1: Reading configuration data /etc/ssh/ssh_config.d/05-redhat.conf
debug2: checking match for 'final all' host ubuntu16-04 originally ubuntu16-04
<<<

2020-03-03 12:26:01,579 p=11861 u=mark n=ansible |  11861 1583234761.57899: stderr chunk (state=3):
>>>debug3: /etc/ssh/ssh_config.d/05-redhat.conf line 3: matched 'final'
debug2: match found
debug3: /etc/ssh/ssh_config.d/05-redhat.conf line 5: Including file /etc/crypto-policies/back-ends/openssh.config depth 1
debug1: Reading configuration data /etc/crypto-policies/back-ends/openssh.config
debug3: gss kex names ok: [gss-gex-sha1-,gss-group14-sha1-]
debug3: kex names ok: [curve25519-sha256,curve25519-sha256@libssh.org,ecdh-sha2-nistp256,ecdh-sha2-nistp384,ecdh-sha2-nistp521,diffie-hellman-group-exchange-sha256,diffie-hellman-group14-sha256,diffie-hellman-group16-sha512,diffie-hellman-group18-sha512,diffie-hellman-group-exchange-sha1,diffie-hellman-group14-sha1]
<<<

2020-03-03 12:26:01,579 p=11861 u=mark n=ansible |  11861 1583234761.57922: stderr chunk (state=3):
>>>debug1: auto-mux: Trying existing master
debug2: fd 4 setting O_NONBLOCK
<<<

2020-03-03 12:26:01,579 p=11861 u=mark n=ansible |  11861 1583234761.57959: stderr chunk (state=3):
>>>debug2: mux_client_hello_exchange: master version 4
debug3: mux_client_forwards: request forwardings: 0 local, 0 remote
debug3: mux_client_request_session: entering
debug3: mux_client_request_alive: entering
<<<

2020-03-03 12:26:01,579 p=11861 u=mark n=ansible |  11861 1583234761.57986: stderr chunk (state=3):
>>>debug3: mux_client_request_alive: done pid = 11868
debug3: mux_client_request_session: session request sent
<<<

2020-03-03 12:26:01,670 p=11861 u=mark n=ansible |  11861 1583234761.67051: stdout chunk (state=3):
>>>{"osrelease_content": "NAME=\"Ubuntu\"\nVERSION=\"16.04.6 LTS (Xenial Xerus)\"\nID=ubuntu\nID_LIKE=debian\nPRETTY_NAME=\"Ubuntu 16.04.6 LTS\"\nVERSION_ID=\"16.04\"\nHOME_URL=\"http://www.ubuntu.com/\"\nSUPPORT_URL=\"http://help.ubuntu.com/\"\nBUG_REPORT_URL=\"http://bugs.launchpad.net/ubuntu/\"\nVERSION_CODENAME=xenial\nUBUNTU_CODENAME=xenial\n", "platform_dist_result": ["Ubuntu", "16.04", "xenial"]}
<<<

2020-03-03 12:26:01,677 p=11861 u=mark n=ansible |  11861 1583234761.67787: stderr chunk (state=3):
>>>debug3: mux_client_read_packet: read header failed: Broken pipe
debug2: Received exit status from master 0
<<<

2020-03-03 12:26:01,679 p=11861 u=mark n=ansible |  11861 1583234761.67883: stderr chunk (state=3):
>>><<<

2020-03-03 12:26:01,679 p=11861 u=mark n=ansible |  11861 1583234761.67913: stdout chunk (state=3):
>>><<<

2020-03-03 12:26:01,679 p=11861 u=mark n=ansible | <ubuntu16-04> (0, b'{"osrelease_content": "NAME=\\"Ubuntu\\"\\nVERSION=\\"16.04.6 LTS (Xenial Xerus)\\"\\nID=ubuntu\\nID_LIKE=debian\\nPRETTY_NAME=\\"Ubuntu 16.04.6 LTS\\"\\nVERSION_ID=\\"16.04\\"\\nHOME_URL=\\"http://www.ubuntu.com/\\"\\nSUPPORT_URL=\\"http://help.ubuntu.com/\\"\\nBUG_REPORT_URL=\\"http://bugs.launchpad.net/ubuntu/\\"\\nVERSION_CODENAME=xenial\\nUBUNTU_CODENAME=xenial\\n", "platform_dist_result": ["Ubuntu", "16.04", "xenial"]}\n', b"OpenSSH_8.0p1, OpenSSL 1.1.1c FIPS  28 May 2019\r\ndebug1: Reading configuration data /etc/ssh/ssh_config\r\ndebug3: /etc/ssh/ssh_config line 51: Including file /etc/ssh/ssh_config.d/05-redhat.conf depth 0\r\ndebug1: Reading configuration data /etc/ssh/ssh_config.d/05-redhat.conf\r\ndebug2: checking match for 'final all' host ubuntu16-04 originally ubuntu16-04\r\ndebug3: /etc/ssh/ssh_config.d/05-redhat.conf line 3: not matched 'final'\r\ndebug2: match not found\r\ndebug3: /etc/ssh/ssh_config.d/05-redhat.conf line 5: Including file /etc/crypto-policies/back-ends/openssh.config depth 1 (parse only)\r\ndebug1: Reading configuration data /etc/crypto-policies/back-ends/openssh.config\r\ndebug3: gss kex names ok: [gss-gex-sha1-,gss-group14-sha1-]\r\ndebug3: kex names ok: [curve25519-sha256,curve25519-sha256@libssh.org,ecdh-sha2-nistp256,ecdh-sha2-nistp384,ecdh-sha2-nistp521,diffie-hellman-group-exchange-sha256,diffie-hellman-group14-sha256,diffie-hellman-group16-sha512,diffie-hellman-group18-sha512,diffie-hellman-group-exchange-sha1,diffie-hellman-group14-sha1]\r\ndebug1: configuration requests final Match pass\r\ndebug1: re-parsing configuration\r\ndebug1: Reading configuration data /etc/ssh/ssh_config\r\ndebug3: /etc/ssh/ssh_config line 51: Including file /etc/ssh/ssh_config.d/05-redhat.conf depth 0\r\ndebug1: Reading configuration data /etc/ssh/ssh_config.d/05-redhat.conf\r\ndebug2: checking match for 'final all' host ubuntu16-04 originally ubuntu16-04\r\ndebug3: /etc/ssh/ssh_config.d/05-redhat.conf line 3: matched 'final'\r\ndebug2: match found\r\ndebug3: /etc/ssh/ssh_config.d/05-redhat.conf line 5: Including file /etc/crypto-policies/back-ends/openssh.config depth 1\r\ndebug1: Reading configuration data /etc/crypto-policies/back-ends/openssh.config\r\ndebug3: gss kex names ok: [gss-gex-sha1-,gss-group14-sha1-]\r\ndebug3: kex names ok: [curve25519-sha256,curve25519-sha256@libssh.org,ecdh-sha2-nistp256,ecdh-sha2-nistp384,ecdh-sha2-nistp521,diffie-hellman-group-exchange-sha256,diffie-hellman-group14-sha256,diffie-hellman-group16-sha512,diffie-hellman-group18-sha512,diffie-hellman-group-exchange-sha1,diffie-hellman-group14-sha1]\r\ndebug1: auto-mux: Trying existing master\r\ndebug2: fd 4 setting O_NONBLOCK\r\ndebug2: mux_client_hello_exchange: master version 4\r\ndebug3: mux_client_forwards: request forwardings: 0 local, 0 remote\r\ndebug3: mux_client_request_session: entering\r\ndebug3: mux_client_request_alive: entering\r\ndebug3: mux_client_request_alive: done pid = 11868\r\ndebug3: mux_client_request_session: session request sent\r\ndebug3: mux_client_read_packet: read header failed: Broken pipe\r\ndebug2: Received exit status from master 0\r\n")
2020-03-03 12:26:01,679 p=11861 u=mark n=ansible |  11861 1583234761.67969: _low_level_execute_command() done: rc=0, stdout={"osrelease_content": "NAME=\"Ubuntu\"\nVERSION=\"16.04.6 LTS (Xenial Xerus)\"\nID=ubuntu\nID_LIKE=debian\nPRETTY_NAME=\"Ubuntu 16.04.6 LTS\"\nVERSION_ID=\"16.04\"\nHOME_URL=\"http://www.ubuntu.com/\"\nSUPPORT_URL=\"http://help.ubuntu.com/\"\nBUG_REPORT_URL=\"http://bugs.launchpad.net/ubuntu/\"\nVERSION_CODENAME=xenial\nUBUNTU_CODENAME=xenial\n", "platform_dist_result": ["Ubuntu", "16.04", "xenial"]}
, stderr=OpenSSH_8.0p1, OpenSSL 1.1.1c FIPS  28 May 2019
debug1: Reading configuration data /etc/ssh/ssh_config
debug3: /etc/ssh/ssh_config line 51: Including file /etc/ssh/ssh_config.d/05-redhat.conf depth 0
debug1: Reading configuration data /etc/ssh/ssh_config.d/05-redhat.conf
debug2: checking match for 'final all' host ubuntu16-04 originally ubuntu16-04
debug3: /etc/ssh/ssh_config.d/05-redhat.conf line 3: not matched 'final'
debug2: match not found
debug3: /etc/ssh/ssh_config.d/05-redhat.conf line 5: Including file /etc/crypto-policies/back-ends/openssh.config depth 1 (parse only)
debug1: Reading configuration data /etc/crypto-policies/back-ends/openssh.config
debug3: gss kex names ok: [gss-gex-sha1-,gss-group14-sha1-]
debug3: kex names ok: [curve25519-sha256,curve25519-sha256@libssh.org,ecdh-sha2-nistp256,ecdh-sha2-nistp384,ecdh-sha2-nistp521,diffie-hellman-group-exchange-sha256,diffie-hellman-group14-sha256,diffie-hellman-group16-sha512,diffie-hellman-group18-sha512,diffie-hellman-group-exchange-sha1,diffie-hellman-group14-sha1]
debug1: configuration requests final Match pass
debug1: re-parsing configuration
debug1: Reading configuration data /etc/ssh/ssh_config
debug3: /etc/ssh/ssh_config line 51: Including file /etc/ssh/ssh_config.d/05-redhat.conf depth 0
debug1: Reading configuration data /etc/ssh/ssh_config.d/05-redhat.conf
debug2: checking match for 'final all' host ubuntu16-04 originally ubuntu16-04
debug3: /etc/ssh/ssh_config.d/05-redhat.conf line 3: matched 'final'
debug2: match found
debug3: /etc/ssh/ssh_config.d/05-redhat.conf line 5: Including file /etc/crypto-policies/back-ends/openssh.config depth 1
debug1: Reading configuration data /etc/crypto-policies/back-ends/openssh.config
debug3: gss kex names ok: [gss-gex-sha1-,gss-group14-sha1-]
debug3: kex names ok: [curve25519-sha256,curve25519-sha256@libssh.org,ecdh-sha2-nistp256,ecdh-sha2-nistp384,ecdh-sha2-nistp521,diffie-hellman-group-exchange-sha256,diffie-hellman-group14-sha256,diffie-hellman-group16-sha512,diffie-hellman-group18-sha512,diffie-hellman-group-exchange-sha1,diffie-hellman-group14-sha1]
debug1: auto-mux: Trying existing master
debug2: fd 4 setting O_NONBLOCK
debug2: mux_client_hello_exchange: master version 4
debug3: mux_client_forwards: request forwardings: 0 local, 0 remote
debug3: mux_client_request_session: entering
debug3: mux_client_request_alive: entering
debug3: mux_client_request_alive: done pid = 11868
debug3: mux_client_request_session: session request sent
debug3: mux_client_read_packet: read header failed: Broken pipe
debug2: Received exit status from master 0

2020-03-03 12:26:01,680 p=11861 u=mark n=ansible |  11861 1583234761.68051: ANSIBALLZ: using cached module: /home/mark/.ansible/tmp/ansible-local-11808ea7n9daf/ansiballz_cache/command-ZIP_DEFLATED
2020-03-03 12:26:01,681 p=11861 u=mark n=ansible | Using module file /usr/lib/python3.6/site-packages/ansible/modules/commands/command.py
2020-03-03 12:26:01,681 p=11861 u=mark n=ansible |  11861 1583234761.68132: transferring module to remote /home/sudoall/.ansible/tmp/ansible-tmp-1583234760.010854-6876754822995/AnsiballZ_command.py
2020-03-03 12:26:01,683 p=11861 u=mark n=ansible | <ubuntu16-04> PUT /home/mark/.ansible/tmp/ansible-local-11808ea7n9daf/tmpow6apt57 TO /home/sudoall/.ansible/tmp/ansible-tmp-1583234760.010854-6876754822995/AnsiballZ_command.py
2020-03-03 12:26:01,683 p=11861 u=mark n=ansible | <ubuntu16-04> SSH: EXEC sftp -b - -vvv -C -o ControlMaster=auto -o ControlPersist=60s -o StrictHostKeyChecking=no -o KbdInteractiveAuthentication=no -o PreferredAuthentications=gssapi-with-mic,gssapi-keyex,hostbased,publickey -o PasswordAuthentication=no -o 'User="sudoall"' -o ConnectTimeout=10 -o ControlPath=/home/mark/.ansible/cp/4c3d3601da '[ubuntu16-04]'
2020-03-03 12:26:01,688 p=11861 u=mark n=ansible |  11861 1583234761.68809: Sending initial data
2020-03-03 12:26:01,688 p=11861 u=mark n=ansible |  11861 1583234761.68855: Sent initial data (160 bytes)
2020-03-03 12:26:01,699 p=11861 u=mark n=ansible |  11861 1583234761.69961: stderr chunk (state=3):
>>>OpenSSH_8.0p1, OpenSSL 1.1.1c FIPS  28 May 2019
debug1: Reading configuration data /etc/ssh/ssh_config
debug3: /etc/ssh/ssh_config line 51: Including file /etc/ssh/ssh_config.d/05-redhat.conf depth 0
debug1: Reading configuration data /etc/ssh/ssh_config.d/05-redhat.conf
debug2: checking match for 'final all' host ubuntu16-04 originally ubuntu16-04
debug3: /etc/ssh/ssh_config.d/05-redhat.conf line 3: not matched 'final'
debug2: match not found
debug3: /etc/ssh/ssh_config.d/05-redhat.conf line 5: Including file /etc/crypto-policies/back-ends/openssh.config depth 1 (parse only)
debug1: Reading configuration data /etc/crypto-policies/back-ends/openssh.config
debug3: gss kex names ok: [gss-gex-sha1-,gss-group14-sha1-]
debug3: kex names ok: [curve25519-sha256,curve25519-sha256@libssh.org,ecdh-sha2-nistp256,ecdh-sha2-nistp384,ecdh-sha2-nistp521,diffie-hellman-group-exchange-sha256,diffie-hellman-group14-sha256,diffie-hellman-group16-sha512,diffie-hellman-group18-sha512,diffie-hellman-group-exchange-sha1,diffie-hellman-group14-sha1]
debug1: configuration requests final Match pass
debug1: re-parsing configuration
debug1: Reading configuration data /etc/ssh/ssh_config
debug3: /etc/ssh/ssh_config line 51: Including file /etc/ssh/ssh_config.d/05-redhat.conf depth 0
debug1: Reading configuration data /etc/ssh/ssh_config.d/05-redhat.conf
debug2: checking match for 'final all' host ubuntu16-04 originally ubuntu16-04
debug3: /etc/ssh/ssh_config.d/05-redhat.conf line 3: matched 'final'
debug2: match found
debug3: /etc/ssh/ssh_config.d/05-redhat.conf line 5: Including file /etc/crypto-policies/back-ends/openssh.config depth 1
debug1: Reading configuration data /etc/crypto-policies/back-ends/openssh.config
debug3: gss kex names ok: [gss-gex-sha1-,gss-group14-sha1-]
debug3: kex names ok: [curve25519-sha256,curve25519-sha256@libssh.org,ecdh-sha2-nistp256,ecdh-sha2-nistp384,ecdh-sha2-nistp521,diffie-hellman-group-exchange-sha256,diffie-hellman-group14-sha256,diffie-hellman-group16-sha512,diffie-hellman-group18-sha512,diffie-hellman-group-exchange-sha1,diffie-hellman-group14-sha1]
debug1: auto-mux: Trying existing master
debug2: fd 4 setting O_NONBLOCK
<<<

2020-03-03 12:26:01,700 p=11861 u=mark n=ansible |  11861 1583234761.70014: stderr chunk (state=3):
>>>debug2: mux_client_hello_exchange: master version 4
debug3: mux_client_forwards: request forwardings: 0 local, 0 remote
debug3: mux_client_request_session: entering
debug3: mux_client_request_alive: entering
<<<

2020-03-03 12:26:01,700 p=11861 u=mark n=ansible |  11861 1583234761.70054: stderr chunk (state=3):
>>>debug3: mux_client_request_alive: done pid = 11868
debug3: mux_client_request_session: session request sent
<<<

2020-03-03 12:26:01,706 p=11861 u=mark n=ansible |  11861 1583234761.70585: stderr chunk (state=3):
>>>debug2: Remote version: 3
debug2: Server supports extension "posix-rename@openssh.com" revision 1
debug2: Server supports extension "statvfs@openssh.com" revision 2
debug2: Server supports extension "fstatvfs@openssh.com" revision 2
debug2: Server supports extension "hardlink@openssh.com" revision 1
debug2: Server supports extension "fsync@openssh.com" revision 1
debug3: Sent message fd 3 T:16 I:1
<<<

2020-03-03 12:26:01,706 p=11861 u=mark n=ansible |  11861 1583234761.70651: stderr chunk (state=3):
>>>debug3: SSH_FXP_REALPATH . -> /home/sudoall size 0
<<<

2020-03-03 12:26:01,706 p=11861 u=mark n=ansible |  11861 1583234761.70684: stderr chunk (state=3):
>>>debug3: Looking up /home/mark/.ansible/tmp/ansible-local-11808ea7n9daf/tmpow6apt57
debug3: Sent message fd 3 T:17 I:2
<<<

2020-03-03 12:26:01,707 p=11861 u=mark n=ansible |  11861 1583234761.70698: stdout chunk (state=3):
>>>sftp> put /home/mark/.ansible/tmp/ansible-local-11808ea7n9daf/tmpow6apt57 /home/sudoall/.ansible/tmp/ansible-tmp-1583234760.010854-6876754822995/AnsiballZ_command.py
<<<

2020-03-03 12:26:01,707 p=11861 u=mark n=ansible |  11861 1583234761.70746: stderr chunk (state=3):
>>>debug3: Received stat reply T:101 I:2
debug1: Couldn't stat remote file: No such file or directory
debug3: Sent message SSH2_FXP_OPEN I:3 P:/home/sudoall/.ansible/tmp/ansible-tmp-1583234760.010854-6876754822995/AnsiballZ_command.py
<<<

2020-03-03 12:26:01,708 p=11861 u=mark n=ansible |  11861 1583234761.70841: stderr chunk (state=3):
>>>debug3: Sent message SSH2_FXP_WRITE I:4 O:0 S:32768
<<<

2020-03-03 12:26:01,712 p=11861 u=mark n=ansible |  11861 1583234761.71186: stderr chunk (state=3):
>>>debug3: SSH2_FXP_STATUS 0
debug3: In write loop, ack for 4 32768 bytes at 0
debug3: Sent message SSH2_FXP_WRITE I:5 O:32768 S:32768
<<<

2020-03-03 12:26:01,712 p=11861 u=mark n=ansible |  11861 1583234761.71220: stderr chunk (state=3):
>>>debug3: Sent message SSH2_FXP_WRITE I:6 O:65536 S:32768
debug3: Sent message SSH2_FXP_WRITE I:7 O:98304 S:9569
<<<

2020-03-03 12:26:01,716 p=11861 u=mark n=ansible |  11861 1583234761.71661: stderr chunk (state=3):
>>>debug3: SSH2_FXP_STATUS 0
debug3: In write loop, ack for 5 32768 bytes at 32768
<<<

2020-03-03 12:26:01,717 p=11861 u=mark n=ansible |  11861 1583234761.71755: stderr chunk (state=3):
>>>debug3: SSH2_FXP_STATUS 0
debug3: In write loop, ack for 6 32768 bytes at 65536
debug3: SSH2_FXP_STATUS 0
debug3: In write loop, ack for 7 9569 bytes at 98304
debug3: Sent message SSH2_FXP_CLOSE I:4
<<<

2020-03-03 12:26:01,718 p=11861 u=mark n=ansible |  11861 1583234761.71813: stderr chunk (state=3):
>>>debug3: SSH2_FXP_STATUS 0
<<<

2020-03-03 12:26:01,720 p=11861 u=mark n=ansible |  11861 1583234761.71988: stderr chunk (state=3):
>>>debug3: mux_client_read_packet: read header failed: Broken pipe
debug2: Received exit status from master 0
<<<

2020-03-03 12:26:01,720 p=11861 u=mark n=ansible |  11861 1583234761.72034: stderr chunk (state=3):
>>><<<

2020-03-03 12:26:01,720 p=11861 u=mark n=ansible |  11861 1583234761.72057: stdout chunk (state=3):
>>><<<

2020-03-03 12:26:01,720 p=11861 u=mark n=ansible | <ubuntu16-04> (0, b'sftp> put /home/mark/.ansible/tmp/ansible-local-11808ea7n9daf/tmpow6apt57 /home/sudoall/.ansible/tmp/ansible-tmp-1583234760.010854-6876754822995/AnsiballZ_command.py\n', b'OpenSSH_8.0p1, OpenSSL 1.1.1c FIPS  28 May 2019\r\ndebug1: Reading configuration data /etc/ssh/ssh_config\r\ndebug3: /etc/ssh/ssh_config line 51: Including file /etc/ssh/ssh_config.d/05-redhat.conf depth 0\r\ndebug1: Reading configuration data /etc/ssh/ssh_config.d/05-redhat.conf\r\ndebug2: checking match for \'final all\' host ubuntu16-04 originally ubuntu16-04\r\ndebug3: /etc/ssh/ssh_config.d/05-redhat.conf line 3: not matched \'final\'\r\ndebug2: match not found\r\ndebug3: /etc/ssh/ssh_config.d/05-redhat.conf line 5: Including file /etc/crypto-policies/back-ends/openssh.config depth 1 (parse only)\r\ndebug1: Reading configuration data /etc/crypto-policies/back-ends/openssh.config\r\ndebug3: gss kex names ok: [gss-gex-sha1-,gss-group14-sha1-]\r\ndebug3: kex names ok: [curve25519-sha256,curve25519-sha256@libssh.org,ecdh-sha2-nistp256,ecdh-sha2-nistp384,ecdh-sha2-nistp521,diffie-hellman-group-exchange-sha256,diffie-hellman-group14-sha256,diffie-hellman-group16-sha512,diffie-hellman-group18-sha512,diffie-hellman-group-exchange-sha1,diffie-hellman-group14-sha1]\r\ndebug1: configuration requests final Match pass\r\ndebug1: re-parsing configuration\r\ndebug1: Reading configuration data /etc/ssh/ssh_config\r\ndebug3: /etc/ssh/ssh_config line 51: Including file /etc/ssh/ssh_config.d/05-redhat.conf depth 0\r\ndebug1: Reading configuration data /etc/ssh/ssh_config.d/05-redhat.conf\r\ndebug2: checking match for \'final all\' host ubuntu16-04 originally ubuntu16-04\r\ndebug3: /etc/ssh/ssh_config.d/05-redhat.conf line 3: matched \'final\'\r\ndebug2: match found\r\ndebug3: /etc/ssh/ssh_config.d/05-redhat.conf line 5: Including file /etc/crypto-policies/back-ends/openssh.config depth 1\r\ndebug1: Reading configuration data /etc/crypto-policies/back-ends/openssh.config\r\ndebug3: gss kex names ok: [gss-gex-sha1-,gss-group14-sha1-]\r\ndebug3: kex names ok: [curve25519-sha256,curve25519-sha256@libssh.org,ecdh-sha2-nistp256,ecdh-sha2-nistp384,ecdh-sha2-nistp521,diffie-hellman-group-exchange-sha256,diffie-hellman-group14-sha256,diffie-hellman-group16-sha512,diffie-hellman-group18-sha512,diffie-hellman-group-exchange-sha1,diffie-hellman-group14-sha1]\r\ndebug1: auto-mux: Trying existing master\r\ndebug2: fd 4 setting O_NONBLOCK\r\ndebug2: mux_client_hello_exchange: master version 4\r\ndebug3: mux_client_forwards: request forwardings: 0 local, 0 remote\r\ndebug3: mux_client_request_session: entering\r\ndebug3: mux_client_request_alive: entering\r\ndebug3: mux_client_request_alive: done pid = 11868\r\ndebug3: mux_client_request_session: session request sent\r\ndebug2: Remote version: 3\r\ndebug2: Server supports extension "posix-rename@openssh.com" revision 1\r\ndebug2: Server supports extension "statvfs@openssh.com" revision 2\r\ndebug2: Server supports extension "fstatvfs@openssh.com" revision 2\r\ndebug2: Server supports extension "hardlink@openssh.com" revision 1\r\ndebug2: Server supports extension "fsync@openssh.com" revision 1\r\ndebug3: Sent message fd 3 T:16 I:1\r\ndebug3: SSH_FXP_REALPATH . -> /home/sudoall size 0\r\ndebug3: Looking up /home/mark/.ansible/tmp/ansible-local-11808ea7n9daf/tmpow6apt57\r\ndebug3: Sent message fd 3 T:17 I:2\r\ndebug3: Received stat reply T:101 I:2\r\ndebug1: Couldn\'t stat remote file: No such file or directory\r\ndebug3: Sent message SSH2_FXP_OPEN I:3 P:/home/sudoall/.ansible/tmp/ansible-tmp-1583234760.010854-6876754822995/AnsiballZ_command.py\r\ndebug3: Sent message SSH2_FXP_WRITE I:4 O:0 S:32768\r\ndebug3: SSH2_FXP_STATUS 0\r\ndebug3: In write loop, ack for 4 32768 bytes at 0\r\ndebug3: Sent message SSH2_FXP_WRITE I:5 O:32768 S:32768\r\ndebug3: Sent message SSH2_FXP_WRITE I:6 O:65536 S:32768\r\ndebug3: Sent message SSH2_FXP_WRITE I:7 O:98304 S:9569\r\ndebug3: SSH2_FXP_STATUS 0\r\ndebug3: In write loop, ack for 5 32768 bytes at 32768\r\ndebug3: SSH2_FXP_STATUS 0\r\ndebug3: In write loop, ack for 6 32768 bytes at 65536\r\ndebug3: SSH2_FXP_STATUS 0\r\ndebug3: In write loop, ack for 7 9569 bytes at 98304\r\ndebug3: Sent message SSH2_FXP_CLOSE I:4\r\ndebug3: SSH2_FXP_STATUS 0\r\ndebug3: mux_client_read_packet: read header failed: Broken pipe\r\ndebug2: Received exit status from master 0\r\n')
2020-03-03 12:26:01,721 p=11861 u=mark n=ansible |  11861 1583234761.72112: done transferring module to remote
2020-03-03 12:26:01,721 p=11861 u=mark n=ansible |  11861 1583234761.72142: _low_level_execute_command(): starting
2020-03-03 12:26:01,721 p=11861 u=mark n=ansible |  11861 1583234761.72156: _low_level_execute_command(): executing: /bin/sh -c 'chmod u+x /home/sudoall/.ansible/tmp/ansible-tmp-1583234760.010854-6876754822995/ /home/sudoall/.ansible/tmp/ansible-tmp-1583234760.010854-6876754822995/AnsiballZ_command.py && sleep 0'
2020-03-03 12:26:01,721 p=11861 u=mark n=ansible | <ubuntu16-04> ESTABLISH SSH CONNECTION FOR USER: sudoall
2020-03-03 12:26:01,722 p=11861 u=mark n=ansible | <ubuntu16-04> SSH: EXEC ssh -vvv -C -o ControlMaster=auto -o ControlPersist=60s -o StrictHostKeyChecking=no -o KbdInteractiveAuthentication=no -o PreferredAuthentications=gssapi-with-mic,gssapi-keyex,hostbased,publickey -o PasswordAuthentication=no -o 'User="sudoall"' -o ConnectTimeout=10 -o ControlPath=/home/mark/.ansible/cp/4c3d3601da ubuntu16-04 '/bin/sh -c '"'"'chmod u+x /home/sudoall/.ansible/tmp/ansible-tmp-1583234760.010854-6876754822995/ /home/sudoall/.ansible/tmp/ansible-tmp-1583234760.010854-6876754822995/AnsiballZ_command.py && sleep 0'"'"''
2020-03-03 12:26:01,730 p=11861 u=mark n=ansible |  11861 1583234761.72989: stderr chunk (state=2):
>>>OpenSSH_8.0p1, OpenSSL 1.1.1c FIPS  28 May 2019
debug1: Reading configuration data /etc/ssh/ssh_config
debug3: /etc/ssh/ssh_config line 51: Including file /etc/ssh/ssh_config.d/05-redhat.conf depth 0
debug1: Reading configuration data /etc/ssh/ssh_config.d/05-redhat.conf
debug2: checking match for 'final all' host ubuntu16-04 originally ubuntu16-04
debug3: /etc/ssh/ssh_config.d/05-redhat.conf line 3: not matched 'final'
debug2: match not found
debug3: /etc/ssh/ssh_config.d/05-redhat.conf line 5: Including file /etc/crypto-policies/back-ends/openssh.config depth 1 (parse only)
debug1: Reading configuration data /etc/crypto-policies/back-ends/openssh.config
debug3: gss kex names ok: [gss-gex-sha1-,gss-group14-sha1-]
debug3: kex names ok: [curve25519-sha256,curve25519-sha256@libssh.org,ecdh-sha2-nistp256,ecdh-sha2-nistp384,ecdh-sha2-nistp521,diffie-hellman-group-exchange-sha256,diffie-hellman-group14-sha256,diffie-hellman-group16-sha512,diffie-hellman-group18-sha512,diffie-hellman-group-exchange-sha1,diffie-hellman-group14-sha1]
debug1: configuration requests final Match pass
debug1: re-parsing configuration
debug1: Reading configuration data /etc/ssh/ssh_config
debug3: /etc/ssh/ssh_config line 51: Including file /etc/ssh/ssh_config.d/05-redhat.conf depth 0
debug1: Reading configuration data /etc/ssh/ssh_config.d/05-redhat.conf
debug2: checking match for 'final all' host ubuntu16-04 originally ubuntu16-04
debug3: /etc/ssh/ssh_config.d/05-redhat.conf line 3: matched 'final'
debug2: match found
debug3: /etc/ssh/ssh_config.d/05-redhat.conf line 5: Including file /etc/crypto-policies/back-ends/openssh.config depth 1
debug1: Reading configuration data /etc/crypto-policies/back-ends/openssh.config
debug3: gss kex names ok: [gss-gex-sha1-,gss-group14-sha1-]
debug3: kex names ok: [curve25519-sha256,curve25519-sha256@libssh.org,ecdh-sha2-nistp256,ecdh-sha2-nistp384,ecdh-sha2-nistp521,diffie-hellman-group-exchange-sha256,diffie-hellman-group14-sha256,diffie-hellman-group16-sha512,diffie-hellman-group18-sha512,diffie-hellman-group-exchange-sha1,diffie-hellman-group14-sha1]
debug1: auto-mux: Trying existing master
debug2: fd 4 setting O_NONBLOCK
<<<

2020-03-03 12:26:01,730 p=11861 u=mark n=ansible |  11861 1583234761.73048: stderr chunk (state=3):
>>>debug2: mux_client_hello_exchange: master version 4
debug3: mux_client_forwards: request forwardings: 0 local, 0 remote
debug3: mux_client_request_session: entering
debug3: mux_client_request_alive: entering
<<<

2020-03-03 12:26:01,730 p=11861 u=mark n=ansible |  11861 1583234761.73079: stderr chunk (state=3):
>>>debug3: mux_client_request_alive: done pid = 11868
debug3: mux_client_request_session: session request sent
<<<

2020-03-03 12:26:01,740 p=11861 u=mark n=ansible |  11861 1583234761.74070: stderr chunk (state=3):
>>>debug3: mux_client_read_packet: read header failed: Broken pipe
debug2: Received exit status from master 0
<<<

2020-03-03 12:26:01,741 p=11861 u=mark n=ansible |  11861 1583234761.74119: stdout chunk (state=3):
>>><<<

2020-03-03 12:26:01,741 p=11861 u=mark n=ansible |  11861 1583234761.74175: stderr chunk (state=3):
>>><<<

2020-03-03 12:26:01,742 p=11861 u=mark n=ansible | <ubuntu16-04> (0, b'', b"OpenSSH_8.0p1, OpenSSL 1.1.1c FIPS  28 May 2019\r\ndebug1: Reading configuration data /etc/ssh/ssh_config\r\ndebug3: /etc/ssh/ssh_config line 51: Including file /etc/ssh/ssh_config.d/05-redhat.conf depth 0\r\ndebug1: Reading configuration data /etc/ssh/ssh_config.d/05-redhat.conf\r\ndebug2: checking match for 'final all' host ubuntu16-04 originally ubuntu16-04\r\ndebug3: /etc/ssh/ssh_config.d/05-redhat.conf line 3: not matched 'final'\r\ndebug2: match not found\r\ndebug3: /etc/ssh/ssh_config.d/05-redhat.conf line 5: Including file /etc/crypto-policies/back-ends/openssh.config depth 1 (parse only)\r\ndebug1: Reading configuration data /etc/crypto-policies/back-ends/openssh.config\r\ndebug3: gss kex names ok: [gss-gex-sha1-,gss-group14-sha1-]\r\ndebug3: kex names ok: [curve25519-sha256,curve25519-sha256@libssh.org,ecdh-sha2-nistp256,ecdh-sha2-nistp384,ecdh-sha2-nistp521,diffie-hellman-group-exchange-sha256,diffie-hellman-group14-sha256,diffie-hellman-group16-sha512,diffie-hellman-group18-sha512,diffie-hellman-group-exchange-sha1,diffie-hellman-group14-sha1]\r\ndebug1: configuration requests final Match pass\r\ndebug1: re-parsing configuration\r\ndebug1: Reading configuration data /etc/ssh/ssh_config\r\ndebug3: /etc/ssh/ssh_config line 51: Including file /etc/ssh/ssh_config.d/05-redhat.conf depth 0\r\ndebug1: Reading configuration data /etc/ssh/ssh_config.d/05-redhat.conf\r\ndebug2: checking match for 'final all' host ubuntu16-04 originally ubuntu16-04\r\ndebug3: /etc/ssh/ssh_config.d/05-redhat.conf line 3: matched 'final'\r\ndebug2: match found\r\ndebug3: /etc/ssh/ssh_config.d/05-redhat.conf line 5: Including file /etc/crypto-policies/back-ends/openssh.config depth 1\r\ndebug1: Reading configuration data /etc/crypto-policies/back-ends/openssh.config\r\ndebug3: gss kex names ok: [gss-gex-sha1-,gss-group14-sha1-]\r\ndebug3: kex names ok: [curve25519-sha256,curve25519-sha256@libssh.org,ecdh-sha2-nistp256,ecdh-sha2-nistp384,ecdh-sha2-nistp521,diffie-hellman-group-exchange-sha256,diffie-hellman-group14-sha256,diffie-hellman-group16-sha512,diffie-hellman-group18-sha512,diffie-hellman-group-exchange-sha1,diffie-hellman-group14-sha1]\r\ndebug1: auto-mux: Trying existing master\r\ndebug2: fd 4 setting O_NONBLOCK\r\ndebug2: mux_client_hello_exchange: master version 4\r\ndebug3: mux_client_forwards: request forwardings: 0 local, 0 remote\r\ndebug3: mux_client_request_session: entering\r\ndebug3: mux_client_request_alive: entering\r\ndebug3: mux_client_request_alive: done pid = 11868\r\ndebug3: mux_client_request_session: session request sent\r\ndebug3: mux_client_read_packet: read header failed: Broken pipe\r\ndebug2: Received exit status from master 0\r\n")
2020-03-03 12:26:01,742 p=11861 u=mark n=ansible |  11861 1583234761.74256: _low_level_execute_command() done: rc=0, stdout=, stderr=OpenSSH_8.0p1, OpenSSL 1.1.1c FIPS  28 May 2019
debug1: Reading configuration data /etc/ssh/ssh_config
debug3: /etc/ssh/ssh_config line 51: Including file /etc/ssh/ssh_config.d/05-redhat.conf depth 0
debug1: Reading configuration data /etc/ssh/ssh_config.d/05-redhat.conf
debug2: checking match for 'final all' host ubuntu16-04 originally ubuntu16-04
debug3: /etc/ssh/ssh_config.d/05-redhat.conf line 3: not matched 'final'
debug2: match not found
debug3: /etc/ssh/ssh_config.d/05-redhat.conf line 5: Including file /etc/crypto-policies/back-ends/openssh.config depth 1 (parse only)
debug1: Reading configuration data /etc/crypto-policies/back-ends/openssh.config
debug3: gss kex names ok: [gss-gex-sha1-,gss-group14-sha1-]
debug3: kex names ok: [curve25519-sha256,curve25519-sha256@libssh.org,ecdh-sha2-nistp256,ecdh-sha2-nistp384,ecdh-sha2-nistp521,diffie-hellman-group-exchange-sha256,diffie-hellman-group14-sha256,diffie-hellman-group16-sha512,diffie-hellman-group18-sha512,diffie-hellman-group-exchange-sha1,diffie-hellman-group14-sha1]
debug1: configuration requests final Match pass
debug1: re-parsing configuration
debug1: Reading configuration data /etc/ssh/ssh_config
debug3: /etc/ssh/ssh_config line 51: Including file /etc/ssh/ssh_config.d/05-redhat.conf depth 0
debug1: Reading configuration data /etc/ssh/ssh_config.d/05-redhat.conf
debug2: checking match for 'final all' host ubuntu16-04 originally ubuntu16-04
debug3: /etc/ssh/ssh_config.d/05-redhat.conf line 3: matched 'final'
debug2: match found
debug3: /etc/ssh/ssh_config.d/05-redhat.conf line 5: Including file /etc/crypto-policies/back-ends/openssh.config depth 1
debug1: Reading configuration data /etc/crypto-policies/back-ends/openssh.config
debug3: gss kex names ok: [gss-gex-sha1-,gss-group14-sha1-]
debug3: kex names ok: [curve25519-sha256,curve25519-sha256@libssh.org,ecdh-sha2-nistp256,ecdh-sha2-nistp384,ecdh-sha2-nistp521,diffie-hellman-group-exchange-sha256,diffie-hellman-group14-sha256,diffie-hellman-group16-sha512,diffie-hellman-group18-sha512,diffie-hellman-group-exchange-sha1,diffie-hellman-group14-sha1]
debug1: auto-mux: Trying existing master
debug2: fd 4 setting O_NONBLOCK
debug2: mux_client_hello_exchange: master version 4
debug3: mux_client_forwards: request forwardings: 0 local, 0 remote
debug3: mux_client_request_session: entering
debug3: mux_client_request_alive: entering
debug3: mux_client_request_alive: done pid = 11868
debug3: mux_client_request_session: session request sent
debug3: mux_client_read_packet: read header failed: Broken pipe
debug2: Received exit status from master 0

2020-03-03 12:26:01,743 p=11861 u=mark n=ansible |  11861 1583234761.74294: _low_level_execute_command(): starting
2020-03-03 12:26:01,743 p=11861 u=mark n=ansible |  11861 1583234761.74313: _low_level_execute_command(): using become for this command
2020-03-03 12:26:01,743 p=11861 u=mark n=ansible |  11861 1583234761.74352: _low_level_execute_command(): executing: /bin/sh -c 'sudo -H -S  -p "[sudo via ansible, key=pkfiixnhiymasrwlgbkqjvvuoeomskse] password:" -u root /bin/sh -c '"'"'echo BECOME-SUCCESS-pkfiixnhiymasrwlgbkqjvvuoeomskse ; /usr/bin/python3 /home/sudoall/.ansible/tmp/ansible-tmp-1583234760.010854-6876754822995/AnsiballZ_command.py'"'"' && sleep 0'
2020-03-03 12:26:01,743 p=11861 u=mark n=ansible | <ubuntu16-04> ESTABLISH SSH CONNECTION FOR USER: sudoall
2020-03-03 12:26:01,744 p=11861 u=mark n=ansible | <ubuntu16-04> SSH: EXEC ssh -vvv -C -o ControlMaster=auto -o ControlPersist=60s -o StrictHostKeyChecking=no -o KbdInteractiveAuthentication=no -o PreferredAuthentications=gssapi-with-mic,gssapi-keyex,hostbased,publickey -o PasswordAuthentication=no -o 'User="sudoall"' -o ConnectTimeout=10 -o ControlPath=/home/mark/.ansible/cp/4c3d3601da -tt ubuntu16-04 '/bin/sh -c '"'"'sudo -H -S  -p "[sudo via ansible, key=pkfiixnhiymasrwlgbkqjvvuoeomskse] password:" -u root /bin/sh -c '"'"'"'"'"'"'"'"'echo BECOME-SUCCESS-pkfiixnhiymasrwlgbkqjvvuoeomskse ; /usr/bin/python3 /home/sudoall/.ansible/tmp/ansible-tmp-1583234760.010854-6876754822995/AnsiballZ_command.py'"'"'"'"'"'"'"'"' && sleep 0'"'"''
2020-03-03 12:26:01,747 p=11861 u=mark n=ansible |  11861 1583234761.74766: Initial state: awaiting_prompt: [sudo via ansible, key=pkfiixnhiymasrwlgbkqjvvuoeomskse] password:
2020-03-03 12:26:01,751 p=11861 u=mark n=ansible |  11861 1583234761.75138: stderr chunk (state=0):
>>>OpenSSH_8.0p1, OpenSSL 1.1.1c FIPS  28 May 2019
debug1: Reading configuration data /etc/ssh/ssh_config
debug3: /etc/ssh/ssh_config line 51: Including file /etc/ssh/ssh_config.d/05-redhat.conf depth 0
debug1: Reading configuration data /etc/ssh/ssh_config.d/05-redhat.conf
<<<

2020-03-03 12:26:01,753 p=11861 u=mark n=ansible |  11861 1583234761.75312: stderr chunk (state=0):
>>>debug2: checking match for 'final all' host ubuntu16-04 originally ubuntu16-04
debug3: /etc/ssh/ssh_config.d/05-redhat.conf line 3: not matched 'final'
debug2: match not found
debug3: /etc/ssh/ssh_config.d/05-redhat.conf line 5: Including file /etc/crypto-policies/back-ends/openssh.config depth 1 (parse only)
debug1: Reading configuration data /etc/crypto-policies/back-ends/openssh.config
debug3: gss kex names ok: [gss-gex-sha1-,gss-group14-sha1-]
debug3: kex names ok: [curve25519-sha256,curve25519-sha256@libssh.org,ecdh-sha2-nistp256,ecdh-sha2-nistp384,ecdh-sha2-nistp521,diffie-hellman-group-exchange-sha256,diffie-hellman-group14-sha256,diffie-hellman-group16-sha512,diffie-hellman-group18-sha512,diffie-hellman-group-exchange-sha1,diffie-hellman-group14-sha1]
debug1: configuration requests final Match pass
debug1: re-parsing configuration
debug1: Reading configuration data /etc/ssh/ssh_config
debug3: /etc/ssh/ssh_config line 51: Including file /etc/ssh/ssh_config.d/05-redhat.conf depth 0
debug1: Reading configuration data /etc/ssh/ssh_config.d/05-redhat.conf
debug2: checking match for 'final all' host ubuntu16-04 originally ubuntu16-04
debug3: /etc/ssh/ssh_config.d/05-redhat.conf line 3: matched 'final'
debug2: match found
debug3: /etc/ssh/ssh_config.d/05-redhat.conf line 5: Including file /etc/crypto-policies/back-ends/openssh.config depth 1
debug1: Reading configuration data /etc/crypto-policies/back-ends/openssh.config
debug3: gss kex names ok: [gss-gex-sha1-,gss-group14-sha1-]
debug3: kex names ok: [curve25519-sha256,curve25519-sha256@libssh.org,ecdh-sha2-nistp256,ecdh-sha2-nistp384,ecdh-sha2-nistp521,diffie-hellman-group-exchange-sha256,diffie-hellman-group14-sha256,diffie-hellman-group16-sha512,diffie-hellman-group18-sha512,diffie-hellman-group-exchange-sha1,diffie-hellman-group14-sha1]
debug1: auto-mux: Trying existing master
debug2: fd 4 setting O_NONBLOCK
debug2: mux_client_hello_exchange: master version 4
debug3: mux_client_forwards: request forwardings: 0 local, 0 remote
debug3: mux_client_request_session: entering
debug3: mux_client_request_alive: entering
debug3: mux_client_request_alive: done pid = 11868
debug3: mux_client_request_session: session request sent
<<<

2020-03-03 12:26:01,760 p=11861 u=mark n=ansible |  11861 1583234761.76060: stdout chunk (state=0):
>>>[sudo via ansible, key=pkfiixnhiymasrwlgbkqjvvuoeomskse] password:<<<

2020-03-03 12:26:01,760 p=11861 u=mark n=ansible |  11861 1583234761.76091: become_prompt: (source=stdout, state=awaiting_prompt): '[sudo via ansible, key=pkfiixnhiymasrwlgbkqjvvuoeomskse] password:'
2020-03-03 12:26:01,761 p=11861 u=mark n=ansible |  11861 1583234761.76103: Sending become_password in response to prompt
2020-03-03 12:26:01,762 p=11861 u=mark n=ansible |  11861 1583234761.76200: stdout chunk (state=1):
>>>
<<<

2020-03-03 12:26:01,774 p=11861 u=mark n=ansible |  11861 1583234761.77396: stdout chunk (state=1):
>>>BECOME-SUCCESS-pkfiixnhiymasrwlgbkqjvvuoeomskse
<<<

2020-03-03 12:26:01,774 p=11861 u=mark n=ansible |  11861 1583234761.77446: become_success: (source=stdout, state=awaiting_escalation): 'BECOME-SUCCESS-pkfiixnhiymasrwlgbkqjvvuoeomskse'
2020-03-03 12:26:01,774 p=11861 u=mark n=ansible | Escalation succeeded
2020-03-03 12:26:01,945 p=11861 u=mark n=ansible |  11861 1583234761.94516: stdout chunk (state=3):
>>>
{"end": "2020-03-03 12:26:01.947160", "delta": "0:00:00.002876", "stderr": "", "stdout": "uid=0(root) gid=0(root) groups=0(root)", "start": "2020-03-03 12:26:01.944284", "rc": 0, "invocation": {"module_args": {"stdin": null, "argv": null, "executable": null, "_uses_shell": false, "stdin_add_newline": true, "_raw_params": "id", "strip_empty_ends": true, "creates": null, "chdir": null, "warn": true, "removes": null}}, "cmd": ["id"], "changed": true}
<<<

2020-03-03 12:26:01,960 p=11861 u=mark n=ansible |  11861 1583234761.96061: stderr chunk (state=3):
>>>debug3: mux_client_read_packet: read header failed: Broken pipe
debug2: Received exit status from master 0
Shared connection to ubuntu16-04 closed.
<<<

2020-03-03 12:26:01,961 p=11861 u=mark n=ansible |  11861 1583234761.96114: stderr chunk (state=3):
>>><<<

2020-03-03 12:26:01,961 p=11861 u=mark n=ansible |  11861 1583234761.96141: stdout chunk (state=3):
>>><<<

2020-03-03 12:26:01,961 p=11861 u=mark n=ansible | <ubuntu16-04> (0, b'\r\n\r\n{"end": "2020-03-03 12:26:01.947160", "delta": "0:00:00.002876", "stderr": "", "stdout": "uid=0(root) gid=0(root) groups=0(root)", "start": "2020-03-03 12:26:01.944284", "rc": 0, "invocation": {"module_args": {"stdin": null, "argv": null, "executable": null, "_uses_shell": false, "stdin_add_newline": true, "_raw_params": "id", "strip_empty_ends": true, "creates": null, "chdir": null, "warn": true, "removes": null}}, "cmd": ["id"], "changed": true}\r\n', b"OpenSSH_8.0p1, OpenSSL 1.1.1c FIPS  28 May 2019\r\ndebug1: Reading configuration data /etc/ssh/ssh_config\r\ndebug3: /etc/ssh/ssh_config line 51: Including file /etc/ssh/ssh_config.d/05-redhat.conf depth 0\r\ndebug1: Reading configuration data /etc/ssh/ssh_config.d/05-redhat.conf\r\ndebug2: checking match for 'final all' host ubuntu16-04 originally ubuntu16-04\r\ndebug3: /etc/ssh/ssh_config.d/05-redhat.conf line 3: not matched 'final'\r\ndebug2: match not found\r\ndebug3: /etc/ssh/ssh_config.d/05-redhat.conf line 5: Including file /etc/crypto-policies/back-ends/openssh.config depth 1 (parse only)\r\ndebug1: Reading configuration data /etc/crypto-policies/back-ends/openssh.config\r\ndebug3: gss kex names ok: [gss-gex-sha1-,gss-group14-sha1-]\r\ndebug3: kex names ok: [curve25519-sha256,curve25519-sha256@libssh.org,ecdh-sha2-nistp256,ecdh-sha2-nistp384,ecdh-sha2-nistp521,diffie-hellman-group-exchange-sha256,diffie-hellman-group14-sha256,diffie-hellman-group16-sha512,diffie-hellman-group18-sha512,diffie-hellman-group-exchange-sha1,diffie-hellman-group14-sha1]\r\ndebug1: configuration requests final Match pass\r\ndebug1: re-parsing configuration\r\ndebug1: Reading configuration data /etc/ssh/ssh_config\r\ndebug3: /etc/ssh/ssh_config line 51: Including file /etc/ssh/ssh_config.d/05-redhat.conf depth 0\r\ndebug1: Reading configuration data /etc/ssh/ssh_config.d/05-redhat.conf\r\ndebug2: checking match for 'final all' host ubuntu16-04 originally ubuntu16-04\r\ndebug3: /etc/ssh/ssh_config.d/05-redhat.conf line 3: matched 'final'\r\ndebug2: match found\r\ndebug3: /etc/ssh/ssh_config.d/05-redhat.conf line 5: Including file /etc/crypto-policies/back-ends/openssh.config depth 1\r\ndebug1: Reading configuration data /etc/crypto-policies/back-ends/openssh.config\r\ndebug3: gss kex names ok: [gss-gex-sha1-,gss-group14-sha1-]\r\ndebug3: kex names ok: [curve25519-sha256,curve25519-sha256@libssh.org,ecdh-sha2-nistp256,ecdh-sha2-nistp384,ecdh-sha2-nistp521,diffie-hellman-group-exchange-sha256,diffie-hellman-group14-sha256,diffie-hellman-group16-sha512,diffie-hellman-group18-sha512,diffie-hellman-group-exchange-sha1,diffie-hellman-group14-sha1]\r\ndebug1: auto-mux: Trying existing master\r\ndebug2: fd 4 setting O_NONBLOCK\r\ndebug2: mux_client_hello_exchange: master version 4\r\ndebug3: mux_client_forwards: request forwardings: 0 local, 0 remote\r\ndebug3: mux_client_request_session: entering\r\ndebug3: mux_client_request_alive: entering\r\ndebug3: mux_client_request_alive: done pid = 11868\r\ndebug3: mux_client_request_session: session request sent\r\ndebug3: mux_client_read_packet: read header failed: Broken pipe\r\ndebug2: Received exit status from master 0\r\nShared connection to ubuntu16-04 closed.\r\n")
2020-03-03 12:26:01,962 p=11861 u=mark n=ansible |  11861 1583234761.96197: _low_level_execute_command() done: rc=0, stdout=

{"end": "2020-03-03 12:26:01.947160", "delta": "0:00:00.002876", "stderr": "", "stdout": "uid=0(root) gid=0(root) groups=0(root)", "start": "2020-03-03 12:26:01.944284", "rc": 0, "invocation": {"module_args": {"stdin": null, "argv": null, "executable": null, "_uses_shell": false, "stdin_add_newline": true, "_raw_params": "id", "strip_empty_ends": true, "creates": null, "chdir": null, "warn": true, "removes": null}}, "cmd": ["id"], "changed": true}
, stderr=OpenSSH_8.0p1, OpenSSL 1.1.1c FIPS  28 May 2019
debug1: Reading configuration data /etc/ssh/ssh_config
debug3: /etc/ssh/ssh_config line 51: Including file /etc/ssh/ssh_config.d/05-redhat.conf depth 0
debug1: Reading configuration data /etc/ssh/ssh_config.d/05-redhat.conf
debug2: checking match for 'final all' host ubuntu16-04 originally ubuntu16-04
debug3: /etc/ssh/ssh_config.d/05-redhat.conf line 3: not matched 'final'
debug2: match not found
debug3: /etc/ssh/ssh_config.d/05-redhat.conf line 5: Including file /etc/crypto-policies/back-ends/openssh.config depth 1 (parse only)
debug1: Reading configuration data /etc/crypto-policies/back-ends/openssh.config
debug3: gss kex names ok: [gss-gex-sha1-,gss-group14-sha1-]
debug3: kex names ok: [curve25519-sha256,curve25519-sha256@libssh.org,ecdh-sha2-nistp256,ecdh-sha2-nistp384,ecdh-sha2-nistp521,diffie-hellman-group-exchange-sha256,diffie-hellman-group14-sha256,diffie-hellman-group16-sha512,diffie-hellman-group18-sha512,diffie-hellman-group-exchange-sha1,diffie-hellman-group14-sha1]
debug1: configuration requests final Match pass
debug1: re-parsing configuration
debug1: Reading configuration data /etc/ssh/ssh_config
debug3: /etc/ssh/ssh_config line 51: Including file /etc/ssh/ssh_config.d/05-redhat.conf depth 0
debug1: Reading configuration data /etc/ssh/ssh_config.d/05-redhat.conf
debug2: checking match for 'final all' host ubuntu16-04 originally ubuntu16-04
debug3: /etc/ssh/ssh_config.d/05-redhat.conf line 3: matched 'final'
debug2: match found
debug3: /etc/ssh/ssh_config.d/05-redhat.conf line 5: Including file /etc/crypto-policies/back-ends/openssh.config depth 1
debug1: Reading configuration data /etc/crypto-policies/back-ends/openssh.config
debug3: gss kex names ok: [gss-gex-sha1-,gss-group14-sha1-]
debug3: kex names ok: [curve25519-sha256,curve25519-sha256@libssh.org,ecdh-sha2-nistp256,ecdh-sha2-nistp384,ecdh-sha2-nistp521,diffie-hellman-group-exchange-sha256,diffie-hellman-group14-sha256,diffie-hellman-group16-sha512,diffie-hellman-group18-sha512,diffie-hellman-group-exchange-sha1,diffie-hellman-group14-sha1]
debug1: auto-mux: Trying existing master
debug2: fd 4 setting O_NONBLOCK
debug2: mux_client_hello_exchange: master version 4
debug3: mux_client_forwards: request forwardings: 0 local, 0 remote
debug3: mux_client_request_session: entering
debug3: mux_client_request_alive: entering
debug3: mux_client_request_alive: done pid = 11868
debug3: mux_client_request_session: session request sent
debug3: mux_client_read_packet: read header failed: Broken pipe
debug2: Received exit status from master 0
Shared connection to ubuntu16-04 closed.

2020-03-03 12:26:01,963 p=11861 u=mark n=ansible |  11861 1583234761.96328: done with _execute_module (command, {'_raw_params': 'id', 'warn': True, '_ansible_check_mode': False, '_ansible_no_log': False, '_ansible_debug': True, '_ansible_diff': False, '_ansible_verbosity': 4, '_ansible_version': '2.9.3', '_ansible_module_name': 'command', '_ansible_syslog_facility': 'LOG_USER', '_ansible_selinux_special_fs': ['fuse', 'nfs', 'vboxsf', 'ramfs', '9p', 'vfat'], '_ansible_string_conversion_action': 'warn', '_ansible_socket': None, '_ansible_shell_executable': '/bin/sh', '_ansible_keep_remote_files': False, '_ansible_tmpdir': '/home/sudoall/.ansible/tmp/ansible-tmp-1583234760.010854-6876754822995/', '_ansible_remote_tmp': '~/.ansible/tmp'})
2020-03-03 12:26:01,963 p=11861 u=mark n=ansible |  11861 1583234761.96358: _low_level_execute_command(): starting
2020-03-03 12:26:01,963 p=11861 u=mark n=ansible |  11861 1583234761.96372: _low_level_execute_command(): executing: /bin/sh -c 'rm -f -r /home/sudoall/.ansible/tmp/ansible-tmp-1583234760.010854-6876754822995/ > /dev/null 2>&1 && sleep 0'
2020-03-03 12:26:01,963 p=11861 u=mark n=ansible | <ubuntu16-04> ESTABLISH SSH CONNECTION FOR USER: sudoall
2020-03-03 12:26:01,964 p=11861 u=mark n=ansible | <ubuntu16-04> SSH: EXEC ssh -vvv -C -o ControlMaster=auto -o ControlPersist=60s -o StrictHostKeyChecking=no -o KbdInteractiveAuthentication=no -o PreferredAuthentications=gssapi-with-mic,gssapi-keyex,hostbased,publickey -o PasswordAuthentication=no -o 'User="sudoall"' -o ConnectTimeout=10 -o ControlPath=/home/mark/.ansible/cp/4c3d3601da ubuntu16-04 '/bin/sh -c '"'"'rm -f -r /home/sudoall/.ansible/tmp/ansible-tmp-1583234760.010854-6876754822995/ > /dev/null 2>&1 && sleep 0'"'"''
2020-03-03 12:26:01,971 p=11861 u=mark n=ansible |  11861 1583234761.97110: stderr chunk (state=2):
>>>OpenSSH_8.0p1, OpenSSL 1.1.1c FIPS  28 May 2019
debug1: Reading configuration data /etc/ssh/ssh_config
debug3: /etc/ssh/ssh_config line 51: Including file /etc/ssh/ssh_config.d/05-redhat.conf depth 0
debug1: Reading configuration data /etc/ssh/ssh_config.d/05-redhat.conf
<<<

2020-03-03 12:26:01,971 p=11861 u=mark n=ansible |  11861 1583234761.97157: stderr chunk (state=3):
>>>debug2: checking match for 'final all' host ubuntu16-04 originally ubuntu16-04
debug3: /etc/ssh/ssh_config.d/05-redhat.conf line 3: not matched 'final'
debug2: match not found
debug3: /etc/ssh/ssh_config.d/05-redhat.conf line 5: Including file /etc/crypto-policies/back-ends/openssh.config depth 1 (parse only)
debug1: Reading configuration data /etc/crypto-policies/back-ends/openssh.config
debug3: gss kex names ok: [gss-gex-sha1-,gss-group14-sha1-]
debug3: kex names ok: [curve25519-sha256,curve25519-sha256@libssh.org,ecdh-sha2-nistp256,ecdh-sha2-nistp384,ecdh-sha2-nistp521,diffie-hellman-group-exchange-sha256,diffie-hellman-group14-sha256,diffie-hellman-group16-sha512,diffie-hellman-group18-sha512,diffie-hellman-group-exchange-sha1,diffie-hellman-group14-sha1]
debug1: configuration requests final Match pass
debug1: re-parsing configuration
debug1: Reading configuration data /etc/ssh/ssh_config
debug3: /etc/ssh/ssh_config line 51: Including file /etc/ssh/ssh_config.d/05-redhat.conf depth 0
debug1: Reading configuration data /etc/ssh/ssh_config.d/05-redhat.conf
debug2: checking match for 'final all' host ubuntu16-04 originally ubuntu16-04
debug3: /etc/ssh/ssh_config.d/05-redhat.conf line 3: matched 'final'
debug2: match found
debug3: /etc/ssh/ssh_config.d/05-redhat.conf line 5: Including file /etc/crypto-policies/back-ends/openssh.config depth 1
debug1: Reading configuration data /etc/crypto-policies/back-ends/openssh.config
debug3: gss kex names ok: [gss-gex-sha1-,gss-group14-sha1-]
debug3: kex names ok: [curve25519-sha256,curve25519-sha256@libssh.org,ecdh-sha2-nistp256,ecdh-sha2-nistp384,ecdh-sha2-nistp521,diffie-hellman-group-exchange-sha256,diffie-hellman-group14-sha256,diffie-hellman-group16-sha512,diffie-hellman-group18-sha512,diffie-hellman-group-exchange-sha1,diffie-hellman-group14-sha1]
debug1: auto-mux: Trying existing master
debug2: fd 4 setting O_NONBLOCK
<<<

2020-03-03 12:26:01,971 p=11861 u=mark n=ansible |  11861 1583234761.97175: stderr chunk (state=3):
>>>debug2: mux_client_hello_exchange: master version 4
debug3: mux_client_forwards: request forwardings: 0 local, 0 remote
debug3: mux_client_request_session: entering
debug3: mux_client_request_alive: entering
debug3: mux_client_request_alive: done pid = 11868
debug3: mux_client_request_session: session request sent
<<<

2020-03-03 12:26:01,977 p=11861 u=mark n=ansible |  11861 1583234761.97775: stderr chunk (state=3):
>>>debug3: mux_client_read_packet: read header failed: Broken pipe
debug2: Received exit status from master 0
<<<

2020-03-03 12:26:01,978 p=11861 u=mark n=ansible |  11861 1583234761.97841: stderr chunk (state=3):
>>><<<

2020-03-03 12:26:01,978 p=11861 u=mark n=ansible |  11861 1583234761.97871: stdout chunk (state=3):
>>><<<

2020-03-03 12:26:01,979 p=11861 u=mark n=ansible | <ubuntu16-04> (0, b'', b"OpenSSH_8.0p1, OpenSSL 1.1.1c FIPS  28 May 2019\r\ndebug1: Reading configuration data /etc/ssh/ssh_config\r\ndebug3: /etc/ssh/ssh_config line 51: Including file /etc/ssh/ssh_config.d/05-redhat.conf depth 0\r\ndebug1: Reading configuration data /etc/ssh/ssh_config.d/05-redhat.conf\r\ndebug2: checking match for 'final all' host ubuntu16-04 originally ubuntu16-04\r\ndebug3: /etc/ssh/ssh_config.d/05-redhat.conf line 3: not matched 'final'\r\ndebug2: match not found\r\ndebug3: /etc/ssh/ssh_config.d/05-redhat.conf line 5: Including file /etc/crypto-policies/back-ends/openssh.config depth 1 (parse only)\r\ndebug1: Reading configuration data /etc/crypto-policies/back-ends/openssh.config\r\ndebug3: gss kex names ok: [gss-gex-sha1-,gss-group14-sha1-]\r\ndebug3: kex names ok: [curve25519-sha256,curve25519-sha256@libssh.org,ecdh-sha2-nistp256,ecdh-sha2-nistp384,ecdh-sha2-nistp521,diffie-hellman-group-exchange-sha256,diffie-hellman-group14-sha256,diffie-hellman-group16-sha512,diffie-hellman-group18-sha512,diffie-hellman-group-exchange-sha1,diffie-hellman-group14-sha1]\r\ndebug1: configuration requests final Match pass\r\ndebug1: re-parsing configuration\r\ndebug1: Reading configuration data /etc/ssh/ssh_config\r\ndebug3: /etc/ssh/ssh_config line 51: Including file /etc/ssh/ssh_config.d/05-redhat.conf depth 0\r\ndebug1: Reading configuration data /etc/ssh/ssh_config.d/05-redhat.conf\r\ndebug2: checking match for 'final all' host ubuntu16-04 originally ubuntu16-04\r\ndebug3: /etc/ssh/ssh_config.d/05-redhat.conf line 3: matched 'final'\r\ndebug2: match found\r\ndebug3: /etc/ssh/ssh_config.d/05-redhat.conf line 5: Including file /etc/crypto-policies/back-ends/openssh.config depth 1\r\ndebug1: Reading configuration data /etc/crypto-policies/back-ends/openssh.config\r\ndebug3: gss kex names ok: [gss-gex-sha1-,gss-group14-sha1-]\r\ndebug3: kex names ok: [curve25519-sha256,curve25519-sha256@libssh.org,ecdh-sha2-nistp256,ecdh-sha2-nistp384,ecdh-sha2-nistp521,diffie-hellman-group-exchange-sha256,diffie-hellman-group14-sha256,diffie-hellman-group16-sha512,diffie-hellman-group18-sha512,diffie-hellman-group-exchange-sha1,diffie-hellman-group14-sha1]\r\ndebug1: auto-mux: Trying existing master\r\ndebug2: fd 4 setting O_NONBLOCK\r\ndebug2: mux_client_hello_exchange: master version 4\r\ndebug3: mux_client_forwards: request forwardings: 0 local, 0 remote\r\ndebug3: mux_client_request_session: entering\r\ndebug3: mux_client_request_alive: entering\r\ndebug3: mux_client_request_alive: done pid = 11868\r\ndebug3: mux_client_request_session: session request sent\r\ndebug3: mux_client_read_packet: read header failed: Broken pipe\r\ndebug2: Received exit status from master 0\r\n")
2020-03-03 12:26:01,979 p=11861 u=mark n=ansible |  11861 1583234761.97941: _low_level_execute_command() done: rc=0, stdout=, stderr=OpenSSH_8.0p1, OpenSSL 1.1.1c FIPS  28 May 2019
debug1: Reading configuration data /etc/ssh/ssh_config
debug3: /etc/ssh/ssh_config line 51: Including file /etc/ssh/ssh_config.d/05-redhat.conf depth 0
debug1: Reading configuration data /etc/ssh/ssh_config.d/05-redhat.conf
debug2: checking match for 'final all' host ubuntu16-04 originally ubuntu16-04
debug3: /etc/ssh/ssh_config.d/05-redhat.conf line 3: not matched 'final'
debug2: match not found
debug3: /etc/ssh/ssh_config.d/05-redhat.conf line 5: Including file /etc/crypto-policies/back-ends/openssh.config depth 1 (parse only)
debug1: Reading configuration data /etc/crypto-policies/back-ends/openssh.config
debug3: gss kex names ok: [gss-gex-sha1-,gss-group14-sha1-]
debug3: kex names ok: [curve25519-sha256,curve25519-sha256@libssh.org,ecdh-sha2-nistp256,ecdh-sha2-nistp384,ecdh-sha2-nistp521,diffie-hellman-group-exchange-sha256,diffie-hellman-group14-sha256,diffie-hellman-group16-sha512,diffie-hellman-group18-sha512,diffie-hellman-group-exchange-sha1,diffie-hellman-group14-sha1]
debug1: configuration requests final Match pass
debug1: re-parsing configuration
debug1: Reading configuration data /etc/ssh/ssh_config
debug3: /etc/ssh/ssh_config line 51: Including file /etc/ssh/ssh_config.d/05-redhat.conf depth 0
debug1: Reading configuration data /etc/ssh/ssh_config.d/05-redhat.conf
debug2: checking match for 'final all' host ubuntu16-04 originally ubuntu16-04
debug3: /etc/ssh/ssh_config.d/05-redhat.conf line 3: matched 'final'
debug2: match found
debug3: /etc/ssh/ssh_config.d/05-redhat.conf line 5: Including file /etc/crypto-policies/back-ends/openssh.config depth 1
debug1: Reading configuration data /etc/crypto-policies/back-ends/openssh.config
debug3: gss kex names ok: [gss-gex-sha1-,gss-group14-sha1-]
debug3: kex names ok: [curve25519-sha256,curve25519-sha256@libssh.org,ecdh-sha2-nistp256,ecdh-sha2-nistp384,ecdh-sha2-nistp521,diffie-hellman-group-exchange-sha256,diffie-hellman-group14-sha256,diffie-hellman-group16-sha512,diffie-hellman-group18-sha512,diffie-hellman-group-exchange-sha1,diffie-hellman-group14-sha1]
debug1: auto-mux: Trying existing master
debug2: fd 4 setting O_NONBLOCK
debug2: mux_client_hello_exchange: master version 4
debug3: mux_client_forwards: request forwardings: 0 local, 0 remote
debug3: mux_client_request_session: entering
debug3: mux_client_request_alive: entering
debug3: mux_client_request_alive: done pid = 11868
debug3: mux_client_request_session: session request sent
debug3: mux_client_read_packet: read header failed: Broken pipe
debug2: Received exit status from master 0

2020-03-03 12:26:01,979 p=11861 u=mark n=ansible |  11861 1583234761.97972: handler run complete
2020-03-03 12:26:01,982 p=11861 u=mark n=ansible |  11861 1583234761.98282: attempt loop complete, returning result
2020-03-03 12:26:01,983 p=11861 u=mark n=ansible |  11861 1583234761.98298: _execute() done
2020-03-03 12:26:01,983 p=11861 u=mark n=ansible |  11861 1583234761.98308: dumping result to json
2020-03-03 12:26:01,983 p=11861 u=mark n=ansible |  11861 1583234761.98325: done dumping result, returning
2020-03-03 12:26:01,983 p=11861 u=mark n=ansible |  11861 1583234761.98348: done running TaskExecutor() for ubuntu16-04/TASK: Run id [525400b2-cc5b-c90d-fc3f-00000000000e]
2020-03-03 12:26:01,983 p=11861 u=mark n=ansible |  11861 1583234761.98369: sending task result for task 525400b2-cc5b-c90d-fc3f-00000000000e
2020-03-03 12:26:01,984 p=11861 u=mark n=ansible |  11861 1583234761.98438: done sending task result for task 525400b2-cc5b-c90d-fc3f-00000000000e
2020-03-03 12:26:01,984 p=11861 u=mark n=ansible |  11861 1583234761.98464: WORKER PROCESS EXITING
2020-03-03 12:26:01,989 p=11808 u=mark n=ansible |  11808 1583234761.98910: worker is 5 (out of 5 available)
2020-03-03 12:26:01,990 p=11808 u=mark n=ansible |  11808 1583234761.99020: exiting _queue_task() for ubuntu18-04/command
2020-03-03 12:26:01,991 p=11891 u=mark n=ansible |  11891 1583234761.99106: running TaskExecutor() for ubuntu18-04/TASK: Run id
2020-03-03 12:26:01,992 p=11891 u=mark n=ansible |  11891 1583234761.99209: in run() - task 525400b2-cc5b-c90d-fc3f-00000000000e
2020-03-03 12:26:01,992 p=11891 u=mark n=ansible |  11891 1583234761.99267: calling self._execute()
2020-03-03 12:26:01,992 p=11808 u=mark n=ansible | changed: [ubuntu16-04] => {
    "ansible_facts": {
        "discovered_interpreter_python": "/usr/bin/python3"
    },
    "changed": true,
    "cmd": [
        "id"
    ],
    "delta": "0:00:00.002876",
    "end": "2020-03-03 12:26:01.947160",
    "invocation": {
        "module_args": {
            "_raw_params": "id",
            "_uses_shell": false,
            "argv": null,
            "chdir": null,
            "creates": null,
            "executable": null,
            "removes": null,
            "stdin": null,
            "stdin_add_newline": true,
            "strip_empty_ends": true,
            "warn": true
        }
    },
    "rc": 0,
    "start": "2020-03-03 12:26:01.944284",
    "stderr": "",
    "stderr_lines": [],
    "stdout": "uid=0(root) gid=0(root) groups=0(root)",
    "stdout_lines": [
        "uid=0(root) gid=0(root) groups=0(root)"
    ]
}
2020-03-03 12:26:01,992 p=11808 u=mark n=ansible |  11808 1583234761.99292: done queuing things up, now waiting for results queue to drain
2020-03-03 12:26:01,993 p=11808 u=mark n=ansible |  11808 1583234761.99305: waiting for pending results...
2020-03-03 12:26:01,995 p=11891 u=mark n=ansible |  11891 1583234761.99514: trying /usr/share/ansible/plugins/connection
2020-03-03 12:26:01,995 p=11891 u=mark n=ansible |  11891 1583234761.99548: trying /usr/lib/python3.6/site-packages/ansible/plugins/connection
2020-03-03 12:26:01,996 p=11891 u=mark n=ansible |  11891 1583234761.99615: Loading Connection 'ssh' from /usr/lib/python3.6/site-packages/ansible/plugins/connection/ssh.py (searched paths: /usr/share/ansible/plugins/connection:/usr/lib/python3.6/site-packages/ansible/plugins/connection) (found_in_cache=True, class_only=False)
2020-03-03 12:26:01,996 p=11891 u=mark n=ansible |  11891 1583234761.99650: trying /usr/lib/python3.6/site-packages/ansible/plugins/shell
2020-03-03 12:26:01,996 p=11891 u=mark n=ansible |  11891 1583234761.99678: Loading ShellModule 'sh' from /usr/lib/python3.6/site-packages/ansible/plugins/shell/sh.py (found_in_cache=True, class_only=False)
2020-03-03 12:26:01,997 p=11891 u=mark n=ansible |  11891 1583234761.99697: Loading ShellModule 'sh' from /usr/lib/python3.6/site-packages/ansible/plugins/shell/sh.py (found_in_cache=True, class_only=False)
2020-03-03 12:26:01,997 p=11891 u=mark n=ansible |  11891 1583234761.99715: trying /usr/share/ansible/plugins/become
2020-03-03 12:26:01,997 p=11891 u=mark n=ansible |  11891 1583234761.99732: trying /usr/lib/python3.6/site-packages/ansible/plugins/become
2020-03-03 12:26:01,997 p=11891 u=mark n=ansible |  11891 1583234761.99773: Loading BecomeModule 'sudo' from /usr/lib/python3.6/site-packages/ansible/plugins/become/sudo.py (searched paths: /usr/share/ansible/plugins/become:/usr/lib/python3.6/site-packages/ansible/plugins/become) (found_in_cache=True, class_only=False)
2020-03-03 12:26:01,999 p=11891 u=mark n=ansible |  11891 1583234761.99956: Loading ActionModule 'command' from /usr/lib/python3.6/site-packages/ansible/plugins/action/command.py (searched paths: /usr/share/ansible/plugins/action:/usr/lib/python3.6/site-packages/ansible/plugins/action:/usr/lib/python3.6/site-packages/ansible/plugins/action/__pycache__) (found_in_cache=True, class_only=False)
2020-03-03 12:26:01,999 p=11891 u=mark n=ansible |  11891 1583234761.99987: starting attempt loop
2020-03-03 12:26:02,000 p=11891 u=mark n=ansible |  11891 1583234762.00000: running the handler
2020-03-03 12:26:02,000 p=11891 u=mark n=ansible |  11891 1583234762.00022: _low_level_execute_command(): starting
2020-03-03 12:26:02,000 p=11891 u=mark n=ansible |  11891 1583234762.00042: _low_level_execute_command(): executing: /bin/sh -c 'echo ~sudoall && sleep 0'
2020-03-03 12:26:02,000 p=11891 u=mark n=ansible | <ubuntu18-04> ESTABLISH SSH CONNECTION FOR USER: sudoall
2020-03-03 12:26:02,002 p=11891 u=mark n=ansible | <ubuntu18-04> SSH: EXEC ssh -vvv -C -o ControlMaster=auto -o ControlPersist=60s -o StrictHostKeyChecking=no -o KbdInteractiveAuthentication=no -o PreferredAuthentications=gssapi-with-mic,gssapi-keyex,hostbased,publickey -o PasswordAuthentication=no -o 'User="sudoall"' -o ConnectTimeout=10 -o ControlPath=/home/mark/.ansible/cp/7c2f29edb1 ubuntu18-04 '/bin/sh -c '"'"'echo ~sudoall && sleep 0'"'"''
2020-03-03 12:26:02,011 p=11891 u=mark n=ansible |  11891 1583234762.01118: stderr chunk (state=2):
>>>OpenSSH_8.0p1, OpenSSL 1.1.1c FIPS  28 May 2019
debug1: Reading configuration data /etc/ssh/ssh_config
debug3: /etc/ssh/ssh_config line 51: Including file /etc/ssh/ssh_config.d/05-redhat.conf depth 0
debug1: Reading configuration data /etc/ssh/ssh_config.d/05-redhat.conf
<<<

2020-03-03 12:26:02,012 p=11891 u=mark n=ansible |  11891 1583234762.01196: stderr chunk (state=3):
>>>debug2: checking match for 'final all' host ubuntu18-04 originally ubuntu18-04
debug3: /etc/ssh/ssh_config.d/05-redhat.conf line 3: not matched 'final'
debug2: match not found
debug3: /etc/ssh/ssh_config.d/05-redhat.conf line 5: Including file /etc/crypto-policies/back-ends/openssh.config depth 1 (parse only)
debug1: Reading configuration data /etc/crypto-policies/back-ends/openssh.config
debug3: gss kex names ok: [gss-gex-sha1-,gss-group14-sha1-]
debug3: kex names ok: [curve25519-sha256,curve25519-sha256@libssh.org,ecdh-sha2-nistp256,ecdh-sha2-nistp384,ecdh-sha2-nistp521,diffie-hellman-group-exchange-sha256,diffie-hellman-group14-sha256,diffie-hellman-group16-sha512,diffie-hellman-group18-sha512,diffie-hellman-group-exchange-sha1,diffie-hellman-group14-sha1]
debug1: configuration requests final Match pass
debug1: re-parsing configuration
debug1: Reading configuration data /etc/ssh/ssh_config
debug3: /etc/ssh/ssh_config line 51: Including file /etc/ssh/ssh_config.d/05-redhat.conf depth 0
debug1: Reading configuration data /etc/ssh/ssh_config.d/05-redhat.conf
debug2: checking match for 'final all' host ubuntu18-04 originally ubuntu18-04
debug3: /etc/ssh/ssh_config.d/05-redhat.conf line 3: matched 'final'
debug2: match found
debug3: /etc/ssh/ssh_config.d/05-redhat.conf line 5: Including file /etc/crypto-policies/back-ends/openssh.config depth 1
debug1: Reading configuration data /etc/crypto-policies/back-ends/openssh.config
debug3: gss kex names ok: [gss-gex-sha1-,gss-group14-sha1-]
debug3: kex names ok: [curve25519-sha256,curve25519-sha256@libssh.org,ecdh-sha2-nistp256,ecdh-sha2-nistp384,ecdh-sha2-nistp521,diffie-hellman-group-exchange-sha256,diffie-hellman-group14-sha256,diffie-hellman-group16-sha512,diffie-hellman-group18-sha512,diffie-hellman-group-exchange-sha1,diffie-hellman-group14-sha1]
debug1: auto-mux: Trying existing master
debug1: Control socket "/home/mark/.ansible/cp/7c2f29edb1" does not exist
debug2: resolving "ubuntu18-04" port 22
<<<

2020-03-03 12:26:02,013 p=11891 u=mark n=ansible |  11891 1583234762.01301: stderr chunk (state=3):
>>>debug2: ssh_connect_direct
debug1: Connecting to ubuntu18-04 [10.80.80.150] port 22.
debug2: fd 4 setting O_NONBLOCK
<<<

2020-03-03 12:26:02,023 p=11891 u=mark n=ansible |  11891 1583234762.02372: stderr chunk (state=3):
>>>debug1: fd 4 clearing O_NONBLOCK
debug1: Connection established.
debug3: timeout: 9990 ms remain after connect
<<<

2020-03-03 12:26:02,024 p=11891 u=mark n=ansible |  11891 1583234762.02410: stderr chunk (state=3):
>>>debug1: identity file /home/mark/.ssh/id_rsa type 0
debug1: identity file /home/mark/.ssh/id_rsa-cert type -1
debug1: identity file /home/mark/.ssh/id_dsa type -1
debug1: identity file /home/mark/.ssh/id_dsa-cert type -1
debug1: identity file /home/mark/.ssh/id_ecdsa type -1
debug1: identity file /home/mark/.ssh/id_ecdsa-cert type -1
debug1: identity file /home/mark/.ssh/id_ed25519 type -1
debug1: identity file /home/mark/.ssh/id_ed25519-cert type -1
debug1: identity file /home/mark/.ssh/id_xmss type -1
debug1: identity file /home/mark/.ssh/id_xmss-cert type -1
debug1: Local version string SSH-2.0-OpenSSH_8.0
debug1: Remote protocol version 2.0, remote software version OpenSSH_7.6p1 Ubuntu-4ubuntu0.3
debug1: match: OpenSSH_7.6p1 Ubuntu-4ubuntu0.3 pat OpenSSH_7.0*,OpenSSH_7.1*,OpenSSH_7.2*,OpenSSH_7.3*,OpenSSH_7.4*,OpenSSH_7.5*,OpenSSH_7.6*,OpenSSH_7.7* compat 0x04000002
debug2: fd 4 setting O_NONBLOCK
debug1: Authenticating to ubuntu18-04:22 as 'sudoall'
debug3: hostkeys_foreach: reading file "/home/mark/.ssh/known_hosts"
<<<

2020-03-03 12:26:02,024 p=11891 u=mark n=ansible |  11891 1583234762.02442: stderr chunk (state=3):
>>>debug3: record_hostkey: found key type ECDSA in file /home/mark/.ssh/known_hosts:9
debug3: load_hostkeys: loaded 1 keys from ubuntu18-04
debug3: order_hostkeyalgs: prefer hostkeyalgs: ecdsa-sha2-nistp256-cert-v01@openssh.com,ecdsa-sha2-nistp384-cert-v01@openssh.com,ecdsa-sha2-nistp521-cert-v01@openssh.com,ecdsa-sha2-nistp256,ecdsa-sha2-nistp384,ecdsa-sha2-nistp521
debug3: send packet: type 20
debug1: SSH2_MSG_KEXINIT sent
<<<

2020-03-03 12:26:02,026 p=11891 u=mark n=ansible |  11891 1583234762.02611: stderr chunk (state=3):
>>>debug3: receive packet: type 20
debug1: SSH2_MSG_KEXINIT received
debug2: local client KEXINIT proposal
debug2: KEX algorithms: curve25519-sha256,curve25519-sha256@libssh.org,ecdh-sha2-nistp256,ecdh-sha2-nistp384,ecdh-sha2-nistp521,diffie-hellman-group-exchange-sha256,diffie-hellman-group14-sha256,diffie-hellman-group16-sha512,diffie-hellman-group18-sha512,diffie-hellman-group-exchange-sha1,diffie-hellman-group14-sha1,ext-info-c
debug2: host key algorithms: ecdsa-sha2-nistp256-cert-v01@openssh.com,ecdsa-sha2-nistp384-cert-v01@openssh.com,ecdsa-sha2-nistp521-cert-v01@openssh.com,ecdsa-sha2-nistp256,ecdsa-sha2-nistp384,ecdsa-sha2-nistp521,ssh-ed25519-cert-v01@openssh.com,rsa-sha2-512-cert-v01@openssh.com,rsa-sha2-256-cert-v01@openssh.com,ssh-rsa-cert-v01@openssh.com,ssh-ed25519,rsa-sha2-512,rsa-sha2-256,ssh-rsa
debug2: ciphers ctos: aes256-gcm@openssh.com,chacha20-poly1305@openssh.com,aes256-ctr,aes256-cbc,aes128-gcm@openssh.com,aes128-ctr,aes128-cbc
debug2: ciphers stoc: aes256-gcm@openssh.com,chacha20-poly1305@openssh.com,aes256-ctr,aes256-cbc,aes128-gcm@openssh.com,aes128-ctr,aes128-cbc
debug2: MACs ctos: hmac-sha2-256-etm@openssh.com,hmac-sha1-etm@openssh.com,umac-128-etm@openssh.com,hmac-sha2-512-etm@openssh.com,hmac-sha2-256,hmac-sha1,umac-128@openssh.com,hmac-sha2-512
debug2: MACs stoc: hmac-sha2-256-etm@openssh.com,hmac-sha1-etm@openssh.com,umac-128-etm@openssh.com,hmac-sha2-512-etm@openssh.com,hmac-sha2-256,hmac-sha1,umac-128@openssh.com,hmac-sha2-512
debug2: compression ctos: zlib@openssh.com,zlib,none
debug2: compression stoc: zlib@openssh.com,zlib,none
debug2: languages ctos: 
debug2: languages stoc: 
debug2: first_kex_follows 0 
debug2: reserved 0 
debug2: peer server KEXINIT proposal
debug2: KEX algorithms: curve25519-sha256,curve25519-sha256@libssh.org,ecdh-sha2-nistp256,ecdh-sha2-nistp384,ecdh-sha2-nistp521,diffie-hellman-group-exchange-sha256,diffie-hellman-group16-sha512,diffie-hellman-group18-sha512,diffie-hellman-group14-sha256,diffie-hellman-group14-sha1
debug2: host key algorithms: ssh-rsa,rsa-sha2-512,rsa-sha2-256,ecdsa-sha2-nistp256,ssh-ed25519
debug2: ciphers ctos: chacha20-poly1305@openssh.com,aes128-ctr,aes192-ctr,aes256-ctr,aes128-gcm@openssh.com,aes256-gcm@openssh.com
debug2: ciphers stoc: chacha20-poly1305@openssh.com,aes128-ctr,aes192-ctr,aes256-ctr,aes128-gcm@openssh.com,aes256-gcm@openssh.com
debug2: MACs ctos: umac-64-etm@openssh.com,umac-128-etm@openssh.com,hmac-sha2-256-etm@openssh.com,hmac-sha2-512-etm@openssh.com,hmac-sha1-etm@openssh.com,umac-64@openssh.com,umac-128@openssh.com,hmac-sha2-256,hmac-sha2-512,hmac-sha1
debug2: MACs stoc: umac-64-etm@openssh.com,umac-128-etm@openssh.com,hmac-sha2-256-etm@openssh.com,hmac-sha2-512-etm@openssh.com,hmac-sha1-etm@openssh.com,umac-64@openssh.com,umac-128@openssh.com,hmac-sha2-256,hmac-sha2-512,hmac-sha1
debug2: compression ctos: none,zlib@openssh.com
debug2: compression stoc: none,zlib@openssh.com
debug2: languages ctos: 
debug2: languages stoc: 
debug2: first_kex_follows 0 
debug2: reserved 0 
debug1: kex: algorithm: curve25519-sha256
debug1: kex: host key algorithm: ecdsa-sha2-nistp256
debug1: kex: server->client cipher: aes256-gcm@openssh.com MAC: <implicit> compression: zlib@openssh.com
debug1: kex: client->server cipher: aes256-gcm@openssh.com MAC: <implicit> compression: zlib@openssh.com
debug1: kex: curve25519-sha256 need=32 dh_need=32
debug1: kex: curve25519-sha256 need=32 dh_need=32
<<<

2020-03-03 12:26:02,030 p=11891 u=mark n=ansible |  11891 1583234762.02973: stderr chunk (state=3):
>>>debug3: send packet: type 30
debug1: expecting SSH2_MSG_KEX_ECDH_REPLY
<<<

2020-03-03 12:26:02,040 p=11891 u=mark n=ansible |  11891 1583234762.03992: stderr chunk (state=3):
>>>debug3: receive packet: type 31
<<<

2020-03-03 12:26:02,040 p=11891 u=mark n=ansible |  11891 1583234762.04046: stderr chunk (state=3):
>>>debug1: Server host key: ecdsa-sha2-nistp256 SHA256:YVasYPBsmsdDIfnIH56QYo2Z/h3CwvvSY7Z1MGH5Iok
debug3: hostkeys_foreach: reading file "/home/mark/.ssh/known_hosts"
debug3: record_hostkey: found key type ECDSA in file /home/mark/.ssh/known_hosts:9
debug3: load_hostkeys: loaded 1 keys from ubuntu18-04
debug3: hostkeys_foreach: reading file "/home/mark/.ssh/known_hosts"
<<<

2020-03-03 12:26:02,040 p=11891 u=mark n=ansible |  11891 1583234762.04079: stderr chunk (state=3):
>>>debug3: record_hostkey: found key type ECDSA in file /home/mark/.ssh/known_hosts:8
debug3: load_hostkeys: loaded 1 keys from 10.80.80.150
debug1: Host 'ubuntu18-04' is known and matches the ECDSA host key.
debug1: Found key in /home/mark/.ssh/known_hosts:9
<<<

2020-03-03 12:26:02,044 p=11891 u=mark n=ansible |  11891 1583234762.04438: stderr chunk (state=3):
>>>debug3: send packet: type 21
debug2: set_newkeys: mode 1
debug1: rekey out after 4294967296 blocks
debug1: SSH2_MSG_NEWKEYS sent
debug1: expecting SSH2_MSG_NEWKEYS
debug3: receive packet: type 21
debug1: SSH2_MSG_NEWKEYS received
debug2: set_newkeys: mode 0
debug1: rekey in after 4294967296 blocks
debug1: Will attempt key: /home/mark/.ssh/id_rsa RSA SHA256:aUPgboo2qcZ7/3oRAQls/UxXvd8kP+xi/72G/L4HSlQ
debug1: Will attempt key: /home/mark/.ssh/id_dsa 
debug1: Will attempt key: /home/mark/.ssh/id_ecdsa 
debug1: Will attempt key: /home/mark/.ssh/id_ed25519 
debug1: Will attempt key: /home/mark/.ssh/id_xmss 
debug2: pubkey_prepare: done
debug3: send packet: type 5
debug3: receive packet: type 7
debug1: SSH2_MSG_EXT_INFO received
debug1: kex_input_ext_info: server-sig-algs=<ssh-ed25519,ssh-rsa,rsa-sha2-256,rsa-sha2-512,ssh-dss,ecdsa-sha2-nistp256,ecdsa-sha2-nistp384,ecdsa-sha2-nistp521>
<<<

2020-03-03 12:26:02,086 p=11891 u=mark n=ansible |  11891 1583234762.08625: stderr chunk (state=3):
>>>debug3: receive packet: type 6
debug2: service_accept: ssh-userauth
debug1: SSH2_MSG_SERVICE_ACCEPT received
debug3: send packet: type 50
<<<

2020-03-03 12:26:02,090 p=11891 u=mark n=ansible |  11891 1583234762.08999: stderr chunk (state=3):
>>>debug3: receive packet: type 51
debug1: Authentications that can continue: publickey,password
debug3: start over, passed a different list publickey,password
debug3: preferred gssapi-with-mic,gssapi-keyex,hostbased,publickey
debug3: authmethod_lookup publickey
debug3: remaining preferred: ,gssapi-keyex,hostbased,publickey
debug3: authmethod_is_enabled publickey
debug1: Next authentication method: publickey
debug1: Offering public key: /home/mark/.ssh/id_rsa RSA SHA256:aUPgboo2qcZ7/3oRAQls/UxXvd8kP+xi/72G/L4HSlQ
debug3: send packet: type 50
debug2: we sent a publickey packet, wait for reply
<<<

2020-03-03 12:26:02,093 p=11891 u=mark n=ansible |  11891 1583234762.09276: stderr chunk (state=3):
>>>debug3: receive packet: type 60
debug1: Server accepts key: /home/mark/.ssh/id_rsa RSA SHA256:aUPgboo2qcZ7/3oRAQls/UxXvd8kP+xi/72G/L4HSlQ
debug3: sign_and_send_pubkey: RSA SHA256:aUPgboo2qcZ7/3oRAQls/UxXvd8kP+xi/72G/L4HSlQ
debug3: sign_and_send_pubkey: signing using rsa-sha2-256
<<<

2020-03-03 12:26:02,103 p=11891 u=mark n=ansible |  11891 1583234762.10372: stderr chunk (state=3):
>>>debug3: send packet: type 50
<<<

2020-03-03 12:26:02,106 p=11891 u=mark n=ansible |  11891 1583234762.10603: stderr chunk (state=3):
>>>debug3: receive packet: type 52
debug1: Enabling compression at level 6.
<<<

2020-03-03 12:26:02,106 p=11891 u=mark n=ansible |  11891 1583234762.10650: stderr chunk (state=3):
>>>debug1: Authentication succeeded (publickey).
Authenticated to ubuntu18-04 ([10.80.80.150]:22).
debug1: setting up multiplex master socket
debug3: muxserver_listen: temporary control path /home/mark/.ansible/cp/7c2f29edb1.qh6HrQVMjfSv9ulC
debug2: fd 5 setting O_NONBLOCK
debug3: fd 5 is O_NONBLOCK
debug3: fd 5 is O_NONBLOCK
debug1: channel 0: new [/home/mark/.ansible/cp/7c2f29edb1]
debug3: muxserver_listen: mux listener channel 0 fd 5
debug2: fd 4 setting TCP_NODELAY
debug3: ssh_packet_set_tos: set IP_TOS 0x20
debug1: control_persist_detach: backgrounding master process
<<<

2020-03-03 12:26:02,106 p=11891 u=mark n=ansible |  11891 1583234762.10690: stderr chunk (state=3):
>>>debug2: control_persist_detach: background process is 11893
<<<

2020-03-03 12:26:02,107 p=11891 u=mark n=ansible |  11891 1583234762.10712: stderr chunk (state=3):
>>>debug2: fd 5 setting O_NONBLOCK
<<<

2020-03-03 12:26:02,108 p=11891 u=mark n=ansible |  11891 1583234762.10826: stderr chunk (state=3):
>>>debug1: forking to background
debug1: Entering interactive session.
debug1: pledge: id
debug2: set_control_persist_exit_time: schedule exit in 60 seconds
debug1: multiplexing control connection
<<<

2020-03-03 12:26:02,108 p=11891 u=mark n=ansible |  11891 1583234762.10873: stderr chunk (state=3):
>>>debug2: fd 6 setting O_NONBLOCK
debug3: fd 6 is O_NONBLOCK
debug1: channel 1: new [mux-control]
debug3: channel_post_mux_listener: new mux channel 1 fd 6
debug3: mux_master_read_cb: channel 1: hello sent
debug2: set_control_persist_exit_time: cancel scheduled exit
debug3: mux_master_read_cb: channel 1 packet type 0x00000001 len 4
debug2: mux_master_process_hello: channel 1 slave version 4
debug2: mux_client_hello_exchange: master version 4
debug3: mux_client_forwards: request forwardings: 0 local, 0 remote
debug3: mux_client_request_session: entering
debug3: mux_client_request_alive: entering
debug3: mux_master_read_cb: channel 1 packet type 0x10000004 len 4
debug2: mux_master_process_alive_check: channel 1: alive check
debug3: mux_client_request_alive: done pid = 11895
debug3: mux_client_request_session: session request sent
debug3: mux_master_read_cb: channel 1 packet type 0x10000002 len 107
<<<

2020-03-03 12:26:02,109 p=11891 u=mark n=ansible |  11891 1583234762.10894: stderr chunk (state=3):
>>>debug2: mux_master_process_new_session: channel 1: request tty 0, X 0, agent 0, subsys 0, term "xterm-256color", cmd "/bin/sh -c 'echo ~sudoall && sleep 0'", env 1
debug3: mux_master_process_new_session: got fds stdin 7, stdout 8, stderr 9
debug2: fd 8 setting O_NONBLOCK
debug2: fd 9 setting O_NONBLOCK
debug1: channel 2: new [client-session]
debug2: mux_master_process_new_session: channel_new: 2 linked to control channel 1
debug2: channel 2: send open
debug3: send packet: type 90
<<<

2020-03-03 12:26:02,779 p=11891 u=mark n=ansible |  11891 1583234762.77913: stderr chunk (state=3):
>>>debug3: receive packet: type 80
debug1: client_input_global_request: rtype hostkeys-00@openssh.com want_reply 0
<<<

2020-03-03 12:26:02,820 p=11891 u=mark n=ansible |  11891 1583234762.82039: stderr chunk (state=3):
>>>debug3: receive packet: type 91
debug2: channel_input_open_confirmation: channel 2: callback start
debug2: client_session2_setup: id 2
debug1: Sending environment.
debug1: Sending env LANG = en_US.UTF-8
debug2: channel 2: request env confirm 0
debug3: send packet: type 98
debug1: Sending command: /bin/sh -c 'echo ~sudoall && sleep 0'
debug2: channel 2: request exec confirm 1
debug3: send packet: type 98
debug3: mux_session_confirm: sending success reply
debug2: channel_input_open_confirmation: channel 2: callback done
debug2: channel 2: open confirm rwindow 0 rmax 32768
<<<

2020-03-03 12:26:02,822 p=11891 u=mark n=ansible |  11891 1583234762.82209: stderr chunk (state=3):
>>>debug2: channel 2: rcvd adjust 2097152
debug3: receive packet: type 99
debug2: channel_input_status_confirm: type 99 id 2
debug2: exec request accepted on channel 2
<<<

2020-03-03 12:26:02,828 p=11891 u=mark n=ansible |  11891 1583234762.82767: stdout chunk (state=3):
>>>/home/sudoall
<<<

2020-03-03 12:26:02,829 p=11891 u=mark n=ansible |  11891 1583234762.82950: stderr chunk (state=3):
>>>debug3: receive packet: type 98
debug1: client_input_channel_req: channel 2 rtype exit-status reply 0
debug3: mux_exit_message: channel 2: exit message, exitval 0
debug3: receive packet: type 98
debug1: client_input_channel_req: channel 2 rtype eow@openssh.com reply 0
debug2: channel 2: rcvd eow
debug2: channel 2: chan_shutdown_read (i0 o0 sock -1 wfd 7 efd 9 [write])
debug2: channel 2: input open -> closed
debug3: receive packet: type 96
debug2: channel 2: rcvd eof
debug2: channel 2: output open -> drain
debug2: channel 2: obuf empty
debug2: channel 2: chan_shutdown_write (i3 o1 sock -1 wfd 8 efd 9 [write])
debug2: channel 2: output drain -> closed
debug3: receive packet: type 97
debug2: channel 2: rcvd close
debug3: channel 2: will not send data after close
debug2: channel 2: send close
debug3: send packet: type 97
debug2: channel 2: is dead
debug2: channel 2: gc: notify user
debug3: mux_master_session_cleanup_cb: entering for channel 2
debug2: channel 1: rcvd close
debug2: channel 1: output open -> drain
debug2: channel 1: chan_shutdown_read (i0 o1 sock 6 wfd 6 efd -1 [closed])
debug2: channel 1: input open -> closed
debug2: channel 2: gc: user detached
debug2: channel 2: is dead
debug2: channel 2: garbage collecting
debug1: channel 2: free: client-session, nchannels 3
debug3: channel 2: status: The following connections are open:
  #1 mux-control (t16 nr0 i3/0 o1/16 e[closed]/0 fd 6/6/-1 sock 6 cc -1)
  #2 client-session (t4 r0 i3/0 o3/0 e[write]/0 fd -1/-1/9 sock -1 cc -1)

<<<

2020-03-03 12:26:02,830 p=11891 u=mark n=ansible |  11891 1583234762.83023: stderr chunk (state=3):
>>>debug2: channel 1: obuf empty
debug2: channel 1: chan_shutdown_write (i3 o1 sock 6 wfd 6 efd -1 [closed])
debug2: channel 1: output drain -> closed
debug2: channel 1: is dead (local)
debug2: channel 1: gc: notify user
debug3: mux_master_control_cleanup_cb: entering for channel 1
debug2: channel 1: gc: user detached
debug2: channel 1: is dead (local)
debug2: channel 1: garbage collecting
debug1: channel 1: free: mux-control, nchannels 2
debug3: channel 1: status: The following connections are open:
  #1 mux-control (t16 nr0 i3/0 o3/0 e[closed]/0 fd 6/6/-1 sock 6 cc -1)

debug2: set_control_persist_exit_time: schedule exit in 60 seconds
debug3: mux_client_read_packet: read header failed: Broken pipe
debug2: Received exit status from master 0
<<<

2020-03-03 12:26:02,830 p=11891 u=mark n=ansible |  11891 1583234762.83070: stdout chunk (state=3):
>>><<<

2020-03-03 12:26:02,832 p=11891 u=mark n=ansible | <ubuntu18-04> (0, b'/home/sudoall\n', b'OpenSSH_8.0p1, OpenSSL 1.1.1c FIPS  28 May 2019\r\ndebug1: Reading configuration data /etc/ssh/ssh_config\r\ndebug3: /etc/ssh/ssh_config line 51: Including file /etc/ssh/ssh_config.d/05-redhat.conf depth 0\r\ndebug1: Reading configuration data /etc/ssh/ssh_config.d/05-redhat.conf\r\ndebug2: checking match for \'final all\' host ubuntu18-04 originally ubuntu18-04\r\ndebug3: /etc/ssh/ssh_config.d/05-redhat.conf line 3: not matched \'final\'\r\ndebug2: match not found\r\ndebug3: /etc/ssh/ssh_config.d/05-redhat.conf line 5: Including file /etc/crypto-policies/back-ends/openssh.config depth 1 (parse only)\r\ndebug1: Reading configuration data /etc/crypto-policies/back-ends/openssh.config\r\ndebug3: gss kex names ok: [gss-gex-sha1-,gss-group14-sha1-]\r\ndebug3: kex names ok: [curve25519-sha256,curve25519-sha256@libssh.org,ecdh-sha2-nistp256,ecdh-sha2-nistp384,ecdh-sha2-nistp521,diffie-hellman-group-exchange-sha256,diffie-hellman-group14-sha256,diffie-hellman-group16-sha512,diffie-hellman-group18-sha512,diffie-hellman-group-exchange-sha1,diffie-hellman-group14-sha1]\r\ndebug1: configuration requests final Match pass\r\ndebug1: re-parsing configuration\r\ndebug1: Reading configuration data /etc/ssh/ssh_config\r\ndebug3: /etc/ssh/ssh_config line 51: Including file /etc/ssh/ssh_config.d/05-redhat.conf depth 0\r\ndebug1: Reading configuration data /etc/ssh/ssh_config.d/05-redhat.conf\r\ndebug2: checking match for \'final all\' host ubuntu18-04 originally ubuntu18-04\r\ndebug3: /etc/ssh/ssh_config.d/05-redhat.conf line 3: matched \'final\'\r\ndebug2: match found\r\ndebug3: /etc/ssh/ssh_config.d/05-redhat.conf line 5: Including file /etc/crypto-policies/back-ends/openssh.config depth 1\r\ndebug1: Reading configuration data /etc/crypto-policies/back-ends/openssh.config\r\ndebug3: gss kex names ok: [gss-gex-sha1-,gss-group14-sha1-]\r\ndebug3: kex names ok: [curve25519-sha256,curve25519-sha256@libssh.org,ecdh-sha2-nistp256,ecdh-sha2-nistp384,ecdh-sha2-nistp521,diffie-hellman-group-exchange-sha256,diffie-hellman-group14-sha256,diffie-hellman-group16-sha512,diffie-hellman-group18-sha512,diffie-hellman-group-exchange-sha1,diffie-hellman-group14-sha1]\r\ndebug1: auto-mux: Trying existing master\r\ndebug1: Control socket "/home/mark/.ansible/cp/7c2f29edb1" does not exist\r\ndebug2: resolving "ubuntu18-04" port 22\r\ndebug2: ssh_connect_direct\r\ndebug1: Connecting to ubuntu18-04 [10.80.80.150] port 22.\r\ndebug2: fd 4 setting O_NONBLOCK\r\ndebug1: fd 4 clearing O_NONBLOCK\r\ndebug1: Connection established.\r\ndebug3: timeout: 9990 ms remain after connect\r\ndebug1: identity file /home/mark/.ssh/id_rsa type 0\r\ndebug1: identity file /home/mark/.ssh/id_rsa-cert type -1\r\ndebug1: identity file /home/mark/.ssh/id_dsa type -1\r\ndebug1: identity file /home/mark/.ssh/id_dsa-cert type -1\r\ndebug1: identity file /home/mark/.ssh/id_ecdsa type -1\r\ndebug1: identity file /home/mark/.ssh/id_ecdsa-cert type -1\r\ndebug1: identity file /home/mark/.ssh/id_ed25519 type -1\r\ndebug1: identity file /home/mark/.ssh/id_ed25519-cert type -1\r\ndebug1: identity file /home/mark/.ssh/id_xmss type -1\r\ndebug1: identity file /home/mark/.ssh/id_xmss-cert type -1\r\ndebug1: Local version string SSH-2.0-OpenSSH_8.0\r\ndebug1: Remote protocol version 2.0, remote software version OpenSSH_7.6p1 Ubuntu-4ubuntu0.3\r\ndebug1: match: OpenSSH_7.6p1 Ubuntu-4ubuntu0.3 pat OpenSSH_7.0*,OpenSSH_7.1*,OpenSSH_7.2*,OpenSSH_7.3*,OpenSSH_7.4*,OpenSSH_7.5*,OpenSSH_7.6*,OpenSSH_7.7* compat 0x04000002\r\ndebug2: fd 4 setting O_NONBLOCK\r\ndebug1: Authenticating to ubuntu18-04:22 as \'sudoall\'\r\ndebug3: hostkeys_foreach: reading file "/home/mark/.ssh/known_hosts"\r\ndebug3: record_hostkey: found key type ECDSA in file /home/mark/.ssh/known_hosts:9\r\ndebug3: load_hostkeys: loaded 1 keys from ubuntu18-04\r\ndebug3: order_hostkeyalgs: prefer hostkeyalgs: ecdsa-sha2-nistp256-cert-v01@openssh.com,ecdsa-sha2-nistp384-cert-v01@openssh.com,ecdsa-sha2-nistp521-cert-v01@openssh.com,ecdsa-sha2-nistp256,ecdsa-sha2-nistp384,ecdsa-sha2-nistp521\r\ndebug3: send packet: type 20\r\ndebug1: SSH2_MSG_KEXINIT sent\r\ndebug3: receive packet: type 20\r\ndebug1: SSH2_MSG_KEXINIT received\r\ndebug2: local client KEXINIT proposal\r\ndebug2: KEX algorithms: curve25519-sha256,curve25519-sha256@libssh.org,ecdh-sha2-nistp256,ecdh-sha2-nistp384,ecdh-sha2-nistp521,diffie-hellman-group-exchange-sha256,diffie-hellman-group14-sha256,diffie-hellman-group16-sha512,diffie-hellman-group18-sha512,diffie-hellman-group-exchange-sha1,diffie-hellman-group14-sha1,ext-info-c\r\ndebug2: host key algorithms: ecdsa-sha2-nistp256-cert-v01@openssh.com,ecdsa-sha2-nistp384-cert-v01@openssh.com,ecdsa-sha2-nistp521-cert-v01@openssh.com,ecdsa-sha2-nistp256,ecdsa-sha2-nistp384,ecdsa-sha2-nistp521,ssh-ed25519-cert-v01@openssh.com,rsa-sha2-512-cert-v01@openssh.com,rsa-sha2-256-cert-v01@openssh.com,ssh-rsa-cert-v01@openssh.com,ssh-ed25519,rsa-sha2-512,rsa-sha2-256,ssh-rsa\r\ndebug2: ciphers ctos: aes256-gcm@openssh.com,chacha20-poly1305@openssh.com,aes256-ctr,aes256-cbc,aes128-gcm@openssh.com,aes128-ctr,aes128-cbc\r\ndebug2: ciphers stoc: aes256-gcm@openssh.com,chacha20-poly1305@openssh.com,aes256-ctr,aes256-cbc,aes128-gcm@openssh.com,aes128-ctr,aes128-cbc\r\ndebug2: MACs ctos: hmac-sha2-256-etm@openssh.com,hmac-sha1-etm@openssh.com,umac-128-etm@openssh.com,hmac-sha2-512-etm@openssh.com,hmac-sha2-256,hmac-sha1,umac-128@openssh.com,hmac-sha2-512\r\ndebug2: MACs stoc: hmac-sha2-256-etm@openssh.com,hmac-sha1-etm@openssh.com,umac-128-etm@openssh.com,hmac-sha2-512-etm@openssh.com,hmac-sha2-256,hmac-sha1,umac-128@openssh.com,hmac-sha2-512\r\ndebug2: compression ctos: zlib@openssh.com,zlib,none\r\ndebug2: compression stoc: zlib@openssh.com,zlib,none\r\ndebug2: languages ctos: \r\ndebug2: languages stoc: \r\ndebug2: first_kex_follows 0 \r\ndebug2: reserved 0 \r\ndebug2: peer server KEXINIT proposal\r\ndebug2: KEX algorithms: curve25519-sha256,curve25519-sha256@libssh.org,ecdh-sha2-nistp256,ecdh-sha2-nistp384,ecdh-sha2-nistp521,diffie-hellman-group-exchange-sha256,diffie-hellman-group16-sha512,diffie-hellman-group18-sha512,diffie-hellman-group14-sha256,diffie-hellman-group14-sha1\r\ndebug2: host key algorithms: ssh-rsa,rsa-sha2-512,rsa-sha2-256,ecdsa-sha2-nistp256,ssh-ed25519\r\ndebug2: ciphers ctos: chacha20-poly1305@openssh.com,aes128-ctr,aes192-ctr,aes256-ctr,aes128-gcm@openssh.com,aes256-gcm@openssh.com\r\ndebug2: ciphers stoc: chacha20-poly1305@openssh.com,aes128-ctr,aes192-ctr,aes256-ctr,aes128-gcm@openssh.com,aes256-gcm@openssh.com\r\ndebug2: MACs ctos: umac-64-etm@openssh.com,umac-128-etm@openssh.com,hmac-sha2-256-etm@openssh.com,hmac-sha2-512-etm@openssh.com,hmac-sha1-etm@openssh.com,umac-64@openssh.com,umac-128@openssh.com,hmac-sha2-256,hmac-sha2-512,hmac-sha1\r\ndebug2: MACs stoc: umac-64-etm@openssh.com,umac-128-etm@openssh.com,hmac-sha2-256-etm@openssh.com,hmac-sha2-512-etm@openssh.com,hmac-sha1-etm@openssh.com,umac-64@openssh.com,umac-128@openssh.com,hmac-sha2-256,hmac-sha2-512,hmac-sha1\r\ndebug2: compression ctos: none,zlib@openssh.com\r\ndebug2: compression stoc: none,zlib@openssh.com\r\ndebug2: languages ctos: \r\ndebug2: languages stoc: \r\ndebug2: first_kex_follows 0 \r\ndebug2: reserved 0 \r\ndebug1: kex: algorithm: curve25519-sha256\r\ndebug1: kex: host key algorithm: ecdsa-sha2-nistp256\r\ndebug1: kex: server->client cipher: aes256-gcm@openssh.com MAC: <implicit> compression: zlib@openssh.com\r\ndebug1: kex: client->server cipher: aes256-gcm@openssh.com MAC: <implicit> compression: zlib@openssh.com\r\ndebug1: kex: curve25519-sha256 need=32 dh_need=32\r\ndebug1: kex: curve25519-sha256 need=32 dh_need=32\r\ndebug3: send packet: type 30\r\ndebug1: expecting SSH2_MSG_KEX_ECDH_REPLY\r\ndebug3: receive packet: type 31\r\ndebug1: Server host key: ecdsa-sha2-nistp256 SHA256:YVasYPBsmsdDIfnIH56QYo2Z/h3CwvvSY7Z1MGH5Iok\r\ndebug3: hostkeys_foreach: reading file "/home/mark/.ssh/known_hosts"\r\ndebug3: record_hostkey: found key type ECDSA in file /home/mark/.ssh/known_hosts:9\r\ndebug3: load_hostkeys: loaded 1 keys from ubuntu18-04\r\ndebug3: hostkeys_foreach: reading file "/home/mark/.ssh/known_hosts"\r\ndebug3: record_hostkey: found key type ECDSA in file /home/mark/.ssh/known_hosts:8\r\ndebug3: load_hostkeys: loaded 1 keys from 10.80.80.150\r\ndebug1: Host \'ubuntu18-04\' is known and matches the ECDSA host key.\r\ndebug1: Found key in /home/mark/.ssh/known_hosts:9\r\ndebug3: send packet: type 21\r\ndebug2: set_newkeys: mode 1\r\ndebug1: rekey out after 4294967296 blocks\r\ndebug1: SSH2_MSG_NEWKEYS sent\r\ndebug1: expecting SSH2_MSG_NEWKEYS\r\ndebug3: receive packet: type 21\r\ndebug1: SSH2_MSG_NEWKEYS received\r\ndebug2: set_newkeys: mode 0\r\ndebug1: rekey in after 4294967296 blocks\r\ndebug1: Will attempt key: /home/mark/.ssh/id_rsa RSA SHA256:aUPgboo2qcZ7/3oRAQls/UxXvd8kP+xi/72G/L4HSlQ\r\ndebug1: Will attempt key: /home/mark/.ssh/id_dsa \r\ndebug1: Will attempt key: /home/mark/.ssh/id_ecdsa \r\ndebug1: Will attempt key: /home/mark/.ssh/id_ed25519 \r\ndebug1: Will attempt key: /home/mark/.ssh/id_xmss \r\ndebug2: pubkey_prepare: done\r\ndebug3: send packet: type 5\r\ndebug3: receive packet: type 7\r\ndebug1: SSH2_MSG_EXT_INFO received\r\ndebug1: kex_input_ext_info: server-sig-algs=<ssh-ed25519,ssh-rsa,rsa-sha2-256,rsa-sha2-512,ssh-dss,ecdsa-sha2-nistp256,ecdsa-sha2-nistp384,ecdsa-sha2-nistp521>\r\ndebug3: receive packet: type 6\r\ndebug2: service_accept: ssh-userauth\r\ndebug1: SSH2_MSG_SERVICE_ACCEPT received\r\ndebug3: send packet: type 50\r\ndebug3: receive packet: type 51\r\ndebug1: Authentications that can continue: publickey,password\r\ndebug3: start over, passed a different list publickey,password\r\ndebug3: preferred gssapi-with-mic,gssapi-keyex,hostbased,publickey\r\ndebug3: authmethod_lookup publickey\r\ndebug3: remaining preferred: ,gssapi-keyex,hostbased,publickey\r\ndebug3: authmethod_is_enabled publickey\r\ndebug1: Next authentication method: publickey\r\ndebug1: Offering public key: /home/mark/.ssh/id_rsa RSA SHA256:aUPgboo2qcZ7/3oRAQls/UxXvd8kP+xi/72G/L4HSlQ\r\ndebug3: send packet: type 50\r\ndebug2: we sent a publickey packet, wait for reply\r\ndebug3: receive packet: type 60\r\ndebug1: Server accepts key: /home/mark/.ssh/id_rsa RSA SHA256:aUPgboo2qcZ7/3oRAQls/UxXvd8kP+xi/72G/L4HSlQ\r\ndebug3: sign_and_send_pubkey: RSA SHA256:aUPgboo2qcZ7/3oRAQls/UxXvd8kP+xi/72G/L4HSlQ\r\ndebug3: sign_and_send_pubkey: signing using rsa-sha2-256\r\ndebug3: send packet: type 50\r\ndebug3: receive packet: type 52\r\ndebug1: Enabling compression at level 6.\r\ndebug1: Authentication succeeded (publickey).\r\nAuthenticated to ubuntu18-04 ([10.80.80.150]:22).\r\ndebug1: setting up multiplex master socket\r\ndebug3: muxserver_listen: temporary control path /home/mark/.ansible/cp/7c2f29edb1.qh6HrQVMjfSv9ulC\r\ndebug2: fd 5 setting O_NONBLOCK\r\ndebug3: fd 5 is O_NONBLOCK\r\ndebug3: fd 5 is O_NONBLOCK\r\ndebug1: channel 0: new [/home/mark/.ansible/cp/7c2f29edb1]\r\ndebug3: muxserver_listen: mux listener channel 0 fd 5\r\ndebug2: fd 4 setting TCP_NODELAY\r\ndebug3: ssh_packet_set_tos: set IP_TOS 0x20\r\ndebug1: control_persist_detach: backgrounding master process\r\ndebug2: control_persist_detach: background process is 11893\r\ndebug2: fd 5 setting O_NONBLOCK\r\ndebug1: forking to background\r\ndebug1: Entering interactive session.\r\ndebug1: pledge: id\r\ndebug2: set_control_persist_exit_time: schedule exit in 60 seconds\r\ndebug1: multiplexing control connection\r\ndebug2: fd 6 setting O_NONBLOCK\r\ndebug3: fd 6 is O_NONBLOCK\r\ndebug1: channel 1: new [mux-control]\r\ndebug3: channel_post_mux_listener: new mux channel 1 fd 6\r\ndebug3: mux_master_read_cb: channel 1: hello sent\r\ndebug2: set_control_persist_exit_time: cancel scheduled exit\r\ndebug3: mux_master_read_cb: channel 1 packet type 0x00000001 len 4\r\ndebug2: mux_master_process_hello: channel 1 slave version 4\r\ndebug2: mux_client_hello_exchange: master version 4\r\ndebug3: mux_client_forwards: request forwardings: 0 local, 0 remote\r\ndebug3: mux_client_request_session: entering\r\ndebug3: mux_client_request_alive: entering\r\ndebug3: mux_master_read_cb: channel 1 packet type 0x10000004 len 4\r\ndebug2: mux_master_process_alive_check: channel 1: alive check\r\ndebug3: mux_client_request_alive: done pid = 11895\r\ndebug3: mux_client_request_session: session request sent\r\ndebug3: mux_master_read_cb: channel 1 packet type 0x10000002 len 107\r\ndebug2: mux_master_process_new_session: channel 1: request tty 0, X 0, agent 0, subsys 0, term "xterm-256color", cmd "/bin/sh -c \'echo ~sudoall && sleep 0\'", env 1\r\ndebug3: mux_master_process_new_session: got fds stdin 7, stdout 8, stderr 9\r\ndebug2: fd 8 setting O_NONBLOCK\r\ndebug2: fd 9 setting O_NONBLOCK\r\ndebug1: channel 2: new [client-session]\r\ndebug2: mux_master_process_new_session: channel_new: 2 linked to control channel 1\r\ndebug2: channel 2: send open\r\ndebug3: send packet: type 90\r\ndebug3: receive packet: type 80\r\ndebug1: client_input_global_request: rtype hostkeys-00@openssh.com want_reply 0\r\ndebug3: receive packet: type 91\r\ndebug2: channel_input_open_confirmation: channel 2: callback start\r\ndebug2: client_session2_setup: id 2\r\ndebug1: Sending environment.\r\ndebug1: Sending env LANG = en_US.UTF-8\r\ndebug2: channel 2: request env confirm 0\r\ndebug3: send packet: type 98\r\ndebug1: Sending command: /bin/sh -c \'echo ~sudoall && sleep 0\'\r\ndebug2: channel 2: request exec confirm 1\r\ndebug3: send packet: type 98\r\ndebug3: mux_session_confirm: sending success reply\r\ndebug2: channel_input_open_confirmation: channel 2: callback done\r\ndebug2: channel 2: open confirm rwindow 0 rmax 32768\r\ndebug2: channel 2: rcvd adjust 2097152\r\ndebug3: receive packet: type 99\r\ndebug2: channel_input_status_confirm: type 99 id 2\r\ndebug2: exec request accepted on channel 2\r\ndebug3: receive packet: type 98\r\ndebug1: client_input_channel_req: channel 2 rtype exit-status reply 0\r\ndebug3: mux_exit_message: channel 2: exit message, exitval 0\r\ndebug3: receive packet: type 98\r\ndebug1: client_input_channel_req: channel 2 rtype eow@openssh.com reply 0\r\ndebug2: channel 2: rcvd eow\r\ndebug2: channel 2: chan_shutdown_read (i0 o0 sock -1 wfd 7 efd 9 [write])\r\ndebug2: channel 2: input open -> closed\r\ndebug3: receive packet: type 96\r\ndebug2: channel 2: rcvd eof\r\ndebug2: channel 2: output open -> drain\r\ndebug2: channel 2: obuf empty\r\ndebug2: channel 2: chan_shutdown_write (i3 o1 sock -1 wfd 8 efd 9 [write])\r\ndebug2: channel 2: output drain -> closed\r\ndebug3: receive packet: type 97\r\ndebug2: channel 2: rcvd close\r\ndebug3: channel 2: will not send data after close\r\ndebug2: channel 2: send close\r\ndebug3: send packet: type 97\r\ndebug2: channel 2: is dead\r\ndebug2: channel 2: gc: notify user\r\ndebug3: mux_master_session_cleanup_cb: entering for channel 2\r\ndebug2: channel 1: rcvd close\r\ndebug2: channel 1: output open -> drain\r\ndebug2: channel 1: chan_shutdown_read (i0 o1 sock 6 wfd 6 efd -1 [closed])\r\ndebug2: channel 1: input open -> closed\r\ndebug2: channel 2: gc: user detached\r\ndebug2: channel 2: is dead\r\ndebug2: channel 2: garbage collecting\r\ndebug1: channel 2: free: client-session, nchannels 3\r\ndebug3: channel 2: status: The following connections are open:\r\n  #1 mux-control (t16 nr0 i3/0 o1/16 e[closed]/0 fd 6/6/-1 sock 6 cc -1)\r\n  #2 client-session (t4 r0 i3/0 o3/0 e[write]/0 fd -1/-1/9 sock -1 cc -1)\r\n\r\ndebug2: channel 1: obuf empty\r\ndebug2: channel 1: chan_shutdown_write (i3 o1 sock 6 wfd 6 efd -1 [closed])\r\ndebug2: channel 1: output drain -> closed\r\ndebug2: channel 1: is dead (local)\r\ndebug2: channel 1: gc: notify user\r\ndebug3: mux_master_control_cleanup_cb: entering for channel 1\r\ndebug2: channel 1: gc: user detached\r\ndebug2: channel 1: is dead (local)\r\ndebug2: channel 1: garbage collecting\r\ndebug1: channel 1: free: mux-control, nchannels 2\r\ndebug3: channel 1: status: The following connections are open:\r\n  #1 mux-control (t16 nr0 i3/0 o3/0 e[closed]/0 fd 6/6/-1 sock 6 cc -1)\r\n\r\ndebug2: set_control_persist_exit_time: schedule exit in 60 seconds\r\ndebug3: mux_client_read_packet: read header failed: Broken pipe\r\ndebug2: Received exit status from master 0\r\n')
2020-03-03 12:26:02,833 p=11891 u=mark n=ansible |  11891 1583234762.83268: _low_level_execute_command() done: rc=0, stdout=/home/sudoall
, stderr=OpenSSH_8.0p1, OpenSSL 1.1.1c FIPS  28 May 2019
debug1: Reading configuration data /etc/ssh/ssh_config
debug3: /etc/ssh/ssh_config line 51: Including file /etc/ssh/ssh_config.d/05-redhat.conf depth 0
debug1: Reading configuration data /etc/ssh/ssh_config.d/05-redhat.conf
debug2: checking match for 'final all' host ubuntu18-04 originally ubuntu18-04
debug3: /etc/ssh/ssh_config.d/05-redhat.conf line 3: not matched 'final'
debug2: match not found
debug3: /etc/ssh/ssh_config.d/05-redhat.conf line 5: Including file /etc/crypto-policies/back-ends/openssh.config depth 1 (parse only)
debug1: Reading configuration data /etc/crypto-policies/back-ends/openssh.config
debug3: gss kex names ok: [gss-gex-sha1-,gss-group14-sha1-]
debug3: kex names ok: [curve25519-sha256,curve25519-sha256@libssh.org,ecdh-sha2-nistp256,ecdh-sha2-nistp384,ecdh-sha2-nistp521,diffie-hellman-group-exchange-sha256,diffie-hellman-group14-sha256,diffie-hellman-group16-sha512,diffie-hellman-group18-sha512,diffie-hellman-group-exchange-sha1,diffie-hellman-group14-sha1]
debug1: configuration requests final Match pass
debug1: re-parsing configuration
debug1: Reading configuration data /etc/ssh/ssh_config
debug3: /etc/ssh/ssh_config line 51: Including file /etc/ssh/ssh_config.d/05-redhat.conf depth 0
debug1: Reading configuration data /etc/ssh/ssh_config.d/05-redhat.conf
debug2: checking match for 'final all' host ubuntu18-04 originally ubuntu18-04
debug3: /etc/ssh/ssh_config.d/05-redhat.conf line 3: matched 'final'
debug2: match found
debug3: /etc/ssh/ssh_config.d/05-redhat.conf line 5: Including file /etc/crypto-policies/back-ends/openssh.config depth 1
debug1: Reading configuration data /etc/crypto-policies/back-ends/openssh.config
debug3: gss kex names ok: [gss-gex-sha1-,gss-group14-sha1-]
debug3: kex names ok: [curve25519-sha256,curve25519-sha256@libssh.org,ecdh-sha2-nistp256,ecdh-sha2-nistp384,ecdh-sha2-nistp521,diffie-hellman-group-exchange-sha256,diffie-hellman-group14-sha256,diffie-hellman-group16-sha512,diffie-hellman-group18-sha512,diffie-hellman-group-exchange-sha1,diffie-hellman-group14-sha1]
debug1: auto-mux: Trying existing master
debug1: Control socket "/home/mark/.ansible/cp/7c2f29edb1" does not exist
debug2: resolving "ubuntu18-04" port 22
debug2: ssh_connect_direct
debug1: Connecting to ubuntu18-04 [10.80.80.150] port 22.
debug2: fd 4 setting O_NONBLOCK
debug1: fd 4 clearing O_NONBLOCK
debug1: Connection established.
debug3: timeout: 9990 ms remain after connect
debug1: identity file /home/mark/.ssh/id_rsa type 0
debug1: identity file /home/mark/.ssh/id_rsa-cert type -1
debug1: identity file /home/mark/.ssh/id_dsa type -1
debug1: identity file /home/mark/.ssh/id_dsa-cert type -1
debug1: identity file /home/mark/.ssh/id_ecdsa type -1
debug1: identity file /home/mark/.ssh/id_ecdsa-cert type -1
debug1: identity file /home/mark/.ssh/id_ed25519 type -1
debug1: identity file /home/mark/.ssh/id_ed25519-cert type -1
debug1: identity file /home/mark/.ssh/id_xmss type -1
debug1: identity file /home/mark/.ssh/id_xmss-cert type -1
debug1: Local version string SSH-2.0-OpenSSH_8.0
debug1: Remote protocol version 2.0, remote software version OpenSSH_7.6p1 Ubuntu-4ubuntu0.3
debug1: match: OpenSSH_7.6p1 Ubuntu-4ubuntu0.3 pat OpenSSH_7.0*,OpenSSH_7.1*,OpenSSH_7.2*,OpenSSH_7.3*,OpenSSH_7.4*,OpenSSH_7.5*,OpenSSH_7.6*,OpenSSH_7.7* compat 0x04000002
debug2: fd 4 setting O_NONBLOCK
debug1: Authenticating to ubuntu18-04:22 as 'sudoall'
debug3: hostkeys_foreach: reading file "/home/mark/.ssh/known_hosts"
debug3: record_hostkey: found key type ECDSA in file /home/mark/.ssh/known_hosts:9
debug3: load_hostkeys: loaded 1 keys from ubuntu18-04
debug3: order_hostkeyalgs: prefer hostkeyalgs: ecdsa-sha2-nistp256-cert-v01@openssh.com,ecdsa-sha2-nistp384-cert-v01@openssh.com,ecdsa-sha2-nistp521-cert-v01@openssh.com,ecdsa-sha2-nistp256,ecdsa-sha2-nistp384,ecdsa-sha2-nistp521
debug3: send packet: type 20
debug1: SSH2_MSG_KEXINIT sent
debug3: receive packet: type 20
debug1: SSH2_MSG_KEXINIT received
debug2: local client KEXINIT proposal
debug2: KEX algorithms: curve25519-sha256,curve25519-sha256@libssh.org,ecdh-sha2-nistp256,ecdh-sha2-nistp384,ecdh-sha2-nistp521,diffie-hellman-group-exchange-sha256,diffie-hellman-group14-sha256,diffie-hellman-group16-sha512,diffie-hellman-group18-sha512,diffie-hellman-group-exchange-sha1,diffie-hellman-group14-sha1,ext-info-c
debug2: host key algorithms: ecdsa-sha2-nistp256-cert-v01@openssh.com,ecdsa-sha2-nistp384-cert-v01@openssh.com,ecdsa-sha2-nistp521-cert-v01@openssh.com,ecdsa-sha2-nistp256,ecdsa-sha2-nistp384,ecdsa-sha2-nistp521,ssh-ed25519-cert-v01@openssh.com,rsa-sha2-512-cert-v01@openssh.com,rsa-sha2-256-cert-v01@openssh.com,ssh-rsa-cert-v01@openssh.com,ssh-ed25519,rsa-sha2-512,rsa-sha2-256,ssh-rsa
debug2: ciphers ctos: aes256-gcm@openssh.com,chacha20-poly1305@openssh.com,aes256-ctr,aes256-cbc,aes128-gcm@openssh.com,aes128-ctr,aes128-cbc
debug2: ciphers stoc: aes256-gcm@openssh.com,chacha20-poly1305@openssh.com,aes256-ctr,aes256-cbc,aes128-gcm@openssh.com,aes128-ctr,aes128-cbc
debug2: MACs ctos: hmac-sha2-256-etm@openssh.com,hmac-sha1-etm@openssh.com,umac-128-etm@openssh.com,hmac-sha2-512-etm@openssh.com,hmac-sha2-256,hmac-sha1,umac-128@openssh.com,hmac-sha2-512
debug2: MACs stoc: hmac-sha2-256-etm@openssh.com,hmac-sha1-etm@openssh.com,umac-128-etm@openssh.com,hmac-sha2-512-etm@openssh.com,hmac-sha2-256,hmac-sha1,umac-128@openssh.com,hmac-sha2-512
debug2: compression ctos: zlib@openssh.com,zlib,none
debug2: compression stoc: zlib@openssh.com,zlib,none
debug2: languages ctos: 
debug2: languages stoc: 
debug2: first_kex_follows 0 
debug2: reserved 0 
debug2: peer server KEXINIT proposal
debug2: KEX algorithms: curve25519-sha256,curve25519-sha256@libssh.org,ecdh-sha2-nistp256,ecdh-sha2-nistp384,ecdh-sha2-nistp521,diffie-hellman-group-exchange-sha256,diffie-hellman-group16-sha512,diffie-hellman-group18-sha512,diffie-hellman-group14-sha256,diffie-hellman-group14-sha1
debug2: host key algorithms: ssh-rsa,rsa-sha2-512,rsa-sha2-256,ecdsa-sha2-nistp256,ssh-ed25519
debug2: ciphers ctos: chacha20-poly1305@openssh.com,aes128-ctr,aes192-ctr,aes256-ctr,aes128-gcm@openssh.com,aes256-gcm@openssh.com
debug2: ciphers stoc: chacha20-poly1305@openssh.com,aes128-ctr,aes192-ctr,aes256-ctr,aes128-gcm@openssh.com,aes256-gcm@openssh.com
debug2: MACs ctos: umac-64-etm@openssh.com,umac-128-etm@openssh.com,hmac-sha2-256-etm@openssh.com,hmac-sha2-512-etm@openssh.com,hmac-sha1-etm@openssh.com,umac-64@openssh.com,umac-128@openssh.com,hmac-sha2-256,hmac-sha2-512,hmac-sha1
debug2: MACs stoc: umac-64-etm@openssh.com,umac-128-etm@openssh.com,hmac-sha2-256-etm@openssh.com,hmac-sha2-512-etm@openssh.com,hmac-sha1-etm@openssh.com,umac-64@openssh.com,umac-128@openssh.com,hmac-sha2-256,hmac-sha2-512,hmac-sha1
debug2: compression ctos: none,zlib@openssh.com
debug2: compression stoc: none,zlib@openssh.com
debug2: languages ctos: 
debug2: languages stoc: 
debug2: first_kex_follows 0 
debug2: reserved 0 
debug1: kex: algorithm: curve25519-sha256
debug1: kex: host key algorithm: ecdsa-sha2-nistp256
debug1: kex: server->client cipher: aes256-gcm@openssh.com MAC: <implicit> compression: zlib@openssh.com
debug1: kex: client->server cipher: aes256-gcm@openssh.com MAC: <implicit> compression: zlib@openssh.com
debug1: kex: curve25519-sha256 need=32 dh_need=32
debug1: kex: curve25519-sha256 need=32 dh_need=32
debug3: send packet: type 30
debug1: expecting SSH2_MSG_KEX_ECDH_REPLY
debug3: receive packet: type 31
debug1: Server host key: ecdsa-sha2-nistp256 SHA256:YVasYPBsmsdDIfnIH56QYo2Z/h3CwvvSY7Z1MGH5Iok
debug3: hostkeys_foreach: reading file "/home/mark/.ssh/known_hosts"
debug3: record_hostkey: found key type ECDSA in file /home/mark/.ssh/known_hosts:9
debug3: load_hostkeys: loaded 1 keys from ubuntu18-04
debug3: hostkeys_foreach: reading file "/home/mark/.ssh/known_hosts"
debug3: record_hostkey: found key type ECDSA in file /home/mark/.ssh/known_hosts:8
debug3: load_hostkeys: loaded 1 keys from 10.80.80.150
debug1: Host 'ubuntu18-04' is known and matches the ECDSA host key.
debug1: Found key in /home/mark/.ssh/known_hosts:9
debug3: send packet: type 21
debug2: set_newkeys: mode 1
debug1: rekey out after 4294967296 blocks
debug1: SSH2_MSG_NEWKEYS sent
debug1: expecting SSH2_MSG_NEWKEYS
debug3: receive packet: type 21
debug1: SSH2_MSG_NEWKEYS received
debug2: set_newkeys: mode 0
debug1: rekey in after 4294967296 blocks
debug1: Will attempt key: /home/mark/.ssh/id_rsa RSA SHA256:aUPgboo2qcZ7/3oRAQls/UxXvd8kP+xi/72G/L4HSlQ
debug1: Will attempt key: /home/mark/.ssh/id_dsa 
debug1: Will attempt key: /home/mark/.ssh/id_ecdsa 
debug1: Will attempt key: /home/mark/.ssh/id_ed25519 
debug1: Will attempt key: /home/mark/.ssh/id_xmss 
debug2: pubkey_prepare: done
debug3: send packet: type 5
debug3: receive packet: type 7
debug1: SSH2_MSG_EXT_INFO received
debug1: kex_input_ext_info: server-sig-algs=<ssh-ed25519,ssh-rsa,rsa-sha2-256,rsa-sha2-512,ssh-dss,ecdsa-sha2-nistp256,ecdsa-sha2-nistp384,ecdsa-sha2-nistp521>
debug3: receive packet: type 6
debug2: service_accept: ssh-userauth
debug1: SSH2_MSG_SERVICE_ACCEPT received
debug3: send packet: type 50
debug3: receive packet: type 51
debug1: Authentications that can continue: publickey,password
debug3: start over, passed a different list publickey,password
debug3: preferred gssapi-with-mic,gssapi-keyex,hostbased,publickey
debug3: authmethod_lookup publickey
debug3: remaining preferred: ,gssapi-keyex,hostbased,publickey
debug3: authmethod_is_enabled publickey
debug1: Next authentication method: publickey
debug1: Offering public key: /home/mark/.ssh/id_rsa RSA SHA256:aUPgboo2qcZ7/3oRAQls/UxXvd8kP+xi/72G/L4HSlQ
debug3: send packet: type 50
debug2: we sent a publickey packet, wait for reply
debug3: receive packet: type 60
debug1: Server accepts key: /home/mark/.ssh/id_rsa RSA SHA256:aUPgboo2qcZ7/3oRAQls/UxXvd8kP+xi/72G/L4HSlQ
debug3: sign_and_send_pubkey: RSA SHA256:aUPgboo2qcZ7/3oRAQls/UxXvd8kP+xi/72G/L4HSlQ
debug3: sign_and_send_pubkey: signing using rsa-sha2-256
debug3: send packet: type 50
debug3: receive packet: type 52
debug1: Enabling compression at level 6.
debug1: Authentication succeeded (publickey).
Authenticated to ubuntu18-04 ([10.80.80.150]:22).
debug1: setting up multiplex master socket
debug3: muxserver_listen: temporary control path /home/mark/.ansible/cp/7c2f29edb1.qh6HrQVMjfSv9ulC
debug2: fd 5 setting O_NONBLOCK
debug3: fd 5 is O_NONBLOCK
debug3: fd 5 is O_NONBLOCK
debug1: channel 0: new [/home/mark/.ansible/cp/7c2f29edb1]
debug3: muxserver_listen: mux listener channel 0 fd 5
debug2: fd 4 setting TCP_NODELAY
debug3: ssh_packet_set_tos: set IP_TOS 0x20
debug1: control_persist_detach: backgrounding master process
debug2: control_persist_detach: background process is 11893
debug2: fd 5 setting O_NONBLOCK
debug1: forking to background
debug1: Entering interactive session.
debug1: pledge: id
debug2: set_control_persist_exit_time: schedule exit in 60 seconds
debug1: multiplexing control connection
debug2: fd 6 setting O_NONBLOCK
debug3: fd 6 is O_NONBLOCK
debug1: channel 1: new [mux-control]
debug3: channel_post_mux_listener: new mux channel 1 fd 6
debug3: mux_master_read_cb: channel 1: hello sent
debug2: set_control_persist_exit_time: cancel scheduled exit
debug3: mux_master_read_cb: channel 1 packet type 0x00000001 len 4
debug2: mux_master_process_hello: channel 1 slave version 4
debug2: mux_client_hello_exchange: master version 4
debug3: mux_client_forwards: request forwardings: 0 local, 0 remote
debug3: mux_client_request_session: entering
debug3: mux_client_request_alive: entering
debug3: mux_master_read_cb: channel 1 packet type 0x10000004 len 4
debug2: mux_master_process_alive_check: channel 1: alive check
debug3: mux_client_request_alive: done pid = 11895
debug3: mux_client_request_session: session request sent
debug3: mux_master_read_cb: channel 1 packet type 0x10000002 len 107
debug2: mux_master_process_new_session: channel 1: request tty 0, X 0, agent 0, subsys 0, term "xterm-256color", cmd "/bin/sh -c 'echo ~sudoall && sleep 0'", env 1
debug3: mux_master_process_new_session: got fds stdin 7, stdout 8, stderr 9
debug2: fd 8 setting O_NONBLOCK
debug2: fd 9 setting O_NONBLOCK
debug1: channel 2: new [client-session]
debug2: mux_master_process_new_session: channel_new: 2 linked to control channel 1
debug2: channel 2: send open
debug3: send packet: type 90
debug3: receive packet: type 80
debug1: client_input_global_request: rtype hostkeys-00@openssh.com want_reply 0
debug3: receive packet: type 91
debug2: channel_input_open_confirmation: channel 2: callback start
debug2: client_session2_setup: id 2
debug1: Sending environment.
debug1: Sending env LANG = en_US.UTF-8
debug2: channel 2: request env confirm 0
debug3: send packet: type 98
debug1: Sending command: /bin/sh -c 'echo ~sudoall && sleep 0'
debug2: channel 2: request exec confirm 1
debug3: send packet: type 98
debug3: mux_session_confirm: sending success reply
debug2: channel_input_open_confirmation: channel 2: callback done
debug2: channel 2: open confirm rwindow 0 rmax 32768
debug2: channel 2: rcvd adjust 2097152
debug3: receive packet: type 99
debug2: channel_input_status_confirm: type 99 id 2
debug2: exec request accepted on channel 2
debug3: receive packet: type 98
debug1: client_input_channel_req: channel 2 rtype exit-status reply 0
debug3: mux_exit_message: channel 2: exit message, exitval 0
debug3: receive packet: type 98
debug1: client_input_channel_req: channel 2 rtype eow@openssh.com reply 0
debug2: channel 2: rcvd eow
debug2: channel 2: chan_shutdown_read (i0 o0 sock -1 wfd 7 efd 9 [write])
debug2: channel 2: input open -> closed
debug3: receive packet: type 96
debug2: channel 2: rcvd eof
debug2: channel 2: output open -> drain
debug2: channel 2: obuf empty
debug2: channel 2: chan_shutdown_write (i3 o1 sock -1 wfd 8 efd 9 [write])
debug2: channel 2: output drain -> closed
debug3: receive packet: type 97
debug2: channel 2: rcvd close
debug3: channel 2: will not send data after close
debug2: channel 2: send close
debug3: send packet: type 97
debug2: channel 2: is dead
debug2: channel 2: gc: notify user
debug3: mux_master_session_cleanup_cb: entering for channel 2
debug2: channel 1: rcvd close
debug2: channel 1: output open -> drain
debug2: channel 1: chan_shutdown_read (i0 o1 sock 6 wfd 6 efd -1 [closed])
debug2: channel 1: input open -> closed
debug2: channel 2: gc: user detached
debug2: channel 2: is dead
debug2: channel 2: garbage collecting
debug1: channel 2: free: client-session, nchannels 3
debug3: channel 2: status: The following connections are open:
  #1 mux-control (t16 nr0 i3/0 o1/16 e[closed]/0 fd 6/6/-1 sock 6 cc -1)
  #2 client-session (t4 r0 i3/0 o3/0 e[write]/0 fd -1/-1/9 sock -1 cc -1)

debug2: channel 1: obuf empty
debug2: channel 1: chan_shutdown_write (i3 o1 sock 6 wfd 6 efd -1 [closed])
debug2: channel 1: output drain -> closed
debug2: channel 1: is dead (local)
debug2: channel 1: gc: notify user
debug3: mux_master_control_cleanup_cb: entering for channel 1
debug2: channel 1: gc: user detached
debug2: channel 1: is dead (local)
debug2: channel 1: garbage collecting
debug1: channel 1: free: mux-control, nchannels 2
debug3: channel 1: status: The following connections are open:
  #1 mux-control (t16 nr0 i3/0 o3/0 e[closed]/0 fd 6/6/-1 sock 6 cc -1)

debug2: set_control_persist_exit_time: schedule exit in 60 seconds
debug3: mux_client_read_packet: read header failed: Broken pipe
debug2: Received exit status from master 0

2020-03-03 12:26:02,834 p=11891 u=mark n=ansible |  11891 1583234762.83421: _low_level_execute_command(): starting
2020-03-03 12:26:02,834 p=11891 u=mark n=ansible |  11891 1583234762.83472: _low_level_execute_command(): executing: /bin/sh -c '( umask 77 && mkdir -p "` echo /home/sudoall/.ansible/tmp/ansible-tmp-1583234762.000161-180769244376123 `" && echo ansible-tmp-1583234762.000161-180769244376123="` echo /home/sudoall/.ansible/tmp/ansible-tmp-1583234762.000161-180769244376123 `" ) && sleep 0'
2020-03-03 12:26:02,835 p=11891 u=mark n=ansible | <ubuntu18-04> ESTABLISH SSH CONNECTION FOR USER: sudoall
2020-03-03 12:26:02,837 p=11891 u=mark n=ansible | <ubuntu18-04> SSH: EXEC ssh -vvv -C -o ControlMaster=auto -o ControlPersist=60s -o StrictHostKeyChecking=no -o KbdInteractiveAuthentication=no -o PreferredAuthentications=gssapi-with-mic,gssapi-keyex,hostbased,publickey -o PasswordAuthentication=no -o 'User="sudoall"' -o ConnectTimeout=10 -o ControlPath=/home/mark/.ansible/cp/7c2f29edb1 ubuntu18-04 '/bin/sh -c '"'"'( umask 77 && mkdir -p "` echo /home/sudoall/.ansible/tmp/ansible-tmp-1583234762.000161-180769244376123 `" && echo ansible-tmp-1583234762.000161-180769244376123="` echo /home/sudoall/.ansible/tmp/ansible-tmp-1583234762.000161-180769244376123 `" ) && sleep 0'"'"''
2020-03-03 12:26:02,845 p=11891 u=mark n=ansible |  11891 1583234762.84549: stderr chunk (state=2):
>>>OpenSSH_8.0p1, OpenSSL 1.1.1c FIPS  28 May 2019
debug1: Reading configuration data /etc/ssh/ssh_config
debug3: /etc/ssh/ssh_config line 51: Including file /etc/ssh/ssh_config.d/05-redhat.conf depth 0
debug1: Reading configuration data /etc/ssh/ssh_config.d/05-redhat.conf
<<<

2020-03-03 12:26:02,846 p=11891 u=mark n=ansible |  11891 1583234762.84652: stderr chunk (state=3):
>>>debug2: checking match for 'final all' host ubuntu18-04 originally ubuntu18-04
debug3: /etc/ssh/ssh_config.d/05-redhat.conf line 3: not matched 'final'
debug2: match not found
debug3: /etc/ssh/ssh_config.d/05-redhat.conf line 5: Including file /etc/crypto-policies/back-ends/openssh.config depth 1 (parse only)
debug1: Reading configuration data /etc/crypto-policies/back-ends/openssh.config
debug3: gss kex names ok: [gss-gex-sha1-,gss-group14-sha1-]
debug3: kex names ok: [curve25519-sha256,curve25519-sha256@libssh.org,ecdh-sha2-nistp256,ecdh-sha2-nistp384,ecdh-sha2-nistp521,diffie-hellman-group-exchange-sha256,diffie-hellman-group14-sha256,diffie-hellman-group16-sha512,diffie-hellman-group18-sha512,diffie-hellman-group-exchange-sha1,diffie-hellman-group14-sha1]
debug1: configuration requests final Match pass
debug1: re-parsing configuration
debug1: Reading configuration data /etc/ssh/ssh_config
debug3: /etc/ssh/ssh_config line 51: Including file /etc/ssh/ssh_config.d/05-redhat.conf depth 0
debug1: Reading configuration data /etc/ssh/ssh_config.d/05-redhat.conf
debug2: checking match for 'final all' host ubuntu18-04 originally ubuntu18-04
debug3: /etc/ssh/ssh_config.d/05-redhat.conf line 3: matched 'final'
debug2: match found
debug3: /etc/ssh/ssh_config.d/05-redhat.conf line 5: Including file /etc/crypto-policies/back-ends/openssh.config depth 1
debug1: Reading configuration data /etc/crypto-policies/back-ends/openssh.config
debug3: gss kex names ok: [gss-gex-sha1-,gss-group14-sha1-]
debug3: kex names ok: [curve25519-sha256,curve25519-sha256@libssh.org,ecdh-sha2-nistp256,ecdh-sha2-nistp384,ecdh-sha2-nistp521,diffie-hellman-group-exchange-sha256,diffie-hellman-group14-sha256,diffie-hellman-group16-sha512,diffie-hellman-group18-sha512,diffie-hellman-group-exchange-sha1,diffie-hellman-group14-sha1]
debug1: auto-mux: Trying existing master
debug2: fd 4 setting O_NONBLOCK
debug2: mux_client_hello_exchange: master version 4
debug3: mux_client_forwards: request forwardings: 0 local, 0 remote
debug3: mux_client_request_session: entering
debug3: mux_client_request_alive: entering
debug3: mux_client_request_alive: done pid = 11895
debug3: mux_client_request_session: session request sent
<<<

2020-03-03 12:26:02,856 p=11891 u=mark n=ansible |  11891 1583234762.85577: stdout chunk (state=3):
>>>ansible-tmp-1583234762.000161-180769244376123=/home/sudoall/.ansible/tmp/ansible-tmp-1583234762.000161-180769244376123
<<<

2020-03-03 12:26:02,858 p=11891 u=mark n=ansible |  11891 1583234762.85848: stderr chunk (state=3):
>>>debug3: mux_client_read_packet: read header failed: Broken pipe
debug2: Received exit status from master 0
<<<

2020-03-03 12:26:02,859 p=11891 u=mark n=ansible |  11891 1583234762.85925: stderr chunk (state=3):
>>><<<

2020-03-03 12:26:02,859 p=11891 u=mark n=ansible |  11891 1583234762.85984: stdout chunk (state=3):
>>><<<

2020-03-03 12:26:02,860 p=11891 u=mark n=ansible | <ubuntu18-04> (0, b'ansible-tmp-1583234762.000161-180769244376123=/home/sudoall/.ansible/tmp/ansible-tmp-1583234762.000161-180769244376123\n', b"OpenSSH_8.0p1, OpenSSL 1.1.1c FIPS  28 May 2019\r\ndebug1: Reading configuration data /etc/ssh/ssh_config\r\ndebug3: /etc/ssh/ssh_config line 51: Including file /etc/ssh/ssh_config.d/05-redhat.conf depth 0\r\ndebug1: Reading configuration data /etc/ssh/ssh_config.d/05-redhat.conf\r\ndebug2: checking match for 'final all' host ubuntu18-04 originally ubuntu18-04\r\ndebug3: /etc/ssh/ssh_config.d/05-redhat.conf line 3: not matched 'final'\r\ndebug2: match not found\r\ndebug3: /etc/ssh/ssh_config.d/05-redhat.conf line 5: Including file /etc/crypto-policies/back-ends/openssh.config depth 1 (parse only)\r\ndebug1: Reading configuration data /etc/crypto-policies/back-ends/openssh.config\r\ndebug3: gss kex names ok: [gss-gex-sha1-,gss-group14-sha1-]\r\ndebug3: kex names ok: [curve25519-sha256,curve25519-sha256@libssh.org,ecdh-sha2-nistp256,ecdh-sha2-nistp384,ecdh-sha2-nistp521,diffie-hellman-group-exchange-sha256,diffie-hellman-group14-sha256,diffie-hellman-group16-sha512,diffie-hellman-group18-sha512,diffie-hellman-group-exchange-sha1,diffie-hellman-group14-sha1]\r\ndebug1: configuration requests final Match pass\r\ndebug1: re-parsing configuration\r\ndebug1: Reading configuration data /etc/ssh/ssh_config\r\ndebug3: /etc/ssh/ssh_config line 51: Including file /etc/ssh/ssh_config.d/05-redhat.conf depth 0\r\ndebug1: Reading configuration data /etc/ssh/ssh_config.d/05-redhat.conf\r\ndebug2: checking match for 'final all' host ubuntu18-04 originally ubuntu18-04\r\ndebug3: /etc/ssh/ssh_config.d/05-redhat.conf line 3: matched 'final'\r\ndebug2: match found\r\ndebug3: /etc/ssh/ssh_config.d/05-redhat.conf line 5: Including file /etc/crypto-policies/back-ends/openssh.config depth 1\r\ndebug1: Reading configuration data /etc/crypto-policies/back-ends/openssh.config\r\ndebug3: gss kex names ok: [gss-gex-sha1-,gss-group14-sha1-]\r\ndebug3: kex names ok: [curve25519-sha256,curve25519-sha256@libssh.org,ecdh-sha2-nistp256,ecdh-sha2-nistp384,ecdh-sha2-nistp521,diffie-hellman-group-exchange-sha256,diffie-hellman-group14-sha256,diffie-hellman-group16-sha512,diffie-hellman-group18-sha512,diffie-hellman-group-exchange-sha1,diffie-hellman-group14-sha1]\r\ndebug1: auto-mux: Trying existing master\r\ndebug2: fd 4 setting O_NONBLOCK\r\ndebug2: mux_client_hello_exchange: master version 4\r\ndebug3: mux_client_forwards: request forwardings: 0 local, 0 remote\r\ndebug3: mux_client_request_session: entering\r\ndebug3: mux_client_request_alive: entering\r\ndebug3: mux_client_request_alive: done pid = 11895\r\ndebug3: mux_client_request_session: session request sent\r\ndebug3: mux_client_read_packet: read header failed: Broken pipe\r\ndebug2: Received exit status from master 0\r\n")
2020-03-03 12:26:02,861 p=11891 u=mark n=ansible |  11891 1583234762.86095: _low_level_execute_command() done: rc=0, stdout=ansible-tmp-1583234762.000161-180769244376123=/home/sudoall/.ansible/tmp/ansible-tmp-1583234762.000161-180769244376123
, stderr=OpenSSH_8.0p1, OpenSSL 1.1.1c FIPS  28 May 2019
debug1: Reading configuration data /etc/ssh/ssh_config
debug3: /etc/ssh/ssh_config line 51: Including file /etc/ssh/ssh_config.d/05-redhat.conf depth 0
debug1: Reading configuration data /etc/ssh/ssh_config.d/05-redhat.conf
debug2: checking match for 'final all' host ubuntu18-04 originally ubuntu18-04
debug3: /etc/ssh/ssh_config.d/05-redhat.conf line 3: not matched 'final'
debug2: match not found
debug3: /etc/ssh/ssh_config.d/05-redhat.conf line 5: Including file /etc/crypto-policies/back-ends/openssh.config depth 1 (parse only)
debug1: Reading configuration data /etc/crypto-policies/back-ends/openssh.config
debug3: gss kex names ok: [gss-gex-sha1-,gss-group14-sha1-]
debug3: kex names ok: [curve25519-sha256,curve25519-sha256@libssh.org,ecdh-sha2-nistp256,ecdh-sha2-nistp384,ecdh-sha2-nistp521,diffie-hellman-group-exchange-sha256,diffie-hellman-group14-sha256,diffie-hellman-group16-sha512,diffie-hellman-group18-sha512,diffie-hellman-group-exchange-sha1,diffie-hellman-group14-sha1]
debug1: configuration requests final Match pass
debug1: re-parsing configuration
debug1: Reading configuration data /etc/ssh/ssh_config
debug3: /etc/ssh/ssh_config line 51: Including file /etc/ssh/ssh_config.d/05-redhat.conf depth 0
debug1: Reading configuration data /etc/ssh/ssh_config.d/05-redhat.conf
debug2: checking match for 'final all' host ubuntu18-04 originally ubuntu18-04
debug3: /etc/ssh/ssh_config.d/05-redhat.conf line 3: matched 'final'
debug2: match found
debug3: /etc/ssh/ssh_config.d/05-redhat.conf line 5: Including file /etc/crypto-policies/back-ends/openssh.config depth 1
debug1: Reading configuration data /etc/crypto-policies/back-ends/openssh.config
debug3: gss kex names ok: [gss-gex-sha1-,gss-group14-sha1-]
debug3: kex names ok: [curve25519-sha256,curve25519-sha256@libssh.org,ecdh-sha2-nistp256,ecdh-sha2-nistp384,ecdh-sha2-nistp521,diffie-hellman-group-exchange-sha256,diffie-hellman-group14-sha256,diffie-hellman-group16-sha512,diffie-hellman-group18-sha512,diffie-hellman-group-exchange-sha1,diffie-hellman-group14-sha1]
debug1: auto-mux: Trying existing master
debug2: fd 4 setting O_NONBLOCK
debug2: mux_client_hello_exchange: master version 4
debug3: mux_client_forwards: request forwardings: 0 local, 0 remote
debug3: mux_client_request_session: entering
debug3: mux_client_request_alive: entering
debug3: mux_client_request_alive: done pid = 11895
debug3: mux_client_request_session: session request sent
debug3: mux_client_read_packet: read header failed: Broken pipe
debug2: Received exit status from master 0

2020-03-03 12:26:02,912 p=11891 u=mark n=ansible |  11891 1583234762.91240: trying /usr/share/ansible/plugins/modules
2020-03-03 12:26:02,912 p=11891 u=mark n=ansible |  11891 1583234762.91281: trying /usr/lib/python3.6/site-packages/ansible/modules
2020-03-03 12:26:02,913 p=11891 u=mark n=ansible |  11891 1583234762.91335: trying /usr/lib/python3.6/site-packages/ansible/modules/__pycache__
2020-03-03 12:26:02,913 p=11891 u=mark n=ansible |  11891 1583234762.91371: trying /usr/lib/python3.6/site-packages/ansible/modules/cloud
2020-03-03 12:26:02,914 p=11891 u=mark n=ansible |  11891 1583234762.91448: trying /usr/lib/python3.6/site-packages/ansible/modules/clustering
2020-03-03 12:26:02,915 p=11891 u=mark n=ansible |  11891 1583234762.91499: trying /usr/lib/python3.6/site-packages/ansible/modules/commands
2020-03-03 12:26:02,916 p=11891 u=mark n=ansible |  11891 1583234762.91605: ANSIBALLZ: using cached module: /home/mark/.ansible/tmp/ansible-local-11808ea7n9daf/ansiballz_cache/command-ZIP_DEFLATED
2020-03-03 12:26:02,917 p=11891 u=mark n=ansible | <ubuntu18-04> Attempting python interpreter discovery
2020-03-03 12:26:02,917 p=11891 u=mark n=ansible |  11891 1583234762.91726: _low_level_execute_command(): starting
2020-03-03 12:26:02,917 p=11891 u=mark n=ansible |  11891 1583234762.91760: _low_level_execute_command(): executing: /bin/sh -c 'echo PLATFORM; uname; echo FOUND; command -v '"'"'/usr/bin/python'"'"'; command -v '"'"'python3.7'"'"'; command -v '"'"'python3.6'"'"'; command -v '"'"'python3.5'"'"'; command -v '"'"'python2.7'"'"'; command -v '"'"'python2.6'"'"'; command -v '"'"'/usr/libexec/platform-python'"'"'; command -v '"'"'/usr/bin/python3'"'"'; command -v '"'"'python'"'"'; echo ENDFOUND && sleep 0'
2020-03-03 12:26:02,917 p=11891 u=mark n=ansible | <ubuntu18-04> ESTABLISH SSH CONNECTION FOR USER: sudoall
2020-03-03 12:26:02,919 p=11891 u=mark n=ansible | <ubuntu18-04> SSH: EXEC ssh -vvv -C -o ControlMaster=auto -o ControlPersist=60s -o StrictHostKeyChecking=no -o KbdInteractiveAuthentication=no -o PreferredAuthentications=gssapi-with-mic,gssapi-keyex,hostbased,publickey -o PasswordAuthentication=no -o 'User="sudoall"' -o ConnectTimeout=10 -o ControlPath=/home/mark/.ansible/cp/7c2f29edb1 ubuntu18-04 '/bin/sh -c '"'"'echo PLATFORM; uname; echo FOUND; command -v '"'"'"'"'"'"'"'"'/usr/bin/python'"'"'"'"'"'"'"'"'; command -v '"'"'"'"'"'"'"'"'python3.7'"'"'"'"'"'"'"'"'; command -v '"'"'"'"'"'"'"'"'python3.6'"'"'"'"'"'"'"'"'; command -v '"'"'"'"'"'"'"'"'python3.5'"'"'"'"'"'"'"'"'; command -v '"'"'"'"'"'"'"'"'python2.7'"'"'"'"'"'"'"'"'; command -v '"'"'"'"'"'"'"'"'python2.6'"'"'"'"'"'"'"'"'; command -v '"'"'"'"'"'"'"'"'/usr/libexec/platform-python'"'"'"'"'"'"'"'"'; command -v '"'"'"'"'"'"'"'"'/usr/bin/python3'"'"'"'"'"'"'"'"'; command -v '"'"'"'"'"'"'"'"'python'"'"'"'"'"'"'"'"'; echo ENDFOUND && sleep 0'"'"''
2020-03-03 12:26:02,932 p=11891 u=mark n=ansible |  11891 1583234762.93246: stderr chunk (state=2):
>>>OpenSSH_8.0p1, OpenSSL 1.1.1c FIPS  28 May 2019
debug1: Reading configuration data /etc/ssh/ssh_config
debug3: /etc/ssh/ssh_config line 51: Including file /etc/ssh/ssh_config.d/05-redhat.conf depth 0
debug1: Reading configuration data /etc/ssh/ssh_config.d/05-redhat.conf
<<<

2020-03-03 12:26:02,933 p=11891 u=mark n=ansible |  11891 1583234762.93325: stderr chunk (state=3):
>>>debug2: checking match for 'final all' host ubuntu18-04 originally ubuntu18-04
debug3: /etc/ssh/ssh_config.d/05-redhat.conf line 3: not matched 'final'
debug2: match not found
debug3: /etc/ssh/ssh_config.d/05-redhat.conf line 5: Including file /etc/crypto-policies/back-ends/openssh.config depth 1 (parse only)
debug1: Reading configuration data /etc/crypto-policies/back-ends/openssh.config
debug3: gss kex names ok: [gss-gex-sha1-,gss-group14-sha1-]
debug3: kex names ok: [curve25519-sha256,curve25519-sha256@libssh.org,ecdh-sha2-nistp256,ecdh-sha2-nistp384,ecdh-sha2-nistp521,diffie-hellman-group-exchange-sha256,diffie-hellman-group14-sha256,diffie-hellman-group16-sha512,diffie-hellman-group18-sha512,diffie-hellman-group-exchange-sha1,diffie-hellman-group14-sha1]
debug1: configuration requests final Match pass
debug1: re-parsing configuration
debug1: Reading configuration data /etc/ssh/ssh_config
debug3: /etc/ssh/ssh_config line 51: Including file /etc/ssh/ssh_config.d/05-redhat.conf depth 0
debug1: Reading configuration data /etc/ssh/ssh_config.d/05-redhat.conf
debug2: checking match for 'final all' host ubuntu18-04 originally ubuntu18-04
debug3: /etc/ssh/ssh_config.d/05-redhat.conf line 3: matched 'final'
debug2: match found
debug3: /etc/ssh/ssh_config.d/05-redhat.conf line 5: Including file /etc/crypto-policies/back-ends/openssh.config depth 1
debug1: Reading configuration data /etc/crypto-policies/back-ends/openssh.config
debug3: gss kex names ok: [gss-gex-sha1-,gss-group14-sha1-]
debug3: kex names ok: [curve25519-sha256,curve25519-sha256@libssh.org,ecdh-sha2-nistp256,ecdh-sha2-nistp384,ecdh-sha2-nistp521,diffie-hellman-group-exchange-sha256,diffie-hellman-group14-sha256,diffie-hellman-group16-sha512,diffie-hellman-group18-sha512,diffie-hellman-group-exchange-sha1,diffie-hellman-group14-sha1]
debug1: auto-mux: Trying existing master
debug2: fd 4 setting O_NONBLOCK
<<<

2020-03-03 12:26:02,933 p=11891 u=mark n=ansible |  11891 1583234762.93382: stderr chunk (state=3):
>>>debug2: mux_client_hello_exchange: master version 4
debug3: mux_client_forwards: request forwardings: 0 local, 0 remote
debug3: mux_client_request_session: entering
debug3: mux_client_request_alive: entering
debug3: mux_client_request_alive: done pid = 11895
debug3: mux_client_request_session: session request sent
<<<

2020-03-03 12:26:02,940 p=11891 u=mark n=ansible |  11891 1583234762.94050: stdout chunk (state=3):
>>>PLATFORM
<<<

2020-03-03 12:26:02,941 p=11891 u=mark n=ansible |  11891 1583234762.94166: stdout chunk (state=3):
>>>Linux
<<<

2020-03-03 12:26:02,942 p=11891 u=mark n=ansible |  11891 1583234762.94223: stdout chunk (state=3):
>>>FOUND
/usr/bin/python3.6
/usr/bin/python3
ENDFOUND
<<<

2020-03-03 12:26:02,945 p=11891 u=mark n=ansible |  11891 1583234762.94486: stderr chunk (state=3):
>>>debug3: mux_client_read_packet: read header failed: Broken pipe
debug2: Received exit status from master 0
<<<

2020-03-03 12:26:02,946 p=11891 u=mark n=ansible |  11891 1583234762.94580: stderr chunk (state=3):
>>><<<

2020-03-03 12:26:02,946 p=11891 u=mark n=ansible |  11891 1583234762.94633: stdout chunk (state=3):
>>><<<

2020-03-03 12:26:02,947 p=11891 u=mark n=ansible | <ubuntu18-04> (0, b'PLATFORM\nLinux\nFOUND\n/usr/bin/python3.6\n/usr/bin/python3\nENDFOUND\n', b"OpenSSH_8.0p1, OpenSSL 1.1.1c FIPS  28 May 2019\r\ndebug1: Reading configuration data /etc/ssh/ssh_config\r\ndebug3: /etc/ssh/ssh_config line 51: Including file /etc/ssh/ssh_config.d/05-redhat.conf depth 0\r\ndebug1: Reading configuration data /etc/ssh/ssh_config.d/05-redhat.conf\r\ndebug2: checking match for 'final all' host ubuntu18-04 originally ubuntu18-04\r\ndebug3: /etc/ssh/ssh_config.d/05-redhat.conf line 3: not matched 'final'\r\ndebug2: match not found\r\ndebug3: /etc/ssh/ssh_config.d/05-redhat.conf line 5: Including file /etc/crypto-policies/back-ends/openssh.config depth 1 (parse only)\r\ndebug1: Reading configuration data /etc/crypto-policies/back-ends/openssh.config\r\ndebug3: gss kex names ok: [gss-gex-sha1-,gss-group14-sha1-]\r\ndebug3: kex names ok: [curve25519-sha256,curve25519-sha256@libssh.org,ecdh-sha2-nistp256,ecdh-sha2-nistp384,ecdh-sha2-nistp521,diffie-hellman-group-exchange-sha256,diffie-hellman-group14-sha256,diffie-hellman-group16-sha512,diffie-hellman-group18-sha512,diffie-hellman-group-exchange-sha1,diffie-hellman-group14-sha1]\r\ndebug1: configuration requests final Match pass\r\ndebug1: re-parsing configuration\r\ndebug1: Reading configuration data /etc/ssh/ssh_config\r\ndebug3: /etc/ssh/ssh_config line 51: Including file /etc/ssh/ssh_config.d/05-redhat.conf depth 0\r\ndebug1: Reading configuration data /etc/ssh/ssh_config.d/05-redhat.conf\r\ndebug2: checking match for 'final all' host ubuntu18-04 originally ubuntu18-04\r\ndebug3: /etc/ssh/ssh_config.d/05-redhat.conf line 3: matched 'final'\r\ndebug2: match found\r\ndebug3: /etc/ssh/ssh_config.d/05-redhat.conf line 5: Including file /etc/crypto-policies/back-ends/openssh.config depth 1\r\ndebug1: Reading configuration data /etc/crypto-policies/back-ends/openssh.config\r\ndebug3: gss kex names ok: [gss-gex-sha1-,gss-group14-sha1-]\r\ndebug3: kex names ok: [curve25519-sha256,curve25519-sha256@libssh.org,ecdh-sha2-nistp256,ecdh-sha2-nistp384,ecdh-sha2-nistp521,diffie-hellman-group-exchange-sha256,diffie-hellman-group14-sha256,diffie-hellman-group16-sha512,diffie-hellman-group18-sha512,diffie-hellman-group-exchange-sha1,diffie-hellman-group14-sha1]\r\ndebug1: auto-mux: Trying existing master\r\ndebug2: fd 4 setting O_NONBLOCK\r\ndebug2: mux_client_hello_exchange: master version 4\r\ndebug3: mux_client_forwards: request forwardings: 0 local, 0 remote\r\ndebug3: mux_client_request_session: entering\r\ndebug3: mux_client_request_alive: entering\r\ndebug3: mux_client_request_alive: done pid = 11895\r\ndebug3: mux_client_request_session: session request sent\r\ndebug3: mux_client_read_packet: read header failed: Broken pipe\r\ndebug2: Received exit status from master 0\r\n")
2020-03-03 12:26:02,947 p=11891 u=mark n=ansible |  11891 1583234762.94726: _low_level_execute_command() done: rc=0, stdout=PLATFORM
Linux
FOUND
/usr/bin/python3.6
/usr/bin/python3
ENDFOUND
, stderr=OpenSSH_8.0p1, OpenSSL 1.1.1c FIPS  28 May 2019
debug1: Reading configuration data /etc/ssh/ssh_config
debug3: /etc/ssh/ssh_config line 51: Including file /etc/ssh/ssh_config.d/05-redhat.conf depth 0
debug1: Reading configuration data /etc/ssh/ssh_config.d/05-redhat.conf
debug2: checking match for 'final all' host ubuntu18-04 originally ubuntu18-04
debug3: /etc/ssh/ssh_config.d/05-redhat.conf line 3: not matched 'final'
debug2: match not found
debug3: /etc/ssh/ssh_config.d/05-redhat.conf line 5: Including file /etc/crypto-policies/back-ends/openssh.config depth 1 (parse only)
debug1: Reading configuration data /etc/crypto-policies/back-ends/openssh.config
debug3: gss kex names ok: [gss-gex-sha1-,gss-group14-sha1-]
debug3: kex names ok: [curve25519-sha256,curve25519-sha256@libssh.org,ecdh-sha2-nistp256,ecdh-sha2-nistp384,ecdh-sha2-nistp521,diffie-hellman-group-exchange-sha256,diffie-hellman-group14-sha256,diffie-hellman-group16-sha512,diffie-hellman-group18-sha512,diffie-hellman-group-exchange-sha1,diffie-hellman-group14-sha1]
debug1: configuration requests final Match pass
debug1: re-parsing configuration
debug1: Reading configuration data /etc/ssh/ssh_config
debug3: /etc/ssh/ssh_config line 51: Including file /etc/ssh/ssh_config.d/05-redhat.conf depth 0
debug1: Reading configuration data /etc/ssh/ssh_config.d/05-redhat.conf
debug2: checking match for 'final all' host ubuntu18-04 originally ubuntu18-04
debug3: /etc/ssh/ssh_config.d/05-redhat.conf line 3: matched 'final'
debug2: match found
debug3: /etc/ssh/ssh_config.d/05-redhat.conf line 5: Including file /etc/crypto-policies/back-ends/openssh.config depth 1
debug1: Reading configuration data /etc/crypto-policies/back-ends/openssh.config
debug3: gss kex names ok: [gss-gex-sha1-,gss-group14-sha1-]
debug3: kex names ok: [curve25519-sha256,curve25519-sha256@libssh.org,ecdh-sha2-nistp256,ecdh-sha2-nistp384,ecdh-sha2-nistp521,diffie-hellman-group-exchange-sha256,diffie-hellman-group14-sha256,diffie-hellman-group16-sha512,diffie-hellman-group18-sha512,diffie-hellman-group-exchange-sha1,diffie-hellman-group14-sha1]
debug1: auto-mux: Trying existing master
debug2: fd 4 setting O_NONBLOCK
debug2: mux_client_hello_exchange: master version 4
debug3: mux_client_forwards: request forwardings: 0 local, 0 remote
debug3: mux_client_request_session: entering
debug3: mux_client_request_alive: entering
debug3: mux_client_request_alive: done pid = 11895
debug3: mux_client_request_session: session request sent
debug3: mux_client_read_packet: read header failed: Broken pipe
debug2: Received exit status from master 0

2020-03-03 12:26:02,947 p=11891 u=mark n=ansible |  11891 1583234762.94771 [ubuntu18-04]: found interpreters: ['/usr/bin/python3.6', '/usr/bin/python3']
2020-03-03 12:26:02,948 p=11891 u=mark n=ansible |  11891 1583234762.94880: _low_level_execute_command(): starting
2020-03-03 12:26:02,949 p=11891 u=mark n=ansible |  11891 1583234762.94912: _low_level_execute_command(): executing: /bin/sh -c '/usr/bin/python3.6 && sleep 0'
2020-03-03 12:26:02,949 p=11891 u=mark n=ansible | <ubuntu18-04> ESTABLISH SSH CONNECTION FOR USER: sudoall
2020-03-03 12:26:02,950 p=11891 u=mark n=ansible | <ubuntu18-04> SSH: EXEC ssh -vvv -C -o ControlMaster=auto -o ControlPersist=60s -o StrictHostKeyChecking=no -o KbdInteractiveAuthentication=no -o PreferredAuthentications=gssapi-with-mic,gssapi-keyex,hostbased,publickey -o PasswordAuthentication=no -o 'User="sudoall"' -o ConnectTimeout=10 -o ControlPath=/home/mark/.ansible/cp/7c2f29edb1 ubuntu18-04 '/bin/sh -c '"'"'/usr/bin/python3.6 && sleep 0'"'"''
2020-03-03 12:26:02,955 p=11891 u=mark n=ansible |  11891 1583234762.95524: Sending initial data
2020-03-03 12:26:02,955 p=11891 u=mark n=ansible |  11891 1583234762.95575: Sent initial data (1234 bytes)
2020-03-03 12:26:02,963 p=11891 u=mark n=ansible |  11891 1583234762.96313: stderr chunk (state=3):
>>>OpenSSH_8.0p1, OpenSSL 1.1.1c FIPS  28 May 2019
debug1: Reading configuration data /etc/ssh/ssh_config
<<<

2020-03-03 12:26:02,963 p=11891 u=mark n=ansible |  11891 1583234762.96363: stderr chunk (state=3):
>>>debug3: /etc/ssh/ssh_config line 51: Including file /etc/ssh/ssh_config.d/05-redhat.conf depth 0
debug1: Reading configuration data /etc/ssh/ssh_config.d/05-redhat.conf
debug2: checking match for 'final all' host ubuntu18-04 originally ubuntu18-04
debug3: /etc/ssh/ssh_config.d/05-redhat.conf line 3: not matched 'final'
debug2: match not found
debug3: /etc/ssh/ssh_config.d/05-redhat.conf line 5: Including file /etc/crypto-policies/back-ends/openssh.config depth 1 (parse only)
debug1: Reading configuration data /etc/crypto-policies/back-ends/openssh.config
debug3: gss kex names ok: [gss-gex-sha1-,gss-group14-sha1-]
<<<

2020-03-03 12:26:02,963 p=11891 u=mark n=ansible |  11891 1583234762.96386: stderr chunk (state=3):
>>>debug3: kex names ok: [curve25519-sha256,curve25519-sha256@libssh.org,ecdh-sha2-nistp256,ecdh-sha2-nistp384,ecdh-sha2-nistp521,diffie-hellman-group-exchange-sha256,diffie-hellman-group14-sha256,diffie-hellman-group16-sha512,diffie-hellman-group18-sha512,diffie-hellman-group-exchange-sha1,diffie-hellman-group14-sha1]
debug1: configuration requests final Match pass
debug1: re-parsing configuration
debug1: Reading configuration data /etc/ssh/ssh_config
debug3: /etc/ssh/ssh_config line 51: Including file /etc/ssh/ssh_config.d/05-redhat.conf depth 0
debug1: Reading configuration data /etc/ssh/ssh_config.d/05-redhat.conf
debug2: checking match for 'final all' host ubuntu18-04 originally ubuntu18-04
debug3: /etc/ssh/ssh_config.d/05-redhat.conf line 3: matched 'final'
debug2: match found
debug3: /etc/ssh/ssh_config.d/05-redhat.conf line 5: Including file /etc/crypto-policies/back-ends/openssh.config depth 1
debug1: Reading configuration data /etc/crypto-policies/back-ends/openssh.config
debug3: gss kex names ok: [gss-gex-sha1-,gss-group14-sha1-]
<<<

2020-03-03 12:26:02,964 p=11891 u=mark n=ansible |  11891 1583234762.96404: stderr chunk (state=3):
>>>debug3: kex names ok: [curve25519-sha256,curve25519-sha256@libssh.org,ecdh-sha2-nistp256,ecdh-sha2-nistp384,ecdh-sha2-nistp521,diffie-hellman-group-exchange-sha256,diffie-hellman-group14-sha256,diffie-hellman-group16-sha512,diffie-hellman-group18-sha512,diffie-hellman-group-exchange-sha1,diffie-hellman-group14-sha1]
<<<

2020-03-03 12:26:02,964 p=11891 u=mark n=ansible |  11891 1583234762.96455: stderr chunk (state=3):
>>>debug1: auto-mux: Trying existing master
debug2: fd 4 setting O_NONBLOCK
debug2: mux_client_hello_exchange: master version 4
debug3: mux_client_forwards: request forwardings: 0 local, 0 remote
debug3: mux_client_request_session: entering
debug3: mux_client_request_alive: entering
debug3: mux_client_request_alive: done pid = 11895
<<<

2020-03-03 12:26:02,964 p=11891 u=mark n=ansible |  11891 1583234762.96482: stderr chunk (state=3):
>>>debug3: mux_client_request_session: session request sent
<<<

2020-03-03 12:26:03,045 p=11891 u=mark n=ansible |  11891 1583234763.04476: stdout chunk (state=3):
>>>{"platform_dist_result": ["Ubuntu", "18.04", "bionic"], "osrelease_content": "NAME=\"Ubuntu\"\nVERSION=\"18.04.4 LTS (Bionic Beaver)\"\nID=ubuntu\nID_LIKE=debian\nPRETTY_NAME=\"Ubuntu 18.04.4 LTS\"\nVERSION_ID=\"18.04\"\nHOME_URL=\"https://www.ubuntu.com/\"\nSUPPORT_URL=\"https://help.ubuntu.com/\"\nBUG_REPORT_URL=\"https://bugs.launchpad.net/ubuntu/\"\nPRIVACY_POLICY_URL=\"https://www.ubuntu.com/legal/terms-and-policies/privacy-policy\"\nVERSION_CODENAME=bionic\nUBUNTU_CODENAME=bionic\n"}
<<<

2020-03-03 12:26:03,054 p=11891 u=mark n=ansible |  11891 1583234763.05439: stderr chunk (state=3):
>>>debug3: mux_client_read_packet: read header failed: Broken pipe
debug2: Received exit status from master 0
<<<

2020-03-03 12:26:03,055 p=11891 u=mark n=ansible |  11891 1583234763.05505: stderr chunk (state=3):
>>><<<

2020-03-03 12:26:03,055 p=11891 u=mark n=ansible |  11891 1583234763.05564: stdout chunk (state=3):
>>><<<

2020-03-03 12:26:03,056 p=11891 u=mark n=ansible | <ubuntu18-04> (0, b'{"platform_dist_result": ["Ubuntu", "18.04", "bionic"], "osrelease_content": "NAME=\\"Ubuntu\\"\\nVERSION=\\"18.04.4 LTS (Bionic Beaver)\\"\\nID=ubuntu\\nID_LIKE=debian\\nPRETTY_NAME=\\"Ubuntu 18.04.4 LTS\\"\\nVERSION_ID=\\"18.04\\"\\nHOME_URL=\\"https://www.ubuntu.com/\\"\\nSUPPORT_URL=\\"https://help.ubuntu.com/\\"\\nBUG_REPORT_URL=\\"https://bugs.launchpad.net/ubuntu/\\"\\nPRIVACY_POLICY_URL=\\"https://www.ubuntu.com/legal/terms-and-policies/privacy-policy\\"\\nVERSION_CODENAME=bionic\\nUBUNTU_CODENAME=bionic\\n"}\n', b"OpenSSH_8.0p1, OpenSSL 1.1.1c FIPS  28 May 2019\r\ndebug1: Reading configuration data /etc/ssh/ssh_config\r\ndebug3: /etc/ssh/ssh_config line 51: Including file /etc/ssh/ssh_config.d/05-redhat.conf depth 0\r\ndebug1: Reading configuration data /etc/ssh/ssh_config.d/05-redhat.conf\r\ndebug2: checking match for 'final all' host ubuntu18-04 originally ubuntu18-04\r\ndebug3: /etc/ssh/ssh_config.d/05-redhat.conf line 3: not matched 'final'\r\ndebug2: match not found\r\ndebug3: /etc/ssh/ssh_config.d/05-redhat.conf line 5: Including file /etc/crypto-policies/back-ends/openssh.config depth 1 (parse only)\r\ndebug1: Reading configuration data /etc/crypto-policies/back-ends/openssh.config\r\ndebug3: gss kex names ok: [gss-gex-sha1-,gss-group14-sha1-]\r\ndebug3: kex names ok: [curve25519-sha256,curve25519-sha256@libssh.org,ecdh-sha2-nistp256,ecdh-sha2-nistp384,ecdh-sha2-nistp521,diffie-hellman-group-exchange-sha256,diffie-hellman-group14-sha256,diffie-hellman-group16-sha512,diffie-hellman-group18-sha512,diffie-hellman-group-exchange-sha1,diffie-hellman-group14-sha1]\r\ndebug1: configuration requests final Match pass\r\ndebug1: re-parsing configuration\r\ndebug1: Reading configuration data /etc/ssh/ssh_config\r\ndebug3: /etc/ssh/ssh_config line 51: Including file /etc/ssh/ssh_config.d/05-redhat.conf depth 0\r\ndebug1: Reading configuration data /etc/ssh/ssh_config.d/05-redhat.conf\r\ndebug2: checking match for 'final all' host ubuntu18-04 originally ubuntu18-04\r\ndebug3: /etc/ssh/ssh_config.d/05-redhat.conf line 3: matched 'final'\r\ndebug2: match found\r\ndebug3: /etc/ssh/ssh_config.d/05-redhat.conf line 5: Including file /etc/crypto-policies/back-ends/openssh.config depth 1\r\ndebug1: Reading configuration data /etc/crypto-policies/back-ends/openssh.config\r\ndebug3: gss kex names ok: [gss-gex-sha1-,gss-group14-sha1-]\r\ndebug3: kex names ok: [curve25519-sha256,curve25519-sha256@libssh.org,ecdh-sha2-nistp256,ecdh-sha2-nistp384,ecdh-sha2-nistp521,diffie-hellman-group-exchange-sha256,diffie-hellman-group14-sha256,diffie-hellman-group16-sha512,diffie-hellman-group18-sha512,diffie-hellman-group-exchange-sha1,diffie-hellman-group14-sha1]\r\ndebug1: auto-mux: Trying existing master\r\ndebug2: fd 4 setting O_NONBLOCK\r\ndebug2: mux_client_hello_exchange: master version 4\r\ndebug3: mux_client_forwards: request forwardings: 0 local, 0 remote\r\ndebug3: mux_client_request_session: entering\r\ndebug3: mux_client_request_alive: entering\r\ndebug3: mux_client_request_alive: done pid = 11895\r\ndebug3: mux_client_request_session: session request sent\r\ndebug3: mux_client_read_packet: read header failed: Broken pipe\r\ndebug2: Received exit status from master 0\r\n")
2020-03-03 12:26:03,057 p=11891 u=mark n=ansible |  11891 1583234763.05680: _low_level_execute_command() done: rc=0, stdout={"platform_dist_result": ["Ubuntu", "18.04", "bionic"], "osrelease_content": "NAME=\"Ubuntu\"\nVERSION=\"18.04.4 LTS (Bionic Beaver)\"\nID=ubuntu\nID_LIKE=debian\nPRETTY_NAME=\"Ubuntu 18.04.4 LTS\"\nVERSION_ID=\"18.04\"\nHOME_URL=\"https://www.ubuntu.com/\"\nSUPPORT_URL=\"https://help.ubuntu.com/\"\nBUG_REPORT_URL=\"https://bugs.launchpad.net/ubuntu/\"\nPRIVACY_POLICY_URL=\"https://www.ubuntu.com/legal/terms-and-policies/privacy-policy\"\nVERSION_CODENAME=bionic\nUBUNTU_CODENAME=bionic\n"}
, stderr=OpenSSH_8.0p1, OpenSSL 1.1.1c FIPS  28 May 2019
debug1: Reading configuration data /etc/ssh/ssh_config
debug3: /etc/ssh/ssh_config line 51: Including file /etc/ssh/ssh_config.d/05-redhat.conf depth 0
debug1: Reading configuration data /etc/ssh/ssh_config.d/05-redhat.conf
debug2: checking match for 'final all' host ubuntu18-04 originally ubuntu18-04
debug3: /etc/ssh/ssh_config.d/05-redhat.conf line 3: not matched 'final'
debug2: match not found
debug3: /etc/ssh/ssh_config.d/05-redhat.conf line 5: Including file /etc/crypto-policies/back-ends/openssh.config depth 1 (parse only)
debug1: Reading configuration data /etc/crypto-policies/back-ends/openssh.config
debug3: gss kex names ok: [gss-gex-sha1-,gss-group14-sha1-]
debug3: kex names ok: [curve25519-sha256,curve25519-sha256@libssh.org,ecdh-sha2-nistp256,ecdh-sha2-nistp384,ecdh-sha2-nistp521,diffie-hellman-group-exchange-sha256,diffie-hellman-group14-sha256,diffie-hellman-group16-sha512,diffie-hellman-group18-sha512,diffie-hellman-group-exchange-sha1,diffie-hellman-group14-sha1]
debug1: configuration requests final Match pass
debug1: re-parsing configuration
debug1: Reading configuration data /etc/ssh/ssh_config
debug3: /etc/ssh/ssh_config line 51: Including file /etc/ssh/ssh_config.d/05-redhat.conf depth 0
debug1: Reading configuration data /etc/ssh/ssh_config.d/05-redhat.conf
debug2: checking match for 'final all' host ubuntu18-04 originally ubuntu18-04
debug3: /etc/ssh/ssh_config.d/05-redhat.conf line 3: matched 'final'
debug2: match found
debug3: /etc/ssh/ssh_config.d/05-redhat.conf line 5: Including file /etc/crypto-policies/back-ends/openssh.config depth 1
debug1: Reading configuration data /etc/crypto-policies/back-ends/openssh.config
debug3: gss kex names ok: [gss-gex-sha1-,gss-group14-sha1-]
debug3: kex names ok: [curve25519-sha256,curve25519-sha256@libssh.org,ecdh-sha2-nistp256,ecdh-sha2-nistp384,ecdh-sha2-nistp521,diffie-hellman-group-exchange-sha256,diffie-hellman-group14-sha256,diffie-hellman-group16-sha512,diffie-hellman-group18-sha512,diffie-hellman-group-exchange-sha1,diffie-hellman-group14-sha1]
debug1: auto-mux: Trying existing master
debug2: fd 4 setting O_NONBLOCK
debug2: mux_client_hello_exchange: master version 4
debug3: mux_client_forwards: request forwardings: 0 local, 0 remote
debug3: mux_client_request_session: entering
debug3: mux_client_request_alive: entering
debug3: mux_client_request_alive: done pid = 11895
debug3: mux_client_request_session: session request sent
debug3: mux_client_read_packet: read header failed: Broken pipe
debug2: Received exit status from master 0

2020-03-03 12:26:03,058 p=11891 u=mark n=ansible |  11891 1583234763.05863: ANSIBALLZ: using cached module: /home/mark/.ansible/tmp/ansible-local-11808ea7n9daf/ansiballz_cache/command-ZIP_DEFLATED
2020-03-03 12:26:03,060 p=11891 u=mark n=ansible | Using module file /usr/lib/python3.6/site-packages/ansible/modules/commands/command.py
2020-03-03 12:26:03,060 p=11891 u=mark n=ansible |  11891 1583234763.06064: transferring module to remote /home/sudoall/.ansible/tmp/ansible-tmp-1583234762.000161-180769244376123/AnsiballZ_command.py
2020-03-03 12:26:03,063 p=11891 u=mark n=ansible | <ubuntu18-04> PUT /home/mark/.ansible/tmp/ansible-local-11808ea7n9daf/tmpap56qkld TO /home/sudoall/.ansible/tmp/ansible-tmp-1583234762.000161-180769244376123/AnsiballZ_command.py
2020-03-03 12:26:03,064 p=11891 u=mark n=ansible | <ubuntu18-04> SSH: EXEC sftp -b - -vvv -C -o ControlMaster=auto -o ControlPersist=60s -o StrictHostKeyChecking=no -o KbdInteractiveAuthentication=no -o PreferredAuthentications=gssapi-with-mic,gssapi-keyex,hostbased,publickey -o PasswordAuthentication=no -o 'User="sudoall"' -o ConnectTimeout=10 -o ControlPath=/home/mark/.ansible/cp/7c2f29edb1 '[ubuntu18-04]'
2020-03-03 12:26:03,070 p=11891 u=mark n=ansible |  11891 1583234763.07023: Sending initial data
2020-03-03 12:26:03,071 p=11891 u=mark n=ansible |  11891 1583234763.07115: Sent initial data (162 bytes)
2020-03-03 12:26:03,086 p=11891 u=mark n=ansible |  11891 1583234763.08587: stderr chunk (state=3):
>>>OpenSSH_8.0p1, OpenSSL 1.1.1c FIPS  28 May 2019
debug1: Reading configuration data /etc/ssh/ssh_config
debug3: /etc/ssh/ssh_config line 51: Including file /etc/ssh/ssh_config.d/05-redhat.conf depth 0
debug1: Reading configuration data /etc/ssh/ssh_config.d/05-redhat.conf
debug2: checking match for 'final all' host ubuntu18-04 originally ubuntu18-04
debug3: /etc/ssh/ssh_config.d/05-redhat.conf line 3: not matched 'final'
debug2: match not found
debug3: /etc/ssh/ssh_config.d/05-redhat.conf line 5: Including file /etc/crypto-policies/back-ends/openssh.config depth 1 (parse only)
debug1: Reading configuration data /etc/crypto-policies/back-ends/openssh.config
debug3: gss kex names ok: [gss-gex-sha1-,gss-group14-sha1-]
debug3: kex names ok: [curve25519-sha256,curve25519-sha256@libssh.org,ecdh-sha2-nistp256,ecdh-sha2-nistp384,ecdh-sha2-nistp521,diffie-hellman-group-exchange-sha256,diffie-hellman-group14-sha256,diffie-hellman-group16-sha512,diffie-hellman-group18-sha512,diffie-hellman-group-exchange-sha1,diffie-hellman-group14-sha1]
debug1: configuration requests final Match pass
debug1: re-parsing configuration
debug1: Reading configuration data /etc/ssh/ssh_config
debug3: /etc/ssh/ssh_config line 51: Including file /etc/ssh/ssh_config.d/05-redhat.conf depth 0
debug1: Reading configuration data /etc/ssh/ssh_config.d/05-redhat.conf
debug2: checking match for 'final all' host ubuntu18-04 originally ubuntu18-04
debug3: /etc/ssh/ssh_config.d/05-redhat.conf line 3: matched 'final'
debug2: match found
debug3: /etc/ssh/ssh_config.d/05-redhat.conf line 5: Including file /etc/crypto-policies/back-ends/openssh.config depth 1
debug1: Reading configuration data /etc/crypto-policies/back-ends/openssh.config
debug3: gss kex names ok: [gss-gex-sha1-,gss-group14-sha1-]
debug3: kex names ok: [curve25519-sha256,curve25519-sha256@libssh.org,ecdh-sha2-nistp256,ecdh-sha2-nistp384,ecdh-sha2-nistp521,diffie-hellman-group-exchange-sha256,diffie-hellman-group14-sha256,diffie-hellman-group16-sha512,diffie-hellman-group18-sha512,diffie-hellman-group-exchange-sha1,diffie-hellman-group14-sha1]
debug1: auto-mux: Trying existing master
debug2: fd 4 setting O_NONBLOCK
<<<

2020-03-03 12:26:03,086 p=11891 u=mark n=ansible |  11891 1583234763.08633: stderr chunk (state=3):
>>>debug2: mux_client_hello_exchange: master version 4
debug3: mux_client_forwards: request forwardings: 0 local, 0 remote
debug3: mux_client_request_session: entering
debug3: mux_client_request_alive: entering
<<<

2020-03-03 12:26:03,086 p=11891 u=mark n=ansible |  11891 1583234763.08660: stderr chunk (state=3):
>>>debug3: mux_client_request_alive: done pid = 11895
<<<

2020-03-03 12:26:03,086 p=11891 u=mark n=ansible |  11891 1583234763.08680: stderr chunk (state=3):
>>>debug3: mux_client_request_session: session request sent
<<<

2020-03-03 12:26:03,095 p=11891 u=mark n=ansible |  11891 1583234763.09506: stderr chunk (state=3):
>>>debug2: Remote version: 3
debug2: Server supports extension "posix-rename@openssh.com" revision 1
debug2: Server supports extension "statvfs@openssh.com" revision 2
debug2: Server supports extension "fstatvfs@openssh.com" revision 2
debug2: Server supports extension "hardlink@openssh.com" revision 1
debug2: Server supports extension "fsync@openssh.com" revision 1
debug3: Sent message fd 3 T:16 I:1
<<<

2020-03-03 12:26:03,096 p=11891 u=mark n=ansible |  11891 1583234763.09604: stderr chunk (state=3):
>>>debug3: SSH_FXP_REALPATH . -> /home/sudoall size 0
<<<

2020-03-03 12:26:03,097 p=11891 u=mark n=ansible |  11891 1583234763.09675: stderr chunk (state=3):
>>>debug3: Looking up /home/mark/.ansible/tmp/ansible-local-11808ea7n9daf/tmpap56qkld
debug3: Sent message fd 3 T:17 I:2
<<<

2020-03-03 12:26:03,097 p=11891 u=mark n=ansible |  11891 1583234763.09734: stdout chunk (state=3):
>>>sftp> put /home/mark/.ansible/tmp/ansible-local-11808ea7n9daf/tmpap56qkld /home/sudoall/.ansible/tmp/ansible-tmp-1583234762.000161-180769244376123/AnsiballZ_command.py
<<<

2020-03-03 12:26:03,098 p=11891 u=mark n=ansible |  11891 1583234763.09805: stderr chunk (state=3):
>>>debug3: Received stat reply T:101 I:2
debug1: Couldn't stat remote file: No such file or directory
debug3: Sent message SSH2_FXP_OPEN I:3 P:/home/sudoall/.ansible/tmp/ansible-tmp-1583234762.000161-180769244376123/AnsiballZ_command.py
<<<

2020-03-03 12:26:03,098 p=11891 u=mark n=ansible |  11891 1583234763.09879: stderr chunk (state=3):
>>>debug3: Sent message SSH2_FXP_WRITE I:4 O:0 S:32768
<<<

2020-03-03 12:26:03,104 p=11891 u=mark n=ansible |  11891 1583234763.10431: stderr chunk (state=3):
>>>debug3: SSH2_FXP_STATUS 0
debug3: In write loop, ack for 4 32768 bytes at 0
debug3: Sent message SSH2_FXP_WRITE I:5 O:32768 S:32768
debug3: Sent message SSH2_FXP_WRITE I:6 O:65536 S:32768
debug3: Sent message SSH2_FXP_WRITE I:7 O:98304 S:9571
<<<

2020-03-03 12:26:03,113 p=11891 u=mark n=ansible |  11891 1583234763.11322: stderr chunk (state=3):
>>>debug3: SSH2_FXP_STATUS 0
debug3: In write loop, ack for 5 32768 bytes at 32768
<<<

2020-03-03 12:26:03,114 p=11891 u=mark n=ansible |  11891 1583234763.11446: stderr chunk (state=3):
>>>debug3: SSH2_FXP_STATUS 0
debug3: In write loop, ack for 6 32768 bytes at 65536
debug3: SSH2_FXP_STATUS 0
debug3: In write loop, ack for 7 9571 bytes at 98304
debug3: Sent message SSH2_FXP_CLOSE I:4
<<<

2020-03-03 12:26:03,115 p=11891 u=mark n=ansible |  11891 1583234763.11551: stderr chunk (state=3):
>>>debug3: SSH2_FXP_STATUS 0
<<<

2020-03-03 12:26:03,118 p=11891 u=mark n=ansible |  11891 1583234763.11845: stderr chunk (state=3):
>>>debug3: mux_client_read_packet: read header failed: Broken pipe
debug2: Received exit status from master 0
<<<

2020-03-03 12:26:03,119 p=11891 u=mark n=ansible |  11891 1583234763.11898: stdout chunk (state=3):
>>><<<

2020-03-03 12:26:03,119 p=11891 u=mark n=ansible |  11891 1583234763.11952: stderr chunk (state=3):
>>><<<

2020-03-03 12:26:03,120 p=11891 u=mark n=ansible | <ubuntu18-04> (0, b'sftp> put /home/mark/.ansible/tmp/ansible-local-11808ea7n9daf/tmpap56qkld /home/sudoall/.ansible/tmp/ansible-tmp-1583234762.000161-180769244376123/AnsiballZ_command.py\n', b'OpenSSH_8.0p1, OpenSSL 1.1.1c FIPS  28 May 2019\r\ndebug1: Reading configuration data /etc/ssh/ssh_config\r\ndebug3: /etc/ssh/ssh_config line 51: Including file /etc/ssh/ssh_config.d/05-redhat.conf depth 0\r\ndebug1: Reading configuration data /etc/ssh/ssh_config.d/05-redhat.conf\r\ndebug2: checking match for \'final all\' host ubuntu18-04 originally ubuntu18-04\r\ndebug3: /etc/ssh/ssh_config.d/05-redhat.conf line 3: not matched \'final\'\r\ndebug2: match not found\r\ndebug3: /etc/ssh/ssh_config.d/05-redhat.conf line 5: Including file /etc/crypto-policies/back-ends/openssh.config depth 1 (parse only)\r\ndebug1: Reading configuration data /etc/crypto-policies/back-ends/openssh.config\r\ndebug3: gss kex names ok: [gss-gex-sha1-,gss-group14-sha1-]\r\ndebug3: kex names ok: [curve25519-sha256,curve25519-sha256@libssh.org,ecdh-sha2-nistp256,ecdh-sha2-nistp384,ecdh-sha2-nistp521,diffie-hellman-group-exchange-sha256,diffie-hellman-group14-sha256,diffie-hellman-group16-sha512,diffie-hellman-group18-sha512,diffie-hellman-group-exchange-sha1,diffie-hellman-group14-sha1]\r\ndebug1: configuration requests final Match pass\r\ndebug1: re-parsing configuration\r\ndebug1: Reading configuration data /etc/ssh/ssh_config\r\ndebug3: /etc/ssh/ssh_config line 51: Including file /etc/ssh/ssh_config.d/05-redhat.conf depth 0\r\ndebug1: Reading configuration data /etc/ssh/ssh_config.d/05-redhat.conf\r\ndebug2: checking match for \'final all\' host ubuntu18-04 originally ubuntu18-04\r\ndebug3: /etc/ssh/ssh_config.d/05-redhat.conf line 3: matched \'final\'\r\ndebug2: match found\r\ndebug3: /etc/ssh/ssh_config.d/05-redhat.conf line 5: Including file /etc/crypto-policies/back-ends/openssh.config depth 1\r\ndebug1: Reading configuration data /etc/crypto-policies/back-ends/openssh.config\r\ndebug3: gss kex names ok: [gss-gex-sha1-,gss-group14-sha1-]\r\ndebug3: kex names ok: [curve25519-sha256,curve25519-sha256@libssh.org,ecdh-sha2-nistp256,ecdh-sha2-nistp384,ecdh-sha2-nistp521,diffie-hellman-group-exchange-sha256,diffie-hellman-group14-sha256,diffie-hellman-group16-sha512,diffie-hellman-group18-sha512,diffie-hellman-group-exchange-sha1,diffie-hellman-group14-sha1]\r\ndebug1: auto-mux: Trying existing master\r\ndebug2: fd 4 setting O_NONBLOCK\r\ndebug2: mux_client_hello_exchange: master version 4\r\ndebug3: mux_client_forwards: request forwardings: 0 local, 0 remote\r\ndebug3: mux_client_request_session: entering\r\ndebug3: mux_client_request_alive: entering\r\ndebug3: mux_client_request_alive: done pid = 11895\r\ndebug3: mux_client_request_session: session request sent\r\ndebug2: Remote version: 3\r\ndebug2: Server supports extension "posix-rename@openssh.com" revision 1\r\ndebug2: Server supports extension "statvfs@openssh.com" revision 2\r\ndebug2: Server supports extension "fstatvfs@openssh.com" revision 2\r\ndebug2: Server supports extension "hardlink@openssh.com" revision 1\r\ndebug2: Server supports extension "fsync@openssh.com" revision 1\r\ndebug3: Sent message fd 3 T:16 I:1\r\ndebug3: SSH_FXP_REALPATH . -> /home/sudoall size 0\r\ndebug3: Looking up /home/mark/.ansible/tmp/ansible-local-11808ea7n9daf/tmpap56qkld\r\ndebug3: Sent message fd 3 T:17 I:2\r\ndebug3: Received stat reply T:101 I:2\r\ndebug1: Couldn\'t stat remote file: No such file or directory\r\ndebug3: Sent message SSH2_FXP_OPEN I:3 P:/home/sudoall/.ansible/tmp/ansible-tmp-1583234762.000161-180769244376123/AnsiballZ_command.py\r\ndebug3: Sent message SSH2_FXP_WRITE I:4 O:0 S:32768\r\ndebug3: SSH2_FXP_STATUS 0\r\ndebug3: In write loop, ack for 4 32768 bytes at 0\r\ndebug3: Sent message SSH2_FXP_WRITE I:5 O:32768 S:32768\r\ndebug3: Sent message SSH2_FXP_WRITE I:6 O:65536 S:32768\r\ndebug3: Sent message SSH2_FXP_WRITE I:7 O:98304 S:9571\r\ndebug3: SSH2_FXP_STATUS 0\r\ndebug3: In write loop, ack for 5 32768 bytes at 32768\r\ndebug3: SSH2_FXP_STATUS 0\r\ndebug3: In write loop, ack for 6 32768 bytes at 65536\r\ndebug3: SSH2_FXP_STATUS 0\r\ndebug3: In write loop, ack for 7 9571 bytes at 98304\r\ndebug3: Sent message SSH2_FXP_CLOSE I:4\r\ndebug3: SSH2_FXP_STATUS 0\r\ndebug3: mux_client_read_packet: read header failed: Broken pipe\r\ndebug2: Received exit status from master 0\r\n')
2020-03-03 12:26:03,120 p=11891 u=mark n=ansible |  11891 1583234763.12063: done transferring module to remote
2020-03-03 12:26:03,121 p=11891 u=mark n=ansible |  11891 1583234763.12115: _low_level_execute_command(): starting
2020-03-03 12:26:03,121 p=11891 u=mark n=ansible |  11891 1583234763.12158: _low_level_execute_command(): executing: /bin/sh -c 'chmod u+x /home/sudoall/.ansible/tmp/ansible-tmp-1583234762.000161-180769244376123/ /home/sudoall/.ansible/tmp/ansible-tmp-1583234762.000161-180769244376123/AnsiballZ_command.py && sleep 0'
2020-03-03 12:26:03,122 p=11891 u=mark n=ansible | <ubuntu18-04> ESTABLISH SSH CONNECTION FOR USER: sudoall
2020-03-03 12:26:03,123 p=11891 u=mark n=ansible | <ubuntu18-04> SSH: EXEC ssh -vvv -C -o ControlMaster=auto -o ControlPersist=60s -o StrictHostKeyChecking=no -o KbdInteractiveAuthentication=no -o PreferredAuthentications=gssapi-with-mic,gssapi-keyex,hostbased,publickey -o PasswordAuthentication=no -o 'User="sudoall"' -o ConnectTimeout=10 -o ControlPath=/home/mark/.ansible/cp/7c2f29edb1 ubuntu18-04 '/bin/sh -c '"'"'chmod u+x /home/sudoall/.ansible/tmp/ansible-tmp-1583234762.000161-180769244376123/ /home/sudoall/.ansible/tmp/ansible-tmp-1583234762.000161-180769244376123/AnsiballZ_command.py && sleep 0'"'"''
2020-03-03 12:26:03,132 p=11891 u=mark n=ansible |  11891 1583234763.13238: stderr chunk (state=2):
>>>OpenSSH_8.0p1, OpenSSL 1.1.1c FIPS  28 May 2019
debug1: Reading configuration data /etc/ssh/ssh_config
debug3: /etc/ssh/ssh_config line 51: Including file /etc/ssh/ssh_config.d/05-redhat.conf depth 0
debug1: Reading configuration data /etc/ssh/ssh_config.d/05-redhat.conf
debug2: checking match for 'final all' host ubuntu18-04 originally ubuntu18-04
debug3: /etc/ssh/ssh_config.d/05-redhat.conf line 3: not matched 'final'
debug2: match not found
debug3: /etc/ssh/ssh_config.d/05-redhat.conf line 5: Including file /etc/crypto-policies/back-ends/openssh.config depth 1 (parse only)
debug1: Reading configuration data /etc/crypto-policies/back-ends/openssh.config
<<<

2020-03-03 12:26:03,134 p=11891 u=mark n=ansible |  11891 1583234763.13366: stderr chunk (state=3):
>>>debug3: gss kex names ok: [gss-gex-sha1-,gss-group14-sha1-]
debug3: kex names ok: [curve25519-sha256,curve25519-sha256@libssh.org,ecdh-sha2-nistp256,ecdh-sha2-nistp384,ecdh-sha2-nistp521,diffie-hellman-group-exchange-sha256,diffie-hellman-group14-sha256,diffie-hellman-group16-sha512,diffie-hellman-group18-sha512,diffie-hellman-group-exchange-sha1,diffie-hellman-group14-sha1]
debug1: configuration requests final Match pass
debug1: re-parsing configuration
debug1: Reading configuration data /etc/ssh/ssh_config
debug3: /etc/ssh/ssh_config line 51: Including file /etc/ssh/ssh_config.d/05-redhat.conf depth 0
debug1: Reading configuration data /etc/ssh/ssh_config.d/05-redhat.conf
debug2: checking match for 'final all' host ubuntu18-04 originally ubuntu18-04
debug3: /etc/ssh/ssh_config.d/05-redhat.conf line 3: matched 'final'
debug2: match found
debug3: /etc/ssh/ssh_config.d/05-redhat.conf line 5: Including file /etc/crypto-policies/back-ends/openssh.config depth 1
debug1: Reading configuration data /etc/crypto-policies/back-ends/openssh.config
debug3: gss kex names ok: [gss-gex-sha1-,gss-group14-sha1-]
debug3: kex names ok: [curve25519-sha256,curve25519-sha256@libssh.org,ecdh-sha2-nistp256,ecdh-sha2-nistp384,ecdh-sha2-nistp521,diffie-hellman-group-exchange-sha256,diffie-hellman-group14-sha256,diffie-hellman-group16-sha512,diffie-hellman-group18-sha512,diffie-hellman-group-exchange-sha1,diffie-hellman-group14-sha1]
debug1: auto-mux: Trying existing master
debug2: fd 4 setting O_NONBLOCK
debug2: mux_client_hello_exchange: master version 4
debug3: mux_client_forwards: request forwardings: 0 local, 0 remote
debug3: mux_client_request_session: entering
debug3: mux_client_request_alive: entering
debug3: mux_client_request_alive: done pid = 11895
debug3: mux_client_request_session: session request sent
<<<

2020-03-03 12:26:03,142 p=11891 u=mark n=ansible |  11891 1583234763.14182: stderr chunk (state=3):
>>>debug3: mux_client_read_packet: read header failed: Broken pipe
debug2: Received exit status from master 0
<<<

2020-03-03 12:26:03,143 p=11891 u=mark n=ansible |  11891 1583234763.14286: stderr chunk (state=3):
>>><<<

2020-03-03 12:26:03,143 p=11891 u=mark n=ansible |  11891 1583234763.14324: stdout chunk (state=3):
>>><<<

2020-03-03 12:26:03,144 p=11891 u=mark n=ansible | <ubuntu18-04> (0, b'', b"OpenSSH_8.0p1, OpenSSL 1.1.1c FIPS  28 May 2019\r\ndebug1: Reading configuration data /etc/ssh/ssh_config\r\ndebug3: /etc/ssh/ssh_config line 51: Including file /etc/ssh/ssh_config.d/05-redhat.conf depth 0\r\ndebug1: Reading configuration data /etc/ssh/ssh_config.d/05-redhat.conf\r\ndebug2: checking match for 'final all' host ubuntu18-04 originally ubuntu18-04\r\ndebug3: /etc/ssh/ssh_config.d/05-redhat.conf line 3: not matched 'final'\r\ndebug2: match not found\r\ndebug3: /etc/ssh/ssh_config.d/05-redhat.conf line 5: Including file /etc/crypto-policies/back-ends/openssh.config depth 1 (parse only)\r\ndebug1: Reading configuration data /etc/crypto-policies/back-ends/openssh.config\r\ndebug3: gss kex names ok: [gss-gex-sha1-,gss-group14-sha1-]\r\ndebug3: kex names ok: [curve25519-sha256,curve25519-sha256@libssh.org,ecdh-sha2-nistp256,ecdh-sha2-nistp384,ecdh-sha2-nistp521,diffie-hellman-group-exchange-sha256,diffie-hellman-group14-sha256,diffie-hellman-group16-sha512,diffie-hellman-group18-sha512,diffie-hellman-group-exchange-sha1,diffie-hellman-group14-sha1]\r\ndebug1: configuration requests final Match pass\r\ndebug1: re-parsing configuration\r\ndebug1: Reading configuration data /etc/ssh/ssh_config\r\ndebug3: /etc/ssh/ssh_config line 51: Including file /etc/ssh/ssh_config.d/05-redhat.conf depth 0\r\ndebug1: Reading configuration data /etc/ssh/ssh_config.d/05-redhat.conf\r\ndebug2: checking match for 'final all' host ubuntu18-04 originally ubuntu18-04\r\ndebug3: /etc/ssh/ssh_config.d/05-redhat.conf line 3: matched 'final'\r\ndebug2: match found\r\ndebug3: /etc/ssh/ssh_config.d/05-redhat.conf line 5: Including file /etc/crypto-policies/back-ends/openssh.config depth 1\r\ndebug1: Reading configuration data /etc/crypto-policies/back-ends/openssh.config\r\ndebug3: gss kex names ok: [gss-gex-sha1-,gss-group14-sha1-]\r\ndebug3: kex names ok: [curve25519-sha256,curve25519-sha256@libssh.org,ecdh-sha2-nistp256,ecdh-sha2-nistp384,ecdh-sha2-nistp521,diffie-hellman-group-exchange-sha256,diffie-hellman-group14-sha256,diffie-hellman-group16-sha512,diffie-hellman-group18-sha512,diffie-hellman-group-exchange-sha1,diffie-hellman-group14-sha1]\r\ndebug1: auto-mux: Trying existing master\r\ndebug2: fd 4 setting O_NONBLOCK\r\ndebug2: mux_client_hello_exchange: master version 4\r\ndebug3: mux_client_forwards: request forwardings: 0 local, 0 remote\r\ndebug3: mux_client_request_session: entering\r\ndebug3: mux_client_request_alive: entering\r\ndebug3: mux_client_request_alive: done pid = 11895\r\ndebug3: mux_client_request_session: session request sent\r\ndebug3: mux_client_read_packet: read header failed: Broken pipe\r\ndebug2: Received exit status from master 0\r\n")
2020-03-03 12:26:03,144 p=11891 u=mark n=ansible |  11891 1583234763.14463: _low_level_execute_command() done: rc=0, stdout=, stderr=OpenSSH_8.0p1, OpenSSL 1.1.1c FIPS  28 May 2019
debug1: Reading configuration data /etc/ssh/ssh_config
debug3: /etc/ssh/ssh_config line 51: Including file /etc/ssh/ssh_config.d/05-redhat.conf depth 0
debug1: Reading configuration data /etc/ssh/ssh_config.d/05-redhat.conf
debug2: checking match for 'final all' host ubuntu18-04 originally ubuntu18-04
debug3: /etc/ssh/ssh_config.d/05-redhat.conf line 3: not matched 'final'
debug2: match not found
debug3: /etc/ssh/ssh_config.d/05-redhat.conf line 5: Including file /etc/crypto-policies/back-ends/openssh.config depth 1 (parse only)
debug1: Reading configuration data /etc/crypto-policies/back-ends/openssh.config
debug3: gss kex names ok: [gss-gex-sha1-,gss-group14-sha1-]
debug3: kex names ok: [curve25519-sha256,curve25519-sha256@libssh.org,ecdh-sha2-nistp256,ecdh-sha2-nistp384,ecdh-sha2-nistp521,diffie-hellman-group-exchange-sha256,diffie-hellman-group14-sha256,diffie-hellman-group16-sha512,diffie-hellman-group18-sha512,diffie-hellman-group-exchange-sha1,diffie-hellman-group14-sha1]
debug1: configuration requests final Match pass
debug1: re-parsing configuration
debug1: Reading configuration data /etc/ssh/ssh_config
debug3: /etc/ssh/ssh_config line 51: Including file /etc/ssh/ssh_config.d/05-redhat.conf depth 0
debug1: Reading configuration data /etc/ssh/ssh_config.d/05-redhat.conf
debug2: checking match for 'final all' host ubuntu18-04 originally ubuntu18-04
debug3: /etc/ssh/ssh_config.d/05-redhat.conf line 3: matched 'final'
debug2: match found
debug3: /etc/ssh/ssh_config.d/05-redhat.conf line 5: Including file /etc/crypto-policies/back-ends/openssh.config depth 1
debug1: Reading configuration data /etc/crypto-policies/back-ends/openssh.config
debug3: gss kex names ok: [gss-gex-sha1-,gss-group14-sha1-]
debug3: kex names ok: [curve25519-sha256,curve25519-sha256@libssh.org,ecdh-sha2-nistp256,ecdh-sha2-nistp384,ecdh-sha2-nistp521,diffie-hellman-group-exchange-sha256,diffie-hellman-group14-sha256,diffie-hellman-group16-sha512,diffie-hellman-group18-sha512,diffie-hellman-group-exchange-sha1,diffie-hellman-group14-sha1]
debug1: auto-mux: Trying existing master
debug2: fd 4 setting O_NONBLOCK
debug2: mux_client_hello_exchange: master version 4
debug3: mux_client_forwards: request forwardings: 0 local, 0 remote
debug3: mux_client_request_session: entering
debug3: mux_client_request_alive: entering
debug3: mux_client_request_alive: done pid = 11895
debug3: mux_client_request_session: session request sent
debug3: mux_client_read_packet: read header failed: Broken pipe
debug2: Received exit status from master 0

2020-03-03 12:26:03,145 p=11891 u=mark n=ansible |  11891 1583234763.14523: _low_level_execute_command(): starting
2020-03-03 12:26:03,145 p=11891 u=mark n=ansible |  11891 1583234763.14570: _low_level_execute_command(): using become for this command
2020-03-03 12:26:03,146 p=11891 u=mark n=ansible |  11891 1583234763.14652: _low_level_execute_command(): executing: /bin/sh -c 'sudo -H -S  -p "[sudo via ansible, key=yexkddckhxcuezalkjsnjhkwoypavvhv] password:" -u root /bin/sh -c '"'"'echo BECOME-SUCCESS-yexkddckhxcuezalkjsnjhkwoypavvhv ; /usr/bin/python3 /home/sudoall/.ansible/tmp/ansible-tmp-1583234762.000161-180769244376123/AnsiballZ_command.py'"'"' && sleep 0'
2020-03-03 12:26:03,147 p=11891 u=mark n=ansible | <ubuntu18-04> ESTABLISH SSH CONNECTION FOR USER: sudoall
2020-03-03 12:26:03,149 p=11891 u=mark n=ansible | <ubuntu18-04> SSH: EXEC ssh -vvv -C -o ControlMaster=auto -o ControlPersist=60s -o StrictHostKeyChecking=no -o KbdInteractiveAuthentication=no -o PreferredAuthentications=gssapi-with-mic,gssapi-keyex,hostbased,publickey -o PasswordAuthentication=no -o 'User="sudoall"' -o ConnectTimeout=10 -o ControlPath=/home/mark/.ansible/cp/7c2f29edb1 -tt ubuntu18-04 '/bin/sh -c '"'"'sudo -H -S  -p "[sudo via ansible, key=yexkddckhxcuezalkjsnjhkwoypavvhv] password:" -u root /bin/sh -c '"'"'"'"'"'"'"'"'echo BECOME-SUCCESS-yexkddckhxcuezalkjsnjhkwoypavvhv ; /usr/bin/python3 /home/sudoall/.ansible/tmp/ansible-tmp-1583234762.000161-180769244376123/AnsiballZ_command.py'"'"'"'"'"'"'"'"' && sleep 0'"'"''
2020-03-03 12:26:03,155 p=11891 u=mark n=ansible |  11891 1583234763.15476: Initial state: awaiting_prompt: [sudo via ansible, key=yexkddckhxcuezalkjsnjhkwoypavvhv] password:
2020-03-03 12:26:03,163 p=11891 u=mark n=ansible |  11891 1583234763.16363: stderr chunk (state=0):
>>>OpenSSH_8.0p1, OpenSSL 1.1.1c FIPS  28 May 2019
debug1: Reading configuration data /etc/ssh/ssh_config
<<<

2020-03-03 12:26:03,166 p=11891 u=mark n=ansible |  11891 1583234763.16634: stderr chunk (state=0):
>>>debug3: /etc/ssh/ssh_config line 51: Including file /etc/ssh/ssh_config.d/05-redhat.conf depth 0
debug1: Reading configuration data /etc/ssh/ssh_config.d/05-redhat.conf
debug2: checking match for 'final all' host ubuntu18-04 originally ubuntu18-04
debug3: /etc/ssh/ssh_config.d/05-redhat.conf line 3: not matched 'final'
debug2: match not found
debug3: /etc/ssh/ssh_config.d/05-redhat.conf line 5: Including file /etc/crypto-policies/back-ends/openssh.config depth 1 (parse only)
debug1: Reading configuration data /etc/crypto-policies/back-ends/openssh.config
debug3: gss kex names ok: [gss-gex-sha1-,gss-group14-sha1-]
debug3: kex names ok: [curve25519-sha256,curve25519-sha256@libssh.org,ecdh-sha2-nistp256,ecdh-sha2-nistp384,ecdh-sha2-nistp521,diffie-hellman-group-exchange-sha256,diffie-hellman-group14-sha256,diffie-hellman-group16-sha512,diffie-hellman-group18-sha512,diffie-hellman-group-exchange-sha1,diffie-hellman-group14-sha1]
debug1: configuration requests final Match pass
debug1: re-parsing configuration
debug1: Reading configuration data /etc/ssh/ssh_config
debug3: /etc/ssh/ssh_config line 51: Including file /etc/ssh/ssh_config.d/05-redhat.conf depth 0
debug1: Reading configuration data /etc/ssh/ssh_config.d/05-redhat.conf
debug2: checking match for 'final all' host ubuntu18-04 originally ubuntu18-04
debug3: /etc/ssh/ssh_config.d/05-redhat.conf line 3: matched 'final'
debug2: match found
debug3: /etc/ssh/ssh_config.d/05-redhat.conf line 5: Including file /etc/crypto-policies/back-ends/openssh.config depth 1
debug1: Reading configuration data /etc/crypto-policies/back-ends/openssh.config
debug3: gss kex names ok: [gss-gex-sha1-,gss-group14-sha1-]
debug3: kex names ok: [curve25519-sha256,curve25519-sha256@libssh.org,ecdh-sha2-nistp256,ecdh-sha2-nistp384,ecdh-sha2-nistp521,diffie-hellman-group-exchange-sha256,diffie-hellman-group14-sha256,diffie-hellman-group16-sha512,diffie-hellman-group18-sha512,diffie-hellman-group-exchange-sha1,diffie-hellman-group14-sha1]
debug1: auto-mux: Trying existing master
debug2: fd 4 setting O_NONBLOCK
debug2: mux_client_hello_exchange: master version 4
debug3: mux_client_forwards: request forwardings: 0 local, 0 remote
debug3: mux_client_request_session: entering
debug3: mux_client_request_alive: entering
debug3: mux_client_request_alive: done pid = 11895
debug3: mux_client_request_session: session request sent
<<<

2020-03-03 12:26:03,185 p=11891 u=mark n=ansible |  11891 1583234763.18476: stdout chunk (state=0):
>>>[sudo via ansible, key=yexkddckhxcuezalkjsnjhkwoypavvhv] password:<<<

2020-03-03 12:26:03,185 p=11891 u=mark n=ansible |  11891 1583234763.18528: become_prompt: (source=stdout, state=awaiting_prompt): '[sudo via ansible, key=yexkddckhxcuezalkjsnjhkwoypavvhv] password:'
2020-03-03 12:26:03,186 p=11891 u=mark n=ansible |  11891 1583234763.18577: Sending become_password in response to prompt
2020-03-03 12:26:03,187 p=11891 u=mark n=ansible |  11891 1583234763.18751: stdout chunk (state=1):
>>>
<<<

2020-03-03 12:26:03,207 p=11891 u=mark n=ansible |  11891 1583234763.20680: stdout chunk (state=1):
>>>BECOME-SUCCESS-yexkddckhxcuezalkjsnjhkwoypavvhv
<<<

2020-03-03 12:26:03,207 p=11891 u=mark n=ansible |  11891 1583234763.20747: become_success: (source=stdout, state=awaiting_escalation): 'BECOME-SUCCESS-yexkddckhxcuezalkjsnjhkwoypavvhv'
2020-03-03 12:26:03,208 p=11891 u=mark n=ansible | Escalation succeeded
2020-03-03 12:26:03,384 p=11891 u=mark n=ansible |  11891 1583234763.38453: stdout chunk (state=3):
>>>
{"cmd": ["id"], "stdout": "uid=0(root) gid=0(root) groups=0(root)", "stderr": "", "rc": 0, "start": "2020-03-03 12:26:03.382082", "end": "2020-03-03 12:26:03.385132", "delta": "0:00:00.003050", "changed": true, "invocation": {"module_args": {"_raw_params": "id", "warn": true, "_uses_shell": false, "stdin_add_newline": true, "strip_empty_ends": true, "argv": null, "chdir": null, "executable": null, "creates": null, "removes": null, "stdin": null}}}
<<<

2020-03-03 12:26:03,401 p=11891 u=mark n=ansible |  11891 1583234763.40150: stderr chunk (state=3):
>>>debug3: mux_client_read_packet: read header failed: Broken pipe
debug2: Received exit status from master 0
Shared connection to ubuntu18-04 closed.
<<<

2020-03-03 12:26:03,402 p=11891 u=mark n=ansible |  11891 1583234763.40217: stderr chunk (state=3):
>>><<<

2020-03-03 12:26:03,402 p=11891 u=mark n=ansible |  11891 1583234763.40267: stdout chunk (state=3):
>>><<<

2020-03-03 12:26:03,403 p=11891 u=mark n=ansible | <ubuntu18-04> (0, b'\r\n\r\n{"cmd": ["id"], "stdout": "uid=0(root) gid=0(root) groups=0(root)", "stderr": "", "rc": 0, "start": "2020-03-03 12:26:03.382082", "end": "2020-03-03 12:26:03.385132", "delta": "0:00:00.003050", "changed": true, "invocation": {"module_args": {"_raw_params": "id", "warn": true, "_uses_shell": false, "stdin_add_newline": true, "strip_empty_ends": true, "argv": null, "chdir": null, "executable": null, "creates": null, "removes": null, "stdin": null}}}\r\n', b"OpenSSH_8.0p1, OpenSSL 1.1.1c FIPS  28 May 2019\r\ndebug1: Reading configuration data /etc/ssh/ssh_config\r\ndebug3: /etc/ssh/ssh_config line 51: Including file /etc/ssh/ssh_config.d/05-redhat.conf depth 0\r\ndebug1: Reading configuration data /etc/ssh/ssh_config.d/05-redhat.conf\r\ndebug2: checking match for 'final all' host ubuntu18-04 originally ubuntu18-04\r\ndebug3: /etc/ssh/ssh_config.d/05-redhat.conf line 3: not matched 'final'\r\ndebug2: match not found\r\ndebug3: /etc/ssh/ssh_config.d/05-redhat.conf line 5: Including file /etc/crypto-policies/back-ends/openssh.config depth 1 (parse only)\r\ndebug1: Reading configuration data /etc/crypto-policies/back-ends/openssh.config\r\ndebug3: gss kex names ok: [gss-gex-sha1-,gss-group14-sha1-]\r\ndebug3: kex names ok: [curve25519-sha256,curve25519-sha256@libssh.org,ecdh-sha2-nistp256,ecdh-sha2-nistp384,ecdh-sha2-nistp521,diffie-hellman-group-exchange-sha256,diffie-hellman-group14-sha256,diffie-hellman-group16-sha512,diffie-hellman-group18-sha512,diffie-hellman-group-exchange-sha1,diffie-hellman-group14-sha1]\r\ndebug1: configuration requests final Match pass\r\ndebug1: re-parsing configuration\r\ndebug1: Reading configuration data /etc/ssh/ssh_config\r\ndebug3: /etc/ssh/ssh_config line 51: Including file /etc/ssh/ssh_config.d/05-redhat.conf depth 0\r\ndebug1: Reading configuration data /etc/ssh/ssh_config.d/05-redhat.conf\r\ndebug2: checking match for 'final all' host ubuntu18-04 originally ubuntu18-04\r\ndebug3: /etc/ssh/ssh_config.d/05-redhat.conf line 3: matched 'final'\r\ndebug2: match found\r\ndebug3: /etc/ssh/ssh_config.d/05-redhat.conf line 5: Including file /etc/crypto-policies/back-ends/openssh.config depth 1\r\ndebug1: Reading configuration data /etc/crypto-policies/back-ends/openssh.config\r\ndebug3: gss kex names ok: [gss-gex-sha1-,gss-group14-sha1-]\r\ndebug3: kex names ok: [curve25519-sha256,curve25519-sha256@libssh.org,ecdh-sha2-nistp256,ecdh-sha2-nistp384,ecdh-sha2-nistp521,diffie-hellman-group-exchange-sha256,diffie-hellman-group14-sha256,diffie-hellman-group16-sha512,diffie-hellman-group18-sha512,diffie-hellman-group-exchange-sha1,diffie-hellman-group14-sha1]\r\ndebug1: auto-mux: Trying existing master\r\ndebug2: fd 4 setting O_NONBLOCK\r\ndebug2: mux_client_hello_exchange: master version 4\r\ndebug3: mux_client_forwards: request forwardings: 0 local, 0 remote\r\ndebug3: mux_client_request_session: entering\r\ndebug3: mux_client_request_alive: entering\r\ndebug3: mux_client_request_alive: done pid = 11895\r\ndebug3: mux_client_request_session: session request sent\r\ndebug3: mux_client_read_packet: read header failed: Broken pipe\r\ndebug2: Received exit status from master 0\r\nShared connection to ubuntu18-04 closed.\r\n")
2020-03-03 12:26:03,404 p=11891 u=mark n=ansible |  11891 1583234763.40408: _low_level_execute_command() done: rc=0, stdout=

{"cmd": ["id"], "stdout": "uid=0(root) gid=0(root) groups=0(root)", "stderr": "", "rc": 0, "start": "2020-03-03 12:26:03.382082", "end": "2020-03-03 12:26:03.385132", "delta": "0:00:00.003050", "changed": true, "invocation": {"module_args": {"_raw_params": "id", "warn": true, "_uses_shell": false, "stdin_add_newline": true, "strip_empty_ends": true, "argv": null, "chdir": null, "executable": null, "creates": null, "removes": null, "stdin": null}}}
, stderr=OpenSSH_8.0p1, OpenSSL 1.1.1c FIPS  28 May 2019
debug1: Reading configuration data /etc/ssh/ssh_config
debug3: /etc/ssh/ssh_config line 51: Including file /etc/ssh/ssh_config.d/05-redhat.conf depth 0
debug1: Reading configuration data /etc/ssh/ssh_config.d/05-redhat.conf
debug2: checking match for 'final all' host ubuntu18-04 originally ubuntu18-04
debug3: /etc/ssh/ssh_config.d/05-redhat.conf line 3: not matched 'final'
debug2: match not found
debug3: /etc/ssh/ssh_config.d/05-redhat.conf line 5: Including file /etc/crypto-policies/back-ends/openssh.config depth 1 (parse only)
debug1: Reading configuration data /etc/crypto-policies/back-ends/openssh.config
debug3: gss kex names ok: [gss-gex-sha1-,gss-group14-sha1-]
debug3: kex names ok: [curve25519-sha256,curve25519-sha256@libssh.org,ecdh-sha2-nistp256,ecdh-sha2-nistp384,ecdh-sha2-nistp521,diffie-hellman-group-exchange-sha256,diffie-hellman-group14-sha256,diffie-hellman-group16-sha512,diffie-hellman-group18-sha512,diffie-hellman-group-exchange-sha1,diffie-hellman-group14-sha1]
debug1: configuration requests final Match pass
debug1: re-parsing configuration
debug1: Reading configuration data /etc/ssh/ssh_config
debug3: /etc/ssh/ssh_config line 51: Including file /etc/ssh/ssh_config.d/05-redhat.conf depth 0
debug1: Reading configuration data /etc/ssh/ssh_config.d/05-redhat.conf
debug2: checking match for 'final all' host ubuntu18-04 originally ubuntu18-04
debug3: /etc/ssh/ssh_config.d/05-redhat.conf line 3: matched 'final'
debug2: match found
debug3: /etc/ssh/ssh_config.d/05-redhat.conf line 5: Including file /etc/crypto-policies/back-ends/openssh.config depth 1
debug1: Reading configuration data /etc/crypto-policies/back-ends/openssh.config
debug3: gss kex names ok: [gss-gex-sha1-,gss-group14-sha1-]
debug3: kex names ok: [curve25519-sha256,curve25519-sha256@libssh.org,ecdh-sha2-nistp256,ecdh-sha2-nistp384,ecdh-sha2-nistp521,diffie-hellman-group-exchange-sha256,diffie-hellman-group14-sha256,diffie-hellman-group16-sha512,diffie-hellman-group18-sha512,diffie-hellman-group-exchange-sha1,diffie-hellman-group14-sha1]
debug1: auto-mux: Trying existing master
debug2: fd 4 setting O_NONBLOCK
debug2: mux_client_hello_exchange: master version 4
debug3: mux_client_forwards: request forwardings: 0 local, 0 remote
debug3: mux_client_request_session: entering
debug3: mux_client_request_alive: entering
debug3: mux_client_request_alive: done pid = 11895
debug3: mux_client_request_session: session request sent
debug3: mux_client_read_packet: read header failed: Broken pipe
debug2: Received exit status from master 0
Shared connection to ubuntu18-04 closed.

2020-03-03 12:26:03,407 p=11891 u=mark n=ansible |  11891 1583234763.40696: done with _execute_module (command, {'_raw_params': 'id', 'warn': True, '_ansible_check_mode': False, '_ansible_no_log': False, '_ansible_debug': True, '_ansible_diff': False, '_ansible_verbosity': 4, '_ansible_version': '2.9.3', '_ansible_module_name': 'command', '_ansible_syslog_facility': 'LOG_USER', '_ansible_selinux_special_fs': ['fuse', 'nfs', 'vboxsf', 'ramfs', '9p', 'vfat'], '_ansible_string_conversion_action': 'warn', '_ansible_socket': None, '_ansible_shell_executable': '/bin/sh', '_ansible_keep_remote_files': False, '_ansible_tmpdir': '/home/sudoall/.ansible/tmp/ansible-tmp-1583234762.000161-180769244376123/', '_ansible_remote_tmp': '~/.ansible/tmp'})
2020-03-03 12:26:03,407 p=11891 u=mark n=ansible |  11891 1583234763.40766: _low_level_execute_command(): starting
2020-03-03 12:26:03,408 p=11891 u=mark n=ansible |  11891 1583234763.40813: _low_level_execute_command(): executing: /bin/sh -c 'rm -f -r /home/sudoall/.ansible/tmp/ansible-tmp-1583234762.000161-180769244376123/ > /dev/null 2>&1 && sleep 0'
2020-03-03 12:26:03,408 p=11891 u=mark n=ansible | <ubuntu18-04> ESTABLISH SSH CONNECTION FOR USER: sudoall
2020-03-03 12:26:03,410 p=11891 u=mark n=ansible | <ubuntu18-04> SSH: EXEC ssh -vvv -C -o ControlMaster=auto -o ControlPersist=60s -o StrictHostKeyChecking=no -o KbdInteractiveAuthentication=no -o PreferredAuthentications=gssapi-with-mic,gssapi-keyex,hostbased,publickey -o PasswordAuthentication=no -o 'User="sudoall"' -o ConnectTimeout=10 -o ControlPath=/home/mark/.ansible/cp/7c2f29edb1 ubuntu18-04 '/bin/sh -c '"'"'rm -f -r /home/sudoall/.ansible/tmp/ansible-tmp-1583234762.000161-180769244376123/ > /dev/null 2>&1 && sleep 0'"'"''
2020-03-03 12:26:03,424 p=11891 u=mark n=ansible |  11891 1583234763.42424: stderr chunk (state=2):
>>>OpenSSH_8.0p1, OpenSSL 1.1.1c FIPS  28 May 2019
debug1: Reading configuration data /etc/ssh/ssh_config
debug3: /etc/ssh/ssh_config line 51: Including file /etc/ssh/ssh_config.d/05-redhat.conf depth 0
<<<

2020-03-03 12:26:03,425 p=11891 u=mark n=ansible |  11891 1583234763.42516: stderr chunk (state=3):
>>>debug1: Reading configuration data /etc/ssh/ssh_config.d/05-redhat.conf
debug2: checking match for 'final all' host ubuntu18-04 originally ubuntu18-04
debug3: /etc/ssh/ssh_config.d/05-redhat.conf line 3: not matched 'final'
debug2: match not found
debug3: /etc/ssh/ssh_config.d/05-redhat.conf line 5: Including file /etc/crypto-policies/back-ends/openssh.config depth 1 (parse only)
debug1: Reading configuration data /etc/crypto-policies/back-ends/openssh.config
debug3: gss kex names ok: [gss-gex-sha1-,gss-group14-sha1-]
debug3: kex names ok: [curve25519-sha256,curve25519-sha256@libssh.org,ecdh-sha2-nistp256,ecdh-sha2-nistp384,ecdh-sha2-nistp521,diffie-hellman-group-exchange-sha256,diffie-hellman-group14-sha256,diffie-hellman-group16-sha512,diffie-hellman-group18-sha512,diffie-hellman-group-exchange-sha1,diffie-hellman-group14-sha1]
debug1: configuration requests final Match pass
debug1: re-parsing configuration
debug1: Reading configuration data /etc/ssh/ssh_config
debug3: /etc/ssh/ssh_config line 51: Including file /etc/ssh/ssh_config.d/05-redhat.conf depth 0
debug1: Reading configuration data /etc/ssh/ssh_config.d/05-redhat.conf
debug2: checking match for 'final all' host ubuntu18-04 originally ubuntu18-04
debug3: /etc/ssh/ssh_config.d/05-redhat.conf line 3: matched 'final'
debug2: match found
debug3: /etc/ssh/ssh_config.d/05-redhat.conf line 5: Including file /etc/crypto-policies/back-ends/openssh.config depth 1
debug1: Reading configuration data /etc/crypto-policies/back-ends/openssh.config
debug3: gss kex names ok: [gss-gex-sha1-,gss-group14-sha1-]
debug3: kex names ok: [curve25519-sha256,curve25519-sha256@libssh.org,ecdh-sha2-nistp256,ecdh-sha2-nistp384,ecdh-sha2-nistp521,diffie-hellman-group-exchange-sha256,diffie-hellman-group14-sha256,diffie-hellman-group16-sha512,diffie-hellman-group18-sha512,diffie-hellman-group-exchange-sha1,diffie-hellman-group14-sha1]
<<<

2020-03-03 12:26:03,425 p=11891 u=mark n=ansible |  11891 1583234763.42574: stderr chunk (state=3):
>>>debug1: auto-mux: Trying existing master
debug2: fd 4 setting O_NONBLOCK
<<<

2020-03-03 12:26:03,426 p=11891 u=mark n=ansible |  11891 1583234763.42622: stderr chunk (state=3):
>>>debug2: mux_client_hello_exchange: master version 4
debug3: mux_client_forwards: request forwardings: 0 local, 0 remote
debug3: mux_client_request_session: entering
debug3: mux_client_request_alive: entering
debug3: mux_client_request_alive: done pid = 11895
debug3: mux_client_request_session: session request sent
<<<

2020-03-03 12:26:03,433 p=11891 u=mark n=ansible |  11891 1583234763.43341: stderr chunk (state=3):
>>>debug3: mux_client_read_packet: read header failed: Broken pipe
debug2: Received exit status from master 0
<<<

2020-03-03 12:26:03,434 p=11891 u=mark n=ansible |  11891 1583234763.43410: stderr chunk (state=3):
>>><<<

2020-03-03 12:26:03,434 p=11891 u=mark n=ansible |  11891 1583234763.43460: stdout chunk (state=3):
>>><<<

2020-03-03 12:26:03,435 p=11891 u=mark n=ansible | <ubuntu18-04> (0, b'', b"OpenSSH_8.0p1, OpenSSL 1.1.1c FIPS  28 May 2019\r\ndebug1: Reading configuration data /etc/ssh/ssh_config\r\ndebug3: /etc/ssh/ssh_config line 51: Including file /etc/ssh/ssh_config.d/05-redhat.conf depth 0\r\ndebug1: Reading configuration data /etc/ssh/ssh_config.d/05-redhat.conf\r\ndebug2: checking match for 'final all' host ubuntu18-04 originally ubuntu18-04\r\ndebug3: /etc/ssh/ssh_config.d/05-redhat.conf line 3: not matched 'final'\r\ndebug2: match not found\r\ndebug3: /etc/ssh/ssh_config.d/05-redhat.conf line 5: Including file /etc/crypto-policies/back-ends/openssh.config depth 1 (parse only)\r\ndebug1: Reading configuration data /etc/crypto-policies/back-ends/openssh.config\r\ndebug3: gss kex names ok: [gss-gex-sha1-,gss-group14-sha1-]\r\ndebug3: kex names ok: [curve25519-sha256,curve25519-sha256@libssh.org,ecdh-sha2-nistp256,ecdh-sha2-nistp384,ecdh-sha2-nistp521,diffie-hellman-group-exchange-sha256,diffie-hellman-group14-sha256,diffie-hellman-group16-sha512,diffie-hellman-group18-sha512,diffie-hellman-group-exchange-sha1,diffie-hellman-group14-sha1]\r\ndebug1: configuration requests final Match pass\r\ndebug1: re-parsing configuration\r\ndebug1: Reading configuration data /etc/ssh/ssh_config\r\ndebug3: /etc/ssh/ssh_config line 51: Including file /etc/ssh/ssh_config.d/05-redhat.conf depth 0\r\ndebug1: Reading configuration data /etc/ssh/ssh_config.d/05-redhat.conf\r\ndebug2: checking match for 'final all' host ubuntu18-04 originally ubuntu18-04\r\ndebug3: /etc/ssh/ssh_config.d/05-redhat.conf line 3: matched 'final'\r\ndebug2: match found\r\ndebug3: /etc/ssh/ssh_config.d/05-redhat.conf line 5: Including file /etc/crypto-policies/back-ends/openssh.config depth 1\r\ndebug1: Reading configuration data /etc/crypto-policies/back-ends/openssh.config\r\ndebug3: gss kex names ok: [gss-gex-sha1-,gss-group14-sha1-]\r\ndebug3: kex names ok: [curve25519-sha256,curve25519-sha256@libssh.org,ecdh-sha2-nistp256,ecdh-sha2-nistp384,ecdh-sha2-nistp521,diffie-hellman-group-exchange-sha256,diffie-hellman-group14-sha256,diffie-hellman-group16-sha512,diffie-hellman-group18-sha512,diffie-hellman-group-exchange-sha1,diffie-hellman-group14-sha1]\r\ndebug1: auto-mux: Trying existing master\r\ndebug2: fd 4 setting O_NONBLOCK\r\ndebug2: mux_client_hello_exchange: master version 4\r\ndebug3: mux_client_forwards: request forwardings: 0 local, 0 remote\r\ndebug3: mux_client_request_session: entering\r\ndebug3: mux_client_request_alive: entering\r\ndebug3: mux_client_request_alive: done pid = 11895\r\ndebug3: mux_client_request_session: session request sent\r\ndebug3: mux_client_read_packet: read header failed: Broken pipe\r\ndebug2: Received exit status from master 0\r\n")
2020-03-03 12:26:03,436 p=11891 u=mark n=ansible |  11891 1583234763.43582: _low_level_execute_command() done: rc=0, stdout=, stderr=OpenSSH_8.0p1, OpenSSL 1.1.1c FIPS  28 May 2019
debug1: Reading configuration data /etc/ssh/ssh_config
debug3: /etc/ssh/ssh_config line 51: Including file /etc/ssh/ssh_config.d/05-redhat.conf depth 0
debug1: Reading configuration data /etc/ssh/ssh_config.d/05-redhat.conf
debug2: checking match for 'final all' host ubuntu18-04 originally ubuntu18-04
debug3: /etc/ssh/ssh_config.d/05-redhat.conf line 3: not matched 'final'
debug2: match not found
debug3: /etc/ssh/ssh_config.d/05-redhat.conf line 5: Including file /etc/crypto-policies/back-ends/openssh.config depth 1 (parse only)
debug1: Reading configuration data /etc/crypto-policies/back-ends/openssh.config
debug3: gss kex names ok: [gss-gex-sha1-,gss-group14-sha1-]
debug3: kex names ok: [curve25519-sha256,curve25519-sha256@libssh.org,ecdh-sha2-nistp256,ecdh-sha2-nistp384,ecdh-sha2-nistp521,diffie-hellman-group-exchange-sha256,diffie-hellman-group14-sha256,diffie-hellman-group16-sha512,diffie-hellman-group18-sha512,diffie-hellman-group-exchange-sha1,diffie-hellman-group14-sha1]
debug1: configuration requests final Match pass
debug1: re-parsing configuration
debug1: Reading configuration data /etc/ssh/ssh_config
debug3: /etc/ssh/ssh_config line 51: Including file /etc/ssh/ssh_config.d/05-redhat.conf depth 0
debug1: Reading configuration data /etc/ssh/ssh_config.d/05-redhat.conf
debug2: checking match for 'final all' host ubuntu18-04 originally ubuntu18-04
debug3: /etc/ssh/ssh_config.d/05-redhat.conf line 3: matched 'final'
debug2: match found
debug3: /etc/ssh/ssh_config.d/05-redhat.conf line 5: Including file /etc/crypto-policies/back-ends/openssh.config depth 1
debug1: Reading configuration data /etc/crypto-policies/back-ends/openssh.config
debug3: gss kex names ok: [gss-gex-sha1-,gss-group14-sha1-]
debug3: kex names ok: [curve25519-sha256,curve25519-sha256@libssh.org,ecdh-sha2-nistp256,ecdh-sha2-nistp384,ecdh-sha2-nistp521,diffie-hellman-group-exchange-sha256,diffie-hellman-group14-sha256,diffie-hellman-group16-sha512,diffie-hellman-group18-sha512,diffie-hellman-group-exchange-sha1,diffie-hellman-group14-sha1]
debug1: auto-mux: Trying existing master
debug2: fd 4 setting O_NONBLOCK
debug2: mux_client_hello_exchange: master version 4
debug3: mux_client_forwards: request forwardings: 0 local, 0 remote
debug3: mux_client_request_session: entering
debug3: mux_client_request_alive: entering
debug3: mux_client_request_alive: done pid = 11895
debug3: mux_client_request_session: session request sent
debug3: mux_client_read_packet: read header failed: Broken pipe
debug2: Received exit status from master 0

2020-03-03 12:26:03,436 p=11891 u=mark n=ansible |  11891 1583234763.43649: handler run complete
2020-03-03 12:26:03,442 p=11891 u=mark n=ansible |  11891 1583234763.44226: attempt loop complete, returning result
2020-03-03 12:26:03,442 p=11891 u=mark n=ansible |  11891 1583234763.44272: _execute() done
2020-03-03 12:26:03,443 p=11891 u=mark n=ansible |  11891 1583234763.44303: dumping result to json
2020-03-03 12:26:03,443 p=11891 u=mark n=ansible |  11891 1583234763.44362: done dumping result, returning
2020-03-03 12:26:03,444 p=11891 u=mark n=ansible |  11891 1583234763.44415: done running TaskExecutor() for ubuntu18-04/TASK: Run id [525400b2-cc5b-c90d-fc3f-00000000000e]
2020-03-03 12:26:03,445 p=11891 u=mark n=ansible |  11891 1583234763.44484: sending task result for task 525400b2-cc5b-c90d-fc3f-00000000000e
2020-03-03 12:26:03,445 p=11891 u=mark n=ansible |  11891 1583234763.44580: done sending task result for task 525400b2-cc5b-c90d-fc3f-00000000000e
2020-03-03 12:26:03,446 p=11891 u=mark n=ansible |  11891 1583234763.44623: WORKER PROCESS EXITING
2020-03-03 12:26:03,451 p=11808 u=mark n=ansible | changed: [ubuntu18-04] => {
    "ansible_facts": {
        "discovered_interpreter_python": "/usr/bin/python3"
    },
    "changed": true,
    "cmd": [
        "id"
    ],
    "delta": "0:00:00.003050",
    "end": "2020-03-03 12:26:03.385132",
    "invocation": {
        "module_args": {
            "_raw_params": "id",
            "_uses_shell": false,
            "argv": null,
            "chdir": null,
            "creates": null,
            "executable": null,
            "removes": null,
            "stdin": null,
            "stdin_add_newline": true,
            "strip_empty_ends": true,
            "warn": true
        }
    },
    "rc": 0,
    "start": "2020-03-03 12:26:03.382082",
    "stderr": "",
    "stderr_lines": [],
    "stdout": "uid=0(root) gid=0(root) groups=0(root)",
    "stdout_lines": [
        "uid=0(root) gid=0(root) groups=0(root)"
    ]
}
2020-03-03 12:26:09,600 p=11815 u=mark n=ansible |  11815 1583234769.60066: stdout chunk (state=0):
>>>[sudo via ansible, key=qofkxlriydhdkeshskihiggkhmhkacrp] password:<<<

2020-03-03 12:26:10,373 p=11816 u=mark n=ansible |  11816 1583234770.37304: stdout chunk (state=0):
>>>[sudo via ansible, key=jdhqwpccwjtmecrlccaksrhmjrjoebkc] password:<<<

2020-03-03 12:26:10,414 p=11818 u=mark n=ansible |  11818 1583234770.41417: stdout chunk (state=0):
>>>[sudo via ansible, key=jwwpxdfgqcrqpfnvxdhtpwxxibidhhcw] password:<<<

2020-03-03 12:26:10,497 p=11817 u=mark n=ansible |  11817 1583234770.49746: stdout chunk (state=0):
>>>[sudo via ansible, key=msmcsimitrnwwfciauvwvolhkgwvzlvm] password:<<<

2020-03-03 12:26:21,614 p=11815 u=mark n=ansible |  11815 1583234781.61453: _low_level_execute_command(): starting
2020-03-03 12:26:21,615 p=11815 u=mark n=ansible |  11815 1583234781.61503: _low_level_execute_command(): executing: /bin/sh -c 'rm -f -r /home/sudoall/.ansible/tmp/ansible-tmp-1583234758.2018056-83559037572743/ > /dev/null 2>&1 && sleep 0'
2020-03-03 12:26:21,615 p=11815 u=mark n=ansible | <centos8> ESTABLISH SSH CONNECTION FOR USER: sudoall
2020-03-03 12:26:21,617 p=11815 u=mark n=ansible | <centos8> SSH: EXEC ssh -vvv -C -o ControlMaster=auto -o ControlPersist=60s -o StrictHostKeyChecking=no -o KbdInteractiveAuthentication=no -o PreferredAuthentications=gssapi-with-mic,gssapi-keyex,hostbased,publickey -o PasswordAuthentication=no -o 'User="sudoall"' -o ConnectTimeout=10 -o ControlPath=/home/mark/.ansible/cp/63fb7345ee centos8 '/bin/sh -c '"'"'rm -f -r /home/sudoall/.ansible/tmp/ansible-tmp-1583234758.2018056-83559037572743/ > /dev/null 2>&1 && sleep 0'"'"''
2020-03-03 12:26:21,630 p=11815 u=mark n=ansible |  11815 1583234781.63012: stderr chunk (state=2):
>>>OpenSSH_8.0p1, OpenSSL 1.1.1c FIPS  28 May 2019
debug1: Reading configuration data /etc/ssh/ssh_config
debug3: /etc/ssh/ssh_config line 51: Including file /etc/ssh/ssh_config.d/05-redhat.conf depth 0
debug1: Reading configuration data /etc/ssh/ssh_config.d/05-redhat.conf
<<<

2020-03-03 12:26:21,631 p=11815 u=mark n=ansible |  11815 1583234781.63124: stderr chunk (state=3):
>>>debug2: checking match for 'final all' host centos8 originally centos8
debug3: /etc/ssh/ssh_config.d/05-redhat.conf line 3: not matched 'final'
debug2: match not found
debug3: /etc/ssh/ssh_config.d/05-redhat.conf line 5: Including file /etc/crypto-policies/back-ends/openssh.config depth 1 (parse only)
debug1: Reading configuration data /etc/crypto-policies/back-ends/openssh.config
debug3: gss kex names ok: [gss-gex-sha1-,gss-group14-sha1-]
debug3: kex names ok: [curve25519-sha256,curve25519-sha256@libssh.org,ecdh-sha2-nistp256,ecdh-sha2-nistp384,ecdh-sha2-nistp521,diffie-hellman-group-exchange-sha256,diffie-hellman-group14-sha256,diffie-hellman-group16-sha512,diffie-hellman-group18-sha512,diffie-hellman-group-exchange-sha1,diffie-hellman-group14-sha1]
debug1: configuration requests final Match pass
debug1: re-parsing configuration
debug1: Reading configuration data /etc/ssh/ssh_config
debug3: /etc/ssh/ssh_config line 51: Including file /etc/ssh/ssh_config.d/05-redhat.conf depth 0
debug1: Reading configuration data /etc/ssh/ssh_config.d/05-redhat.conf
debug2: checking match for 'final all' host centos8 originally centos8
debug3: /etc/ssh/ssh_config.d/05-redhat.conf line 3: matched 'final'
debug2: match found
debug3: /etc/ssh/ssh_config.d/05-redhat.conf line 5: Including file /etc/crypto-policies/back-ends/openssh.config depth 1
debug1: Reading configuration data /etc/crypto-policies/back-ends/openssh.config
debug3: gss kex names ok: [gss-gex-sha1-,gss-group14-sha1-]
debug3: kex names ok: [curve25519-sha256,curve25519-sha256@libssh.org,ecdh-sha2-nistp256,ecdh-sha2-nistp384,ecdh-sha2-nistp521,diffie-hellman-group-exchange-sha256,diffie-hellman-group14-sha256,diffie-hellman-group16-sha512,diffie-hellman-group18-sha512,diffie-hellman-group-exchange-sha1,diffie-hellman-group14-sha1]
debug1: auto-mux: Trying existing master
debug2: fd 4 setting O_NONBLOCK
<<<

2020-03-03 12:26:21,632 p=11815 u=mark n=ansible |  11815 1583234781.63186: stderr chunk (state=3):
>>>debug2: mux_client_hello_exchange: master version 4
debug3: mux_client_forwards: request forwardings: 0 local, 0 remote
debug3: mux_client_request_session: entering
debug3: mux_client_request_alive: entering
debug3: mux_client_request_alive: done pid = 11836
debug3: mux_client_request_session: session request sent
<<<

2020-03-03 12:26:21,663 p=11815 u=mark n=ansible |  11815 1583234781.66316: stderr chunk (state=3):
>>>debug3: mux_client_read_packet: read header failed: Broken pipe
debug2: Received exit status from master 0
<<<

2020-03-03 12:26:21,664 p=11815 u=mark n=ansible |  11815 1583234781.66403: stderr chunk (state=3):
>>><<<

2020-03-03 12:26:21,664 p=11815 u=mark n=ansible |  11815 1583234781.66442: stdout chunk (state=3):
>>><<<

2020-03-03 12:26:21,665 p=11815 u=mark n=ansible | <centos8> (0, b'', b"OpenSSH_8.0p1, OpenSSL 1.1.1c FIPS  28 May 2019\r\ndebug1: Reading configuration data /etc/ssh/ssh_config\r\ndebug3: /etc/ssh/ssh_config line 51: Including file /etc/ssh/ssh_config.d/05-redhat.conf depth 0\r\ndebug1: Reading configuration data /etc/ssh/ssh_config.d/05-redhat.conf\r\ndebug2: checking match for 'final all' host centos8 originally centos8\r\ndebug3: /etc/ssh/ssh_config.d/05-redhat.conf line 3: not matched 'final'\r\ndebug2: match not found\r\ndebug3: /etc/ssh/ssh_config.d/05-redhat.conf line 5: Including file /etc/crypto-policies/back-ends/openssh.config depth 1 (parse only)\r\ndebug1: Reading configuration data /etc/crypto-policies/back-ends/openssh.config\r\ndebug3: gss kex names ok: [gss-gex-sha1-,gss-group14-sha1-]\r\ndebug3: kex names ok: [curve25519-sha256,curve25519-sha256@libssh.org,ecdh-sha2-nistp256,ecdh-sha2-nistp384,ecdh-sha2-nistp521,diffie-hellman-group-exchange-sha256,diffie-hellman-group14-sha256,diffie-hellman-group16-sha512,diffie-hellman-group18-sha512,diffie-hellman-group-exchange-sha1,diffie-hellman-group14-sha1]\r\ndebug1: configuration requests final Match pass\r\ndebug1: re-parsing configuration\r\ndebug1: Reading configuration data /etc/ssh/ssh_config\r\ndebug3: /etc/ssh/ssh_config line 51: Including file /etc/ssh/ssh_config.d/05-redhat.conf depth 0\r\ndebug1: Reading configuration data /etc/ssh/ssh_config.d/05-redhat.conf\r\ndebug2: checking match for 'final all' host centos8 originally centos8\r\ndebug3: /etc/ssh/ssh_config.d/05-redhat.conf line 3: matched 'final'\r\ndebug2: match found\r\ndebug3: /etc/ssh/ssh_config.d/05-redhat.conf line 5: Including file /etc/crypto-policies/back-ends/openssh.config depth 1\r\ndebug1: Reading configuration data /etc/crypto-policies/back-ends/openssh.config\r\ndebug3: gss kex names ok: [gss-gex-sha1-,gss-group14-sha1-]\r\ndebug3: kex names ok: [curve25519-sha256,curve25519-sha256@libssh.org,ecdh-sha2-nistp256,ecdh-sha2-nistp384,ecdh-sha2-nistp521,diffie-hellman-group-exchange-sha256,diffie-hellman-group14-sha256,diffie-hellman-group16-sha512,diffie-hellman-group18-sha512,diffie-hellman-group-exchange-sha1,diffie-hellman-group14-sha1]\r\ndebug1: auto-mux: Trying existing master\r\ndebug2: fd 4 setting O_NONBLOCK\r\ndebug2: mux_client_hello_exchange: master version 4\r\ndebug3: mux_client_forwards: request forwardings: 0 local, 0 remote\r\ndebug3: mux_client_request_session: entering\r\ndebug3: mux_client_request_alive: entering\r\ndebug3: mux_client_request_alive: done pid = 11836\r\ndebug3: mux_client_request_session: session request sent\r\ndebug3: mux_client_read_packet: read header failed: Broken pipe\r\ndebug2: Received exit status from master 0\r\n")
2020-03-03 12:26:21,665 p=11815 u=mark n=ansible |  11815 1583234781.66531: _low_level_execute_command() done: rc=0, stdout=, stderr=OpenSSH_8.0p1, OpenSSL 1.1.1c FIPS  28 May 2019
debug1: Reading configuration data /etc/ssh/ssh_config
debug3: /etc/ssh/ssh_config line 51: Including file /etc/ssh/ssh_config.d/05-redhat.conf depth 0
debug1: Reading configuration data /etc/ssh/ssh_config.d/05-redhat.conf
debug2: checking match for 'final all' host centos8 originally centos8
debug3: /etc/ssh/ssh_config.d/05-redhat.conf line 3: not matched 'final'
debug2: match not found
debug3: /etc/ssh/ssh_config.d/05-redhat.conf line 5: Including file /etc/crypto-policies/back-ends/openssh.config depth 1 (parse only)
debug1: Reading configuration data /etc/crypto-policies/back-ends/openssh.config
debug3: gss kex names ok: [gss-gex-sha1-,gss-group14-sha1-]
debug3: kex names ok: [curve25519-sha256,curve25519-sha256@libssh.org,ecdh-sha2-nistp256,ecdh-sha2-nistp384,ecdh-sha2-nistp521,diffie-hellman-group-exchange-sha256,diffie-hellman-group14-sha256,diffie-hellman-group16-sha512,diffie-hellman-group18-sha512,diffie-hellman-group-exchange-sha1,diffie-hellman-group14-sha1]
debug1: configuration requests final Match pass
debug1: re-parsing configuration
debug1: Reading configuration data /etc/ssh/ssh_config
debug3: /etc/ssh/ssh_config line 51: Including file /etc/ssh/ssh_config.d/05-redhat.conf depth 0
debug1: Reading configuration data /etc/ssh/ssh_config.d/05-redhat.conf
debug2: checking match for 'final all' host centos8 originally centos8
debug3: /etc/ssh/ssh_config.d/05-redhat.conf line 3: matched 'final'
debug2: match found
debug3: /etc/ssh/ssh_config.d/05-redhat.conf line 5: Including file /etc/crypto-policies/back-ends/openssh.config depth 1
debug1: Reading configuration data /etc/crypto-policies/back-ends/openssh.config
debug3: gss kex names ok: [gss-gex-sha1-,gss-group14-sha1-]
debug3: kex names ok: [curve25519-sha256,curve25519-sha256@libssh.org,ecdh-sha2-nistp256,ecdh-sha2-nistp384,ecdh-sha2-nistp521,diffie-hellman-group-exchange-sha256,diffie-hellman-group14-sha256,diffie-hellman-group16-sha512,diffie-hellman-group18-sha512,diffie-hellman-group-exchange-sha1,diffie-hellman-group14-sha1]
debug1: auto-mux: Trying existing master
debug2: fd 4 setting O_NONBLOCK
debug2: mux_client_hello_exchange: master version 4
debug3: mux_client_forwards: request forwardings: 0 local, 0 remote
debug3: mux_client_request_session: entering
debug3: mux_client_request_alive: entering
debug3: mux_client_request_alive: done pid = 11836
debug3: mux_client_request_session: session request sent
debug3: mux_client_read_packet: read header failed: Broken pipe
debug2: Received exit status from master 0

2020-03-03 12:26:21,667 p=11815 u=mark n=ansible |  11815 1583234781.66720: done running TaskExecutor() for centos8/TASK: Run id [525400b2-cc5b-c90d-fc3f-00000000000e]
2020-03-03 12:26:21,667 p=11815 u=mark n=ansible |  11815 1583234781.66779: sending task result for task 525400b2-cc5b-c90d-fc3f-00000000000e
2020-03-03 12:26:21,668 p=11815 u=mark n=ansible |  11815 1583234781.66873: done sending task result for task 525400b2-cc5b-c90d-fc3f-00000000000e
2020-03-03 12:26:21,669 p=11815 u=mark n=ansible |  11815 1583234781.66902: WORKER PROCESS EXITING
2020-03-03 12:26:21,672 p=11808 u=mark n=ansible |  11808 1583234781.67194: marking centos8 as failed
2020-03-03 12:26:21,672 p=11808 u=mark n=ansible |  11808 1583234781.67254: marking host centos8 failed, current state: HOST STATE: block=2, task=1, rescue=0, always=0, run_state=ITERATING_TASKS, fail_state=FAILED_NONE, pending_setup=False, tasks child state? (None), rescue child state? (None), always child state? (None), did rescue? False, did start at task? False
2020-03-03 12:26:21,672 p=11808 u=mark n=ansible |  11808 1583234781.67286: ^ failed state is now: HOST STATE: block=2, task=1, rescue=0, always=0, run_state=ITERATING_COMPLETE, fail_state=FAILED_TASKS, pending_setup=False, tasks child state? (None), rescue child state? (None), always child state? (None), did rescue? False, did start at task? False
2020-03-03 12:26:21,673 p=11808 u=mark n=ansible |  11808 1583234781.67311: getting the next task for host centos8
2020-03-03 12:26:21,673 p=11808 u=mark n=ansible |  11808 1583234781.67341: host centos8 is done iterating, returning
2020-03-03 12:26:21,674 p=11808 u=mark n=ansible | fatal: [centos8]: FAILED! => {
    "msg": "Timeout (12s) waiting for privilege escalation prompt: "
}
2020-03-03 12:26:22,387 p=11816 u=mark n=ansible |  11816 1583234782.38709: _low_level_execute_command(): starting
2020-03-03 12:26:22,387 p=11816 u=mark n=ansible |  11816 1583234782.38760: _low_level_execute_command(): executing: /bin/sh -c 'rm -f -r /home/sudoall/.ansible/tmp/ansible-tmp-1583234758.2094421-191384882685832/ > /dev/null 2>&1 && sleep 0'
2020-03-03 12:26:22,387 p=11816 u=mark n=ansible | <centos7> ESTABLISH SSH CONNECTION FOR USER: sudoall
2020-03-03 12:26:22,389 p=11816 u=mark n=ansible | <centos7> SSH: EXEC ssh -vvv -C -o ControlMaster=auto -o ControlPersist=60s -o StrictHostKeyChecking=no -o KbdInteractiveAuthentication=no -o PreferredAuthentications=gssapi-with-mic,gssapi-keyex,hostbased,publickey -o PasswordAuthentication=no -o 'User="sudoall"' -o ConnectTimeout=10 -o ControlPath=/home/mark/.ansible/cp/25a6c0e9bc centos7 '/bin/sh -c '"'"'rm -f -r /home/sudoall/.ansible/tmp/ansible-tmp-1583234758.2094421-191384882685832/ > /dev/null 2>&1 && sleep 0'"'"''
2020-03-03 12:26:22,399 p=11816 u=mark n=ansible |  11816 1583234782.39919: stderr chunk (state=2):
>>>OpenSSH_8.0p1, OpenSSL 1.1.1c FIPS  28 May 2019
debug1: Reading configuration data /etc/ssh/ssh_config
debug3: /etc/ssh/ssh_config line 51: Including file /etc/ssh/ssh_config.d/05-redhat.conf depth 0
debug1: Reading configuration data /etc/ssh/ssh_config.d/05-redhat.conf
<<<

2020-03-03 12:26:22,400 p=11816 u=mark n=ansible |  11816 1583234782.40008: stderr chunk (state=3):
>>>debug2: checking match for 'final all' host centos7 originally centos7
debug3: /etc/ssh/ssh_config.d/05-redhat.conf line 3: not matched 'final'
debug2: match not found
debug3: /etc/ssh/ssh_config.d/05-redhat.conf line 5: Including file /etc/crypto-policies/back-ends/openssh.config depth 1 (parse only)
debug1: Reading configuration data /etc/crypto-policies/back-ends/openssh.config
debug3: gss kex names ok: [gss-gex-sha1-,gss-group14-sha1-]
debug3: kex names ok: [curve25519-sha256,curve25519-sha256@libssh.org,ecdh-sha2-nistp256,ecdh-sha2-nistp384,ecdh-sha2-nistp521,diffie-hellman-group-exchange-sha256,diffie-hellman-group14-sha256,diffie-hellman-group16-sha512,diffie-hellman-group18-sha512,diffie-hellman-group-exchange-sha1,diffie-hellman-group14-sha1]
debug1: configuration requests final Match pass
debug1: re-parsing configuration
debug1: Reading configuration data /etc/ssh/ssh_config
debug3: /etc/ssh/ssh_config line 51: Including file /etc/ssh/ssh_config.d/05-redhat.conf depth 0
debug1: Reading configuration data /etc/ssh/ssh_config.d/05-redhat.conf
debug2: checking match for 'final all' host centos7 originally centos7
debug3: /etc/ssh/ssh_config.d/05-redhat.conf line 3: matched 'final'
debug2: match found
debug3: /etc/ssh/ssh_config.d/05-redhat.conf line 5: Including file /etc/crypto-policies/back-ends/openssh.config depth 1
debug1: Reading configuration data /etc/crypto-policies/back-ends/openssh.config
debug3: gss kex names ok: [gss-gex-sha1-,gss-group14-sha1-]
debug3: kex names ok: [curve25519-sha256,curve25519-sha256@libssh.org,ecdh-sha2-nistp256,ecdh-sha2-nistp384,ecdh-sha2-nistp521,diffie-hellman-group-exchange-sha256,diffie-hellman-group14-sha256,diffie-hellman-group16-sha512,diffie-hellman-group18-sha512,diffie-hellman-group-exchange-sha1,diffie-hellman-group14-sha1]
<<<

2020-03-03 12:26:22,400 p=11816 u=mark n=ansible |  11816 1583234782.40064: stderr chunk (state=3):
>>>debug1: auto-mux: Trying existing master
debug2: fd 4 setting O_NONBLOCK
<<<

2020-03-03 12:26:22,401 p=11816 u=mark n=ansible |  11816 1583234782.40098: stderr chunk (state=3):
>>>debug2: mux_client_hello_exchange: master version 4
debug3: mux_client_forwards: request forwardings: 0 local, 0 remote
debug3: mux_client_request_session: entering
debug3: mux_client_request_alive: entering
<<<

2020-03-03 12:26:22,401 p=11816 u=mark n=ansible |  11816 1583234782.40147: stderr chunk (state=3):
>>>debug3: mux_client_request_alive: done pid = 11827
debug3: mux_client_request_session: session request sent
<<<

2020-03-03 12:26:22,428 p=11818 u=mark n=ansible |  11818 1583234782.42785: _low_level_execute_command(): starting
2020-03-03 12:26:22,428 p=11818 u=mark n=ansible |  11818 1583234782.42842: _low_level_execute_command(): executing: /bin/sh -c 'rm -f -r /home/sudoall/.ansible/tmp/ansible-tmp-1583234758.2360907-149338061446988/ > /dev/null 2>&1 && sleep 0'
2020-03-03 12:26:22,428 p=11818 u=mark n=ansible | <fedora31> ESTABLISH SSH CONNECTION FOR USER: sudoall
2020-03-03 12:26:22,431 p=11818 u=mark n=ansible | <fedora31> SSH: EXEC ssh -vvv -C -o ControlMaster=auto -o ControlPersist=60s -o StrictHostKeyChecking=no -o KbdInteractiveAuthentication=no -o PreferredAuthentications=gssapi-with-mic,gssapi-keyex,hostbased,publickey -o PasswordAuthentication=no -o 'User="sudoall"' -o ConnectTimeout=10 -o ControlPath=/home/mark/.ansible/cp/8ab42c853a fedora31 '/bin/sh -c '"'"'rm -f -r /home/sudoall/.ansible/tmp/ansible-tmp-1583234758.2360907-149338061446988/ > /dev/null 2>&1 && sleep 0'"'"''
2020-03-03 12:26:22,445 p=11816 u=mark n=ansible |  11816 1583234782.44555: stderr chunk (state=3):
>>>debug3: mux_client_read_packet: read header failed: Broken pipe
debug2: Received exit status from master 0
<<<

2020-03-03 12:26:22,447 p=11816 u=mark n=ansible |  11816 1583234782.44696: stderr chunk (state=3):
>>><<<

2020-03-03 12:26:22,447 p=11816 u=mark n=ansible |  11816 1583234782.44755: stdout chunk (state=3):
>>><<<

2020-03-03 12:26:22,448 p=11816 u=mark n=ansible | <centos7> (0, b'', b"OpenSSH_8.0p1, OpenSSL 1.1.1c FIPS  28 May 2019\r\ndebug1: Reading configuration data /etc/ssh/ssh_config\r\ndebug3: /etc/ssh/ssh_config line 51: Including file /etc/ssh/ssh_config.d/05-redhat.conf depth 0\r\ndebug1: Reading configuration data /etc/ssh/ssh_config.d/05-redhat.conf\r\ndebug2: checking match for 'final all' host centos7 originally centos7\r\ndebug3: /etc/ssh/ssh_config.d/05-redhat.conf line 3: not matched 'final'\r\ndebug2: match not found\r\ndebug3: /etc/ssh/ssh_config.d/05-redhat.conf line 5: Including file /etc/crypto-policies/back-ends/openssh.config depth 1 (parse only)\r\ndebug1: Reading configuration data /etc/crypto-policies/back-ends/openssh.config\r\ndebug3: gss kex names ok: [gss-gex-sha1-,gss-group14-sha1-]\r\ndebug3: kex names ok: [curve25519-sha256,curve25519-sha256@libssh.org,ecdh-sha2-nistp256,ecdh-sha2-nistp384,ecdh-sha2-nistp521,diffie-hellman-group-exchange-sha256,diffie-hellman-group14-sha256,diffie-hellman-group16-sha512,diffie-hellman-group18-sha512,diffie-hellman-group-exchange-sha1,diffie-hellman-group14-sha1]\r\ndebug1: configuration requests final Match pass\r\ndebug1: re-parsing configuration\r\ndebug1: Reading configuration data /etc/ssh/ssh_config\r\ndebug3: /etc/ssh/ssh_config line 51: Including file /etc/ssh/ssh_config.d/05-redhat.conf depth 0\r\ndebug1: Reading configuration data /etc/ssh/ssh_config.d/05-redhat.conf\r\ndebug2: checking match for 'final all' host centos7 originally centos7\r\ndebug3: /etc/ssh/ssh_config.d/05-redhat.conf line 3: matched 'final'\r\ndebug2: match found\r\ndebug3: /etc/ssh/ssh_config.d/05-redhat.conf line 5: Including file /etc/crypto-policies/back-ends/openssh.config depth 1\r\ndebug1: Reading configuration data /etc/crypto-policies/back-ends/openssh.config\r\ndebug3: gss kex names ok: [gss-gex-sha1-,gss-group14-sha1-]\r\ndebug3: kex names ok: [curve25519-sha256,curve25519-sha256@libssh.org,ecdh-sha2-nistp256,ecdh-sha2-nistp384,ecdh-sha2-nistp521,diffie-hellman-group-exchange-sha256,diffie-hellman-group14-sha256,diffie-hellman-group16-sha512,diffie-hellman-group18-sha512,diffie-hellman-group-exchange-sha1,diffie-hellman-group14-sha1]\r\ndebug1: auto-mux: Trying existing master\r\ndebug2: fd 4 setting O_NONBLOCK\r\ndebug2: mux_client_hello_exchange: master version 4\r\ndebug3: mux_client_forwards: request forwardings: 0 local, 0 remote\r\ndebug3: mux_client_request_session: entering\r\ndebug3: mux_client_request_alive: entering\r\ndebug3: mux_client_request_alive: done pid = 11827\r\ndebug3: mux_client_request_session: session request sent\r\ndebug3: mux_client_read_packet: read header failed: Broken pipe\r\ndebug2: Received exit status from master 0\r\n")
2020-03-03 12:26:22,448 p=11816 u=mark n=ansible |  11816 1583234782.44865: _low_level_execute_command() done: rc=0, stdout=, stderr=OpenSSH_8.0p1, OpenSSL 1.1.1c FIPS  28 May 2019
debug1: Reading configuration data /etc/ssh/ssh_config
debug3: /etc/ssh/ssh_config line 51: Including file /etc/ssh/ssh_config.d/05-redhat.conf depth 0
debug1: Reading configuration data /etc/ssh/ssh_config.d/05-redhat.conf
debug2: checking match for 'final all' host centos7 originally centos7
debug3: /etc/ssh/ssh_config.d/05-redhat.conf line 3: not matched 'final'
debug2: match not found
debug3: /etc/ssh/ssh_config.d/05-redhat.conf line 5: Including file /etc/crypto-policies/back-ends/openssh.config depth 1 (parse only)
debug1: Reading configuration data /etc/crypto-policies/back-ends/openssh.config
debug3: gss kex names ok: [gss-gex-sha1-,gss-group14-sha1-]
debug3: kex names ok: [curve25519-sha256,curve25519-sha256@libssh.org,ecdh-sha2-nistp256,ecdh-sha2-nistp384,ecdh-sha2-nistp521,diffie-hellman-group-exchange-sha256,diffie-hellman-group14-sha256,diffie-hellman-group16-sha512,diffie-hellman-group18-sha512,diffie-hellman-group-exchange-sha1,diffie-hellman-group14-sha1]
debug1: configuration requests final Match pass
debug1: re-parsing configuration
debug1: Reading configuration data /etc/ssh/ssh_config
debug3: /etc/ssh/ssh_config line 51: Including file /etc/ssh/ssh_config.d/05-redhat.conf depth 0
debug1: Reading configuration data /etc/ssh/ssh_config.d/05-redhat.conf
debug2: checking match for 'final all' host centos7 originally centos7
debug3: /etc/ssh/ssh_config.d/05-redhat.conf line 3: matched 'final'
debug2: match found
debug3: /etc/ssh/ssh_config.d/05-redhat.conf line 5: Including file /etc/crypto-policies/back-ends/openssh.config depth 1
debug1: Reading configuration data /etc/crypto-policies/back-ends/openssh.config
debug3: gss kex names ok: [gss-gex-sha1-,gss-group14-sha1-]
debug3: kex names ok: [curve25519-sha256,curve25519-sha256@libssh.org,ecdh-sha2-nistp256,ecdh-sha2-nistp384,ecdh-sha2-nistp521,diffie-hellman-group-exchange-sha256,diffie-hellman-group14-sha256,diffie-hellman-group16-sha512,diffie-hellman-group18-sha512,diffie-hellman-group-exchange-sha1,diffie-hellman-group14-sha1]
debug1: auto-mux: Trying existing master
debug2: fd 4 setting O_NONBLOCK
debug2: mux_client_hello_exchange: master version 4
debug3: mux_client_forwards: request forwardings: 0 local, 0 remote
debug3: mux_client_request_session: entering
debug3: mux_client_request_alive: entering
debug3: mux_client_request_alive: done pid = 11827
debug3: mux_client_request_session: session request sent
debug3: mux_client_read_packet: read header failed: Broken pipe
debug2: Received exit status from master 0

2020-03-03 12:26:22,450 p=11816 u=mark n=ansible |  11816 1583234782.45069: done running TaskExecutor() for centos7/TASK: Run id [525400b2-cc5b-c90d-fc3f-00000000000e]
2020-03-03 12:26:22,451 p=11816 u=mark n=ansible |  11816 1583234782.45133: sending task result for task 525400b2-cc5b-c90d-fc3f-00000000000e
2020-03-03 12:26:22,452 p=11816 u=mark n=ansible |  11816 1583234782.45215: done sending task result for task 525400b2-cc5b-c90d-fc3f-00000000000e
2020-03-03 12:26:22,452 p=11816 u=mark n=ansible |  11816 1583234782.45259: WORKER PROCESS EXITING
2020-03-03 12:26:22,452 p=11818 u=mark n=ansible |  11818 1583234782.45209: stderr chunk (state=2):
>>>OpenSSH_8.0p1, OpenSSL 1.1.1c FIPS  28 May 2019
debug1: Reading configuration data /etc/ssh/ssh_config
debug3: /etc/ssh/ssh_config line 51: Including file /etc/ssh/ssh_config.d/05-redhat.conf depth 0
debug1: Reading configuration data /etc/ssh/ssh_config.d/05-redhat.conf
debug2: checking match for 'final all' host fedora31 originally fedora31
debug3: /etc/ssh/ssh_config.d/05-redhat.conf line 3: not matched 'final'
debug2: match not found
debug3: /etc/ssh/ssh_config.d/05-redhat.conf line 5: Including file /etc/crypto-policies/back-ends/openssh.config depth 1 (parse only)
debug1: Reading configuration data /etc/crypto-policies/back-ends/openssh.config
debug3: gss kex names ok: [gss-gex-sha1-,gss-group14-sha1-]
debug3: kex names ok: [curve25519-sha256,curve25519-sha256@libssh.org,ecdh-sha2-nistp256,ecdh-sha2-nistp384,ecdh-sha2-nistp521,diffie-hellman-group-exchange-sha256,diffie-hellman-group14-sha256,diffie-hellman-group16-sha512,diffie-hellman-group18-sha512,diffie-hellman-group-exchange-sha1,diffie-hellman-group14-sha1]
debug1: configuration requests final Match pass
debug1: re-parsing configuration
debug1: Reading configuration data /etc/ssh/ssh_config
debug3: /etc/ssh/ssh_config line 51: Including file /etc/ssh/ssh_config.d/05-redhat.conf depth 0
debug1: Reading configuration data /etc/ssh/ssh_config.d/05-redhat.conf
debug2: checking match for 'final all' host fedora31 originally fedora31
debug3: /etc/ssh/ssh_config.d/05-redhat.conf line 3: matched 'final'
debug2: match found
debug3: /etc/ssh/ssh_config.d/05-redhat.conf line 5: Including file /etc/crypto-policies/back-ends/openssh.config depth 1
debug1: Reading configuration data /etc/crypto-policies/back-ends/openssh.config
debug3: gss kex names ok: [gss-gex-sha1-,gss-group14-sha1-]
debug3: kex names ok: [curve25519-sha256,curve25519-sha256@libssh.org,ecdh-sha2-nistp256,ecdh-sha2-nistp384,ecdh-sha2-nistp521,diffie-hellman-group-exchange-sha256,diffie-hellman-group14-sha256,diffie-hellman-group16-sha512,diffie-hellman-group18-sha512,diffie-hellman-group-exchange-sha1,diffie-hellman-group14-sha1]
debug1: auto-mux: Trying existing master
debug2: fd 4 setting O_NONBLOCK
debug2: mux_client_hello_exchange: master version 4
debug3: mux_client_forwards: request forwardings: 0 local, 0 remote
debug3: mux_client_request_session: entering
debug3: mux_client_request_alive: entering
debug3: mux_client_request_alive: done pid = 11833
debug3: mux_client_request_session: session request sent
<<<

2020-03-03 12:26:22,457 p=11808 u=mark n=ansible |  11808 1583234782.45774: marking centos7 as failed
2020-03-03 12:26:22,458 p=11808 u=mark n=ansible |  11808 1583234782.45825: marking host centos7 failed, current state: HOST STATE: block=2, task=1, rescue=0, always=0, run_state=ITERATING_TASKS, fail_state=FAILED_NONE, pending_setup=False, tasks child state? (None), rescue child state? (None), always child state? (None), did rescue? False, did start at task? False
2020-03-03 12:26:22,458 p=11808 u=mark n=ansible |  11808 1583234782.45868: ^ failed state is now: HOST STATE: block=2, task=1, rescue=0, always=0, run_state=ITERATING_COMPLETE, fail_state=FAILED_TASKS, pending_setup=False, tasks child state? (None), rescue child state? (None), always child state? (None), did rescue? False, did start at task? False
2020-03-03 12:26:22,459 p=11808 u=mark n=ansible |  11808 1583234782.45894: getting the next task for host centos7
2020-03-03 12:26:22,459 p=11808 u=mark n=ansible |  11808 1583234782.45921: host centos7 is done iterating, returning
2020-03-03 12:26:22,459 p=11808 u=mark n=ansible | fatal: [centos7]: FAILED! => {
    "msg": "Timeout (12s) waiting for privilege escalation prompt: "
}
2020-03-03 12:26:22,502 p=11818 u=mark n=ansible |  11818 1583234782.50262: stderr chunk (state=3):
>>>debug3: mux_client_read_packet: read header failed: Broken pipe
debug2: Received exit status from master 0
<<<

2020-03-03 12:26:22,503 p=11818 u=mark n=ansible |  11818 1583234782.50341: stderr chunk (state=3):
>>><<<

2020-03-03 12:26:22,504 p=11818 u=mark n=ansible |  11818 1583234782.50395: stdout chunk (state=3):
>>><<<

2020-03-03 12:26:22,504 p=11818 u=mark n=ansible | <fedora31> (0, b'', b"OpenSSH_8.0p1, OpenSSL 1.1.1c FIPS  28 May 2019\r\ndebug1: Reading configuration data /etc/ssh/ssh_config\r\ndebug3: /etc/ssh/ssh_config line 51: Including file /etc/ssh/ssh_config.d/05-redhat.conf depth 0\r\ndebug1: Reading configuration data /etc/ssh/ssh_config.d/05-redhat.conf\r\ndebug2: checking match for 'final all' host fedora31 originally fedora31\r\ndebug3: /etc/ssh/ssh_config.d/05-redhat.conf line 3: not matched 'final'\r\ndebug2: match not found\r\ndebug3: /etc/ssh/ssh_config.d/05-redhat.conf line 5: Including file /etc/crypto-policies/back-ends/openssh.config depth 1 (parse only)\r\ndebug1: Reading configuration data /etc/crypto-policies/back-ends/openssh.config\r\ndebug3: gss kex names ok: [gss-gex-sha1-,gss-group14-sha1-]\r\ndebug3: kex names ok: [curve25519-sha256,curve25519-sha256@libssh.org,ecdh-sha2-nistp256,ecdh-sha2-nistp384,ecdh-sha2-nistp521,diffie-hellman-group-exchange-sha256,diffie-hellman-group14-sha256,diffie-hellman-group16-sha512,diffie-hellman-group18-sha512,diffie-hellman-group-exchange-sha1,diffie-hellman-group14-sha1]\r\ndebug1: configuration requests final Match pass\r\ndebug1: re-parsing configuration\r\ndebug1: Reading configuration data /etc/ssh/ssh_config\r\ndebug3: /etc/ssh/ssh_config line 51: Including file /etc/ssh/ssh_config.d/05-redhat.conf depth 0\r\ndebug1: Reading configuration data /etc/ssh/ssh_config.d/05-redhat.conf\r\ndebug2: checking match for 'final all' host fedora31 originally fedora31\r\ndebug3: /etc/ssh/ssh_config.d/05-redhat.conf line 3: matched 'final'\r\ndebug2: match found\r\ndebug3: /etc/ssh/ssh_config.d/05-redhat.conf line 5: Including file /etc/crypto-policies/back-ends/openssh.config depth 1\r\ndebug1: Reading configuration data /etc/crypto-policies/back-ends/openssh.config\r\ndebug3: gss kex names ok: [gss-gex-sha1-,gss-group14-sha1-]\r\ndebug3: kex names ok: [curve25519-sha256,curve25519-sha256@libssh.org,ecdh-sha2-nistp256,ecdh-sha2-nistp384,ecdh-sha2-nistp521,diffie-hellman-group-exchange-sha256,diffie-hellman-group14-sha256,diffie-hellman-group16-sha512,diffie-hellman-group18-sha512,diffie-hellman-group-exchange-sha1,diffie-hellman-group14-sha1]\r\ndebug1: auto-mux: Trying existing master\r\ndebug2: fd 4 setting O_NONBLOCK\r\ndebug2: mux_client_hello_exchange: master version 4\r\ndebug3: mux_client_forwards: request forwardings: 0 local, 0 remote\r\ndebug3: mux_client_request_session: entering\r\ndebug3: mux_client_request_alive: entering\r\ndebug3: mux_client_request_alive: done pid = 11833\r\ndebug3: mux_client_request_session: session request sent\r\ndebug3: mux_client_read_packet: read header failed: Broken pipe\r\ndebug2: Received exit status from master 0\r\n")
2020-03-03 12:26:22,505 p=11818 u=mark n=ansible |  11818 1583234782.50523: _low_level_execute_command() done: rc=0, stdout=, stderr=OpenSSH_8.0p1, OpenSSL 1.1.1c FIPS  28 May 2019
debug1: Reading configuration data /etc/ssh/ssh_config
debug3: /etc/ssh/ssh_config line 51: Including file /etc/ssh/ssh_config.d/05-redhat.conf depth 0
debug1: Reading configuration data /etc/ssh/ssh_config.d/05-redhat.conf
debug2: checking match for 'final all' host fedora31 originally fedora31
debug3: /etc/ssh/ssh_config.d/05-redhat.conf line 3: not matched 'final'
debug2: match not found
debug3: /etc/ssh/ssh_config.d/05-redhat.conf line 5: Including file /etc/crypto-policies/back-ends/openssh.config depth 1 (parse only)
debug1: Reading configuration data /etc/crypto-policies/back-ends/openssh.config
debug3: gss kex names ok: [gss-gex-sha1-,gss-group14-sha1-]
debug3: kex names ok: [curve25519-sha256,curve25519-sha256@libssh.org,ecdh-sha2-nistp256,ecdh-sha2-nistp384,ecdh-sha2-nistp521,diffie-hellman-group-exchange-sha256,diffie-hellman-group14-sha256,diffie-hellman-group16-sha512,diffie-hellman-group18-sha512,diffie-hellman-group-exchange-sha1,diffie-hellman-group14-sha1]
debug1: configuration requests final Match pass
debug1: re-parsing configuration
debug1: Reading configuration data /etc/ssh/ssh_config
debug3: /etc/ssh/ssh_config line 51: Including file /etc/ssh/ssh_config.d/05-redhat.conf depth 0
debug1: Reading configuration data /etc/ssh/ssh_config.d/05-redhat.conf
debug2: checking match for 'final all' host fedora31 originally fedora31
debug3: /etc/ssh/ssh_config.d/05-redhat.conf line 3: matched 'final'
debug2: match found
debug3: /etc/ssh/ssh_config.d/05-redhat.conf line 5: Including file /etc/crypto-policies/back-ends/openssh.config depth 1
debug1: Reading configuration data /etc/crypto-policies/back-ends/openssh.config
debug3: gss kex names ok: [gss-gex-sha1-,gss-group14-sha1-]
debug3: kex names ok: [curve25519-sha256,curve25519-sha256@libssh.org,ecdh-sha2-nistp256,ecdh-sha2-nistp384,ecdh-sha2-nistp521,diffie-hellman-group-exchange-sha256,diffie-hellman-group14-sha256,diffie-hellman-group16-sha512,diffie-hellman-group18-sha512,diffie-hellman-group-exchange-sha1,diffie-hellman-group14-sha1]
debug1: auto-mux: Trying existing master
debug2: fd 4 setting O_NONBLOCK
debug2: mux_client_hello_exchange: master version 4
debug3: mux_client_forwards: request forwardings: 0 local, 0 remote
debug3: mux_client_request_session: entering
debug3: mux_client_request_alive: entering
debug3: mux_client_request_alive: done pid = 11833
debug3: mux_client_request_session: session request sent
debug3: mux_client_read_packet: read header failed: Broken pipe
debug2: Received exit status from master 0

2020-03-03 12:26:22,508 p=11818 u=mark n=ansible |  11818 1583234782.50817: done running TaskExecutor() for fedora31/TASK: Run id [525400b2-cc5b-c90d-fc3f-00000000000e]
2020-03-03 12:26:22,509 p=11818 u=mark n=ansible |  11818 1583234782.50904: sending task result for task 525400b2-cc5b-c90d-fc3f-00000000000e
2020-03-03 12:26:22,510 p=11818 u=mark n=ansible |  11818 1583234782.51018: done sending task result for task 525400b2-cc5b-c90d-fc3f-00000000000e
2020-03-03 12:26:22,510 p=11818 u=mark n=ansible |  11818 1583234782.51066: WORKER PROCESS EXITING
2020-03-03 12:26:22,511 p=11817 u=mark n=ansible |  11817 1583234782.51112: _low_level_execute_command(): starting
2020-03-03 12:26:22,511 p=11817 u=mark n=ansible |  11817 1583234782.51174: _low_level_execute_command(): executing: /bin/sh -c 'rm -f -r /home/sudoall/.ansible/tmp/ansible-tmp-1583234758.2386017-163122209093797/ > /dev/null 2>&1 && sleep 0'
2020-03-03 12:26:22,512 p=11817 u=mark n=ansible | <rhel8> ESTABLISH SSH CONNECTION FOR USER: sudoall
2020-03-03 12:26:22,514 p=11817 u=mark n=ansible | <rhel8> SSH: EXEC ssh -vvv -C -o ControlMaster=auto -o ControlPersist=60s -o StrictHostKeyChecking=no -o KbdInteractiveAuthentication=no -o PreferredAuthentications=gssapi-with-mic,gssapi-keyex,hostbased,publickey -o PasswordAuthentication=no -o 'User="sudoall"' -o ConnectTimeout=10 -o ControlPath=/home/mark/.ansible/cp/c773ad9e8a rhel8 '/bin/sh -c '"'"'rm -f -r /home/sudoall/.ansible/tmp/ansible-tmp-1583234758.2386017-163122209093797/ > /dev/null 2>&1 && sleep 0'"'"''
2020-03-03 12:26:22,517 p=11808 u=mark n=ansible |  11808 1583234782.51757: marking fedora31 as failed
2020-03-03 12:26:22,518 p=11808 u=mark n=ansible |  11808 1583234782.51806: marking host fedora31 failed, current state: HOST STATE: block=2, task=1, rescue=0, always=0, run_state=ITERATING_TASKS, fail_state=FAILED_NONE, pending_setup=False, tasks child state? (None), rescue child state? (None), always child state? (None), did rescue? False, did start at task? False
2020-03-03 12:26:22,518 p=11808 u=mark n=ansible |  11808 1583234782.51842: ^ failed state is now: HOST STATE: block=2, task=1, rescue=0, always=0, run_state=ITERATING_COMPLETE, fail_state=FAILED_TASKS, pending_setup=False, tasks child state? (None), rescue child state? (None), always child state? (None), did rescue? False, did start at task? False
2020-03-03 12:26:22,518 p=11808 u=mark n=ansible |  11808 1583234782.51874: getting the next task for host fedora31
2020-03-03 12:26:22,519 p=11808 u=mark n=ansible |  11808 1583234782.51904: host fedora31 is done iterating, returning
2020-03-03 12:26:22,519 p=11808 u=mark n=ansible | fatal: [fedora31]: FAILED! => {
    "msg": "Timeout (12s) waiting for privilege escalation prompt: "
}
2020-03-03 12:26:22,527 p=11817 u=mark n=ansible |  11817 1583234782.52759: stderr chunk (state=2):
>>>OpenSSH_8.0p1, OpenSSL 1.1.1c FIPS  28 May 2019
debug1: Reading configuration data /etc/ssh/ssh_config
<<<

2020-03-03 12:26:22,528 p=11817 u=mark n=ansible |  11817 1583234782.52824: stderr chunk (state=3):
>>>debug3: /etc/ssh/ssh_config line 51: Including file /etc/ssh/ssh_config.d/05-redhat.conf depth 0
debug1: Reading configuration data /etc/ssh/ssh_config.d/05-redhat.conf
debug2: checking match for 'final all' host rhel8 originally rhel8
debug3: /etc/ssh/ssh_config.d/05-redhat.conf line 3: not matched 'final'
debug2: match not found
debug3: /etc/ssh/ssh_config.d/05-redhat.conf line 5: Including file /etc/crypto-policies/back-ends/openssh.config depth 1 (parse only)
debug1: Reading configuration data /etc/crypto-policies/back-ends/openssh.config
debug3: gss kex names ok: [gss-gex-sha1-,gss-group14-sha1-]
debug3: kex names ok: [curve25519-sha256,curve25519-sha256@libssh.org,ecdh-sha2-nistp256,ecdh-sha2-nistp384,ecdh-sha2-nistp521,diffie-hellman-group-exchange-sha256,diffie-hellman-group14-sha256,diffie-hellman-group16-sha512,diffie-hellman-group18-sha512,diffie-hellman-group-exchange-sha1,diffie-hellman-group14-sha1]
debug1: configuration requests final Match pass
debug1: re-parsing configuration
debug1: Reading configuration data /etc/ssh/ssh_config
debug3: /etc/ssh/ssh_config line 51: Including file /etc/ssh/ssh_config.d/05-redhat.conf depth 0
debug1: Reading configuration data /etc/ssh/ssh_config.d/05-redhat.conf
debug2: checking match for 'final all' host rhel8 originally rhel8
debug3: /etc/ssh/ssh_config.d/05-redhat.conf line 3: matched 'final'
debug2: match found
debug3: /etc/ssh/ssh_config.d/05-redhat.conf line 5: Including file /etc/crypto-policies/back-ends/openssh.config depth 1
debug1: Reading configuration data /etc/crypto-policies/back-ends/openssh.config
debug3: gss kex names ok: [gss-gex-sha1-,gss-group14-sha1-]
debug3: kex names ok: [curve25519-sha256,curve25519-sha256@libssh.org,ecdh-sha2-nistp256,ecdh-sha2-nistp384,ecdh-sha2-nistp521,diffie-hellman-group-exchange-sha256,diffie-hellman-group14-sha256,diffie-hellman-group16-sha512,diffie-hellman-group18-sha512,diffie-hellman-group-exchange-sha1,diffie-hellman-group14-sha1]
<<<

2020-03-03 12:26:22,528 p=11817 u=mark n=ansible |  11817 1583234782.52864: stderr chunk (state=3):
>>>debug1: auto-mux: Trying existing master
debug2: fd 4 setting O_NONBLOCK
<<<

2020-03-03 12:26:22,529 p=11817 u=mark n=ansible |  11817 1583234782.52944: stderr chunk (state=3):
>>>debug2: mux_client_hello_exchange: master version 4
debug3: mux_client_forwards: request forwardings: 0 local, 0 remote
debug3: mux_client_request_session: entering
debug3: mux_client_request_alive: entering
debug3: mux_client_request_alive: done pid = 11839
<<<

2020-03-03 12:26:22,530 p=11817 u=mark n=ansible |  11817 1583234782.52991: stderr chunk (state=3):
>>>debug3: mux_client_request_session: session request sent
<<<

2020-03-03 12:26:22,577 p=11817 u=mark n=ansible |  11817 1583234782.57753: stderr chunk (state=3):
>>>debug3: mux_client_read_packet: read header failed: Broken pipe
debug2: Received exit status from master 0
<<<

2020-03-03 12:26:22,578 p=11817 u=mark n=ansible |  11817 1583234782.57846: stderr chunk (state=3):
>>><<<

2020-03-03 12:26:22,579 p=11817 u=mark n=ansible |  11817 1583234782.57896: stdout chunk (state=3):
>>><<<

2020-03-03 12:26:22,579 p=11817 u=mark n=ansible | <rhel8> (0, b'', b"OpenSSH_8.0p1, OpenSSL 1.1.1c FIPS  28 May 2019\r\ndebug1: Reading configuration data /etc/ssh/ssh_config\r\ndebug3: /etc/ssh/ssh_config line 51: Including file /etc/ssh/ssh_config.d/05-redhat.conf depth 0\r\ndebug1: Reading configuration data /etc/ssh/ssh_config.d/05-redhat.conf\r\ndebug2: checking match for 'final all' host rhel8 originally rhel8\r\ndebug3: /etc/ssh/ssh_config.d/05-redhat.conf line 3: not matched 'final'\r\ndebug2: match not found\r\ndebug3: /etc/ssh/ssh_config.d/05-redhat.conf line 5: Including file /etc/crypto-policies/back-ends/openssh.config depth 1 (parse only)\r\ndebug1: Reading configuration data /etc/crypto-policies/back-ends/openssh.config\r\ndebug3: gss kex names ok: [gss-gex-sha1-,gss-group14-sha1-]\r\ndebug3: kex names ok: [curve25519-sha256,curve25519-sha256@libssh.org,ecdh-sha2-nistp256,ecdh-sha2-nistp384,ecdh-sha2-nistp521,diffie-hellman-group-exchange-sha256,diffie-hellman-group14-sha256,diffie-hellman-group16-sha512,diffie-hellman-group18-sha512,diffie-hellman-group-exchange-sha1,diffie-hellman-group14-sha1]\r\ndebug1: configuration requests final Match pass\r\ndebug1: re-parsing configuration\r\ndebug1: Reading configuration data /etc/ssh/ssh_config\r\ndebug3: /etc/ssh/ssh_config line 51: Including file /etc/ssh/ssh_config.d/05-redhat.conf depth 0\r\ndebug1: Reading configuration data /etc/ssh/ssh_config.d/05-redhat.conf\r\ndebug2: checking match for 'final all' host rhel8 originally rhel8\r\ndebug3: /etc/ssh/ssh_config.d/05-redhat.conf line 3: matched 'final'\r\ndebug2: match found\r\ndebug3: /etc/ssh/ssh_config.d/05-redhat.conf line 5: Including file /etc/crypto-policies/back-ends/openssh.config depth 1\r\ndebug1: Reading configuration data /etc/crypto-policies/back-ends/openssh.config\r\ndebug3: gss kex names ok: [gss-gex-sha1-,gss-group14-sha1-]\r\ndebug3: kex names ok: [curve25519-sha256,curve25519-sha256@libssh.org,ecdh-sha2-nistp256,ecdh-sha2-nistp384,ecdh-sha2-nistp521,diffie-hellman-group-exchange-sha256,diffie-hellman-group14-sha256,diffie-hellman-group16-sha512,diffie-hellman-group18-sha512,diffie-hellman-group-exchange-sha1,diffie-hellman-group14-sha1]\r\ndebug1: auto-mux: Trying existing master\r\ndebug2: fd 4 setting O_NONBLOCK\r\ndebug2: mux_client_hello_exchange: master version 4\r\ndebug3: mux_client_forwards: request forwardings: 0 local, 0 remote\r\ndebug3: mux_client_request_session: entering\r\ndebug3: mux_client_request_alive: entering\r\ndebug3: mux_client_request_alive: done pid = 11839\r\ndebug3: mux_client_request_session: session request sent\r\ndebug3: mux_client_read_packet: read header failed: Broken pipe\r\ndebug2: Received exit status from master 0\r\n")
2020-03-03 12:26:22,580 p=11817 u=mark n=ansible |  11817 1583234782.58005: _low_level_execute_command() done: rc=0, stdout=, stderr=OpenSSH_8.0p1, OpenSSL 1.1.1c FIPS  28 May 2019
debug1: Reading configuration data /etc/ssh/ssh_config
debug3: /etc/ssh/ssh_config line 51: Including file /etc/ssh/ssh_config.d/05-redhat.conf depth 0
debug1: Reading configuration data /etc/ssh/ssh_config.d/05-redhat.conf
debug2: checking match for 'final all' host rhel8 originally rhel8
debug3: /etc/ssh/ssh_config.d/05-redhat.conf line 3: not matched 'final'
debug2: match not found
debug3: /etc/ssh/ssh_config.d/05-redhat.conf line 5: Including file /etc/crypto-policies/back-ends/openssh.config depth 1 (parse only)
debug1: Reading configuration data /etc/crypto-policies/back-ends/openssh.config
debug3: gss kex names ok: [gss-gex-sha1-,gss-group14-sha1-]
debug3: kex names ok: [curve25519-sha256,curve25519-sha256@libssh.org,ecdh-sha2-nistp256,ecdh-sha2-nistp384,ecdh-sha2-nistp521,diffie-hellman-group-exchange-sha256,diffie-hellman-group14-sha256,diffie-hellman-group16-sha512,diffie-hellman-group18-sha512,diffie-hellman-group-exchange-sha1,diffie-hellman-group14-sha1]
debug1: configuration requests final Match pass
debug1: re-parsing configuration
debug1: Reading configuration data /etc/ssh/ssh_config
debug3: /etc/ssh/ssh_config line 51: Including file /etc/ssh/ssh_config.d/05-redhat.conf depth 0
debug1: Reading configuration data /etc/ssh/ssh_config.d/05-redhat.conf
debug2: checking match for 'final all' host rhel8 originally rhel8
debug3: /etc/ssh/ssh_config.d/05-redhat.conf line 3: matched 'final'
debug2: match found
debug3: /etc/ssh/ssh_config.d/05-redhat.conf line 5: Including file /etc/crypto-policies/back-ends/openssh.config depth 1
debug1: Reading configuration data /etc/crypto-policies/back-ends/openssh.config
debug3: gss kex names ok: [gss-gex-sha1-,gss-group14-sha1-]
debug3: kex names ok: [curve25519-sha256,curve25519-sha256@libssh.org,ecdh-sha2-nistp256,ecdh-sha2-nistp384,ecdh-sha2-nistp521,diffie-hellman-group-exchange-sha256,diffie-hellman-group14-sha256,diffie-hellman-group16-sha512,diffie-hellman-group18-sha512,diffie-hellman-group-exchange-sha1,diffie-hellman-group14-sha1]
debug1: auto-mux: Trying existing master
debug2: fd 4 setting O_NONBLOCK
debug2: mux_client_hello_exchange: master version 4
debug3: mux_client_forwards: request forwardings: 0 local, 0 remote
debug3: mux_client_request_session: entering
debug3: mux_client_request_alive: entering
debug3: mux_client_request_alive: done pid = 11839
debug3: mux_client_request_session: session request sent
debug3: mux_client_read_packet: read header failed: Broken pipe
debug2: Received exit status from master 0

2020-03-03 12:26:22,582 p=11817 u=mark n=ansible |  11817 1583234782.58213: done running TaskExecutor() for rhel8/TASK: Run id [525400b2-cc5b-c90d-fc3f-00000000000e]
2020-03-03 12:26:22,582 p=11817 u=mark n=ansible |  11817 1583234782.58277: sending task result for task 525400b2-cc5b-c90d-fc3f-00000000000e
2020-03-03 12:26:22,584 p=11817 u=mark n=ansible |  11817 1583234782.58390: done sending task result for task 525400b2-cc5b-c90d-fc3f-00000000000e
2020-03-03 12:26:22,585 p=11817 u=mark n=ansible |  11817 1583234782.58531: WORKER PROCESS EXITING
2020-03-03 12:26:22,587 p=11808 u=mark n=ansible |  11808 1583234782.58706: marking rhel8 as failed
2020-03-03 12:26:22,587 p=11808 u=mark n=ansible |  11808 1583234782.58751: marking host rhel8 failed, current state: HOST STATE: block=2, task=1, rescue=0, always=0, run_state=ITERATING_TASKS, fail_state=FAILED_NONE, pending_setup=False, tasks child state? (None), rescue child state? (None), always child state? (None), did rescue? False, did start at task? False
2020-03-03 12:26:22,587 p=11808 u=mark n=ansible |  11808 1583234782.58775: ^ failed state is now: HOST STATE: block=2, task=1, rescue=0, always=0, run_state=ITERATING_COMPLETE, fail_state=FAILED_TASKS, pending_setup=False, tasks child state? (None), rescue child state? (None), always child state? (None), did rescue? False, did start at task? False
2020-03-03 12:26:22,588 p=11808 u=mark n=ansible |  11808 1583234782.58794: getting the next task for host rhel8
2020-03-03 12:26:22,588 p=11808 u=mark n=ansible |  11808 1583234782.58811: host rhel8 is done iterating, returning
2020-03-03 12:26:22,588 p=11808 u=mark n=ansible | fatal: [rhel8]: FAILED! => {
    "msg": "Timeout (12s) waiting for privilege escalation prompt: "
}
2020-03-03 12:26:22,588 p=11808 u=mark n=ansible |  11808 1583234782.58881: no more pending results, returning what we have
2020-03-03 12:26:22,589 p=11808 u=mark n=ansible |  11808 1583234782.58904: results queue empty
2020-03-03 12:26:22,589 p=11808 u=mark n=ansible |  11808 1583234782.58920: checking for any_errors_fatal
2020-03-03 12:26:22,589 p=11808 u=mark n=ansible |  11808 1583234782.58963: done checking for any_errors_fatal
2020-03-03 12:26:22,589 p=11808 u=mark n=ansible |  11808 1583234782.58982: checking for max_fail_percentage
2020-03-03 12:26:22,590 p=11808 u=mark n=ansible |  11808 1583234782.58999: done checking for max_fail_percentage
2020-03-03 12:26:22,590 p=11808 u=mark n=ansible |  11808 1583234782.59016: checking to see if all hosts have failed and the running result is not ok
2020-03-03 12:26:22,590 p=11808 u=mark n=ansible |  11808 1583234782.59040: done checking to see if all hosts have failed
2020-03-03 12:26:22,590 p=11808 u=mark n=ansible |  11808 1583234782.59059: getting the remaining hosts for this loop
2020-03-03 12:26:22,590 p=11808 u=mark n=ansible |  11808 1583234782.59079: done getting the remaining hosts for this loop
2020-03-03 12:26:22,591 p=11808 u=mark n=ansible |  11808 1583234782.59108: building list of next tasks for hosts
2020-03-03 12:26:22,591 p=11808 u=mark n=ansible |  11808 1583234782.59143: getting the next task for host centos8
2020-03-03 12:26:22,591 p=11808 u=mark n=ansible |  11808 1583234782.59170: host centos8 is done iterating, returning
2020-03-03 12:26:22,592 p=11808 u=mark n=ansible |  11808 1583234782.59192: getting the next task for host centos7
2020-03-03 12:26:22,592 p=11808 u=mark n=ansible |  11808 1583234782.59215: host centos7 is done iterating, returning
2020-03-03 12:26:22,592 p=11808 u=mark n=ansible |  11808 1583234782.59244: getting the next task for host rhel8
2020-03-03 12:26:22,592 p=11808 u=mark n=ansible |  11808 1583234782.59268: host rhel8 is done iterating, returning
2020-03-03 12:26:22,593 p=11808 u=mark n=ansible |  11808 1583234782.59289: getting the next task for host fedora31
2020-03-03 12:26:22,593 p=11808 u=mark n=ansible |  11808 1583234782.59310: host fedora31 is done iterating, returning
2020-03-03 12:26:22,593 p=11808 u=mark n=ansible |  11808 1583234782.59339: getting the next task for host debian
2020-03-03 12:26:22,593 p=11808 u=mark n=ansible |  11808 1583234782.59365: done getting next task for host debian
2020-03-03 12:26:22,594 p=11808 u=mark n=ansible |  11808 1583234782.59388:  ^ task is: TASK: Show id stdout
2020-03-03 12:26:22,594 p=11808 u=mark n=ansible |  11808 1583234782.59410:  ^ state is: HOST STATE: block=2, task=2, rescue=0, always=0, run_state=ITERATING_TASKS, fail_state=FAILED_NONE, pending_setup=False, tasks child state? (None), rescue child state? (None), always child state? (None), did rescue? False, did start at task? False
2020-03-03 12:26:22,594 p=11808 u=mark n=ansible |  11808 1583234782.59434: getting the next task for host ubuntu16-04
2020-03-03 12:26:22,594 p=11808 u=mark n=ansible |  11808 1583234782.59461: done getting next task for host ubuntu16-04
2020-03-03 12:26:22,594 p=11808 u=mark n=ansible |  11808 1583234782.59483:  ^ task is: TASK: Show id stdout
2020-03-03 12:26:22,595 p=11808 u=mark n=ansible |  11808 1583234782.59505:  ^ state is: HOST STATE: block=2, task=2, rescue=0, always=0, run_state=ITERATING_TASKS, fail_state=FAILED_NONE, pending_setup=False, tasks child state? (None), rescue child state? (None), always child state? (None), did rescue? False, did start at task? False
2020-03-03 12:26:22,595 p=11808 u=mark n=ansible |  11808 1583234782.59526: getting the next task for host ubuntu18-04
2020-03-03 12:26:22,595 p=11808 u=mark n=ansible |  11808 1583234782.59556: done getting next task for host ubuntu18-04
2020-03-03 12:26:22,595 p=11808 u=mark n=ansible |  11808 1583234782.59578:  ^ task is: TASK: Show id stdout
2020-03-03 12:26:22,596 p=11808 u=mark n=ansible |  11808 1583234782.59600:  ^ state is: HOST STATE: block=2, task=2, rescue=0, always=0, run_state=ITERATING_TASKS, fail_state=FAILED_NONE, pending_setup=False, tasks child state? (None), rescue child state? (None), always child state? (None), did rescue? False, did start at task? False
2020-03-03 12:26:22,596 p=11808 u=mark n=ansible |  11808 1583234782.59621: done building task lists
2020-03-03 12:26:22,596 p=11808 u=mark n=ansible |  11808 1583234782.59649: counting tasks in each state of execution
2020-03-03 12:26:22,596 p=11808 u=mark n=ansible |  11808 1583234782.59673: done counting tasks in each state of execution:
	num_setups: 0
	num_tasks: 3
	num_rescue: 0
	num_always: 0
2020-03-03 12:26:22,597 p=11808 u=mark n=ansible |  11808 1583234782.59696: advancing hosts in ITERATING_TASKS
2020-03-03 12:26:22,597 p=11808 u=mark n=ansible |  11808 1583234782.59716: starting to advance hosts
2020-03-03 12:26:22,597 p=11808 u=mark n=ansible |  11808 1583234782.59745: getting the next task for host debian
2020-03-03 12:26:22,597 p=11808 u=mark n=ansible |  11808 1583234782.59773: done getting next task for host debian
2020-03-03 12:26:22,598 p=11808 u=mark n=ansible |  11808 1583234782.59799:  ^ task is: TASK: Show id stdout
2020-03-03 12:26:22,598 p=11808 u=mark n=ansible |  11808 1583234782.59822:  ^ state is: HOST STATE: block=2, task=2, rescue=0, always=0, run_state=ITERATING_TASKS, fail_state=FAILED_NONE, pending_setup=False, tasks child state? (None), rescue child state? (None), always child state? (None), did rescue? False, did start at task? False
2020-03-03 12:26:22,598 p=11808 u=mark n=ansible |  11808 1583234782.59852: getting the next task for host ubuntu16-04
2020-03-03 12:26:22,598 p=11808 u=mark n=ansible |  11808 1583234782.59877: done getting next task for host ubuntu16-04
2020-03-03 12:26:22,599 p=11808 u=mark n=ansible |  11808 1583234782.59899:  ^ task is: TASK: Show id stdout
2020-03-03 12:26:22,599 p=11808 u=mark n=ansible |  11808 1583234782.59921:  ^ state is: HOST STATE: block=2, task=2, rescue=0, always=0, run_state=ITERATING_TASKS, fail_state=FAILED_NONE, pending_setup=False, tasks child state? (None), rescue child state? (None), always child state? (None), did rescue? False, did start at task? False
2020-03-03 12:26:22,599 p=11808 u=mark n=ansible |  11808 1583234782.59950: getting the next task for host ubuntu18-04
2020-03-03 12:26:22,599 p=11808 u=mark n=ansible |  11808 1583234782.59974: done getting next task for host ubuntu18-04
2020-03-03 12:26:22,600 p=11808 u=mark n=ansible |  11808 1583234782.59993:  ^ task is: TASK: Show id stdout
2020-03-03 12:26:22,600 p=11808 u=mark n=ansible |  11808 1583234782.60015:  ^ state is: HOST STATE: block=2, task=2, rescue=0, always=0, run_state=ITERATING_TASKS, fail_state=FAILED_NONE, pending_setup=False, tasks child state? (None), rescue child state? (None), always child state? (None), did rescue? False, did start at task? False
2020-03-03 12:26:22,600 p=11808 u=mark n=ansible |  11808 1583234782.60044: done advancing hosts to next task
2020-03-03 12:26:22,601 p=11808 u=mark n=ansible |  11808 1583234782.60160: Loading ActionModule 'debug' from /usr/lib/python3.6/site-packages/ansible/plugins/action/debug.py (searched paths: /usr/share/ansible/plugins/action:/usr/lib/python3.6/site-packages/ansible/plugins/action:/usr/lib/python3.6/site-packages/ansible/plugins/action/__pycache__) (found_in_cache=False, class_only=True)
2020-03-03 12:26:22,602 p=11808 u=mark n=ansible |  11808 1583234782.60190: getting variables
2020-03-03 12:26:22,602 p=11808 u=mark n=ansible |  11808 1583234782.60214: in VariableManager get_vars()
2020-03-03 12:26:22,602 p=11808 u=mark n=ansible |  11808 1583234782.60278: Calling all_inventory to load vars for debian
2020-03-03 12:26:22,603 p=11808 u=mark n=ansible |  11808 1583234782.60303: Calling groups_inventory to load vars for debian
2020-03-03 12:26:22,603 p=11808 u=mark n=ansible |  11808 1583234782.60333: Calling all_plugins_inventory to load vars for debian
2020-03-03 12:26:22,604 p=11808 u=mark n=ansible |  11808 1583234782.60404: Loading VarsModule 'host_group_vars' from /usr/lib/python3.6/site-packages/ansible/plugins/vars/host_group_vars.py (found_in_cache=True, class_only=False)
2020-03-03 12:26:22,604 p=11808 u=mark n=ansible |  11808 1583234782.60457: Calling all_plugins_play to load vars for debian
2020-03-03 12:26:22,605 p=11808 u=mark n=ansible |  11808 1583234782.60510: Loading VarsModule 'host_group_vars' from /usr/lib/python3.6/site-packages/ansible/plugins/vars/host_group_vars.py (found_in_cache=True, class_only=False)
2020-03-03 12:26:22,605 p=11808 u=mark n=ansible |  11808 1583234782.60558: Calling groups_plugins_inventory to load vars for debian
2020-03-03 12:26:22,606 p=11808 u=mark n=ansible |  11808 1583234782.60613: Loading VarsModule 'host_group_vars' from /usr/lib/python3.6/site-packages/ansible/plugins/vars/host_group_vars.py (found_in_cache=True, class_only=False)
2020-03-03 12:26:22,606 p=11808 u=mark n=ansible |  11808 1583234782.60658: Calling groups_plugins_play to load vars for debian
2020-03-03 12:26:22,607 p=11808 u=mark n=ansible |  11808 1583234782.60710: Loading VarsModule 'host_group_vars' from /usr/lib/python3.6/site-packages/ansible/plugins/vars/host_group_vars.py (found_in_cache=True, class_only=False)
2020-03-03 12:26:22,607 p=11808 u=mark n=ansible |  11808 1583234782.60785: Loading VarsModule 'host_group_vars' from /usr/lib/python3.6/site-packages/ansible/plugins/vars/host_group_vars.py (found_in_cache=True, class_only=False)
2020-03-03 12:26:22,608 p=11808 u=mark n=ansible |  11808 1583234782.60861: Loading VarsModule 'host_group_vars' from /usr/lib/python3.6/site-packages/ansible/plugins/vars/host_group_vars.py (found_in_cache=True, class_only=False)
2020-03-03 12:26:22,611 p=11808 u=mark n=ansible |  11808 1583234782.61120: done with get_vars()
2020-03-03 12:26:22,611 p=11808 u=mark n=ansible |  11808 1583234782.61169: done getting variables
2020-03-03 12:26:22,612 p=11808 u=mark n=ansible |  11808 1583234782.61197: sending task start callback, copying the task so we can template it temporarily
2020-03-03 12:26:22,612 p=11808 u=mark n=ansible |  11808 1583234782.61220: done copying, going to template now
2020-03-03 12:26:22,612 p=11808 u=mark n=ansible |  11808 1583234782.61250: done templating
2020-03-03 12:26:22,612 p=11808 u=mark n=ansible |  11808 1583234782.61272: here goes the callback...
2020-03-03 12:26:22,613 p=11808 u=mark n=ansible | TASK [Show id stdout] *******************************************************************************
2020-03-03 12:26:22,613 p=11808 u=mark n=ansible | task path: /home/mark/git/ansible-sudo-bug/test.yml:17
2020-03-03 12:26:22,613 p=11808 u=mark n=ansible |  11808 1583234782.61347: sending task start callback
2020-03-03 12:26:22,613 p=11808 u=mark n=ansible |  11808 1583234782.61371: entering _queue_task() for debian/debug
2020-03-03 12:26:22,614 p=11808 u=mark n=ansible |  11808 1583234782.61393: Creating lock for debug
2020-03-03 12:26:22,617 p=11808 u=mark n=ansible |  11808 1583234782.61659: worker is 1 (out of 5 available)
2020-03-03 12:26:22,617 p=11808 u=mark n=ansible |  11808 1583234782.61776: exiting _queue_task() for debian/debug
2020-03-03 12:26:22,619 p=11808 u=mark n=ansible |  11808 1583234782.61898: Loading ActionModule 'debug' from /usr/lib/python3.6/site-packages/ansible/plugins/action/debug.py (searched paths: /usr/share/ansible/plugins/action:/usr/lib/python3.6/site-packages/ansible/plugins/action:/usr/lib/python3.6/site-packages/ansible/plugins/action/__pycache__) (found_in_cache=True, class_only=True)
2020-03-03 12:26:22,619 p=11913 u=mark n=ansible |  11913 1583234782.61885: running TaskExecutor() for debian/TASK: Show id stdout
2020-03-03 12:26:22,619 p=11808 u=mark n=ansible |  11808 1583234782.61939: getting variables
2020-03-03 12:26:22,619 p=11808 u=mark n=ansible |  11808 1583234782.61961: in VariableManager get_vars()
2020-03-03 12:26:22,620 p=11808 u=mark n=ansible |  11808 1583234782.62054: Calling all_inventory to load vars for ubuntu16-04
2020-03-03 12:26:22,620 p=11913 u=mark n=ansible |  11913 1583234782.62032: in run() - task 525400b2-cc5b-c90d-fc3f-00000000000f
2020-03-03 12:26:22,621 p=11808 u=mark n=ansible |  11808 1583234782.62093: Calling groups_inventory to load vars for ubuntu16-04
2020-03-03 12:26:22,621 p=11808 u=mark n=ansible |  11808 1583234782.62113: Calling all_plugins_inventory to load vars for ubuntu16-04
2020-03-03 12:26:22,621 p=11913 u=mark n=ansible |  11913 1583234782.62150: calling self._execute()
2020-03-03 12:26:22,621 p=11808 u=mark n=ansible |  11808 1583234782.62184: Loading VarsModule 'host_group_vars' from /usr/lib/python3.6/site-packages/ansible/plugins/vars/host_group_vars.py (found_in_cache=True, class_only=False)
2020-03-03 12:26:22,622 p=11808 u=mark n=ansible |  11808 1583234782.62227: Calling all_plugins_play to load vars for ubuntu16-04
2020-03-03 12:26:22,622 p=11808 u=mark n=ansible |  11808 1583234782.62279: Loading VarsModule 'host_group_vars' from /usr/lib/python3.6/site-packages/ansible/plugins/vars/host_group_vars.py (found_in_cache=True, class_only=False)
2020-03-03 12:26:22,623 p=11808 u=mark n=ansible |  11808 1583234782.62312: Calling groups_plugins_inventory to load vars for ubuntu16-04
2020-03-03 12:26:22,623 p=11808 u=mark n=ansible |  11808 1583234782.62364: Loading VarsModule 'host_group_vars' from /usr/lib/python3.6/site-packages/ansible/plugins/vars/host_group_vars.py (found_in_cache=True, class_only=False)
2020-03-03 12:26:22,624 p=11808 u=mark n=ansible |  11808 1583234782.62397: Calling groups_plugins_play to load vars for ubuntu16-04
2020-03-03 12:26:22,624 p=11808 u=mark n=ansible |  11808 1583234782.62448: Loading VarsModule 'host_group_vars' from /usr/lib/python3.6/site-packages/ansible/plugins/vars/host_group_vars.py (found_in_cache=True, class_only=False)
2020-03-03 12:26:22,625 p=11808 u=mark n=ansible |  11808 1583234782.62512: Loading VarsModule 'host_group_vars' from /usr/lib/python3.6/site-packages/ansible/plugins/vars/host_group_vars.py (found_in_cache=True, class_only=False)
2020-03-03 12:26:22,625 p=11808 u=mark n=ansible |  11808 1583234782.62574: Loading VarsModule 'host_group_vars' from /usr/lib/python3.6/site-packages/ansible/plugins/vars/host_group_vars.py (found_in_cache=True, class_only=False)
2020-03-03 12:26:22,625 p=11913 u=mark n=ansible |  11913 1583234782.62562: trying /usr/share/ansible/plugins/connection
2020-03-03 12:26:22,626 p=11913 u=mark n=ansible |  11913 1583234782.62599: trying /usr/lib/python3.6/site-packages/ansible/plugins/connection
2020-03-03 12:26:22,627 p=11913 u=mark n=ansible |  11913 1583234782.62753: Loading Connection 'ssh' from /usr/lib/python3.6/site-packages/ansible/plugins/connection/ssh.py (searched paths: /usr/share/ansible/plugins/connection:/usr/lib/python3.6/site-packages/ansible/plugins/connection) (found_in_cache=True, class_only=False)
2020-03-03 12:26:22,627 p=11808 u=mark n=ansible |  11808 1583234782.62787: done with get_vars()
2020-03-03 12:26:22,628 p=11913 u=mark n=ansible |  11913 1583234782.62812: trying /usr/lib/python3.6/site-packages/ansible/plugins/shell
2020-03-03 12:26:22,628 p=11808 u=mark n=ansible |  11808 1583234782.62826: done getting variables
2020-03-03 12:26:22,628 p=11808 u=mark n=ansible |  11808 1583234782.62861: entering _queue_task() for ubuntu16-04/debug
2020-03-03 12:26:22,628 p=11913 u=mark n=ansible |  11913 1583234782.62868: Loading ShellModule 'sh' from /usr/lib/python3.6/site-packages/ansible/plugins/shell/sh.py (found_in_cache=True, class_only=False)
2020-03-03 12:26:22,629 p=11913 u=mark n=ansible |  11913 1583234782.62901: Loading ShellModule 'sh' from /usr/lib/python3.6/site-packages/ansible/plugins/shell/sh.py (found_in_cache=True, class_only=False)
2020-03-03 12:26:22,631 p=11808 u=mark n=ansible |  11808 1583234782.63100: worker is 2 (out of 5 available)
2020-03-03 12:26:22,632 p=11808 u=mark n=ansible |  11808 1583234782.63205: exiting _queue_task() for ubuntu16-04/debug
2020-03-03 12:26:22,632 p=11913 u=mark n=ansible |  11913 1583234782.63191: Loading ActionModule 'debug' from /usr/lib/python3.6/site-packages/ansible/plugins/action/debug.py (searched paths: /usr/share/ansible/plugins/action:/usr/lib/python3.6/site-packages/ansible/plugins/action:/usr/lib/python3.6/site-packages/ansible/plugins/action/__pycache__) (found_in_cache=True, class_only=False)
2020-03-03 12:26:22,632 p=11913 u=mark n=ansible |  11913 1583234782.63242: starting attempt loop
2020-03-03 12:26:22,632 p=11913 u=mark n=ansible |  11913 1583234782.63269: running the handler
2020-03-03 12:26:22,632 p=11808 u=mark n=ansible |  11808 1583234782.63279: Loading ActionModule 'debug' from /usr/lib/python3.6/site-packages/ansible/plugins/action/debug.py (searched paths: /usr/share/ansible/plugins/action:/usr/lib/python3.6/site-packages/ansible/plugins/action:/usr/lib/python3.6/site-packages/ansible/plugins/action/__pycache__) (found_in_cache=True, class_only=True)
2020-03-03 12:26:22,633 p=11808 u=mark n=ansible |  11808 1583234782.63296: getting variables
2020-03-03 12:26:22,633 p=11808 u=mark n=ansible |  11808 1583234782.63309: in VariableManager get_vars()
2020-03-03 12:26:22,633 p=11808 u=mark n=ansible |  11808 1583234782.63362: Calling all_inventory to load vars for ubuntu18-04
2020-03-03 12:26:22,633 p=11808 u=mark n=ansible |  11808 1583234782.63385: Calling groups_inventory to load vars for ubuntu18-04
2020-03-03 12:26:22,634 p=11808 u=mark n=ansible |  11808 1583234782.63396: Calling all_plugins_inventory to load vars for ubuntu18-04
2020-03-03 12:26:22,634 p=11808 u=mark n=ansible |  11808 1583234782.63432: Loading VarsModule 'host_group_vars' from /usr/lib/python3.6/site-packages/ansible/plugins/vars/host_group_vars.py (found_in_cache=True, class_only=False)
2020-03-03 12:26:22,634 p=11808 u=mark n=ansible |  11808 1583234782.63459: Calling all_plugins_play to load vars for ubuntu18-04
2020-03-03 12:26:22,634 p=11808 u=mark n=ansible |  11808 1583234782.63482: Loading VarsModule 'host_group_vars' from /usr/lib/python3.6/site-packages/ansible/plugins/vars/host_group_vars.py (found_in_cache=True, class_only=False)
2020-03-03 12:26:22,635 p=11808 u=mark n=ansible |  11808 1583234782.63499: Calling groups_plugins_inventory to load vars for ubuntu18-04
2020-03-03 12:26:22,635 p=11808 u=mark n=ansible |  11808 1583234782.63523: Loading VarsModule 'host_group_vars' from /usr/lib/python3.6/site-packages/ansible/plugins/vars/host_group_vars.py (found_in_cache=True, class_only=False)
2020-03-03 12:26:22,635 p=11808 u=mark n=ansible |  11808 1583234782.63544: Calling groups_plugins_play to load vars for ubuntu18-04
2020-03-03 12:26:22,635 p=11808 u=mark n=ansible |  11808 1583234782.63566: Loading VarsModule 'host_group_vars' from /usr/lib/python3.6/site-packages/ansible/plugins/vars/host_group_vars.py (found_in_cache=True, class_only=False)
2020-03-03 12:26:22,636 p=11808 u=mark n=ansible |  11808 1583234782.63598: Loading VarsModule 'host_group_vars' from /usr/lib/python3.6/site-packages/ansible/plugins/vars/host_group_vars.py (found_in_cache=True, class_only=False)
2020-03-03 12:26:22,636 p=11808 u=mark n=ansible |  11808 1583234782.63627: Loading VarsModule 'host_group_vars' from /usr/lib/python3.6/site-packages/ansible/plugins/vars/host_group_vars.py (found_in_cache=True, class_only=False)
2020-03-03 12:26:22,639 p=11914 u=mark n=ansible |  11914 1583234782.63897: running TaskExecutor() for ubuntu16-04/TASK: Show id stdout
2020-03-03 12:26:22,639 p=11914 u=mark n=ansible |  11914 1583234782.63984: in run() - task 525400b2-cc5b-c90d-fc3f-00000000000f
2020-03-03 12:26:22,640 p=11914 u=mark n=ansible |  11914 1583234782.64045: calling self._execute()
2020-03-03 12:26:22,642 p=11914 u=mark n=ansible |  11914 1583234782.64239: trying /usr/share/ansible/plugins/connection
2020-03-03 12:26:22,642 p=11914 u=mark n=ansible |  11914 1583234782.64260: trying /usr/lib/python3.6/site-packages/ansible/plugins/connection
2020-03-03 12:26:22,643 p=11914 u=mark n=ansible |  11914 1583234782.64313: Loading Connection 'ssh' from /usr/lib/python3.6/site-packages/ansible/plugins/connection/ssh.py (searched paths: /usr/share/ansible/plugins/connection:/usr/lib/python3.6/site-packages/ansible/plugins/connection) (found_in_cache=True, class_only=False)
2020-03-03 12:26:22,643 p=11914 u=mark n=ansible |  11914 1583234782.64338: trying /usr/lib/python3.6/site-packages/ansible/plugins/shell
2020-03-03 12:26:22,643 p=11914 u=mark n=ansible |  11914 1583234782.64359: Loading ShellModule 'sh' from /usr/lib/python3.6/site-packages/ansible/plugins/shell/sh.py (found_in_cache=True, class_only=False)
2020-03-03 12:26:22,643 p=11914 u=mark n=ansible |  11914 1583234782.64372: Loading ShellModule 'sh' from /usr/lib/python3.6/site-packages/ansible/plugins/shell/sh.py (found_in_cache=True, class_only=False)
2020-03-03 12:26:22,644 p=11808 u=mark n=ansible |  11808 1583234782.64450: done with get_vars()
2020-03-03 12:26:22,644 p=11808 u=mark n=ansible |  11808 1583234782.64479: done getting variables
2020-03-03 12:26:22,644 p=11808 u=mark n=ansible |  11808 1583234782.64491: entering _queue_task() for ubuntu18-04/debug
2020-03-03 12:26:22,646 p=11808 u=mark n=ansible |  11808 1583234782.64665: worker is 3 (out of 5 available)
2020-03-03 12:26:22,647 p=11808 u=mark n=ansible |  11808 1583234782.64724: exiting _queue_task() for ubuntu18-04/debug
2020-03-03 12:26:22,647 p=11808 u=mark n=ansible |  11808 1583234782.64772: done queuing things up, now waiting for results queue to drain
2020-03-03 12:26:22,647 p=11808 u=mark n=ansible |  11808 1583234782.64782: waiting for pending results...
2020-03-03 12:26:22,649 p=11914 u=mark n=ansible |  11914 1583234782.64889: Loading ActionModule 'debug' from /usr/lib/python3.6/site-packages/ansible/plugins/action/debug.py (searched paths: /usr/share/ansible/plugins/action:/usr/lib/python3.6/site-packages/ansible/plugins/action:/usr/lib/python3.6/site-packages/ansible/plugins/action/__pycache__) (found_in_cache=True, class_only=False)
2020-03-03 12:26:22,649 p=11914 u=mark n=ansible |  11914 1583234782.64923: starting attempt loop
2020-03-03 12:26:22,649 p=11914 u=mark n=ansible |  11914 1583234782.64941: running the handler
2020-03-03 12:26:22,660 p=11915 u=mark n=ansible |  11915 1583234782.66031: running TaskExecutor() for ubuntu18-04/TASK: Show id stdout
2020-03-03 12:26:22,661 p=11915 u=mark n=ansible |  11915 1583234782.66123: in run() - task 525400b2-cc5b-c90d-fc3f-00000000000f
2020-03-03 12:26:22,661 p=11915 u=mark n=ansible |  11915 1583234782.66175: calling self._execute()
2020-03-03 12:26:22,664 p=11915 u=mark n=ansible |  11915 1583234782.66413: trying /usr/share/ansible/plugins/connection
2020-03-03 12:26:22,664 p=11915 u=mark n=ansible |  11915 1583234782.66447: trying /usr/lib/python3.6/site-packages/ansible/plugins/connection
2020-03-03 12:26:22,664 p=11913 u=mark n=ansible |  11913 1583234782.66441: Loading FilterModule 'core' from /usr/lib/python3.6/site-packages/ansible/plugins/filter/core.py
2020-03-03 12:26:22,665 p=11915 u=mark n=ansible |  11915 1583234782.66511: Loading Connection 'ssh' from /usr/lib/python3.6/site-packages/ansible/plugins/connection/ssh.py (searched paths: /usr/share/ansible/plugins/connection:/usr/lib/python3.6/site-packages/ansible/plugins/connection) (found_in_cache=True, class_only=False)
2020-03-03 12:26:22,665 p=11915 u=mark n=ansible |  11915 1583234782.66539: trying /usr/lib/python3.6/site-packages/ansible/plugins/shell
2020-03-03 12:26:22,665 p=11915 u=mark n=ansible |  11915 1583234782.66564: Loading ShellModule 'sh' from /usr/lib/python3.6/site-packages/ansible/plugins/shell/sh.py (found_in_cache=True, class_only=False)
2020-03-03 12:26:22,665 p=11915 u=mark n=ansible |  11915 1583234782.66581: Loading ShellModule 'sh' from /usr/lib/python3.6/site-packages/ansible/plugins/shell/sh.py (found_in_cache=True, class_only=False)
2020-03-03 12:26:22,667 p=11915 u=mark n=ansible |  11915 1583234782.66739: Loading ActionModule 'debug' from /usr/lib/python3.6/site-packages/ansible/plugins/action/debug.py (searched paths: /usr/share/ansible/plugins/action:/usr/lib/python3.6/site-packages/ansible/plugins/action:/usr/lib/python3.6/site-packages/ansible/plugins/action/__pycache__) (found_in_cache=True, class_only=False)
2020-03-03 12:26:22,667 p=11913 u=mark n=ansible |  11913 1583234782.66717: Loading FilterModule 'gcp_kms_filters' from /usr/lib/python3.6/site-packages/ansible/plugins/filter/gcp_kms_filters.py
2020-03-03 12:26:22,667 p=11915 u=mark n=ansible |  11915 1583234782.66763: starting attempt loop
2020-03-03 12:26:22,667 p=11915 u=mark n=ansible |  11915 1583234782.66774: running the handler
2020-03-03 12:26:22,669 p=11913 u=mark n=ansible |  11913 1583234782.66925: Loading FilterModule 'ipaddr' from /usr/lib/python3.6/site-packages/ansible/plugins/filter/ipaddr.py
2020-03-03 12:26:22,675 p=11913 u=mark n=ansible |  11913 1583234782.67496: Loading FilterModule 'json_query' from /usr/lib/python3.6/site-packages/ansible/plugins/filter/json_query.py
2020-03-03 12:26:22,675 p=11913 u=mark n=ansible |  11913 1583234782.67563: Loading FilterModule 'k8s' from /usr/lib/python3.6/site-packages/ansible/plugins/filter/k8s.py
2020-03-03 12:26:22,676 p=11913 u=mark n=ansible |  11913 1583234782.67609: Loading FilterModule 'mathstuff' from /usr/lib/python3.6/site-packages/ansible/plugins/filter/mathstuff.py
2020-03-03 12:26:22,676 p=11914 u=mark n=ansible |  11914 1583234782.67661: Loading FilterModule 'core' from /usr/lib/python3.6/site-packages/ansible/plugins/filter/core.py
2020-03-03 12:26:22,676 p=11913 u=mark n=ansible |  11913 1583234782.67669: Loading FilterModule 'network' from /usr/lib/python3.6/site-packages/ansible/plugins/filter/network.py
2020-03-03 12:26:22,677 p=11913 u=mark n=ansible |  11913 1583234782.67703: Loading FilterModule 'urls' from /usr/lib/python3.6/site-packages/ansible/plugins/filter/urls.py
2020-03-03 12:26:22,677 p=11913 u=mark n=ansible |  11913 1583234782.67731: Loading FilterModule 'urlsplit' from /usr/lib/python3.6/site-packages/ansible/plugins/filter/urlsplit.py
2020-03-03 12:26:22,677 p=11914 u=mark n=ansible |  11914 1583234782.67788: Loading FilterModule 'gcp_kms_filters' from /usr/lib/python3.6/site-packages/ansible/plugins/filter/gcp_kms_filters.py
2020-03-03 12:26:22,678 p=11913 u=mark n=ansible |  11913 1583234782.67874: Loading TestModule 'core' from /usr/lib/python3.6/site-packages/ansible/plugins/test/core.py
2020-03-03 12:26:22,678 p=11914 u=mark n=ansible |  11914 1583234782.67884: Loading FilterModule 'ipaddr' from /usr/lib/python3.6/site-packages/ansible/plugins/filter/ipaddr.py
2020-03-03 12:26:22,679 p=11913 u=mark n=ansible |  11913 1583234782.67908: Loading TestModule 'files' from /usr/lib/python3.6/site-packages/ansible/plugins/test/files.py
2020-03-03 12:26:22,679 p=11913 u=mark n=ansible |  11913 1583234782.67934: Loading TestModule 'mathstuff' from /usr/lib/python3.6/site-packages/ansible/plugins/test/mathstuff.py
2020-03-03 12:26:22,680 p=11913 u=mark n=ansible |  11913 1583234782.68079: handler run complete
2020-03-03 12:26:22,681 p=11913 u=mark n=ansible |  11913 1583234782.68101: attempt loop complete, returning result
2020-03-03 12:26:22,681 p=11913 u=mark n=ansible |  11913 1583234782.68111: _execute() done
2020-03-03 12:26:22,681 p=11913 u=mark n=ansible |  11913 1583234782.68120: dumping result to json
2020-03-03 12:26:22,682 p=11914 u=mark n=ansible |  11914 1583234782.68250: Loading FilterModule 'json_query' from /usr/lib/python3.6/site-packages/ansible/plugins/filter/json_query.py
2020-03-03 12:26:22,683 p=11914 u=mark n=ansible |  11914 1583234782.68315: Loading FilterModule 'k8s' from /usr/lib/python3.6/site-packages/ansible/plugins/filter/k8s.py
2020-03-03 12:26:22,684 p=11914 u=mark n=ansible |  11914 1583234782.68394: Loading FilterModule 'mathstuff' from /usr/lib/python3.6/site-packages/ansible/plugins/filter/mathstuff.py
2020-03-03 12:26:22,684 p=11914 u=mark n=ansible |  11914 1583234782.68482: Loading FilterModule 'network' from /usr/lib/python3.6/site-packages/ansible/plugins/filter/network.py
2020-03-03 12:26:22,685 p=11914 u=mark n=ansible |  11914 1583234782.68540: Loading FilterModule 'urls' from /usr/lib/python3.6/site-packages/ansible/plugins/filter/urls.py
2020-03-03 12:26:22,685 p=11914 u=mark n=ansible |  11914 1583234782.68580: Loading FilterModule 'urlsplit' from /usr/lib/python3.6/site-packages/ansible/plugins/filter/urlsplit.py
2020-03-03 12:26:22,687 p=11914 u=mark n=ansible |  11914 1583234782.68741: Loading TestModule 'core' from /usr/lib/python3.6/site-packages/ansible/plugins/test/core.py
2020-03-03 12:26:22,687 p=11914 u=mark n=ansible |  11914 1583234782.68783: Loading TestModule 'files' from /usr/lib/python3.6/site-packages/ansible/plugins/test/files.py
2020-03-03 12:26:22,688 p=11914 u=mark n=ansible |  11914 1583234782.68812: Loading TestModule 'mathstuff' from /usr/lib/python3.6/site-packages/ansible/plugins/test/mathstuff.py
2020-03-03 12:26:22,690 p=11914 u=mark n=ansible |  11914 1583234782.68992: handler run complete
2020-03-03 12:26:22,690 p=11914 u=mark n=ansible |  11914 1583234782.69015: attempt loop complete, returning result
2020-03-03 12:26:22,690 p=11914 u=mark n=ansible |  11914 1583234782.69027: _execute() done
2020-03-03 12:26:22,690 p=11914 u=mark n=ansible |  11914 1583234782.69066: dumping result to json
2020-03-03 12:26:22,690 p=11914 u=mark n=ansible |  11914 1583234782.69078: done dumping result, returning
2020-03-03 12:26:22,690 p=11914 u=mark n=ansible |  11914 1583234782.69092: done running TaskExecutor() for ubuntu16-04/TASK: Show id stdout [525400b2-cc5b-c90d-fc3f-00000000000f]
2020-03-03 12:26:22,691 p=11914 u=mark n=ansible |  11914 1583234782.69111: sending task result for task 525400b2-cc5b-c90d-fc3f-00000000000f
2020-03-03 12:26:22,691 p=11914 u=mark n=ansible |  11914 1583234782.69150: done sending task result for task 525400b2-cc5b-c90d-fc3f-00000000000f
2020-03-03 12:26:22,691 p=11914 u=mark n=ansible |  11914 1583234782.69162: WORKER PROCESS EXITING
2020-03-03 12:26:22,692 p=11913 u=mark n=ansible |  11913 1583234782.68132: done dumping result, returning
2020-03-03 12:26:22,692 p=11913 u=mark n=ansible |  11913 1583234782.69277: done running TaskExecutor() for debian/TASK: Show id stdout [525400b2-cc5b-c90d-fc3f-00000000000f]
2020-03-03 12:26:22,693 p=11913 u=mark n=ansible |  11913 1583234782.69298: sending task result for task 525400b2-cc5b-c90d-fc3f-00000000000f
2020-03-03 12:26:22,695 p=11808 u=mark n=ansible | ok: [ubuntu16-04] => {
    "id_result.stdout": "uid=0(root) gid=0(root) groups=0(root)"
}
2020-03-03 12:26:22,696 p=11915 u=mark n=ansible |  11915 1583234782.69631: Loading FilterModule 'core' from /usr/lib/python3.6/site-packages/ansible/plugins/filter/core.py
2020-03-03 12:26:22,696 p=11913 u=mark n=ansible |  11913 1583234782.69624: done sending task result for task 525400b2-cc5b-c90d-fc3f-00000000000f
2020-03-03 12:26:22,696 p=11913 u=mark n=ansible |  11913 1583234782.69653: WORKER PROCESS EXITING
2020-03-03 12:26:22,697 p=11915 u=mark n=ansible |  11915 1583234782.69755: Loading FilterModule 'gcp_kms_filters' from /usr/lib/python3.6/site-packages/ansible/plugins/filter/gcp_kms_filters.py
2020-03-03 12:26:22,698 p=11808 u=mark n=ansible | ok: [debian] => {
    "id_result.stdout": "uid=0(root) gid=0(root) groups=0(root)"
}
2020-03-03 12:26:22,698 p=11915 u=mark n=ansible |  11915 1583234782.69853: Loading FilterModule 'ipaddr' from /usr/lib/python3.6/site-packages/ansible/plugins/filter/ipaddr.py
2020-03-03 12:26:22,702 p=11915 u=mark n=ansible |  11915 1583234782.70249: Loading FilterModule 'json_query' from /usr/lib/python3.6/site-packages/ansible/plugins/filter/json_query.py
2020-03-03 12:26:22,703 p=11915 u=mark n=ansible |  11915 1583234782.70325: Loading FilterModule 'k8s' from /usr/lib/python3.6/site-packages/ansible/plugins/filter/k8s.py
2020-03-03 12:26:22,704 p=11915 u=mark n=ansible |  11915 1583234782.70390: Loading FilterModule 'mathstuff' from /usr/lib/python3.6/site-packages/ansible/plugins/filter/mathstuff.py
2020-03-03 12:26:22,704 p=11915 u=mark n=ansible |  11915 1583234782.70477: Loading FilterModule 'network' from /usr/lib/python3.6/site-packages/ansible/plugins/filter/network.py
2020-03-03 12:26:22,705 p=11915 u=mark n=ansible |  11915 1583234782.70549: Loading FilterModule 'urls' from /usr/lib/python3.6/site-packages/ansible/plugins/filter/urls.py
2020-03-03 12:26:22,706 p=11915 u=mark n=ansible |  11915 1583234782.70608: Loading FilterModule 'urlsplit' from /usr/lib/python3.6/site-packages/ansible/plugins/filter/urlsplit.py
2020-03-03 12:26:22,707 p=11915 u=mark n=ansible |  11915 1583234782.70767: Loading TestModule 'core' from /usr/lib/python3.6/site-packages/ansible/plugins/test/core.py
2020-03-03 12:26:22,708 p=11915 u=mark n=ansible |  11915 1583234782.70809: Loading TestModule 'files' from /usr/lib/python3.6/site-packages/ansible/plugins/test/files.py
2020-03-03 12:26:22,708 p=11915 u=mark n=ansible |  11915 1583234782.70845: Loading TestModule 'mathstuff' from /usr/lib/python3.6/site-packages/ansible/plugins/test/mathstuff.py
2020-03-03 12:26:22,710 p=11915 u=mark n=ansible |  11915 1583234782.71022: handler run complete
2020-03-03 12:26:22,710 p=11915 u=mark n=ansible |  11915 1583234782.71053: attempt loop complete, returning result
2020-03-03 12:26:22,710 p=11915 u=mark n=ansible |  11915 1583234782.71066: _execute() done
2020-03-03 12:26:22,710 p=11915 u=mark n=ansible |  11915 1583234782.71076: dumping result to json
2020-03-03 12:26:22,710 p=11915 u=mark n=ansible |  11915 1583234782.71088: done dumping result, returning
2020-03-03 12:26:22,711 p=11915 u=mark n=ansible |  11915 1583234782.71102: done running TaskExecutor() for ubuntu18-04/TASK: Show id stdout [525400b2-cc5b-c90d-fc3f-00000000000f]
2020-03-03 12:26:22,711 p=11915 u=mark n=ansible |  11915 1583234782.71121: sending task result for task 525400b2-cc5b-c90d-fc3f-00000000000f
2020-03-03 12:26:22,711 p=11915 u=mark n=ansible |  11915 1583234782.71168: done sending task result for task 525400b2-cc5b-c90d-fc3f-00000000000f
2020-03-03 12:26:22,712 p=11915 u=mark n=ansible |  11915 1583234782.71216: WORKER PROCESS EXITING
2020-03-03 12:26:22,715 p=11808 u=mark n=ansible | ok: [ubuntu18-04] => {
    "id_result.stdout": "uid=0(root) gid=0(root) groups=0(root)"
}
2020-03-03 12:26:22,715 p=11808 u=mark n=ansible |  11808 1583234782.71558: no more pending results, returning what we have
2020-03-03 12:26:22,715 p=11808 u=mark n=ansible |  11808 1583234782.71573: results queue empty
2020-03-03 12:26:22,715 p=11808 u=mark n=ansible |  11808 1583234782.71584: checking for any_errors_fatal
2020-03-03 12:26:22,716 p=11808 u=mark n=ansible |  11808 1583234782.71598: done checking for any_errors_fatal
2020-03-03 12:26:22,716 p=11808 u=mark n=ansible |  11808 1583234782.71608: checking for max_fail_percentage
2020-03-03 12:26:22,716 p=11808 u=mark n=ansible |  11808 1583234782.71619: done checking for max_fail_percentage
2020-03-03 12:26:22,716 p=11808 u=mark n=ansible |  11808 1583234782.71633: checking to see if all hosts have failed and the running result is not ok
2020-03-03 12:26:22,716 p=11808 u=mark n=ansible |  11808 1583234782.71647: done checking to see if all hosts have failed
2020-03-03 12:26:22,716 p=11808 u=mark n=ansible |  11808 1583234782.71658: getting the remaining hosts for this loop
2020-03-03 12:26:22,716 p=11808 u=mark n=ansible |  11808 1583234782.71671: done getting the remaining hosts for this loop
2020-03-03 12:26:22,716 p=11808 u=mark n=ansible |  11808 1583234782.71690: building list of next tasks for hosts
2020-03-03 12:26:22,717 p=11808 u=mark n=ansible |  11808 1583234782.71702: getting the next task for host centos8
2020-03-03 12:26:22,717 p=11808 u=mark n=ansible |  11808 1583234782.71715: host centos8 is done iterating, returning
2020-03-03 12:26:22,717 p=11808 u=mark n=ansible |  11808 1583234782.71725: getting the next task for host centos7
2020-03-03 12:26:22,717 p=11808 u=mark n=ansible |  11808 1583234782.71742: host centos7 is done iterating, returning
2020-03-03 12:26:22,717 p=11808 u=mark n=ansible |  11808 1583234782.71753: getting the next task for host rhel8
2020-03-03 12:26:22,717 p=11808 u=mark n=ansible |  11808 1583234782.71764: host rhel8 is done iterating, returning
2020-03-03 12:26:22,717 p=11808 u=mark n=ansible |  11808 1583234782.71775: getting the next task for host fedora31
2020-03-03 12:26:22,717 p=11808 u=mark n=ansible |  11808 1583234782.71785: host fedora31 is done iterating, returning
2020-03-03 12:26:22,718 p=11808 u=mark n=ansible |  11808 1583234782.71796: getting the next task for host debian
2020-03-03 12:26:22,718 p=11808 u=mark n=ansible |  11808 1583234782.71811: done getting next task for host debian
2020-03-03 12:26:22,718 p=11808 u=mark n=ansible |  11808 1583234782.71823:  ^ task is: TASK: meta (flush_handlers)
2020-03-03 12:26:22,718 p=11808 u=mark n=ansible |  11808 1583234782.71846:  ^ state is: HOST STATE: block=3, task=1, rescue=0, always=0, run_state=ITERATING_TASKS, fail_state=FAILED_NONE, pending_setup=False, tasks child state? (None), rescue child state? (None), always child state? (None), did rescue? False, did start at task? False
2020-03-03 12:26:22,718 p=11808 u=mark n=ansible |  11808 1583234782.71862: getting the next task for host ubuntu16-04
2020-03-03 12:26:22,718 p=11808 u=mark n=ansible |  11808 1583234782.71878: done getting next task for host ubuntu16-04
2020-03-03 12:26:22,718 p=11808 u=mark n=ansible |  11808 1583234782.71890:  ^ task is: TASK: meta (flush_handlers)
2020-03-03 12:26:22,719 p=11808 u=mark n=ansible |  11808 1583234782.71903:  ^ state is: HOST STATE: block=3, task=1, rescue=0, always=0, run_state=ITERATING_TASKS, fail_state=FAILED_NONE, pending_setup=False, tasks child state? (None), rescue child state? (None), always child state? (None), did rescue? False, did start at task? False
2020-03-03 12:26:22,719 p=11808 u=mark n=ansible |  11808 1583234782.71918: getting the next task for host ubuntu18-04
2020-03-03 12:26:22,719 p=11808 u=mark n=ansible |  11808 1583234782.71945: done getting next task for host ubuntu18-04
2020-03-03 12:26:22,719 p=11808 u=mark n=ansible |  11808 1583234782.71959:  ^ task is: TASK: meta (flush_handlers)
2020-03-03 12:26:22,719 p=11808 u=mark n=ansible |  11808 1583234782.71971:  ^ state is: HOST STATE: block=3, task=1, rescue=0, always=0, run_state=ITERATING_TASKS, fail_state=FAILED_NONE, pending_setup=False, tasks child state? (None), rescue child state? (None), always child state? (None), did rescue? False, did start at task? False
2020-03-03 12:26:22,719 p=11808 u=mark n=ansible |  11808 1583234782.71982: done building task lists
2020-03-03 12:26:22,719 p=11808 u=mark n=ansible |  11808 1583234782.71992: counting tasks in each state of execution
2020-03-03 12:26:22,720 p=11808 u=mark n=ansible |  11808 1583234782.72005: done counting tasks in each state of execution:
	num_setups: 0
	num_tasks: 3
	num_rescue: 0
	num_always: 0
2020-03-03 12:26:22,720 p=11808 u=mark n=ansible |  11808 1583234782.72017: advancing hosts in ITERATING_TASKS
2020-03-03 12:26:22,720 p=11808 u=mark n=ansible |  11808 1583234782.72046: starting to advance hosts
2020-03-03 12:26:22,720 p=11808 u=mark n=ansible |  11808 1583234782.72057: getting the next task for host debian
2020-03-03 12:26:22,720 p=11808 u=mark n=ansible |  11808 1583234782.72074: done getting next task for host debian
2020-03-03 12:26:22,720 p=11808 u=mark n=ansible |  11808 1583234782.72087:  ^ task is: TASK: meta (flush_handlers)
2020-03-03 12:26:22,721 p=11808 u=mark n=ansible |  11808 1583234782.72100:  ^ state is: HOST STATE: block=3, task=1, rescue=0, always=0, run_state=ITERATING_TASKS, fail_state=FAILED_NONE, pending_setup=False, tasks child state? (None), rescue child state? (None), always child state? (None), did rescue? False, did start at task? False
2020-03-03 12:26:22,721 p=11808 u=mark n=ansible |  11808 1583234782.72114: getting the next task for host ubuntu16-04
2020-03-03 12:26:22,721 p=11808 u=mark n=ansible |  11808 1583234782.72126: done getting next task for host ubuntu16-04
2020-03-03 12:26:22,721 p=11808 u=mark n=ansible |  11808 1583234782.72143:  ^ task is: TASK: meta (flush_handlers)
2020-03-03 12:26:22,721 p=11808 u=mark n=ansible |  11808 1583234782.72153:  ^ state is: HOST STATE: block=3, task=1, rescue=0, always=0, run_state=ITERATING_TASKS, fail_state=FAILED_NONE, pending_setup=False, tasks child state? (None), rescue child state? (None), always child state? (None), did rescue? False, did start at task? False
2020-03-03 12:26:22,721 p=11808 u=mark n=ansible |  11808 1583234782.72164: getting the next task for host ubuntu18-04
2020-03-03 12:26:22,721 p=11808 u=mark n=ansible |  11808 1583234782.72176: done getting next task for host ubuntu18-04
2020-03-03 12:26:22,721 p=11808 u=mark n=ansible |  11808 1583234782.72187:  ^ task is: TASK: meta (flush_handlers)
2020-03-03 12:26:22,722 p=11808 u=mark n=ansible |  11808 1583234782.72197:  ^ state is: HOST STATE: block=3, task=1, rescue=0, always=0, run_state=ITERATING_TASKS, fail_state=FAILED_NONE, pending_setup=False, tasks child state? (None), rescue child state? (None), always child state? (None), did rescue? False, did start at task? False
2020-03-03 12:26:22,722 p=11808 u=mark n=ansible |  11808 1583234782.72208: done advancing hosts to next task
2020-03-03 12:26:22,722 p=11808 u=mark n=ansible | META: ran handlers
2020-03-03 12:26:22,722 p=11808 u=mark n=ansible |  11808 1583234782.72259: done queuing things up, now waiting for results queue to drain
2020-03-03 12:26:22,722 p=11808 u=mark n=ansible |  11808 1583234782.72271: results queue empty
2020-03-03 12:26:22,722 p=11808 u=mark n=ansible |  11808 1583234782.72282: checking for any_errors_fatal
2020-03-03 12:26:22,722 p=11808 u=mark n=ansible |  11808 1583234782.72294: done checking for any_errors_fatal
2020-03-03 12:26:22,723 p=11808 u=mark n=ansible |  11808 1583234782.72303: checking for max_fail_percentage
2020-03-03 12:26:22,723 p=11808 u=mark n=ansible |  11808 1583234782.72314: done checking for max_fail_percentage
2020-03-03 12:26:22,723 p=11808 u=mark n=ansible |  11808 1583234782.72324: checking to see if all hosts have failed and the running result is not ok
2020-03-03 12:26:22,723 p=11808 u=mark n=ansible |  11808 1583234782.72340: done checking to see if all hosts have failed
2020-03-03 12:26:22,723 p=11808 u=mark n=ansible |  11808 1583234782.72351: getting the remaining hosts for this loop
2020-03-03 12:26:22,723 p=11808 u=mark n=ansible |  11808 1583234782.72361: done getting the remaining hosts for this loop
2020-03-03 12:26:22,723 p=11808 u=mark n=ansible |  11808 1583234782.72379: building list of next tasks for hosts
2020-03-03 12:26:22,723 p=11808 u=mark n=ansible |  11808 1583234782.72388: getting the next task for host centos8
2020-03-03 12:26:22,724 p=11808 u=mark n=ansible |  11808 1583234782.72399: host centos8 is done iterating, returning
2020-03-03 12:26:22,724 p=11808 u=mark n=ansible |  11808 1583234782.72409: getting the next task for host centos7
2020-03-03 12:26:22,724 p=11808 u=mark n=ansible |  11808 1583234782.72419: host centos7 is done iterating, returning
2020-03-03 12:26:22,724 p=11808 u=mark n=ansible |  11808 1583234782.72430: getting the next task for host rhel8
2020-03-03 12:26:22,724 p=11808 u=mark n=ansible |  11808 1583234782.72444: host rhel8 is done iterating, returning
2020-03-03 12:26:22,724 p=11808 u=mark n=ansible |  11808 1583234782.72455: getting the next task for host fedora31
2020-03-03 12:26:22,724 p=11808 u=mark n=ansible |  11808 1583234782.72466: host fedora31 is done iterating, returning
2020-03-03 12:26:22,724 p=11808 u=mark n=ansible |  11808 1583234782.72476: getting the next task for host debian
2020-03-03 12:26:22,724 p=11808 u=mark n=ansible |  11808 1583234782.72488: done getting next task for host debian
2020-03-03 12:26:22,725 p=11808 u=mark n=ansible |  11808 1583234782.72499:  ^ task is: TASK: meta (flush_handlers)
2020-03-03 12:26:22,725 p=11808 u=mark n=ansible |  11808 1583234782.72509:  ^ state is: HOST STATE: block=4, task=1, rescue=0, always=0, run_state=ITERATING_TASKS, fail_state=FAILED_NONE, pending_setup=False, tasks child state? (None), rescue child state? (None), always child state? (None), did rescue? False, did start at task? False
2020-03-03 12:26:22,725 p=11808 u=mark n=ansible |  11808 1583234782.72520: getting the next task for host ubuntu16-04
2020-03-03 12:26:22,725 p=11808 u=mark n=ansible |  11808 1583234782.72533: done getting next task for host ubuntu16-04
2020-03-03 12:26:22,725 p=11808 u=mark n=ansible |  11808 1583234782.72572:  ^ task is: TASK: meta (flush_handlers)
2020-03-03 12:26:22,725 p=11808 u=mark n=ansible |  11808 1583234782.72583:  ^ state is: HOST STATE: block=4, task=1, rescue=0, always=0, run_state=ITERATING_TASKS, fail_state=FAILED_NONE, pending_setup=False, tasks child state? (None), rescue child state? (None), always child state? (None), did rescue? False, did start at task? False
2020-03-03 12:26:22,726 p=11808 u=mark n=ansible |  11808 1583234782.72597: getting the next task for host ubuntu18-04
2020-03-03 12:26:22,726 p=11808 u=mark n=ansible |  11808 1583234782.72609: done getting next task for host ubuntu18-04
2020-03-03 12:26:22,726 p=11808 u=mark n=ansible |  11808 1583234782.72619:  ^ task is: TASK: meta (flush_handlers)
2020-03-03 12:26:22,726 p=11808 u=mark n=ansible |  11808 1583234782.72632:  ^ state is: HOST STATE: block=4, task=1, rescue=0, always=0, run_state=ITERATING_TASKS, fail_state=FAILED_NONE, pending_setup=False, tasks child state? (None), rescue child state? (None), always child state? (None), did rescue? False, did start at task? False
2020-03-03 12:26:22,726 p=11808 u=mark n=ansible |  11808 1583234782.72647: done building task lists
2020-03-03 12:26:22,726 p=11808 u=mark n=ansible |  11808 1583234782.72658: counting tasks in each state of execution
2020-03-03 12:26:22,726 p=11808 u=mark n=ansible |  11808 1583234782.72670: done counting tasks in each state of execution:
	num_setups: 0
	num_tasks: 3
	num_rescue: 0
	num_always: 0
2020-03-03 12:26:22,726 p=11808 u=mark n=ansible |  11808 1583234782.72681: advancing hosts in ITERATING_TASKS
2020-03-03 12:26:22,726 p=11808 u=mark n=ansible |  11808 1583234782.72692: starting to advance hosts
2020-03-03 12:26:22,727 p=11808 u=mark n=ansible |  11808 1583234782.72703: getting the next task for host debian
2020-03-03 12:26:22,727 p=11808 u=mark n=ansible |  11808 1583234782.72714: done getting next task for host debian
2020-03-03 12:26:22,727 p=11808 u=mark n=ansible |  11808 1583234782.72726:  ^ task is: TASK: meta (flush_handlers)
2020-03-03 12:26:22,727 p=11808 u=mark n=ansible |  11808 1583234782.72742:  ^ state is: HOST STATE: block=4, task=1, rescue=0, always=0, run_state=ITERATING_TASKS, fail_state=FAILED_NONE, pending_setup=False, tasks child state? (None), rescue child state? (None), always child state? (None), did rescue? False, did start at task? False
2020-03-03 12:26:22,727 p=11808 u=mark n=ansible |  11808 1583234782.72753: getting the next task for host ubuntu16-04
2020-03-03 12:26:22,727 p=11808 u=mark n=ansible |  11808 1583234782.72765: done getting next task for host ubuntu16-04
2020-03-03 12:26:22,727 p=11808 u=mark n=ansible |  11808 1583234782.72776:  ^ task is: TASK: meta (flush_handlers)
2020-03-03 12:26:22,727 p=11808 u=mark n=ansible |  11808 1583234782.72787:  ^ state is: HOST STATE: block=4, task=1, rescue=0, always=0, run_state=ITERATING_TASKS, fail_state=FAILED_NONE, pending_setup=False, tasks child state? (None), rescue child state? (None), always child state? (None), did rescue? False, did start at task? False
2020-03-03 12:26:22,728 p=11808 u=mark n=ansible |  11808 1583234782.72798: getting the next task for host ubuntu18-04
2020-03-03 12:26:22,728 p=11808 u=mark n=ansible |  11808 1583234782.72809: done getting next task for host ubuntu18-04
2020-03-03 12:26:22,728 p=11808 u=mark n=ansible |  11808 1583234782.72820:  ^ task is: TASK: meta (flush_handlers)
2020-03-03 12:26:22,728 p=11808 u=mark n=ansible |  11808 1583234782.72833:  ^ state is: HOST STATE: block=4, task=1, rescue=0, always=0, run_state=ITERATING_TASKS, fail_state=FAILED_NONE, pending_setup=False, tasks child state? (None), rescue child state? (None), always child state? (None), did rescue? False, did start at task? False
2020-03-03 12:26:22,728 p=11808 u=mark n=ansible |  11808 1583234782.72848: done advancing hosts to next task
2020-03-03 12:26:22,728 p=11808 u=mark n=ansible | META: ran handlers
2020-03-03 12:26:22,728 p=11808 u=mark n=ansible |  11808 1583234782.72882: done queuing things up, now waiting for results queue to drain
2020-03-03 12:26:22,728 p=11808 u=mark n=ansible |  11808 1583234782.72894: results queue empty
2020-03-03 12:26:22,729 p=11808 u=mark n=ansible |  11808 1583234782.72903: checking for any_errors_fatal
2020-03-03 12:26:22,729 p=11808 u=mark n=ansible |  11808 1583234782.72915: done checking for any_errors_fatal
2020-03-03 12:26:22,729 p=11808 u=mark n=ansible |  11808 1583234782.72926: checking for max_fail_percentage
2020-03-03 12:26:22,729 p=11808 u=mark n=ansible |  11808 1583234782.72944: done checking for max_fail_percentage
2020-03-03 12:26:22,729 p=11808 u=mark n=ansible |  11808 1583234782.72954: checking to see if all hosts have failed and the running result is not ok
2020-03-03 12:26:22,729 p=11808 u=mark n=ansible |  11808 1583234782.72963: done checking to see if all hosts have failed
2020-03-03 12:26:22,729 p=11808 u=mark n=ansible |  11808 1583234782.72974: getting the remaining hosts for this loop
2020-03-03 12:26:22,729 p=11808 u=mark n=ansible |  11808 1583234782.72984: done getting the remaining hosts for this loop
2020-03-03 12:26:22,730 p=11808 u=mark n=ansible |  11808 1583234782.73002: building list of next tasks for hosts
2020-03-03 12:26:22,730 p=11808 u=mark n=ansible |  11808 1583234782.73013: getting the next task for host centos8
2020-03-03 12:26:22,730 p=11808 u=mark n=ansible |  11808 1583234782.73024: host centos8 is done iterating, returning
2020-03-03 12:26:22,730 p=11808 u=mark n=ansible |  11808 1583234782.73040: getting the next task for host centos7
2020-03-03 12:26:22,730 p=11808 u=mark n=ansible |  11808 1583234782.73051: host centos7 is done iterating, returning
2020-03-03 12:26:22,730 p=11808 u=mark n=ansible |  11808 1583234782.73061: getting the next task for host rhel8
2020-03-03 12:26:22,730 p=11808 u=mark n=ansible |  11808 1583234782.73071: host rhel8 is done iterating, returning
2020-03-03 12:26:22,730 p=11808 u=mark n=ansible |  11808 1583234782.73081: getting the next task for host fedora31
2020-03-03 12:26:22,730 p=11808 u=mark n=ansible |  11808 1583234782.73092: host fedora31 is done iterating, returning
2020-03-03 12:26:22,731 p=11808 u=mark n=ansible |  11808 1583234782.73102: getting the next task for host debian
2020-03-03 12:26:22,731 p=11808 u=mark n=ansible |  11808 1583234782.73113: done getting next task for host debian
2020-03-03 12:26:22,731 p=11808 u=mark n=ansible |  11808 1583234782.73124:  ^ task is: None
2020-03-03 12:26:22,731 p=11808 u=mark n=ansible |  11808 1583234782.73141:  ^ state is: HOST STATE: block=5, task=0, rescue=0, always=0, run_state=ITERATING_COMPLETE, fail_state=FAILED_NONE, pending_setup=False, tasks child state? (None), rescue child state? (None), always child state? (None), did rescue? False, did start at task? False
2020-03-03 12:26:22,731 p=11808 u=mark n=ansible |  11808 1583234782.73153: getting the next task for host ubuntu16-04
2020-03-03 12:26:22,731 p=11808 u=mark n=ansible |  11808 1583234782.73165: done getting next task for host ubuntu16-04
2020-03-03 12:26:22,731 p=11808 u=mark n=ansible |  11808 1583234782.73175:  ^ task is: None
2020-03-03 12:26:22,731 p=11808 u=mark n=ansible |  11808 1583234782.73185:  ^ state is: HOST STATE: block=5, task=0, rescue=0, always=0, run_state=ITERATING_COMPLETE, fail_state=FAILED_NONE, pending_setup=False, tasks child state? (None), rescue child state? (None), always child state? (None), did rescue? False, did start at task? False
2020-03-03 12:26:22,732 p=11808 u=mark n=ansible |  11808 1583234782.73196: getting the next task for host ubuntu18-04
2020-03-03 12:26:22,732 p=11808 u=mark n=ansible |  11808 1583234782.73207: done getting next task for host ubuntu18-04
2020-03-03 12:26:22,732 p=11808 u=mark n=ansible |  11808 1583234782.73217:  ^ task is: None
2020-03-03 12:26:22,732 p=11808 u=mark n=ansible |  11808 1583234782.73228:  ^ state is: HOST STATE: block=5, task=0, rescue=0, always=0, run_state=ITERATING_COMPLETE, fail_state=FAILED_NONE, pending_setup=False, tasks child state? (None), rescue child state? (None), always child state? (None), did rescue? False, did start at task? False
2020-03-03 12:26:22,732 p=11808 u=mark n=ansible |  11808 1583234782.73244: done building task lists
2020-03-03 12:26:22,732 p=11808 u=mark n=ansible |  11808 1583234782.73255: counting tasks in each state of execution
2020-03-03 12:26:22,732 p=11808 u=mark n=ansible |  11808 1583234782.73266: done counting tasks in each state of execution:
	num_setups: 0
	num_tasks: 0
	num_rescue: 0
	num_always: 0
2020-03-03 12:26:22,732 p=11808 u=mark n=ansible |  11808 1583234782.73277: all hosts are done, so returning None's for all hosts
2020-03-03 12:26:22,732 p=11808 u=mark n=ansible |  11808 1583234782.73288: done queuing things up, now waiting for results queue to drain
2020-03-03 12:26:22,733 p=11808 u=mark n=ansible |  11808 1583234782.73299: results queue empty
2020-03-03 12:26:22,733 p=11808 u=mark n=ansible |  11808 1583234782.73309: checking for any_errors_fatal
2020-03-03 12:26:22,733 p=11808 u=mark n=ansible |  11808 1583234782.73318: done checking for any_errors_fatal
2020-03-03 12:26:22,733 p=11808 u=mark n=ansible |  11808 1583234782.73332: checking for max_fail_percentage
2020-03-03 12:26:22,733 p=11808 u=mark n=ansible |  11808 1583234782.73345: done checking for max_fail_percentage
2020-03-03 12:26:22,733 p=11808 u=mark n=ansible |  11808 1583234782.73356: checking to see if all hosts have failed and the running result is not ok
2020-03-03 12:26:22,733 p=11808 u=mark n=ansible |  11808 1583234782.73366: done checking to see if all hosts have failed
2020-03-03 12:26:22,733 p=11808 u=mark n=ansible |  11808 1583234782.73377: getting the next task for host centos8
2020-03-03 12:26:22,733 p=11808 u=mark n=ansible |  11808 1583234782.73388: host centos8 is done iterating, returning
2020-03-03 12:26:22,734 p=11808 u=mark n=ansible |  11808 1583234782.73399: getting the next task for host centos7
2020-03-03 12:26:22,734 p=11808 u=mark n=ansible |  11808 1583234782.73409: host centos7 is done iterating, returning
2020-03-03 12:26:22,734 p=11808 u=mark n=ansible |  11808 1583234782.73420: getting the next task for host rhel8
2020-03-03 12:26:22,734 p=11808 u=mark n=ansible |  11808 1583234782.73433: host rhel8 is done iterating, returning
2020-03-03 12:26:22,734 p=11808 u=mark n=ansible |  11808 1583234782.73446: getting the next task for host fedora31
2020-03-03 12:26:22,734 p=11808 u=mark n=ansible |  11808 1583234782.73456: host fedora31 is done iterating, returning
2020-03-03 12:26:22,734 p=11808 u=mark n=ansible |  11808 1583234782.73467: getting the next task for host debian
2020-03-03 12:26:22,734 p=11808 u=mark n=ansible |  11808 1583234782.73478: done getting next task for host debian
2020-03-03 12:26:22,734 p=11808 u=mark n=ansible |  11808 1583234782.73488:  ^ task is: None
2020-03-03 12:26:22,735 p=11808 u=mark n=ansible |  11808 1583234782.73499:  ^ state is: HOST STATE: block=5, task=0, rescue=0, always=0, run_state=ITERATING_COMPLETE, fail_state=FAILED_NONE, pending_setup=False, tasks child state? (None), rescue child state? (None), always child state? (None), did rescue? False, did start at task? False
2020-03-03 12:26:22,735 p=11808 u=mark n=ansible |  11808 1583234782.73509: getting the next task for host ubuntu16-04
2020-03-03 12:26:22,735 p=11808 u=mark n=ansible |  11808 1583234782.73519: done getting next task for host ubuntu16-04
2020-03-03 12:26:22,735 p=11808 u=mark n=ansible |  11808 1583234782.73530:  ^ task is: None
2020-03-03 12:26:22,735 p=11808 u=mark n=ansible |  11808 1583234782.73543:  ^ state is: HOST STATE: block=5, task=0, rescue=0, always=0, run_state=ITERATING_COMPLETE, fail_state=FAILED_NONE, pending_setup=False, tasks child state? (None), rescue child state? (None), always child state? (None), did rescue? False, did start at task? False
2020-03-03 12:26:22,735 p=11808 u=mark n=ansible |  11808 1583234782.73554: getting the next task for host ubuntu18-04
2020-03-03 12:26:22,735 p=11808 u=mark n=ansible |  11808 1583234782.73566: done getting next task for host ubuntu18-04
2020-03-03 12:26:22,735 p=11808 u=mark n=ansible |  11808 1583234782.73576:  ^ task is: None
2020-03-03 12:26:22,735 p=11808 u=mark n=ansible |  11808 1583234782.73586:  ^ state is: HOST STATE: block=5, task=0, rescue=0, always=0, run_state=ITERATING_COMPLETE, fail_state=FAILED_NONE, pending_setup=False, tasks child state? (None), rescue child state? (None), always child state? (None), did rescue? False, did start at task? False
2020-03-03 12:26:22,736 p=11808 u=mark n=ansible |  11808 1583234782.73597: running handlers
2020-03-03 12:26:22,737 p=11808 u=mark n=ansible | PLAY RECAP ******************************************************************************************
2020-03-03 12:26:22,737 p=11808 u=mark n=ansible | centos7                    : ok=0    changed=0    unreachable=0    failed=1    skipped=0    rescued=0    ignored=0   
2020-03-03 12:26:22,737 p=11808 u=mark n=ansible | centos8                    : ok=0    changed=0    unreachable=0    failed=1    skipped=0    rescued=0    ignored=0   
2020-03-03 12:26:22,738 p=11808 u=mark n=ansible | debian                     : ok=2    changed=1    unreachable=0    failed=0    skipped=0    rescued=0    ignored=0   
2020-03-03 12:26:22,738 p=11808 u=mark n=ansible | fedora31                   : ok=0    changed=0    unreachable=0    failed=1    skipped=0    rescued=0    ignored=0   
2020-03-03 12:26:22,738 p=11808 u=mark n=ansible | rhel8                      : ok=0    changed=0    unreachable=0    failed=1    skipped=0    rescued=0    ignored=0   
2020-03-03 12:26:22,738 p=11808 u=mark n=ansible | ubuntu16-04                : ok=2    changed=1    unreachable=0    failed=0    skipped=0    rescued=0    ignored=0   
2020-03-03 12:26:22,738 p=11808 u=mark n=ansible | ubuntu18-04                : ok=2    changed=1    unreachable=0    failed=0    skipped=0    rescued=0    ignored=0   
2020-03-03 12:26:22,738 p=11808 u=mark n=ansible |  11808 1583234782.73879: RUNNING CLEANUP
